<html>
<body>
<pre>
<h1>µVision Build Log</h1>
<h2>Tool Versions:</h2>
IDE-Version: ¦ÌVision V5.33.0.0
Copyright (C) 2020 ARM Ltd and ARM Germany GmbH. All rights reserved.
License Information: zhuanshulz yangling404690228@qq.com, z, LIC=14HV2-9HEVS-HL4CL-0RIMG-6VJYQ-MD10M
 
Tool Versions:
Toolchain:       MDK-ARM Plus  Version: 5.33.0.0
Toolchain Path:  C:\Keil_v5\ARM\ARMCC\Bin
C Compiler:      Armcc.exe V5.06 update 7 (build 960)
Assembler:       Armasm.exe V5.06 update 7 (build 960)
Linker/Locator:  ArmLink.exe V5.06 update 7 (build 960)
Library Manager: ArmAr.exe V5.06 update 7 (build 960)
Hex Converter:   FromElf.exe V5.06 update 7 (build 960)
CPU DLL:         SARMCM3.DLL V5.33.0.0
Dialog DLL:      DARMCM1.DLL V1.19.4.0
Target DLL:      CMSIS_AGDI.dll V1.32.12.0
Dialog DLL:      TARMCM1.DLL V1.14.3.0
 
<h2>Project:</h2>
C:\Users\yangl\Documents\IC_competition\arm\lwip_udp_echo_socket_add_rtos\PROJECT\cortex_M1_demo.uvprojx
Project File Date:  06/07/2021

<h2>Output:</h2>
*** Using Compiler 'V5.06 update 7 (build 960)', folder: 'C:\Keil_v5\ARM\ARMCC\Bin'
Rebuild target 'cortex_M1_demo'
assembling startup_PANGO_M1.s...
compiling PANGO_M1_printk.c...
compiling croutine.c...
compiling PANGO_M1_gpio.c...
compiling PANGO_M1_icache.c...
compiling PANGO_M1_i2c.c...
compiling PANGO_M1_dcache.c...
compiling system_PANGO_M1.c...
compiling PANGO_M1_memory.c...
compiling PANGO_M1_uart.c...
compiling PANGO_M1_eth_dmac.c...
compiling PANGO_M1_wdog.c...
compiling PANGO_M1_spi.c...
compiling event_groups.c...
compiling PANGO_M1_timer.c...
compiling PANGO_M1_udp_speed_up.c...
compiling PANGO_M1_eth_buffer.c...
compiling list.c...
compiling heap_4.c...
compiling timers.c...
compiling queue.c...
compiling tasks.c...
compiling port.c...
compiling err.c...
compiling if_api.c...
compiling api_lib.c...
compiling netifapi.c...
compiling netdb.c...
compiling api_msg.c...
compiling netbuf.c...
compiling tcpip.c...
compiling altcp.c...
compiling altcp_alloc.c...
compiling altcp_tcp.c...
compiling dns.c...
compiling def.c...
compiling sockets.c...
compiling inet_chksum.c...
compiling ip.c...
compiling init.c...
compiling mem.c...
compiling raw.c...
compiling memp.c...
compiling netif.c...
compiling stats.c...
compiling sys.c...
compiling pbuf.c...
compiling autoip.c...
compiling tcp.c...
compiling tcp_in.c...
compiling dhcp.c...
compiling timeouts.c...
compiling udp.c...
compiling tcp_out.c...
compiling icmp.c...
compiling etharp.c...
compiling igmp.c...
compiling ip4.c...
compiling ip4_addr.c...
compiling ethernet.c...
compiling ip4_frag.c...
compiling PANGO_sdcard.c...
compiling ethernetif.c...
compiling diskio.c...
..\FatFs\diskio.c(88): warning:  #188-D: enumerated type mixed with another type
  		res = MMC_SD_ReadMultiBlock(sector,buff,count);
..\FatFs\diskio.c(112): warning:  #188-D: enumerated type mixed with another type
  		res = MMC_SD_WriteMultiBlock(sector,buff,count);
..\FatFs\diskio.c: 2 warnings, 0 errors
compiling sys_arch.c...
compiling ffsystem.c...
compiling ffunicode.c...
compiling PANGO_M1_it.c...
compiling PANGO_i2c_eeprom.c...
compiling PANGO_spi_flash.c...
compiling main.c...
compiling ff.c...
compiling udp_echo.c...
linking...
Program Size: Code=65172 RO-data=1000 RW-data=420 ZI-data=121900  
FromELF: creating hex file...
After Build - User command #1: C:\Keil_v5\ARM\ARMCC\bin\fromelf.exe --bin  -o  cortex_M1_demo.bin .\Objects\cortex_M1_demo.axf
After Build - User command #2: make_hex.exe cortex_M1_demo.bin
".\Objects\cortex_M1_demo.axf" - 0 Error(s), 2 Warning(s).

<h2>Software Packages used:</h2>

Package Vendor: ARM
                http://www.keil.com/pack/ARM.CMSIS.5.7.0.pack
                ARM.CMSIS.5.7.0
                CMSIS (Cortex Microcontroller Software Interface Standard)

<h2>Collection of Component include folders:</h2>
  C:\Users\yangl\AppData\Local\Arm\Packs\ARM\CMSIS\5.7.0\Device\ARM\ARMCM1\Include

<h2>Collection of Component Files used:</h2>
Build Time Elapsed:  00:00:05
</pre>
</body>
</html>
