<!doctype html public "-//w3c//dtd html 4.0 transitional//en">
<html><head>
<title>Static Call Graph - [.\Objects\cortex_M1_demo.axf]</title></head>
<body><HR>
<H1>Static Call Graph for image .\Objects\cortex_M1_demo.axf</H1><HR>
<BR><P>#&#060CALLGRAPH&#062# ARM Linker, 5060960: Last Updated: Mon Jun 07 15:20:25 2021
<BR><P>
<H3>Maximum Stack Usage =       1684 bytes + Unknown(Cycles, Untraceable Function Pointers)</H3><H3>
Call chain for Maximum Stack Depth:</H3>
low_level_output &rArr; eth_tx_data &rArr; eth_tx_buf_flush &rArr; DCACHE_FlushRange
<P>
<H3>
Mutually Recursive functions
</H3> <LI><a href="#[b]">UARTOVF_Handler</a>&nbsp;&nbsp;&nbsp;&rArr;&nbsp;&nbsp;&nbsp;<a href="#[b]">UARTOVF_Handler</a><BR>
 <LI><a href="#[10]">Interrupt10_Handler</a>&nbsp;&nbsp;&nbsp;&rArr;&nbsp;&nbsp;&nbsp;<a href="#[10]">Interrupt10_Handler</a><BR>
 <LI><a href="#[13]">Interrupt13_Handler</a>&nbsp;&nbsp;&nbsp;&rArr;&nbsp;&nbsp;&nbsp;<a href="#[13]">Interrupt13_Handler</a><BR>
 <LI><a href="#[14]">Interrupt14_Handler</a>&nbsp;&nbsp;&nbsp;&rArr;&nbsp;&nbsp;&nbsp;<a href="#[14]">Interrupt14_Handler</a><BR>
 <LI><a href="#[15]">Interrupt15_Handler</a>&nbsp;&nbsp;&nbsp;&rArr;&nbsp;&nbsp;&nbsp;<a href="#[15]">Interrupt15_Handler</a><BR>
 <LI><a href="#[16]">Interrupt16_Handler</a>&nbsp;&nbsp;&nbsp;&rArr;&nbsp;&nbsp;&nbsp;<a href="#[16]">Interrupt16_Handler</a><BR>
 <LI><a href="#[17]">Interrupt17_Handler</a>&nbsp;&nbsp;&nbsp;&rArr;&nbsp;&nbsp;&nbsp;<a href="#[17]">Interrupt17_Handler</a><BR>
 <LI><a href="#[18]">Interrupt18_Handler</a>&nbsp;&nbsp;&nbsp;&rArr;&nbsp;&nbsp;&nbsp;<a href="#[18]">Interrupt18_Handler</a><BR>
 <LI><a href="#[19]">Interrupt19_Handler</a>&nbsp;&nbsp;&nbsp;&rArr;&nbsp;&nbsp;&nbsp;<a href="#[19]">Interrupt19_Handler</a><BR>
 <LI><a href="#[1a]">Interrupt20_Handler</a>&nbsp;&nbsp;&nbsp;&rArr;&nbsp;&nbsp;&nbsp;<a href="#[1a]">Interrupt20_Handler</a><BR>
 <LI><a href="#[1b]">Interrupt21_Handler</a>&nbsp;&nbsp;&nbsp;&rArr;&nbsp;&nbsp;&nbsp;<a href="#[1b]">Interrupt21_Handler</a><BR>
 <LI><a href="#[1c]">Interrupt22_Handler</a>&nbsp;&nbsp;&nbsp;&rArr;&nbsp;&nbsp;&nbsp;<a href="#[1c]">Interrupt22_Handler</a><BR>
 <LI><a href="#[1d]">Interrupt23_Handler</a>&nbsp;&nbsp;&nbsp;&rArr;&nbsp;&nbsp;&nbsp;<a href="#[1d]">Interrupt23_Handler</a><BR>
 <LI><a href="#[1e]">Interrupt24_Handler</a>&nbsp;&nbsp;&nbsp;&rArr;&nbsp;&nbsp;&nbsp;<a href="#[1e]">Interrupt24_Handler</a><BR>
 <LI><a href="#[1f]">Interrupt25_Handler</a>&nbsp;&nbsp;&nbsp;&rArr;&nbsp;&nbsp;&nbsp;<a href="#[1f]">Interrupt25_Handler</a><BR>
 <LI><a href="#[20]">Interrupt26_Handler</a>&nbsp;&nbsp;&nbsp;&rArr;&nbsp;&nbsp;&nbsp;<a href="#[20]">Interrupt26_Handler</a><BR>
 <LI><a href="#[21]">Interrupt27_Handler</a>&nbsp;&nbsp;&nbsp;&rArr;&nbsp;&nbsp;&nbsp;<a href="#[21]">Interrupt27_Handler</a><BR>
 <LI><a href="#[22]">Interrupt28_Handler</a>&nbsp;&nbsp;&nbsp;&rArr;&nbsp;&nbsp;&nbsp;<a href="#[22]">Interrupt28_Handler</a><BR>
 <LI><a href="#[23]">Interrupt29_Handler</a>&nbsp;&nbsp;&nbsp;&rArr;&nbsp;&nbsp;&nbsp;<a href="#[23]">Interrupt29_Handler</a><BR>
 <LI><a href="#[24]">Interrupt30_Handler</a>&nbsp;&nbsp;&nbsp;&rArr;&nbsp;&nbsp;&nbsp;<a href="#[24]">Interrupt30_Handler</a><BR>
 <LI><a href="#[25]">Interrupt31_Handler</a>&nbsp;&nbsp;&nbsp;&rArr;&nbsp;&nbsp;&nbsp;<a href="#[25]">Interrupt31_Handler</a><BR>
 <LI><a href="#[2]">HardFault_Handler</a>&nbsp;&nbsp;&nbsp;&rArr;&nbsp;&nbsp;&nbsp;<a href="#[2]">HardFault_Handler</a><BR>
 <LI><a href="#[1]">NMI_Handler</a>&nbsp;&nbsp;&nbsp;&rArr;&nbsp;&nbsp;&nbsp;<a href="#[1]">NMI_Handler</a><BR>
 <LI><a href="#[ad]">UART_SendChar</a>&nbsp;&nbsp;&nbsp;&rArr;&nbsp;&nbsp;&nbsp;<a href="#[ad]">UART_SendChar</a><BR>
 <LI><a href="#[ac]">UART_ReceiveChar</a>&nbsp;&nbsp;&nbsp;&rArr;&nbsp;&nbsp;&nbsp;<a href="#[ac]">UART_ReceiveChar</a><BR>
 <LI><a href="#[1bd]">put_char</a>&nbsp;&nbsp;&nbsp;&rArr;&nbsp;&nbsp;&nbsp;<a href="#[1bd]">put_char</a><BR>
 <LI><a href="#[1bc]">print_num</a>&nbsp;&nbsp;&nbsp;&rArr;&nbsp;&nbsp;&nbsp;<a href="#[1bc]">print_num</a><BR>
 <LI><a href="#[164]">netconn_drain</a>&nbsp;&nbsp;&nbsp;&rArr;&nbsp;&nbsp;&nbsp;<a href="#[164]">netconn_drain</a><BR>
 <LI><a href="#[187]">lwip_send</a>&nbsp;&nbsp;&nbsp;&rArr;&nbsp;&nbsp;&nbsp;<a href="#[188]">lwip_sendto</a><BR>
</UL>
<P>
<H3>
Function Pointers
</H3><UL>
 <LI><a href="#[37]">AppTaskCreate</a> from main.o(i.AppTaskCreate) referenced from main.o(i.main)
 <LI><a href="#[e]">CAN_Handler</a> from pango_m1_it.o(i.CAN_Handler) referenced from startup_pango_m1.o(RESET)
 <LI><a href="#[11]">DTimer_Handler</a> from pango_m1_it.o(i.DTimer_Handler) referenced from startup_pango_m1.o(RESET)
 <LI><a href="#[c]">ENT_Handler</a> from pango_m1_eth_buffer.o(i.ENT_Handler) referenced from startup_pango_m1.o(RESET)
 <LI><a href="#[a]">GPIO0_Handler</a> from main.o(i.GPIO0_Handler) referenced from startup_pango_m1.o(RESET)
 <LI><a href="#[2]">HardFault_Handler</a> from pango_m1_it.o(i.HardFault_Handler) referenced from startup_pango_m1.o(RESET)
 <LI><a href="#[d]">I2C_Handler</a> from main.o(i.I2C_Handler) referenced from startup_pango_m1.o(RESET)
 <LI><a href="#[10]">Interrupt10_Handler</a> from startup_pango_m1.o(.text) referenced from startup_pango_m1.o(RESET)
 <LI><a href="#[13]">Interrupt13_Handler</a> from startup_pango_m1.o(.text) referenced from startup_pango_m1.o(RESET)
 <LI><a href="#[14]">Interrupt14_Handler</a> from startup_pango_m1.o(.text) referenced from startup_pango_m1.o(RESET)
 <LI><a href="#[15]">Interrupt15_Handler</a> from startup_pango_m1.o(.text) referenced from startup_pango_m1.o(RESET)
 <LI><a href="#[16]">Interrupt16_Handler</a> from startup_pango_m1.o(.text) referenced from startup_pango_m1.o(RESET)
 <LI><a href="#[17]">Interrupt17_Handler</a> from startup_pango_m1.o(.text) referenced from startup_pango_m1.o(RESET)
 <LI><a href="#[18]">Interrupt18_Handler</a> from startup_pango_m1.o(.text) referenced from startup_pango_m1.o(RESET)
 <LI><a href="#[19]">Interrupt19_Handler</a> from startup_pango_m1.o(.text) referenced from startup_pango_m1.o(RESET)
 <LI><a href="#[1a]">Interrupt20_Handler</a> from startup_pango_m1.o(.text) referenced from startup_pango_m1.o(RESET)
 <LI><a href="#[1b]">Interrupt21_Handler</a> from startup_pango_m1.o(.text) referenced from startup_pango_m1.o(RESET)
 <LI><a href="#[1c]">Interrupt22_Handler</a> from startup_pango_m1.o(.text) referenced from startup_pango_m1.o(RESET)
 <LI><a href="#[1d]">Interrupt23_Handler</a> from startup_pango_m1.o(.text) referenced from startup_pango_m1.o(RESET)
 <LI><a href="#[1e]">Interrupt24_Handler</a> from startup_pango_m1.o(.text) referenced from startup_pango_m1.o(RESET)
 <LI><a href="#[1f]">Interrupt25_Handler</a> from startup_pango_m1.o(.text) referenced from startup_pango_m1.o(RESET)
 <LI><a href="#[20]">Interrupt26_Handler</a> from startup_pango_m1.o(.text) referenced from startup_pango_m1.o(RESET)
 <LI><a href="#[21]">Interrupt27_Handler</a> from startup_pango_m1.o(.text) referenced from startup_pango_m1.o(RESET)
 <LI><a href="#[22]">Interrupt28_Handler</a> from startup_pango_m1.o(.text) referenced from startup_pango_m1.o(RESET)
 <LI><a href="#[23]">Interrupt29_Handler</a> from startup_pango_m1.o(.text) referenced from startup_pango_m1.o(RESET)
 <LI><a href="#[24]">Interrupt30_Handler</a> from startup_pango_m1.o(.text) referenced from startup_pango_m1.o(RESET)
 <LI><a href="#[25]">Interrupt31_Handler</a> from startup_pango_m1.o(.text) referenced from startup_pango_m1.o(RESET)
 <LI><a href="#[1]">NMI_Handler</a> from main.o(i.NMI_Handler) referenced from startup_pango_m1.o(RESET)
 <LI><a href="#[4]">PendSV_Handler</a> from port.o(.emb_text) referenced from startup_pango_m1.o(RESET)
 <LI><a href="#[f]">RTC_Handler</a> from pango_m1_it.o(i.RTC_Handler) referenced from startup_pango_m1.o(RESET)
 <LI><a href="#[0]">Reset_Handler</a> from startup_pango_m1.o(.text) referenced from startup_pango_m1.o(RESET)
 <LI><a href="#[3]">SVC_Handler</a> from port.o(i.SVC_Handler) referenced from startup_pango_m1.o(RESET)
 <LI><a href="#[5]">SysTick_Handler</a> from port.o(i.SysTick_Handler) referenced from startup_pango_m1.o(RESET)
 <LI><a href="#[27]">SystemInit</a> from system_pango_m1.o(i.SystemInit) referenced from startup_pango_m1.o(.text)
 <LI><a href="#[8]">TIMER0_Handler</a> from main.o(i.TIMER0_Handler) referenced from startup_pango_m1.o(RESET)
 <LI><a href="#[9]">TIMER1_Handler</a> from pango_m1_it.o(i.TIMER1_Handler) referenced from startup_pango_m1.o(RESET)
 <LI><a href="#[12]">TRNG_Handler</a> from pango_m1_it.o(i.TRNG_Handler) referenced from startup_pango_m1.o(RESET)
 <LI><a href="#[29]">Test1_Task</a> from main.o(i.Test1_Task) referenced from main.o(i.AppTaskCreate)
 <LI><a href="#[2a]">Test2_Task</a> from main.o(i.Test2_Task) referenced from main.o(i.AppTaskCreate)
 <LI><a href="#[6]">UART0_Handler</a> from main.o(i.UART0_Handler) referenced from startup_pango_m1.o(RESET)
 <LI><a href="#[7]">UART1_Handler</a> from pango_m1_it.o(i.UART1_Handler) referenced from startup_pango_m1.o(RESET)
 <LI><a href="#[b]">UARTOVF_Handler</a> from startup_pango_m1.o(.text) referenced from startup_pango_m1.o(RESET)
 <LI><a href="#[28]">__main</a> from entry.o(.ARM.Collect$$$$00000000) referenced from startup_pango_m1.o(.text)
 <LI><a href="#[35]">err_tcp</a> from api_msg.o(i.err_tcp) referenced from api_msg.o(i.lwip_netconn_do_close_internal)
 <LI><a href="#[35]">err_tcp</a> from api_msg.o(i.err_tcp) referenced from api_msg.o(i.setup_tcp)
 <LI><a href="#[2e]">etharp_output</a> from etharp.o(i.etharp_output) referenced from ethernetif.o(i.ethernetif_init)
 <LI><a href="#[4f]">etharp_tmr</a> from etharp.o(i.etharp_tmr) referenced from timeouts.o(.constdata)
 <LI><a href="#[48]">ethernet_input</a> from ethernet.o(i.ethernet_input) referenced from tcpip.o(i.tcpip_input)
 <LI><a href="#[2c]">ethernetif_init</a> from ethernetif.o(i.ethernetif_init) referenced from sys_arch.o(i.TCPIP_Init)
 <LI><a href="#[31]">ethernetif_input</a> from ethernetif.o(i.ethernetif_input) referenced from ethernetif.o(i.low_level_init)
 <LI><a href="#[36]">event_callback</a> from sockets.o(i.event_callback) referenced from sockets.o(i.lwip_socket)
 <LI><a href="#[2d]">fputc</a> from main.o(i.fputc) referenced from printf5.o(i.__0printf$5)
 <LI><a href="#[50]">igmp_tmr</a> from igmp.o(i.igmp_tmr) referenced from timeouts.o(.constdata)
 <LI><a href="#[49]">ip4_input</a> from ip4.o(i.ip4_input) referenced from tcpip.o(i.tcpip_input)
 <LI><a href="#[4e]">ip_reass_tmr</a> from ip4_frag.o(i.ip_reass_tmr) referenced from timeouts.o(.constdata)
 <LI><a href="#[30]">ipfrag_free_pbuf_custom</a> from ip4_frag.o(i.ipfrag_free_pbuf_custom) referenced from ip4_frag.o(i.ip4_frag)
 <LI><a href="#[2f]">low_level_output</a> from ethernetif.o(i.low_level_output) referenced from ethernetif.o(i.ethernetif_init)
 <LI><a href="#[32]">lwip_cyclic_timer</a> from timeouts.o(i.lwip_cyclic_timer) referenced from timeouts.o(i.lwip_cyclic_timer)
 <LI><a href="#[32]">lwip_cyclic_timer</a> from timeouts.o(i.lwip_cyclic_timer) referenced from timeouts.o(i.sys_timeouts_init)
 <LI><a href="#[38]">lwip_netconn_do_bind</a> from api_msg.o(i.lwip_netconn_do_bind) referenced from api_lib.o(i.netconn_bind)
 <LI><a href="#[39]">lwip_netconn_do_close</a> from api_msg.o(i.lwip_netconn_do_close) referenced from api_lib.o(i.netconn_close_shutdown)
 <LI><a href="#[3d]">lwip_netconn_do_delconn</a> from api_msg.o(i.lwip_netconn_do_delconn) referenced from api_lib.o(i.netconn_prepare_delete)
 <LI><a href="#[3a]">lwip_netconn_do_getaddr</a> from api_msg.o(i.lwip_netconn_do_getaddr) referenced from api_lib.o(i.netconn_getaddr)
 <LI><a href="#[3b]">lwip_netconn_do_join_leave_group</a> from api_msg.o(i.lwip_netconn_do_join_leave_group) referenced from api_lib.o(i.netconn_join_leave_group)
 <LI><a href="#[3c]">lwip_netconn_do_newconn</a> from api_msg.o(i.lwip_netconn_do_newconn) referenced from api_lib.o(i.netconn_new_with_proto_and_callback)
 <LI><a href="#[3f]">lwip_netconn_do_recv</a> from api_msg.o(i.lwip_netconn_do_recv) referenced from api_lib.o(i.netconn_tcp_recvd_msg)
 <LI><a href="#[3e]">lwip_netconn_do_send</a> from api_msg.o(i.lwip_netconn_do_send) referenced from api_lib.o(i.netconn_send)
 <LI><a href="#[40]">lwip_netconn_do_write</a> from api_msg.o(i.lwip_netconn_do_write) referenced from api_lib.o(i.netconn_write_vectors_partly)
 <LI><a href="#[26]">main</a> from main.o(i.main) referenced from entry9a.o(.ARM.Collect$$$$0000000B)
 <LI><a href="#[41]">netif_null_output_ip4</a> from netif.o(i.netif_null_output_ip4) referenced from netif.o(i.netif_add)
 <LI><a href="#[34]">poll_tcp</a> from api_msg.o(i.poll_tcp) referenced from api_msg.o(i.lwip_netconn_do_close_internal)
 <LI><a href="#[34]">poll_tcp</a> from api_msg.o(i.poll_tcp) referenced from api_msg.o(i.setup_tcp)
 <LI><a href="#[4b]">prvIdleTask</a> from tasks.o(i.prvIdleTask) referenced from tasks.o(i.vTaskStartScheduler)
 <LI><a href="#[43]">prvTaskExitError</a> from port.o(i.prvTaskExitError) referenced from port.o(i.pxPortInitialiseStack)
 <LI><a href="#[4c]">prvTimerTask</a> from timers.o(i.prvTimerTask) referenced from timers.o(i.xTimerCreateTimerTask)
 <LI><a href="#[44]">recv_tcp</a> from api_msg.o(i.recv_tcp) referenced from api_msg.o(i.setup_tcp)
 <LI><a href="#[42]">recv_udp</a> from api_msg.o(i.recv_udp) referenced from api_msg.o(i.pcb_new)
 <LI><a href="#[33]">sent_tcp</a> from api_msg.o(i.sent_tcp) referenced from api_msg.o(i.lwip_netconn_do_close_internal)
 <LI><a href="#[33]">sent_tcp</a> from api_msg.o(i.sent_tcp) referenced from api_msg.o(i.setup_tcp)
 <LI><a href="#[45]">tcp_recv_null</a> from tcp.o(i.tcp_recv_null) referenced from tcp.o(i.tcp_alloc)
 <LI><a href="#[4d]">tcp_tmr</a> from tcp.o(i.tcp_tmr) referenced from timeouts.o(.constdata)
 <LI><a href="#[2b]">tcpip_input</a> from tcpip.o(i.tcpip_input) referenced from sys_arch.o(i.TCPIP_Init)
 <LI><a href="#[46]">tcpip_tcp_timer</a> from timeouts.o(i.tcpip_tcp_timer) referenced from timeouts.o(i.tcp_timer_needed)
 <LI><a href="#[46]">tcpip_tcp_timer</a> from timeouts.o(i.tcpip_tcp_timer) referenced from timeouts.o(i.tcpip_tcp_timer)
 <LI><a href="#[47]">tcpip_thread</a> from tcpip.o(i.tcpip_thread) referenced from tcpip.o(i.tcpip_init)
 <LI><a href="#[4a]">udpecho_thread</a> from udp_echo.o(i.udpecho_thread) referenced from udp_echo.o(i.udpecho_init)
</UL>
<P>
<H3>
Global Symbols
</H3>
<P><STRONG><a name="[28]"></a>__main</STRONG> (Thumb, 0 bytes, Stack size unknown bytes, entry.o(.ARM.Collect$$$$00000000))
<BR>[Address Reference Count : 1]<UL><LI> startup_pango_m1.o(.text)
</UL>
<P><STRONG><a name="[24d]"></a>_main_stk</STRONG> (Thumb, 0 bytes, Stack size unknown bytes, entry2.o(.ARM.Collect$$$$00000001))

<P><STRONG><a name="[51]"></a>_main_scatterload</STRONG> (Thumb, 0 bytes, Stack size unknown bytes, entry5.o(.ARM.Collect$$$$00000004))
<BR><BR>[Calls]<UL><LI><a href="#[52]">&gt;&gt;</a>&nbsp;&nbsp;&nbsp;__scatterload
</UL>

<P><STRONG><a name="[68]"></a>__main_after_scatterload</STRONG> (Thumb, 0 bytes, Stack size unknown bytes, entry5.o(.ARM.Collect$$$$00000004))
<BR><BR>[Called By]<UL><LI><a href="#[52]">&gt;&gt;</a>&nbsp;&nbsp;&nbsp;__scatterload
</UL>

<P><STRONG><a name="[24e]"></a>_main_clock</STRONG> (Thumb, 0 bytes, Stack size unknown bytes, entry7b.o(.ARM.Collect$$$$00000008))

<P><STRONG><a name="[24f]"></a>_main_cpp_init</STRONG> (Thumb, 0 bytes, Stack size unknown bytes, entry8b.o(.ARM.Collect$$$$0000000A))

<P><STRONG><a name="[250]"></a>_main_init</STRONG> (Thumb, 0 bytes, Stack size unknown bytes, entry9a.o(.ARM.Collect$$$$0000000B))

<P><STRONG><a name="[53]"></a>__rt_lib_shutdown_fini</STRONG> (Thumb, 0 bytes, Stack size unknown bytes, entry12b.o(.ARM.Collect$$$$0000000E))
<BR><BR>[Calls]<UL><LI><a href="#[54]">&gt;&gt;</a>&nbsp;&nbsp;&nbsp;__arm_fini_ (Weak Reference)
</UL>

<P><STRONG><a name="[251]"></a>__rt_final_cpp</STRONG> (Thumb, 0 bytes, Stack size unknown bytes, entry10a.o(.ARM.Collect$$$$0000000F))

<P><STRONG><a name="[252]"></a>__rt_final_exit</STRONG> (Thumb, 0 bytes, Stack size unknown bytes, entry11a.o(.ARM.Collect$$$$00000011))

<P><STRONG><a name="[246]"></a>__asm___6_port_c_39a90d8d__prvPortStartFirstTask</STRONG> (Thumb, 36 bytes, Stack size 0 bytes, port.o(.emb_text))
<BR><BR>[Called By]<UL><LI><a href="#[244]">&gt;&gt;</a>&nbsp;&nbsp;&nbsp;xPortStartScheduler
</UL>

<P><STRONG><a name="[9b]"></a>ulSetInterruptMaskFromISR</STRONG> (Thumb, 8 bytes, Stack size 0 bytes, port.o(.emb_text))
<BR><BR>[Called By]<UL><LI><a href="#[75]">&gt;&gt;</a>&nbsp;&nbsp;&nbsp;xQueueGiveFromISR
<LI><a href="#[5]">&gt;&gt;</a>&nbsp;&nbsp;&nbsp;SysTick_Handler
<LI><a href="#[24b]">&gt;&gt;</a>&nbsp;&nbsp;&nbsp;xQueueGenericSendFromISR
</UL>

<P><STRONG><a name="[9d]"></a>vClearInterruptMaskFromISR</STRONG> (Thumb, 6 bytes, Stack size 0 bytes, port.o(.emb_text))
<BR><BR>[Called By]<UL><LI><a href="#[75]">&gt;&gt;</a>&nbsp;&nbsp;&nbsp;xQueueGiveFromISR
<LI><a href="#[5]">&gt;&gt;</a>&nbsp;&nbsp;&nbsp;SysTick_Handler
<LI><a href="#[24b]">&gt;&gt;</a>&nbsp;&nbsp;&nbsp;xQueueGenericSendFromISR
</UL>

<P><STRONG><a name="[4]"></a>PendSV_Handler</STRONG> (Thumb, 62 bytes, Stack size 0 bytes, port.o(.emb_text))
<BR><BR>[Stack]<UL><LI>Max Depth = 8<LI>Call Chain = PendSV_Handler &rArr; vTaskSwitchContext
</UL>
<BR>[Calls]<UL><LI><a href="#[55]">&gt;&gt;</a>&nbsp;&nbsp;&nbsp;vTaskSwitchContext
</UL>
<BR>[Address Reference Count : 1]<UL><LI> startup_pango_m1.o(RESET)
</UL>
<P><STRONG><a name="[0]"></a>Reset_Handler</STRONG> (Thumb, 8 bytes, Stack size 0 bytes, startup_pango_m1.o(.text))
<BR>[Address Reference Count : 1]<UL><LI> startup_pango_m1.o(RESET)
</UL>
<P><STRONG><a name="[b]"></a>UARTOVF_Handler</STRONG> (Thumb, 2 bytes, Stack size 0 bytes, startup_pango_m1.o(.text))
<BR><BR>[Calls]<UL><LI><a href="#[b]">&gt;&gt;</a>&nbsp;&nbsp;&nbsp;UARTOVF_Handler
</UL>
<BR>[Called By]<UL><LI><a href="#[b]">&gt;&gt;</a>&nbsp;&nbsp;&nbsp;UARTOVF_Handler
</UL>
<BR>[Address Reference Count : 1]<UL><LI> startup_pango_m1.o(RESET)
</UL>
<P><STRONG><a name="[10]"></a>Interrupt10_Handler</STRONG> (Thumb, 2 bytes, Stack size 0 bytes, startup_pango_m1.o(.text))
<BR><BR>[Calls]<UL><LI><a href="#[10]">&gt;&gt;</a>&nbsp;&nbsp;&nbsp;Interrupt10_Handler
</UL>
<BR>[Called By]<UL><LI><a href="#[10]">&gt;&gt;</a>&nbsp;&nbsp;&nbsp;Interrupt10_Handler
</UL>
<BR>[Address Reference Count : 1]<UL><LI> startup_pango_m1.o(RESET)
</UL>
<P><STRONG><a name="[13]"></a>Interrupt13_Handler</STRONG> (Thumb, 2 bytes, Stack size 0 bytes, startup_pango_m1.o(.text))
<BR><BR>[Calls]<UL><LI><a href="#[13]">&gt;&gt;</a>&nbsp;&nbsp;&nbsp;Interrupt13_Handler
</UL>
<BR>[Called By]<UL><LI><a href="#[13]">&gt;&gt;</a>&nbsp;&nbsp;&nbsp;Interrupt13_Handler
</UL>
<BR>[Address Reference Count : 1]<UL><LI> startup_pango_m1.o(RESET)
</UL>
<P><STRONG><a name="[14]"></a>Interrupt14_Handler</STRONG> (Thumb, 2 bytes, Stack size 0 bytes, startup_pango_m1.o(.text))
<BR><BR>[Calls]<UL><LI><a href="#[14]">&gt;&gt;</a>&nbsp;&nbsp;&nbsp;Interrupt14_Handler
</UL>
<BR>[Called By]<UL><LI><a href="#[14]">&gt;&gt;</a>&nbsp;&nbsp;&nbsp;Interrupt14_Handler
</UL>
<BR>[Address Reference Count : 1]<UL><LI> startup_pango_m1.o(RESET)
</UL>
<P><STRONG><a name="[15]"></a>Interrupt15_Handler</STRONG> (Thumb, 2 bytes, Stack size 0 bytes, startup_pango_m1.o(.text))
<BR><BR>[Calls]<UL><LI><a href="#[15]">&gt;&gt;</a>&nbsp;&nbsp;&nbsp;Interrupt15_Handler
</UL>
<BR>[Called By]<UL><LI><a href="#[15]">&gt;&gt;</a>&nbsp;&nbsp;&nbsp;Interrupt15_Handler
</UL>
<BR>[Address Reference Count : 1]<UL><LI> startup_pango_m1.o(RESET)
</UL>
<P><STRONG><a name="[16]"></a>Interrupt16_Handler</STRONG> (Thumb, 2 bytes, Stack size 0 bytes, startup_pango_m1.o(.text))
<BR><BR>[Calls]<UL><LI><a href="#[16]">&gt;&gt;</a>&nbsp;&nbsp;&nbsp;Interrupt16_Handler
</UL>
<BR>[Called By]<UL><LI><a href="#[16]">&gt;&gt;</a>&nbsp;&nbsp;&nbsp;Interrupt16_Handler
</UL>
<BR>[Address Reference Count : 1]<UL><LI> startup_pango_m1.o(RESET)
</UL>
<P><STRONG><a name="[17]"></a>Interrupt17_Handler</STRONG> (Thumb, 2 bytes, Stack size 0 bytes, startup_pango_m1.o(.text))
<BR><BR>[Calls]<UL><LI><a href="#[17]">&gt;&gt;</a>&nbsp;&nbsp;&nbsp;Interrupt17_Handler
</UL>
<BR>[Called By]<UL><LI><a href="#[17]">&gt;&gt;</a>&nbsp;&nbsp;&nbsp;Interrupt17_Handler
</UL>
<BR>[Address Reference Count : 1]<UL><LI> startup_pango_m1.o(RESET)
</UL>
<P><STRONG><a name="[18]"></a>Interrupt18_Handler</STRONG> (Thumb, 2 bytes, Stack size 0 bytes, startup_pango_m1.o(.text))
<BR><BR>[Calls]<UL><LI><a href="#[18]">&gt;&gt;</a>&nbsp;&nbsp;&nbsp;Interrupt18_Handler
</UL>
<BR>[Called By]<UL><LI><a href="#[18]">&gt;&gt;</a>&nbsp;&nbsp;&nbsp;Interrupt18_Handler
</UL>
<BR>[Address Reference Count : 1]<UL><LI> startup_pango_m1.o(RESET)
</UL>
<P><STRONG><a name="[19]"></a>Interrupt19_Handler</STRONG> (Thumb, 2 bytes, Stack size 0 bytes, startup_pango_m1.o(.text))
<BR><BR>[Calls]<UL><LI><a href="#[19]">&gt;&gt;</a>&nbsp;&nbsp;&nbsp;Interrupt19_Handler
</UL>
<BR>[Called By]<UL><LI><a href="#[19]">&gt;&gt;</a>&nbsp;&nbsp;&nbsp;Interrupt19_Handler
</UL>
<BR>[Address Reference Count : 1]<UL><LI> startup_pango_m1.o(RESET)
</UL>
<P><STRONG><a name="[1a]"></a>Interrupt20_Handler</STRONG> (Thumb, 2 bytes, Stack size 0 bytes, startup_pango_m1.o(.text))
<BR><BR>[Calls]<UL><LI><a href="#[1a]">&gt;&gt;</a>&nbsp;&nbsp;&nbsp;Interrupt20_Handler
</UL>
<BR>[Called By]<UL><LI><a href="#[1a]">&gt;&gt;</a>&nbsp;&nbsp;&nbsp;Interrupt20_Handler
</UL>
<BR>[Address Reference Count : 1]<UL><LI> startup_pango_m1.o(RESET)
</UL>
<P><STRONG><a name="[1b]"></a>Interrupt21_Handler</STRONG> (Thumb, 2 bytes, Stack size 0 bytes, startup_pango_m1.o(.text))
<BR><BR>[Calls]<UL><LI><a href="#[1b]">&gt;&gt;</a>&nbsp;&nbsp;&nbsp;Interrupt21_Handler
</UL>
<BR>[Called By]<UL><LI><a href="#[1b]">&gt;&gt;</a>&nbsp;&nbsp;&nbsp;Interrupt21_Handler
</UL>
<BR>[Address Reference Count : 1]<UL><LI> startup_pango_m1.o(RESET)
</UL>
<P><STRONG><a name="[1c]"></a>Interrupt22_Handler</STRONG> (Thumb, 2 bytes, Stack size 0 bytes, startup_pango_m1.o(.text))
<BR><BR>[Calls]<UL><LI><a href="#[1c]">&gt;&gt;</a>&nbsp;&nbsp;&nbsp;Interrupt22_Handler
</UL>
<BR>[Called By]<UL><LI><a href="#[1c]">&gt;&gt;</a>&nbsp;&nbsp;&nbsp;Interrupt22_Handler
</UL>
<BR>[Address Reference Count : 1]<UL><LI> startup_pango_m1.o(RESET)
</UL>
<P><STRONG><a name="[1d]"></a>Interrupt23_Handler</STRONG> (Thumb, 2 bytes, Stack size 0 bytes, startup_pango_m1.o(.text))
<BR><BR>[Calls]<UL><LI><a href="#[1d]">&gt;&gt;</a>&nbsp;&nbsp;&nbsp;Interrupt23_Handler
</UL>
<BR>[Called By]<UL><LI><a href="#[1d]">&gt;&gt;</a>&nbsp;&nbsp;&nbsp;Interrupt23_Handler
</UL>
<BR>[Address Reference Count : 1]<UL><LI> startup_pango_m1.o(RESET)
</UL>
<P><STRONG><a name="[1e]"></a>Interrupt24_Handler</STRONG> (Thumb, 2 bytes, Stack size 0 bytes, startup_pango_m1.o(.text))
<BR><BR>[Calls]<UL><LI><a href="#[1e]">&gt;&gt;</a>&nbsp;&nbsp;&nbsp;Interrupt24_Handler
</UL>
<BR>[Called By]<UL><LI><a href="#[1e]">&gt;&gt;</a>&nbsp;&nbsp;&nbsp;Interrupt24_Handler
</UL>
<BR>[Address Reference Count : 1]<UL><LI> startup_pango_m1.o(RESET)
</UL>
<P><STRONG><a name="[1f]"></a>Interrupt25_Handler</STRONG> (Thumb, 2 bytes, Stack size 0 bytes, startup_pango_m1.o(.text))
<BR><BR>[Calls]<UL><LI><a href="#[1f]">&gt;&gt;</a>&nbsp;&nbsp;&nbsp;Interrupt25_Handler
</UL>
<BR>[Called By]<UL><LI><a href="#[1f]">&gt;&gt;</a>&nbsp;&nbsp;&nbsp;Interrupt25_Handler
</UL>
<BR>[Address Reference Count : 1]<UL><LI> startup_pango_m1.o(RESET)
</UL>
<P><STRONG><a name="[20]"></a>Interrupt26_Handler</STRONG> (Thumb, 2 bytes, Stack size 0 bytes, startup_pango_m1.o(.text))
<BR><BR>[Calls]<UL><LI><a href="#[20]">&gt;&gt;</a>&nbsp;&nbsp;&nbsp;Interrupt26_Handler
</UL>
<BR>[Called By]<UL><LI><a href="#[20]">&gt;&gt;</a>&nbsp;&nbsp;&nbsp;Interrupt26_Handler
</UL>
<BR>[Address Reference Count : 1]<UL><LI> startup_pango_m1.o(RESET)
</UL>
<P><STRONG><a name="[21]"></a>Interrupt27_Handler</STRONG> (Thumb, 2 bytes, Stack size 0 bytes, startup_pango_m1.o(.text))
<BR><BR>[Calls]<UL><LI><a href="#[21]">&gt;&gt;</a>&nbsp;&nbsp;&nbsp;Interrupt27_Handler
</UL>
<BR>[Called By]<UL><LI><a href="#[21]">&gt;&gt;</a>&nbsp;&nbsp;&nbsp;Interrupt27_Handler
</UL>
<BR>[Address Reference Count : 1]<UL><LI> startup_pango_m1.o(RESET)
</UL>
<P><STRONG><a name="[22]"></a>Interrupt28_Handler</STRONG> (Thumb, 2 bytes, Stack size 0 bytes, startup_pango_m1.o(.text))
<BR><BR>[Calls]<UL><LI><a href="#[22]">&gt;&gt;</a>&nbsp;&nbsp;&nbsp;Interrupt28_Handler
</UL>
<BR>[Called By]<UL><LI><a href="#[22]">&gt;&gt;</a>&nbsp;&nbsp;&nbsp;Interrupt28_Handler
</UL>
<BR>[Address Reference Count : 1]<UL><LI> startup_pango_m1.o(RESET)
</UL>
<P><STRONG><a name="[23]"></a>Interrupt29_Handler</STRONG> (Thumb, 2 bytes, Stack size 0 bytes, startup_pango_m1.o(.text))
<BR><BR>[Calls]<UL><LI><a href="#[23]">&gt;&gt;</a>&nbsp;&nbsp;&nbsp;Interrupt29_Handler
</UL>
<BR>[Called By]<UL><LI><a href="#[23]">&gt;&gt;</a>&nbsp;&nbsp;&nbsp;Interrupt29_Handler
</UL>
<BR>[Address Reference Count : 1]<UL><LI> startup_pango_m1.o(RESET)
</UL>
<P><STRONG><a name="[24]"></a>Interrupt30_Handler</STRONG> (Thumb, 2 bytes, Stack size 0 bytes, startup_pango_m1.o(.text))
<BR><BR>[Calls]<UL><LI><a href="#[24]">&gt;&gt;</a>&nbsp;&nbsp;&nbsp;Interrupt30_Handler
</UL>
<BR>[Called By]<UL><LI><a href="#[24]">&gt;&gt;</a>&nbsp;&nbsp;&nbsp;Interrupt30_Handler
</UL>
<BR>[Address Reference Count : 1]<UL><LI> startup_pango_m1.o(RESET)
</UL>
<P><STRONG><a name="[25]"></a>Interrupt31_Handler</STRONG> (Thumb, 2 bytes, Stack size 0 bytes, startup_pango_m1.o(.text))
<BR><BR>[Calls]<UL><LI><a href="#[25]">&gt;&gt;</a>&nbsp;&nbsp;&nbsp;Interrupt31_Handler
</UL>
<BR>[Called By]<UL><LI><a href="#[25]">&gt;&gt;</a>&nbsp;&nbsp;&nbsp;Interrupt31_Handler
</UL>
<BR>[Address Reference Count : 1]<UL><LI> startup_pango_m1.o(RESET)
</UL>
<P><STRONG><a name="[253]"></a>__aeabi_uidiv</STRONG> (Thumb, 0 bytes, Stack size 12 bytes, uidiv.o(.text), UNUSED)

<P><STRONG><a name="[57]"></a>__aeabi_uidivmod</STRONG> (Thumb, 44 bytes, Stack size 12 bytes, uidiv.o(.text))
<BR><BR>[Stack]<UL><LI>Max Depth = 12<LI>Call Chain = __aeabi_uidivmod
</UL>
<BR>[Called By]<UL><LI><a href="#[ae]">&gt;&gt;</a>&nbsp;&nbsp;&nbsp;UART_Init
<LI><a href="#[1bc]">&gt;&gt;</a>&nbsp;&nbsp;&nbsp;print_num
<LI><a href="#[1ea]">&gt;&gt;</a>&nbsp;&nbsp;&nbsp;prvSetupTimerInterrupt
<LI><a href="#[149]">&gt;&gt;</a>&nbsp;&nbsp;&nbsp;ip4addr_ntoa_r
<LI><a href="#[22f]">&gt;&gt;</a>&nbsp;&nbsp;&nbsp;tcp_slowtmr
<LI><a href="#[103]">&gt;&gt;</a>&nbsp;&nbsp;&nbsp;mount_volume
<LI><a href="#[56]">&gt;&gt;</a>&nbsp;&nbsp;&nbsp;__aeabi_idivmod
</UL>

<P><STRONG><a name="[254]"></a>__aeabi_idiv</STRONG> (Thumb, 0 bytes, Stack size 16 bytes, idiv.o(.text), UNUSED)

<P><STRONG><a name="[56]"></a>__aeabi_idivmod</STRONG> (Thumb, 40 bytes, Stack size 16 bytes, idiv.o(.text))
<BR><BR>[Stack]<UL><LI>Max Depth = 28<LI>Call Chain = __aeabi_idivmod &rArr; __aeabi_uidivmod
</UL>
<BR>[Calls]<UL><LI><a href="#[57]">&gt;&gt;</a>&nbsp;&nbsp;&nbsp;__aeabi_uidivmod
</UL>
<BR>[Called By]<UL><LI><a href="#[121]">&gt;&gt;</a>&nbsp;&nbsp;&nbsp;igmp_start_timer
</UL>

<P><STRONG><a name="[131]"></a>rand</STRONG> (Thumb, 18 bytes, Stack size 0 bytes, rand.o(.text))
<BR><BR>[Called By]<UL><LI><a href="#[15e]">&gt;&gt;</a>&nbsp;&nbsp;&nbsp;udp_init
<LI><a href="#[15f]">&gt;&gt;</a>&nbsp;&nbsp;&nbsp;tcp_init
<LI><a href="#[121]">&gt;&gt;</a>&nbsp;&nbsp;&nbsp;igmp_start_timer
</UL>

<P><STRONG><a name="[255]"></a>srand</STRONG> (Thumb, 6 bytes, Stack size 0 bytes, rand.o(.text), UNUSED)

<P><STRONG><a name="[256]"></a>___aeabi_memcpy4$move</STRONG> (Thumb, 0 bytes, Stack size 8 bytes, memmovea.o(.text), UNUSED)

<P><STRONG><a name="[257]"></a>___aeabi_memcpy8$move</STRONG> (Thumb, 0 bytes, Stack size 8 bytes, memmovea.o(.text), UNUSED)

<P><STRONG><a name="[79]"></a>__aeabi_memcpy</STRONG> (Thumb, 64 bytes, Stack size 8 bytes, memmovea.o(.text))
<BR><BR>[Stack]<UL><LI>Max Depth = 8<LI>Call Chain = __aeabi_memcpy
</UL>
<BR>[Called By]<UL><LI><a href="#[78]">&gt;&gt;</a>&nbsp;&nbsp;&nbsp;GetDestEthInfo
<LI><a href="#[e0]">&gt;&gt;</a>&nbsp;&nbsp;&nbsp;eth_tx_data
<LI><a href="#[1d3]">&gt;&gt;</a>&nbsp;&nbsp;&nbsp;prvCopyDataToQueue
<LI><a href="#[1d2]">&gt;&gt;</a>&nbsp;&nbsp;&nbsp;prvCopyDataFromQueue
<LI><a href="#[183]">&gt;&gt;</a>&nbsp;&nbsp;&nbsp;lwip_sock_make_addr
<LI><a href="#[179]">&gt;&gt;</a>&nbsp;&nbsp;&nbsp;tcp_write
<LI><a href="#[17e]">&gt;&gt;</a>&nbsp;&nbsp;&nbsp;pbuf_copy_partial
<LI><a href="#[119]">&gt;&gt;</a>&nbsp;&nbsp;&nbsp;pbuf_copy
<LI><a href="#[13d]">&gt;&gt;</a>&nbsp;&nbsp;&nbsp;ip4_reass
<LI><a href="#[136]">&gt;&gt;</a>&nbsp;&nbsp;&nbsp;ip4_frag
<LI><a href="#[141]">&gt;&gt;</a>&nbsp;&nbsp;&nbsp;ip4_output_if_opt_src
<LI><a href="#[117]">&gt;&gt;</a>&nbsp;&nbsp;&nbsp;icmp_input
<LI><a href="#[116]">&gt;&gt;</a>&nbsp;&nbsp;&nbsp;icmp_send_response
<LI><a href="#[ec]">&gt;&gt;</a>&nbsp;&nbsp;&nbsp;ethernet_output
<LI><a href="#[e7]">&gt;&gt;</a>&nbsp;&nbsp;&nbsp;etharp_input
<LI><a href="#[e8]">&gt;&gt;</a>&nbsp;&nbsp;&nbsp;etharp_update_arp_entry
<LI><a href="#[e9]">&gt;&gt;</a>&nbsp;&nbsp;&nbsp;etharp_raw
<LI><a href="#[2f]">&gt;&gt;</a>&nbsp;&nbsp;&nbsp;low_level_output
<LI><a href="#[fa]">&gt;&gt;</a>&nbsp;&nbsp;&nbsp;low_level_input
<LI><a href="#[f8]">&gt;&gt;</a>&nbsp;&nbsp;&nbsp;low_level_init
<LI><a href="#[14c]">&gt;&gt;</a>&nbsp;&nbsp;&nbsp;ip_reass_free_complete_datagram
<LI><a href="#[145]">&gt;&gt;</a>&nbsp;&nbsp;&nbsp;ip_reass_enqueue_new_datagram
</UL>

<P><STRONG><a name="[258]"></a>__aeabi_memmove</STRONG> (Thumb, 0 bytes, Stack size 8 bytes, memmovea.o(.text), UNUSED)

<P><STRONG><a name="[259]"></a>__aeabi_memmove4</STRONG> (Thumb, 0 bytes, Stack size 8 bytes, memmovea.o(.text), UNUSED)

<P><STRONG><a name="[25a]"></a>__aeabi_memmove8</STRONG> (Thumb, 0 bytes, Stack size 8 bytes, memmovea.o(.text), UNUSED)

<P><STRONG><a name="[59]"></a>__aeabi_memset</STRONG> (Thumb, 14 bytes, Stack size 0 bytes, memseta.o(.text))
<BR><BR>[Called By]<UL><LI><a href="#[1da]">&gt;&gt;</a>&nbsp;&nbsp;&nbsp;prvInitialiseNewTask
<LI><a href="#[5a]">&gt;&gt;</a>&nbsp;&nbsp;&nbsp;_memset$wrapper
<LI><a href="#[58]">&gt;&gt;</a>&nbsp;&nbsp;&nbsp;__aeabi_memclr
</UL>

<P><STRONG><a name="[25b]"></a>__aeabi_memset4</STRONG> (Thumb, 0 bytes, Stack size 0 bytes, memseta.o(.text), UNUSED)

<P><STRONG><a name="[25c]"></a>__aeabi_memset8</STRONG> (Thumb, 0 bytes, Stack size 0 bytes, memseta.o(.text), UNUSED)

<P><STRONG><a name="[58]"></a>__aeabi_memclr</STRONG> (Thumb, 4 bytes, Stack size 0 bytes, memseta.o(.text))
<BR><BR>[Calls]<UL><LI><a href="#[59]">&gt;&gt;</a>&nbsp;&nbsp;&nbsp;__aeabi_memset
</UL>
<BR>[Called By]<UL><LI><a href="#[ba]">&gt;&gt;</a>&nbsp;&nbsp;&nbsp;clear_eth_rx_buf
<LI><a href="#[141]">&gt;&gt;</a>&nbsp;&nbsp;&nbsp;ip4_output_if_opt_src
</UL>

<P><STRONG><a name="[14b]"></a>__aeabi_memclr4</STRONG> (Thumb, 0 bytes, Stack size 0 bytes, memseta.o(.text))
<BR><BR>[Called By]<UL><LI><a href="#[1fe]">&gt;&gt;</a>&nbsp;&nbsp;&nbsp;tcp_alloc
<LI><a href="#[23a]">&gt;&gt;</a>&nbsp;&nbsp;&nbsp;udp_new
<LI><a href="#[145]">&gt;&gt;</a>&nbsp;&nbsp;&nbsp;ip_reass_enqueue_new_datagram
</UL>

<P><STRONG><a name="[25d]"></a>__aeabi_memclr8</STRONG> (Thumb, 0 bytes, Stack size 0 bytes, memseta.o(.text), UNUSED)

<P><STRONG><a name="[5a]"></a>_memset$wrapper</STRONG> (Thumb, 18 bytes, Stack size 8 bytes, memseta.o(.text), UNUSED)
<BR><BR>[Calls]<UL><LI><a href="#[59]">&gt;&gt;</a>&nbsp;&nbsp;&nbsp;__aeabi_memset
</UL>

<P><STRONG><a name="[f4]"></a>memcmp</STRONG> (Thumb, 26 bytes, Stack size 12 bytes, memcmp.o(.text))
<BR><BR>[Stack]<UL><LI>Max Depth = 12<LI>Call Chain = memcmp
</UL>
<BR>[Called By]<UL><LI><a href="#[48]">&gt;&gt;</a>&nbsp;&nbsp;&nbsp;ethernet_input
</UL>

<P><STRONG><a name="[11d]"></a>__aeabi_uread4</STRONG> (Thumb, 20 bytes, Stack size 0 bytes, uread4.o(.text))
<BR><BR>[Called By]<UL><LI><a href="#[17a]">&gt;&gt;</a>&nbsp;&nbsp;&nbsp;tcp_output
<LI><a href="#[49]">&gt;&gt;</a>&nbsp;&nbsp;&nbsp;ip4_input
<LI><a href="#[213]">&gt;&gt;</a>&nbsp;&nbsp;&nbsp;tcp_free_acked_segments
<LI><a href="#[231]">&gt;&gt;</a>&nbsp;&nbsp;&nbsp;tcp_zero_window_probe
<LI><a href="#[230]">&gt;&gt;</a>&nbsp;&nbsp;&nbsp;tcp_split_unsent_seg
<LI><a href="#[22c]">&gt;&gt;</a>&nbsp;&nbsp;&nbsp;tcp_rexmit_rto_prepare
<LI><a href="#[13d]">&gt;&gt;</a>&nbsp;&nbsp;&nbsp;ip4_reass
<LI><a href="#[141]">&gt;&gt;</a>&nbsp;&nbsp;&nbsp;ip4_output_if_opt_src
<LI><a href="#[122]">&gt;&gt;</a>&nbsp;&nbsp;&nbsp;igmp_input
<LI><a href="#[116]">&gt;&gt;</a>&nbsp;&nbsp;&nbsp;icmp_send_response
<LI><a href="#[222]">&gt;&gt;</a>&nbsp;&nbsp;&nbsp;tcp_output_segment
<LI><a href="#[229]">&gt;&gt;</a>&nbsp;&nbsp;&nbsp;tcp_rexmit
<LI><a href="#[13f]">&gt;&gt;</a>&nbsp;&nbsp;&nbsp;tcp_input
<LI><a href="#[228]">&gt;&gt;</a>&nbsp;&nbsp;&nbsp;tcp_receive
<LI><a href="#[144]">&gt;&gt;</a>&nbsp;&nbsp;&nbsp;ip_reass_remove_oldest_datagram
<LI><a href="#[14c]">&gt;&gt;</a>&nbsp;&nbsp;&nbsp;ip_reass_free_complete_datagram
<LI><a href="#[146]">&gt;&gt;</a>&nbsp;&nbsp;&nbsp;ip_reass_chain_frag_into_datagram_and_validate
</UL>

<P><STRONG><a name="[25e]"></a>__rt_uread4</STRONG> (Thumb, 0 bytes, Stack size 0 bytes, uread4.o(.text), UNUSED)

<P><STRONG><a name="[25f]"></a>_uread4</STRONG> (Thumb, 0 bytes, Stack size 0 bytes, uread4.o(.text), UNUSED)

<P><STRONG><a name="[11a]"></a>__aeabi_uwrite4</STRONG> (Thumb, 18 bytes, Stack size 0 bytes, uwrite4.o(.text))
<BR><BR>[Called By]<UL><LI><a href="#[141]">&gt;&gt;</a>&nbsp;&nbsp;&nbsp;ip4_output_if_opt_src
<LI><a href="#[129]">&gt;&gt;</a>&nbsp;&nbsp;&nbsp;igmp_send
<LI><a href="#[117]">&gt;&gt;</a>&nbsp;&nbsp;&nbsp;icmp_input
<LI><a href="#[222]">&gt;&gt;</a>&nbsp;&nbsp;&nbsp;tcp_output_segment
<LI><a href="#[223]">&gt;&gt;</a>&nbsp;&nbsp;&nbsp;tcp_output_alloc_header_common
<LI><a href="#[20c]">&gt;&gt;</a>&nbsp;&nbsp;&nbsp;tcp_create_segment
<LI><a href="#[13f]">&gt;&gt;</a>&nbsp;&nbsp;&nbsp;tcp_input
<LI><a href="#[228]">&gt;&gt;</a>&nbsp;&nbsp;&nbsp;tcp_receive
<LI><a href="#[146]">&gt;&gt;</a>&nbsp;&nbsp;&nbsp;ip_reass_chain_frag_into_datagram_and_validate
</UL>

<P><STRONG><a name="[260]"></a>__rt_uwrite4</STRONG> (Thumb, 0 bytes, Stack size 0 bytes, uwrite4.o(.text), UNUSED)

<P><STRONG><a name="[261]"></a>_uwrite4</STRONG> (Thumb, 0 bytes, Stack size 0 bytes, uwrite4.o(.text), UNUSED)

<P><STRONG><a name="[5b]"></a>__aeabi_dadd</STRONG> (Thumb, 330 bytes, Stack size 48 bytes, dadd.o(.text))
<BR><BR>[Stack]<UL><LI>Max Depth = 104<LI>Call Chain = __aeabi_dadd &rArr; _double_epilogue &rArr; __aeabi_llsr
</UL>
<BR>[Calls]<UL><LI><a href="#[5d]">&gt;&gt;</a>&nbsp;&nbsp;&nbsp;__aeabi_lasr
<LI><a href="#[5c]">&gt;&gt;</a>&nbsp;&nbsp;&nbsp;__aeabi_llsl
<LI><a href="#[5f]">&gt;&gt;</a>&nbsp;&nbsp;&nbsp;_double_round
<LI><a href="#[5e]">&gt;&gt;</a>&nbsp;&nbsp;&nbsp;_double_epilogue
</UL>
<BR>[Called By]<UL><LI><a href="#[61]">&gt;&gt;</a>&nbsp;&nbsp;&nbsp;__aeabi_drsub
<LI><a href="#[60]">&gt;&gt;</a>&nbsp;&nbsp;&nbsp;__aeabi_dsub
</UL>

<P><STRONG><a name="[60]"></a>__aeabi_dsub</STRONG> (Thumb, 12 bytes, Stack size 8 bytes, dadd.o(.text), UNUSED)
<BR><BR>[Calls]<UL><LI><a href="#[5b]">&gt;&gt;</a>&nbsp;&nbsp;&nbsp;__aeabi_dadd
</UL>

<P><STRONG><a name="[61]"></a>__aeabi_drsub</STRONG> (Thumb, 12 bytes, Stack size 8 bytes, dadd.o(.text))
<BR><BR>[Stack]<UL><LI>Max Depth = 112<LI>Call Chain = __aeabi_drsub &rArr; __aeabi_dadd &rArr; _double_epilogue &rArr; __aeabi_llsr
</UL>
<BR>[Calls]<UL><LI><a href="#[5b]">&gt;&gt;</a>&nbsp;&nbsp;&nbsp;__aeabi_dadd
</UL>
<BR>[Called By]<UL><LI><a href="#[1be]">&gt;&gt;</a>&nbsp;&nbsp;&nbsp;print_flt
</UL>

<P><STRONG><a name="[62]"></a>__aeabi_dmul</STRONG> (Thumb, 202 bytes, Stack size 72 bytes, dmul.o(.text))
<BR><BR>[Stack]<UL><LI>Max Depth = 128<LI>Call Chain = __aeabi_dmul &rArr; _double_epilogue &rArr; __aeabi_llsr
</UL>
<BR>[Calls]<UL><LI><a href="#[5e]">&gt;&gt;</a>&nbsp;&nbsp;&nbsp;_double_epilogue
</UL>
<BR>[Called By]<UL><LI><a href="#[1be]">&gt;&gt;</a>&nbsp;&nbsp;&nbsp;print_flt
</UL>

<P><STRONG><a name="[63]"></a>__aeabi_ui2d</STRONG> (Thumb, 24 bytes, Stack size 16 bytes, dfltui.o(.text))
<BR><BR>[Stack]<UL><LI>Max Depth = 72<LI>Call Chain = __aeabi_ui2d &rArr; _double_epilogue &rArr; __aeabi_llsr
</UL>
<BR>[Calls]<UL><LI><a href="#[5e]">&gt;&gt;</a>&nbsp;&nbsp;&nbsp;_double_epilogue
</UL>
<BR>[Called By]<UL><LI><a href="#[1be]">&gt;&gt;</a>&nbsp;&nbsp;&nbsp;print_flt
</UL>

<P><STRONG><a name="[64]"></a>__aeabi_d2iz</STRONG> (Thumb, 62 bytes, Stack size 16 bytes, dfixi.o(.text))
<BR><BR>[Stack]<UL><LI>Max Depth = 24<LI>Call Chain = __aeabi_d2iz &rArr; __aeabi_llsr
</UL>
<BR>[Calls]<UL><LI><a href="#[65]">&gt;&gt;</a>&nbsp;&nbsp;&nbsp;__aeabi_llsr
</UL>
<BR>[Called By]<UL><LI><a href="#[1be]">&gt;&gt;</a>&nbsp;&nbsp;&nbsp;print_flt
</UL>

<P><STRONG><a name="[66]"></a>__aeabi_uldivmod</STRONG> (Thumb, 96 bytes, Stack size 48 bytes, uldiv.o(.text), UNUSED)
<BR><BR>[Calls]<UL><LI><a href="#[65]">&gt;&gt;</a>&nbsp;&nbsp;&nbsp;__aeabi_llsr
<LI><a href="#[5c]">&gt;&gt;</a>&nbsp;&nbsp;&nbsp;__aeabi_llsl
</UL>
<BR>[Called By]<UL><LI><a href="#[b1]">&gt;&gt;</a>&nbsp;&nbsp;&nbsp;_printf_core
</UL>

<P><STRONG><a name="[5c]"></a>__aeabi_llsl</STRONG> (Thumb, 32 bytes, Stack size 8 bytes, llshl.o(.text))
<BR><BR>[Stack]<UL><LI>Max Depth = 8<LI>Call Chain = __aeabi_llsl
</UL>
<BR>[Called By]<UL><LI><a href="#[66]">&gt;&gt;</a>&nbsp;&nbsp;&nbsp;__aeabi_uldivmod
<LI><a href="#[5e]">&gt;&gt;</a>&nbsp;&nbsp;&nbsp;_double_epilogue
<LI><a href="#[5b]">&gt;&gt;</a>&nbsp;&nbsp;&nbsp;__aeabi_dadd
</UL>

<P><STRONG><a name="[262]"></a>_ll_shift_l</STRONG> (Thumb, 0 bytes, Stack size 8 bytes, llshl.o(.text), UNUSED)

<P><STRONG><a name="[65]"></a>__aeabi_llsr</STRONG> (Thumb, 34 bytes, Stack size 8 bytes, llushr.o(.text))
<BR><BR>[Stack]<UL><LI>Max Depth = 8<LI>Call Chain = __aeabi_llsr
</UL>
<BR>[Called By]<UL><LI><a href="#[64]">&gt;&gt;</a>&nbsp;&nbsp;&nbsp;__aeabi_d2iz
<LI><a href="#[66]">&gt;&gt;</a>&nbsp;&nbsp;&nbsp;__aeabi_uldivmod
<LI><a href="#[5e]">&gt;&gt;</a>&nbsp;&nbsp;&nbsp;_double_epilogue
</UL>

<P><STRONG><a name="[263]"></a>_ll_ushift_r</STRONG> (Thumb, 0 bytes, Stack size 8 bytes, llushr.o(.text), UNUSED)

<P><STRONG><a name="[5d]"></a>__aeabi_lasr</STRONG> (Thumb, 38 bytes, Stack size 8 bytes, llsshr.o(.text))
<BR><BR>[Stack]<UL><LI>Max Depth = 8<LI>Call Chain = __aeabi_lasr
</UL>
<BR>[Called By]<UL><LI><a href="#[5b]">&gt;&gt;</a>&nbsp;&nbsp;&nbsp;__aeabi_dadd
</UL>

<P><STRONG><a name="[264]"></a>_ll_sshift_r</STRONG> (Thumb, 0 bytes, Stack size 8 bytes, llsshr.o(.text), UNUSED)

<P><STRONG><a name="[265]"></a>__I$use$fp</STRONG> (Thumb, 0 bytes, Stack size 8 bytes, iusefp.o(.text), UNUSED)

<P><STRONG><a name="[5f]"></a>_double_round</STRONG> (Thumb, 26 bytes, Stack size 8 bytes, depilogue.o(.text))
<BR><BR>[Stack]<UL><LI>Max Depth = 8<LI>Call Chain = _double_round
</UL>
<BR>[Called By]<UL><LI><a href="#[5e]">&gt;&gt;</a>&nbsp;&nbsp;&nbsp;_double_epilogue
<LI><a href="#[5b]">&gt;&gt;</a>&nbsp;&nbsp;&nbsp;__aeabi_dadd
</UL>

<P><STRONG><a name="[5e]"></a>_double_epilogue</STRONG> (Thumb, 164 bytes, Stack size 48 bytes, depilogue.o(.text))
<BR><BR>[Stack]<UL><LI>Max Depth = 56<LI>Call Chain = _double_epilogue &rArr; __aeabi_llsr
</UL>
<BR>[Calls]<UL><LI><a href="#[67]">&gt;&gt;</a>&nbsp;&nbsp;&nbsp;__ARM_clz
<LI><a href="#[65]">&gt;&gt;</a>&nbsp;&nbsp;&nbsp;__aeabi_llsr
<LI><a href="#[5c]">&gt;&gt;</a>&nbsp;&nbsp;&nbsp;__aeabi_llsl
<LI><a href="#[5f]">&gt;&gt;</a>&nbsp;&nbsp;&nbsp;_double_round
</UL>
<BR>[Called By]<UL><LI><a href="#[63]">&gt;&gt;</a>&nbsp;&nbsp;&nbsp;__aeabi_ui2d
<LI><a href="#[62]">&gt;&gt;</a>&nbsp;&nbsp;&nbsp;__aeabi_dmul
<LI><a href="#[5b]">&gt;&gt;</a>&nbsp;&nbsp;&nbsp;__aeabi_dadd
</UL>

<P><STRONG><a name="[52]"></a>__scatterload</STRONG> (Thumb, 28 bytes, Stack size 0 bytes, init.o(.text))
<BR><BR>[Calls]<UL><LI><a href="#[68]">&gt;&gt;</a>&nbsp;&nbsp;&nbsp;__main_after_scatterload
</UL>
<BR>[Called By]<UL><LI><a href="#[51]">&gt;&gt;</a>&nbsp;&nbsp;&nbsp;_main_scatterload
</UL>

<P><STRONG><a name="[266]"></a>__scatterload_rt2</STRONG> (Thumb, 0 bytes, Stack size 0 bytes, init.o(.text), UNUSED)

<P><STRONG><a name="[267]"></a>__decompress</STRONG> (Thumb, 0 bytes, Stack size unknown bytes, __dczerorl2.o(.text), UNUSED)

<P><STRONG><a name="[268]"></a>__decompress1</STRONG> (Thumb, 86 bytes, Stack size unknown bytes, __dczerorl2.o(.text), UNUSED)

<P><STRONG><a name="[e]"></a>CAN_Handler</STRONG> (Thumb, 2 bytes, Stack size 0 bytes, pango_m1_it.o(i.CAN_Handler))
<BR>[Address Reference Count : 1]<UL><LI> startup_pango_m1.o(RESET)
</UL>
<P><STRONG><a name="[bc]"></a>CleanRxDescriptorNum</STRONG> (Thumb, 8 bytes, Stack size 0 bytes, pango_m1_eth_dmac.o(i.CleanRxDescriptorNum))
<BR><BR>[Called By]<UL><LI><a href="#[ba]">&gt;&gt;</a>&nbsp;&nbsp;&nbsp;clear_eth_rx_buf
</UL>

<P><STRONG><a name="[6e]"></a>DCACHE_FlushRange</STRONG> (Thumb, 28 bytes, Stack size 4 bytes, pango_m1_dcache.o(i.DCACHE_FlushRange))
<BR><BR>[Stack]<UL><LI>Max Depth = 4<LI>Call Chain = DCACHE_FlushRange
</UL>
<BR>[Calls]<UL><LI><a href="#[6f]">&gt;&gt;</a>&nbsp;&nbsp;&nbsp;DCACHE_GetFlushStatus
</UL>
<BR>[Called By]<UL><LI><a href="#[de]">&gt;&gt;</a>&nbsp;&nbsp;&nbsp;eth_tx_buf_flush
<LI><a href="#[bb]">&gt;&gt;</a>&nbsp;&nbsp;&nbsp;eth_rx_buf_flush
</UL>

<P><STRONG><a name="[6f]"></a>DCACHE_GetFlushStatus</STRONG> (Thumb, 12 bytes, Stack size 0 bytes, pango_m1_dcache.o(i.DCACHE_GetFlushStatus))
<BR><BR>[Called By]<UL><LI><a href="#[6e]">&gt;&gt;</a>&nbsp;&nbsp;&nbsp;DCACHE_FlushRange
</UL>

<P><STRONG><a name="[71]"></a>DCACHE_GetInvalidateStatus</STRONG> (Thumb, 12 bytes, Stack size 0 bytes, pango_m1_dcache.o(i.DCACHE_GetInvalidateStatus))
<BR><BR>[Called By]<UL><LI><a href="#[70]">&gt;&gt;</a>&nbsp;&nbsp;&nbsp;DCACHE_InvalidateRange
</UL>

<P><STRONG><a name="[70]"></a>DCACHE_InvalidateRange</STRONG> (Thumb, 28 bytes, Stack size 4 bytes, pango_m1_dcache.o(i.DCACHE_InvalidateRange))
<BR><BR>[Stack]<UL><LI>Max Depth = 4<LI>Call Chain = DCACHE_InvalidateRange
</UL>
<BR>[Calls]<UL><LI><a href="#[71]">&gt;&gt;</a>&nbsp;&nbsp;&nbsp;DCACHE_GetInvalidateStatus
</UL>
<BR>[Called By]<UL><LI><a href="#[dd]">&gt;&gt;</a>&nbsp;&nbsp;&nbsp;eth_rx_buf_invalidate
</UL>

<P><STRONG><a name="[74]"></a>DMAC_GetRxIRQStatus</STRONG> (Thumb, 8 bytes, Stack size 0 bytes, pango_m1_eth_dmac.o(i.DMAC_GetRxIRQStatus))
<BR><BR>[Called By]<UL><LI><a href="#[c]">&gt;&gt;</a>&nbsp;&nbsp;&nbsp;ENT_Handler
</UL>

<P><STRONG><a name="[94]"></a>DMAC_GetRxIdleStatus</STRONG> (Thumb, 8 bytes, Stack size 0 bytes, pango_m1_eth_dmac.o(i.DMAC_GetRxIdleStatus))
<BR><BR>[Called By]<UL><LI><a href="#[93]">&gt;&gt;</a>&nbsp;&nbsp;&nbsp;SetDmacTxCtrl
<LI><a href="#[de]">&gt;&gt;</a>&nbsp;&nbsp;&nbsp;eth_tx_buf_flush
<LI><a href="#[dd]">&gt;&gt;</a>&nbsp;&nbsp;&nbsp;eth_rx_buf_invalidate
<LI><a href="#[bb]">&gt;&gt;</a>&nbsp;&nbsp;&nbsp;eth_rx_buf_flush
</UL>

<P><STRONG><a name="[98]"></a>DMAC_GetTxIdleStatus</STRONG> (Thumb, 8 bytes, Stack size 0 bytes, pango_m1_eth_dmac.o(i.DMAC_GetTxIdleStatus))
<BR><BR>[Called By]<UL><LI><a href="#[97]">&gt;&gt;</a>&nbsp;&nbsp;&nbsp;SetTxStatusOFF
</UL>

<P><STRONG><a name="[72]"></a>DMAC_Init</STRONG> (Thumb, 48 bytes, Stack size 8 bytes, pango_m1_eth_dmac.o(i.DMAC_Init))
<BR><BR>[Stack]<UL><LI>Max Depth = 16<LI>Call Chain = DMAC_Init &rArr; TS_MAC_Configure
</UL>
<BR>[Calls]<UL><LI><a href="#[73]">&gt;&gt;</a>&nbsp;&nbsp;&nbsp;TS_MAC_Configure
</UL>
<BR>[Called By]<UL><LI><a href="#[f8]">&gt;&gt;</a>&nbsp;&nbsp;&nbsp;low_level_init
</UL>

<P><STRONG><a name="[d9]"></a>DMAC_SetInitStatus</STRONG> (Thumb, 4 bytes, Stack size 0 bytes, pango_m1_eth_dmac.o(i.DMAC_SetInitStatus))
<BR><BR>[Called By]<UL><LI><a href="#[d8]">&gt;&gt;</a>&nbsp;&nbsp;&nbsp;eth_buf_init
</UL>

<P><STRONG><a name="[11]"></a>DTimer_Handler</STRONG> (Thumb, 2 bytes, Stack size 0 bytes, pango_m1_it.o(i.DTimer_Handler))
<BR>[Address Reference Count : 1]<UL><LI> startup_pango_m1.o(RESET)
</UL>
<P><STRONG><a name="[191]"></a>Delay</STRONG> (Thumb, 18 bytes, Stack size 8 bytes, main.o(i.Delay))
<BR><BR>[Stack]<UL><LI>Max Depth = 8<LI>Call Chain = Delay
</UL>
<BR>[Called By]<UL><LI><a href="#[26]">&gt;&gt;</a>&nbsp;&nbsp;&nbsp;main
</UL>

<P><STRONG><a name="[85]"></a>Delay_s</STRONG> (Thumb, 18 bytes, Stack size 8 bytes, pango_sdcard.o(i.Delay_s))
<BR><BR>[Stack]<UL><LI>Max Depth = 8<LI>Call Chain = Delay_s
</UL>
<BR>[Called By]<UL><LI><a href="#[82]">&gt;&gt;</a>&nbsp;&nbsp;&nbsp;xchg_spi
<LI><a href="#[81]">&gt;&gt;</a>&nbsp;&nbsp;&nbsp;MMC_SD_SendCommand
<LI><a href="#[83]">&gt;&gt;</a>&nbsp;&nbsp;&nbsp;MMC_SD_Reset
</UL>

<P><STRONG><a name="[c]"></a>ENT_Handler</STRONG> (Thumb, 68 bytes, Stack size 16 bytes, pango_m1_eth_buffer.o(i.ENT_Handler))
<BR><BR>[Stack]<UL><LI>Max Depth = 112<LI>Call Chain = ENT_Handler &rArr; xQueueGiveFromISR &rArr; prvNotifyQueueSetContainer &rArr; prvCopyDataToQueue &rArr; xTaskPriorityDisinherit
</UL>
<BR>[Calls]<UL><LI><a href="#[75]">&gt;&gt;</a>&nbsp;&nbsp;&nbsp;xQueueGiveFromISR
<LI><a href="#[74]">&gt;&gt;</a>&nbsp;&nbsp;&nbsp;DMAC_GetRxIRQStatus
</UL>
<BR>[Address Reference Count : 1]<UL><LI> startup_pango_m1.o(RESET)
</UL>
<P><STRONG><a name="[a]"></a>GPIO0_Handler</STRONG> (Thumb, 56 bytes, Stack size 16 bytes, main.o(i.GPIO0_Handler))
<BR><BR>[Stack]<UL><LI>Max Depth = 16<LI>Call Chain = GPIO0_Handler
</UL>
<BR>[Calls]<UL><LI><a href="#[77]">&gt;&gt;</a>&nbsp;&nbsp;&nbsp;GPIO_ReadBits
<LI><a href="#[76]">&gt;&gt;</a>&nbsp;&nbsp;&nbsp;GPIO_IntClear
</UL>
<BR>[Address Reference Count : 1]<UL><LI> startup_pango_m1.o(RESET)
</UL>
<P><STRONG><a name="[7b]"></a>GPIO_Init</STRONG> (Thumb, 126 bytes, Stack size 0 bytes, pango_m1_gpio.o(i.GPIO_Init))
<BR><BR>[Called By]<UL><LI><a href="#[7a]">&gt;&gt;</a>&nbsp;&nbsp;&nbsp;GpioInit
</UL>

<P><STRONG><a name="[76]"></a>GPIO_IntClear</STRONG> (Thumb, 8 bytes, Stack size 0 bytes, pango_m1_gpio.o(i.GPIO_IntClear))
<BR><BR>[Called By]<UL><LI><a href="#[a]">&gt;&gt;</a>&nbsp;&nbsp;&nbsp;GPIO0_Handler
</UL>

<P><STRONG><a name="[77]"></a>GPIO_ReadBits</STRONG> (Thumb, 4 bytes, Stack size 0 bytes, pango_m1_gpio.o(i.GPIO_ReadBits))
<BR><BR>[Called By]<UL><LI><a href="#[a]">&gt;&gt;</a>&nbsp;&nbsp;&nbsp;GPIO0_Handler
</UL>

<P><STRONG><a name="[a6]"></a>GPIO_ResetBit</STRONG> (Thumb, 8 bytes, Stack size 0 bytes, pango_m1_gpio.o(i.GPIO_ResetBit))
<BR><BR>[Called By]<UL><LI><a href="#[29]">&gt;&gt;</a>&nbsp;&nbsp;&nbsp;Test1_Task
</UL>

<P><STRONG><a name="[a5]"></a>GPIO_SetBit</STRONG> (Thumb, 8 bytes, Stack size 0 bytes, pango_m1_gpio.o(i.GPIO_SetBit))
<BR><BR>[Called By]<UL><LI><a href="#[29]">&gt;&gt;</a>&nbsp;&nbsp;&nbsp;Test1_Task
</UL>

<P><STRONG><a name="[e1]"></a>GetCurrentTxDescriptorNum</STRONG> (Thumb, 4 bytes, Stack size 0 bytes, pango_m1_eth_dmac.o(i.GetCurrentTxDescriptorNum))
<BR><BR>[Called By]<UL><LI><a href="#[e0]">&gt;&gt;</a>&nbsp;&nbsp;&nbsp;eth_tx_data
</UL>

<P><STRONG><a name="[78]"></a>GetDestEthInfo</STRONG> (Thumb, 50 bytes, Stack size 16 bytes, pango_m1_udp_speed_up.o(i.GetDestEthInfo))
<BR><BR>[Stack]<UL><LI>Max Depth = 24<LI>Call Chain = GetDestEthInfo &rArr; __aeabi_memcpy
</UL>
<BR>[Calls]<UL><LI><a href="#[79]">&gt;&gt;</a>&nbsp;&nbsp;&nbsp;__aeabi_memcpy
</UL>
<BR>[Called By]<UL><LI><a href="#[fa]">&gt;&gt;</a>&nbsp;&nbsp;&nbsp;low_level_input
</UL>

<P><STRONG><a name="[9a]"></a>GetUdpSpeedUpTxBusy</STRONG> (Thumb, 12 bytes, Stack size 0 bytes, pango_m1_udp_speed_up.o(i.GetUdpSpeedUpTxBusy))
<BR><BR>[Called By]<UL><LI><a href="#[99]">&gt;&gt;</a>&nbsp;&nbsp;&nbsp;SetTxStatusON
</UL>

<P><STRONG><a name="[7a]"></a>GpioInit</STRONG> (Thumb, 50 bytes, Stack size 32 bytes, main.o(i.GpioInit))
<BR><BR>[Stack]<UL><LI>Max Depth = 32<LI>Call Chain = GpioInit
</UL>
<BR>[Calls]<UL><LI><a href="#[7b]">&gt;&gt;</a>&nbsp;&nbsp;&nbsp;GPIO_Init
<LI><a href="#[7c]">&gt;&gt;</a>&nbsp;&nbsp;&nbsp;__NVIC_EnableIRQ
</UL>
<BR>[Called By]<UL><LI><a href="#[26]">&gt;&gt;</a>&nbsp;&nbsp;&nbsp;main
</UL>

<P><STRONG><a name="[2]"></a>HardFault_Handler</STRONG> (Thumb, 2 bytes, Stack size 0 bytes, pango_m1_it.o(i.HardFault_Handler))
<BR><BR>[Calls]<UL><LI><a href="#[2]">&gt;&gt;</a>&nbsp;&nbsp;&nbsp;HardFault_Handler
</UL>
<BR>[Called By]<UL><LI><a href="#[2]">&gt;&gt;</a>&nbsp;&nbsp;&nbsp;HardFault_Handler
</UL>
<BR>[Address Reference Count : 1]<UL><LI> startup_pango_m1.o(RESET)
</UL>
<P><STRONG><a name="[d]"></a>I2C_Handler</STRONG> (Thumb, 32 bytes, Stack size 8 bytes, main.o(i.I2C_Handler))
<BR><BR>[Stack]<UL><LI>Max Depth = 32<LI>Call Chain = I2C_Handler &rArr; __2printf
</UL>
<BR>[Calls]<UL><LI><a href="#[6c]">&gt;&gt;</a>&nbsp;&nbsp;&nbsp;__2printf
</UL>
<BR>[Address Reference Count : 1]<UL><LI> startup_pango_m1.o(RESET)
</UL>
<P><STRONG><a name="[7d]"></a>MMC_SD_Init</STRONG> (Thumb, 22 bytes, Stack size 4 bytes, pango_sdcard.o(i.MMC_SD_Init))
<BR><BR>[Stack]<UL><LI>Max Depth = 4<LI>Call Chain = MMC_SD_Init
</UL>
<BR>[Calls]<UL><LI><a href="#[7e]">&gt;&gt;</a>&nbsp;&nbsp;&nbsp;SD_Enable
<LI><a href="#[7f]">&gt;&gt;</a>&nbsp;&nbsp;&nbsp;SD_Disable
</UL>
<BR>[Called By]<UL><LI><a href="#[cf]">&gt;&gt;</a>&nbsp;&nbsp;&nbsp;disk_initialize
</UL>

<P><STRONG><a name="[80]"></a>MMC_SD_ReadMultiBlock</STRONG> (Thumb, 88 bytes, Stack size 20 bytes, pango_sdcard.o(i.MMC_SD_ReadMultiBlock))
<BR><BR>[Stack]<UL><LI>Max Depth = 52<LI>Call Chain = MMC_SD_ReadMultiBlock &rArr; MMC_SD_SendCommand &rArr; xchg_spi &rArr; Delay_s
</UL>
<BR>[Calls]<UL><LI><a href="#[82]">&gt;&gt;</a>&nbsp;&nbsp;&nbsp;xchg_spi
<LI><a href="#[7e]">&gt;&gt;</a>&nbsp;&nbsp;&nbsp;SD_Enable
<LI><a href="#[7f]">&gt;&gt;</a>&nbsp;&nbsp;&nbsp;SD_Disable
<LI><a href="#[81]">&gt;&gt;</a>&nbsp;&nbsp;&nbsp;MMC_SD_SendCommand
</UL>
<BR>[Called By]<UL><LI><a href="#[d0]">&gt;&gt;</a>&nbsp;&nbsp;&nbsp;disk_read
</UL>

<P><STRONG><a name="[83]"></a>MMC_SD_Reset</STRONG> (Thumb, 236 bytes, Stack size 12 bytes, pango_sdcard.o(i.MMC_SD_Reset))
<BR><BR>[Stack]<UL><LI>Max Depth = 44<LI>Call Chain = MMC_SD_Reset &rArr; MMC_SD_SendCommand &rArr; xchg_spi &rArr; Delay_s
</UL>
<BR>[Calls]<UL><LI><a href="#[82]">&gt;&gt;</a>&nbsp;&nbsp;&nbsp;xchg_spi
<LI><a href="#[84]">&gt;&gt;</a>&nbsp;&nbsp;&nbsp;SPI_Low
<LI><a href="#[86]">&gt;&gt;</a>&nbsp;&nbsp;&nbsp;SPI_High
<LI><a href="#[7f]">&gt;&gt;</a>&nbsp;&nbsp;&nbsp;SD_Disable
<LI><a href="#[81]">&gt;&gt;</a>&nbsp;&nbsp;&nbsp;MMC_SD_SendCommand
<LI><a href="#[85]">&gt;&gt;</a>&nbsp;&nbsp;&nbsp;Delay_s
</UL>
<BR>[Called By]<UL><LI><a href="#[cf]">&gt;&gt;</a>&nbsp;&nbsp;&nbsp;disk_initialize
</UL>

<P><STRONG><a name="[81]"></a>MMC_SD_SendCommand</STRONG> (Thumb, 120 bytes, Stack size 16 bytes, pango_sdcard.o(i.MMC_SD_SendCommand))
<BR><BR>[Stack]<UL><LI>Max Depth = 32<LI>Call Chain = MMC_SD_SendCommand &rArr; xchg_spi &rArr; Delay_s
</UL>
<BR>[Calls]<UL><LI><a href="#[82]">&gt;&gt;</a>&nbsp;&nbsp;&nbsp;xchg_spi
<LI><a href="#[7e]">&gt;&gt;</a>&nbsp;&nbsp;&nbsp;SD_Enable
<LI><a href="#[85]">&gt;&gt;</a>&nbsp;&nbsp;&nbsp;Delay_s
</UL>
<BR>[Called By]<UL><LI><a href="#[87]">&gt;&gt;</a>&nbsp;&nbsp;&nbsp;MMC_SD_WriteMultiBlock
<LI><a href="#[83]">&gt;&gt;</a>&nbsp;&nbsp;&nbsp;MMC_SD_Reset
<LI><a href="#[80]">&gt;&gt;</a>&nbsp;&nbsp;&nbsp;MMC_SD_ReadMultiBlock
</UL>

<P><STRONG><a name="[87]"></a>MMC_SD_WriteMultiBlock</STRONG> (Thumb, 176 bytes, Stack size 20 bytes, pango_sdcard.o(i.MMC_SD_WriteMultiBlock))
<BR><BR>[Stack]<UL><LI>Max Depth = 52<LI>Call Chain = MMC_SD_WriteMultiBlock &rArr; MMC_SD_SendCommand &rArr; xchg_spi &rArr; Delay_s
</UL>
<BR>[Calls]<UL><LI><a href="#[82]">&gt;&gt;</a>&nbsp;&nbsp;&nbsp;xchg_spi
<LI><a href="#[88]">&gt;&gt;</a>&nbsp;&nbsp;&nbsp;SD_WaitReady
<LI><a href="#[7e]">&gt;&gt;</a>&nbsp;&nbsp;&nbsp;SD_Enable
<LI><a href="#[7f]">&gt;&gt;</a>&nbsp;&nbsp;&nbsp;SD_Disable
<LI><a href="#[81]">&gt;&gt;</a>&nbsp;&nbsp;&nbsp;MMC_SD_SendCommand
</UL>
<BR>[Called By]<UL><LI><a href="#[cb]">&gt;&gt;</a>&nbsp;&nbsp;&nbsp;disk_write
</UL>

<P><STRONG><a name="[1]"></a>NMI_Handler</STRONG> (Thumb, 2 bytes, Stack size 0 bytes, main.o(i.NMI_Handler))
<BR><BR>[Calls]<UL><LI><a href="#[1]">&gt;&gt;</a>&nbsp;&nbsp;&nbsp;NMI_Handler
</UL>
<BR>[Called By]<UL><LI><a href="#[1]">&gt;&gt;</a>&nbsp;&nbsp;&nbsp;NMI_Handler
</UL>
<BR>[Address Reference Count : 1]<UL><LI> startup_pango_m1.o(RESET)
</UL>
<P><STRONG><a name="[f]"></a>RTC_Handler</STRONG> (Thumb, 2 bytes, Stack size 0 bytes, pango_m1_it.o(i.RTC_Handler))
<BR>[Address Reference Count : 1]<UL><LI> startup_pango_m1.o(RESET)
</UL>
<P><STRONG><a name="[7f]"></a>SD_Disable</STRONG> (Thumb, 10 bytes, Stack size 0 bytes, pango_sdcard.o(i.SD_Disable))
<BR><BR>[Called By]<UL><LI><a href="#[87]">&gt;&gt;</a>&nbsp;&nbsp;&nbsp;MMC_SD_WriteMultiBlock
<LI><a href="#[83]">&gt;&gt;</a>&nbsp;&nbsp;&nbsp;MMC_SD_Reset
<LI><a href="#[80]">&gt;&gt;</a>&nbsp;&nbsp;&nbsp;MMC_SD_ReadMultiBlock
<LI><a href="#[7d]">&gt;&gt;</a>&nbsp;&nbsp;&nbsp;MMC_SD_Init
</UL>

<P><STRONG><a name="[7e]"></a>SD_Enable</STRONG> (Thumb, 12 bytes, Stack size 0 bytes, pango_sdcard.o(i.SD_Enable))
<BR><BR>[Called By]<UL><LI><a href="#[87]">&gt;&gt;</a>&nbsp;&nbsp;&nbsp;MMC_SD_WriteMultiBlock
<LI><a href="#[81]">&gt;&gt;</a>&nbsp;&nbsp;&nbsp;MMC_SD_SendCommand
<LI><a href="#[80]">&gt;&gt;</a>&nbsp;&nbsp;&nbsp;MMC_SD_ReadMultiBlock
<LI><a href="#[7d]">&gt;&gt;</a>&nbsp;&nbsp;&nbsp;MMC_SD_Init
</UL>

<P><STRONG><a name="[88]"></a>SD_WaitReady</STRONG> (Thumb, 36 bytes, Stack size 12 bytes, pango_sdcard.o(i.SD_WaitReady))
<BR><BR>[Stack]<UL><LI>Max Depth = 28<LI>Call Chain = SD_WaitReady &rArr; xchg_spi &rArr; Delay_s
</UL>
<BR>[Calls]<UL><LI><a href="#[82]">&gt;&gt;</a>&nbsp;&nbsp;&nbsp;xchg_spi
</UL>
<BR>[Called By]<UL><LI><a href="#[87]">&gt;&gt;</a>&nbsp;&nbsp;&nbsp;MMC_SD_WriteMultiBlock
</UL>

<P><STRONG><a name="[89]"></a>SFLASH_ReadJEDEC_ID</STRONG> (Thumb, 46 bytes, Stack size 16 bytes, pango_spi_flash.o(i.SFLASH_ReadJEDEC_ID))
<BR><BR>[Stack]<UL><LI>Max Depth = 24<LI>Call Chain = SFLASH_ReadJEDEC_ID &rArr; SPI_WriteByte
</UL>
<BR>[Calls]<UL><LI><a href="#[8a]">&gt;&gt;</a>&nbsp;&nbsp;&nbsp;SPI_CS_Enable
<LI><a href="#[8d]">&gt;&gt;</a>&nbsp;&nbsp;&nbsp;SPI_CS_Disable
<LI><a href="#[8b]">&gt;&gt;</a>&nbsp;&nbsp;&nbsp;SPI_WriteByte
<LI><a href="#[8c]">&gt;&gt;</a>&nbsp;&nbsp;&nbsp;SPI_ReadByte
</UL>
<BR>[Called By]<UL><LI><a href="#[26]">&gt;&gt;</a>&nbsp;&nbsp;&nbsp;main
</UL>

<P><STRONG><a name="[8d]"></a>SPI_CS_Disable</STRONG> (Thumb, 14 bytes, Stack size 0 bytes, pango_m1_spi.o(i.SPI_CS_Disable))
<BR><BR>[Called By]<UL><LI><a href="#[89]">&gt;&gt;</a>&nbsp;&nbsp;&nbsp;SFLASH_ReadJEDEC_ID
</UL>

<P><STRONG><a name="[8a]"></a>SPI_CS_Enable</STRONG> (Thumb, 10 bytes, Stack size 0 bytes, pango_m1_spi.o(i.SPI_CS_Enable))
<BR><BR>[Called By]<UL><LI><a href="#[89]">&gt;&gt;</a>&nbsp;&nbsp;&nbsp;SFLASH_ReadJEDEC_ID
</UL>

<P><STRONG><a name="[90]"></a>SPI_GetRcvStatus</STRONG> (Thumb, 10 bytes, Stack size 0 bytes, pango_m1_spi.o(i.SPI_GetRcvStatus))
<BR><BR>[Called By]<UL><LI><a href="#[8c]">&gt;&gt;</a>&nbsp;&nbsp;&nbsp;SPI_ReadByte
</UL>

<P><STRONG><a name="[8e]"></a>SPI_GetTmtStatus</STRONG> (Thumb, 10 bytes, Stack size 0 bytes, pango_m1_spi.o(i.SPI_GetTmtStatus))
<BR><BR>[Called By]<UL><LI><a href="#[8b]">&gt;&gt;</a>&nbsp;&nbsp;&nbsp;SPI_WriteByte
<LI><a href="#[8c]">&gt;&gt;</a>&nbsp;&nbsp;&nbsp;SPI_ReadByte
</UL>

<P><STRONG><a name="[86]"></a>SPI_High</STRONG> (Thumb, 10 bytes, Stack size 0 bytes, pango_sdcard.o(i.SPI_High))
<BR><BR>[Called By]<UL><LI><a href="#[83]">&gt;&gt;</a>&nbsp;&nbsp;&nbsp;MMC_SD_Reset
</UL>

<P><STRONG><a name="[84]"></a>SPI_Low</STRONG> (Thumb, 12 bytes, Stack size 0 bytes, pango_sdcard.o(i.SPI_Low))
<BR><BR>[Called By]<UL><LI><a href="#[83]">&gt;&gt;</a>&nbsp;&nbsp;&nbsp;MMC_SD_Reset
</UL>

<P><STRONG><a name="[91]"></a>SPI_ReadData</STRONG> (Thumb, 8 bytes, Stack size 0 bytes, pango_m1_spi.o(i.SPI_ReadData))
<BR><BR>[Called By]<UL><LI><a href="#[8c]">&gt;&gt;</a>&nbsp;&nbsp;&nbsp;SPI_ReadByte
</UL>

<P><STRONG><a name="[8f]"></a>SPI_SetRcvStatus</STRONG> (Thumb, 12 bytes, Stack size 0 bytes, pango_m1_spi.o(i.SPI_SetRcvStatus))
<BR><BR>[Called By]<UL><LI><a href="#[8c]">&gt;&gt;</a>&nbsp;&nbsp;&nbsp;SPI_ReadByte
</UL>

<P><STRONG><a name="[92]"></a>SPI_WriteData</STRONG> (Thumb, 6 bytes, Stack size 0 bytes, pango_m1_spi.o(i.SPI_WriteData))
<BR><BR>[Called By]<UL><LI><a href="#[8b]">&gt;&gt;</a>&nbsp;&nbsp;&nbsp;SPI_WriteByte
</UL>

<P><STRONG><a name="[3]"></a>SVC_Handler</STRONG> (Thumb, 2 bytes, Stack size 0 bytes, port.o(i.SVC_Handler))
<BR>[Address Reference Count : 1]<UL><LI> startup_pango_m1.o(RESET)
</UL>
<P><STRONG><a name="[93]"></a>SetDmacTxCtrl</STRONG> (Thumb, 24 bytes, Stack size 4 bytes, pango_m1_eth_dmac.o(i.SetDmacTxCtrl))
<BR><BR>[Stack]<UL><LI>Max Depth = 4<LI>Call Chain = SetDmacTxCtrl
</UL>
<BR>[Calls]<UL><LI><a href="#[94]">&gt;&gt;</a>&nbsp;&nbsp;&nbsp;DMAC_GetRxIdleStatus
</UL>
<BR>[Called By]<UL><LI><a href="#[e0]">&gt;&gt;</a>&nbsp;&nbsp;&nbsp;eth_tx_data
</UL>

<P><STRONG><a name="[dc]"></a>SetRxDescriptor</STRONG> (Thumb, 30 bytes, Stack size 8 bytes, pango_m1_eth_dmac.o(i.SetRxDescriptor))
<BR><BR>[Stack]<UL><LI>Max Depth = 8<LI>Call Chain = SetRxDescriptor
</UL>
<BR>[Called By]<UL><LI><a href="#[db]">&gt;&gt;</a>&nbsp;&nbsp;&nbsp;eth_rx_buf_init
</UL>

<P><STRONG><a name="[95]"></a>SetSpeedUpInfo</STRONG> (Thumb, 252 bytes, Stack size 40 bytes, pango_m1_udp_speed_up.o(i.SetSpeedUpInfo))
<BR><BR>[Stack]<UL><LI>Max Depth = 64<LI>Call Chain = SetSpeedUpInfo &rArr; __2printf
</UL>
<BR>[Calls]<UL><LI><a href="#[96]">&gt;&gt;</a>&nbsp;&nbsp;&nbsp;SetUdpSpeedUpStatus
<LI><a href="#[6c]">&gt;&gt;</a>&nbsp;&nbsp;&nbsp;__2printf
</UL>
<BR>[Called By]<UL><LI><a href="#[4a]">&gt;&gt;</a>&nbsp;&nbsp;&nbsp;udpecho_thread
</UL>

<P><STRONG><a name="[e2]"></a>SetTxDataLen</STRONG> (Thumb, 4 bytes, Stack size 0 bytes, pango_m1_eth_dmac.o(i.SetTxDataLen))
<BR><BR>[Called By]<UL><LI><a href="#[e0]">&gt;&gt;</a>&nbsp;&nbsp;&nbsp;eth_tx_data
</UL>

<P><STRONG><a name="[df]"></a>SetTxDescriptor</STRONG> (Thumb, 30 bytes, Stack size 12 bytes, pango_m1_eth_dmac.o(i.SetTxDescriptor))
<BR><BR>[Stack]<UL><LI>Max Depth = 12<LI>Call Chain = SetTxDescriptor
</UL>
<BR>[Called By]<UL><LI><a href="#[da]">&gt;&gt;</a>&nbsp;&nbsp;&nbsp;eth_tx_buf_init
</UL>

<P><STRONG><a name="[97]"></a>SetTxStatusOFF</STRONG> (Thumb, 32 bytes, Stack size 16 bytes, pango_m1_udp_speed_up.o(i.SetTxStatusOFF))
<BR><BR>[Stack]<UL><LI>Max Depth = 16<LI>Call Chain = SetTxStatusOFF
</UL>
<BR>[Calls]<UL><LI><a href="#[96]">&gt;&gt;</a>&nbsp;&nbsp;&nbsp;SetUdpSpeedUpStatus
<LI><a href="#[98]">&gt;&gt;</a>&nbsp;&nbsp;&nbsp;DMAC_GetTxIdleStatus
</UL>
<BR>[Called By]<UL><LI><a href="#[2f]">&gt;&gt;</a>&nbsp;&nbsp;&nbsp;low_level_output
</UL>

<P><STRONG><a name="[99]"></a>SetTxStatusON</STRONG> (Thumb, 24 bytes, Stack size 4 bytes, pango_m1_udp_speed_up.o(i.SetTxStatusON))
<BR><BR>[Stack]<UL><LI>Max Depth = 4<LI>Call Chain = SetTxStatusON
</UL>
<BR>[Calls]<UL><LI><a href="#[96]">&gt;&gt;</a>&nbsp;&nbsp;&nbsp;SetUdpSpeedUpStatus
<LI><a href="#[9a]">&gt;&gt;</a>&nbsp;&nbsp;&nbsp;GetUdpSpeedUpTxBusy
</UL>
<BR>[Called By]<UL><LI><a href="#[2f]">&gt;&gt;</a>&nbsp;&nbsp;&nbsp;low_level_output
</UL>

<P><STRONG><a name="[96]"></a>SetUdpSpeedUpStatus</STRONG> (Thumb, 8 bytes, Stack size 0 bytes, pango_m1_udp_speed_up.o(i.SetUdpSpeedUpStatus))
<BR><BR>[Called By]<UL><LI><a href="#[99]">&gt;&gt;</a>&nbsp;&nbsp;&nbsp;SetTxStatusON
<LI><a href="#[97]">&gt;&gt;</a>&nbsp;&nbsp;&nbsp;SetTxStatusOFF
<LI><a href="#[95]">&gt;&gt;</a>&nbsp;&nbsp;&nbsp;SetSpeedUpInfo
</UL>

<P><STRONG><a name="[5]"></a>SysTick_Handler</STRONG> (Thumb, 32 bytes, Stack size 8 bytes, port.o(i.SysTick_Handler))
<BR><BR>[Stack]<UL><LI>Max Depth = 32<LI>Call Chain = SysTick_Handler &rArr; xTaskIncrementTick
</UL>
<BR>[Calls]<UL><LI><a href="#[9d]">&gt;&gt;</a>&nbsp;&nbsp;&nbsp;vClearInterruptMaskFromISR
<LI><a href="#[9b]">&gt;&gt;</a>&nbsp;&nbsp;&nbsp;ulSetInterruptMaskFromISR
<LI><a href="#[9c]">&gt;&gt;</a>&nbsp;&nbsp;&nbsp;xTaskIncrementTick
</UL>
<BR>[Address Reference Count : 1]<UL><LI> startup_pango_m1.o(RESET)
</UL>
<P><STRONG><a name="[27]"></a>SystemInit</STRONG> (Thumb, 62 bytes, Stack size 12 bytes, system_pango_m1.o(i.SystemInit))
<BR><BR>[Stack]<UL><LI>Max Depth = 12<LI>Call Chain = SystemInit
</UL>
<BR>[Called By]<UL><LI><a href="#[26]">&gt;&gt;</a>&nbsp;&nbsp;&nbsp;main
</UL>
<BR>[Address Reference Count : 1]<UL><LI> startup_pango_m1.o(.text)
</UL>
<P><STRONG><a name="[69]"></a>TCPIP_Init</STRONG> (Thumb, 110 bytes, Stack size 16 bytes, sys_arch.o(i.TCPIP_Init))
<BR><BR>[Stack]<UL><LI>Max Depth = 856<LI>Call Chain = TCPIP_Init &rArr; netif_add &rArr; netif_set_addr &rArr; netif_do_set_ipaddr &rArr; netif_do_ip_addr_changed &rArr; tcp_netif_ip_addr_changed &rArr; tcp_netif_ip_addr_changed_pcblist &rArr; tcp_abort &rArr; tcp_abandon &rArr; tcp_pcb_remove &rArr; tcp_output &rArr; tcp_send_empty_ack &rArr; tcp_output_control_segment &rArr; ip4_output_if &rArr; ip4_output_if_opt &rArr; ip4_output_if_opt_src &rArr; ip4_frag &rArr; pbuf_alloc &rArr; pbuf_free &rArr; mem_free &rArr; plug_holes &rArr; printk &rArr; print_flt &rArr; __aeabi_dmul &rArr; _double_epilogue &rArr; __aeabi_llsr
</UL>
<BR>[Calls]<UL><LI><a href="#[9e]">&gt;&gt;</a>&nbsp;&nbsp;&nbsp;tcpip_init
<LI><a href="#[a1]">&gt;&gt;</a>&nbsp;&nbsp;&nbsp;netif_set_up
<LI><a href="#[a2]">&gt;&gt;</a>&nbsp;&nbsp;&nbsp;netif_set_down
<LI><a href="#[a0]">&gt;&gt;</a>&nbsp;&nbsp;&nbsp;netif_set_default
<LI><a href="#[9f]">&gt;&gt;</a>&nbsp;&nbsp;&nbsp;netif_add
<LI><a href="#[6c]">&gt;&gt;</a>&nbsp;&nbsp;&nbsp;__2printf
</UL>
<BR>[Called By]<UL><LI><a href="#[37]">&gt;&gt;</a>&nbsp;&nbsp;&nbsp;AppTaskCreate
</UL>

<P><STRONG><a name="[8]"></a>TIMER0_Handler</STRONG> (Thumb, 32 bytes, Stack size 8 bytes, main.o(i.TIMER0_Handler))
<BR><BR>[Stack]<UL><LI>Max Depth = 8<LI>Call Chain = TIMER0_Handler
</UL>
<BR>[Calls]<UL><LI><a href="#[a3]">&gt;&gt;</a>&nbsp;&nbsp;&nbsp;TIMER_GetIRQStatus
<LI><a href="#[a4]">&gt;&gt;</a>&nbsp;&nbsp;&nbsp;TIMER_ClearIRQ
</UL>
<BR>[Address Reference Count : 1]<UL><LI> startup_pango_m1.o(RESET)
</UL>
<P><STRONG><a name="[9]"></a>TIMER1_Handler</STRONG> (Thumb, 2 bytes, Stack size 0 bytes, pango_m1_it.o(i.TIMER1_Handler))
<BR>[Address Reference Count : 1]<UL><LI> startup_pango_m1.o(RESET)
</UL>
<P><STRONG><a name="[a4]"></a>TIMER_ClearIRQ</STRONG> (Thumb, 6 bytes, Stack size 0 bytes, pango_m1_timer.o(i.TIMER_ClearIRQ))
<BR><BR>[Called By]<UL><LI><a href="#[8]">&gt;&gt;</a>&nbsp;&nbsp;&nbsp;TIMER0_Handler
</UL>

<P><STRONG><a name="[a3]"></a>TIMER_GetIRQStatus</STRONG> (Thumb, 6 bytes, Stack size 0 bytes, pango_m1_timer.o(i.TIMER_GetIRQStatus))
<BR><BR>[Called By]<UL><LI><a href="#[8]">&gt;&gt;</a>&nbsp;&nbsp;&nbsp;TIMER0_Handler
</UL>

<P><STRONG><a name="[a9]"></a>TIMER_Init</STRONG> (Thumb, 82 bytes, Stack size 0 bytes, pango_m1_timer.o(i.TIMER_Init))
<BR><BR>[Called By]<UL><LI><a href="#[a8]">&gt;&gt;</a>&nbsp;&nbsp;&nbsp;TimerInit
</UL>

<P><STRONG><a name="[12]"></a>TRNG_Handler</STRONG> (Thumb, 2 bytes, Stack size 0 bytes, pango_m1_it.o(i.TRNG_Handler))
<BR>[Address Reference Count : 1]<UL><LI> startup_pango_m1.o(RESET)
</UL>
<P><STRONG><a name="[73]"></a>TS_MAC_Configure</STRONG> (Thumb, 60 bytes, Stack size 8 bytes, pango_m1_eth_dmac.o(i.TS_MAC_Configure))
<BR><BR>[Stack]<UL><LI>Max Depth = 8<LI>Call Chain = TS_MAC_Configure
</UL>
<BR>[Called By]<UL><LI><a href="#[72]">&gt;&gt;</a>&nbsp;&nbsp;&nbsp;DMAC_Init
</UL>

<P><STRONG><a name="[a8]"></a>TimerInit</STRONG> (Thumb, 34 bytes, Stack size 16 bytes, main.o(i.TimerInit))
<BR><BR>[Stack]<UL><LI>Max Depth = 16<LI>Call Chain = TimerInit
</UL>
<BR>[Calls]<UL><LI><a href="#[a9]">&gt;&gt;</a>&nbsp;&nbsp;&nbsp;TIMER_Init
<LI><a href="#[7c]">&gt;&gt;</a>&nbsp;&nbsp;&nbsp;__NVIC_EnableIRQ
</UL>
<BR>[Called By]<UL><LI><a href="#[26]">&gt;&gt;</a>&nbsp;&nbsp;&nbsp;main
</UL>

<P><STRONG><a name="[6]"></a>UART0_Handler</STRONG> (Thumb, 36 bytes, Stack size 8 bytes, main.o(i.UART0_Handler))
<BR><BR>[Stack]<UL><LI>Max Depth = 8<LI>Call Chain = UART0_Handler
</UL>
<BR>[Calls]<UL><LI><a href="#[ad]">&gt;&gt;</a>&nbsp;&nbsp;&nbsp;UART_SendChar
<LI><a href="#[ac]">&gt;&gt;</a>&nbsp;&nbsp;&nbsp;UART_ReceiveChar
<LI><a href="#[aa]">&gt;&gt;</a>&nbsp;&nbsp;&nbsp;UART_GetRxIRQStatus
<LI><a href="#[ab]">&gt;&gt;</a>&nbsp;&nbsp;&nbsp;UART_ClearRxIRQ
</UL>
<BR>[Address Reference Count : 1]<UL><LI> startup_pango_m1.o(RESET)
</UL>
<P><STRONG><a name="[7]"></a>UART1_Handler</STRONG> (Thumb, 2 bytes, Stack size 0 bytes, pango_m1_it.o(i.UART1_Handler))
<BR>[Address Reference Count : 1]<UL><LI> startup_pango_m1.o(RESET)
</UL>
<P><STRONG><a name="[ab]"></a>UART_ClearRxIRQ</STRONG> (Thumb, 6 bytes, Stack size 0 bytes, pango_m1_uart.o(i.UART_ClearRxIRQ))
<BR><BR>[Called By]<UL><LI><a href="#[6]">&gt;&gt;</a>&nbsp;&nbsp;&nbsp;UART0_Handler
</UL>

<P><STRONG><a name="[aa]"></a>UART_GetRxIRQStatus</STRONG> (Thumb, 8 bytes, Stack size 0 bytes, pango_m1_uart.o(i.UART_GetRxIRQStatus))
<BR><BR>[Called By]<UL><LI><a href="#[6]">&gt;&gt;</a>&nbsp;&nbsp;&nbsp;UART0_Handler
</UL>

<P><STRONG><a name="[ae]"></a>UART_Init</STRONG> (Thumb, 118 bytes, Stack size 8 bytes, pango_m1_uart.o(i.UART_Init))
<BR><BR>[Stack]<UL><LI>Max Depth = 20<LI>Call Chain = UART_Init &rArr; __aeabi_uidivmod
</UL>
<BR>[Calls]<UL><LI><a href="#[57]">&gt;&gt;</a>&nbsp;&nbsp;&nbsp;__aeabi_uidivmod
</UL>
<BR>[Called By]<UL><LI><a href="#[af]">&gt;&gt;</a>&nbsp;&nbsp;&nbsp;UartInit
</UL>

<P><STRONG><a name="[ac]"></a>UART_ReceiveChar</STRONG> (Thumb, 12 bytes, Stack size 0 bytes, pango_m1_uart.o(i.UART_ReceiveChar))
<BR><BR>[Calls]<UL><LI><a href="#[ac]">&gt;&gt;</a>&nbsp;&nbsp;&nbsp;UART_ReceiveChar
</UL>
<BR>[Called By]<UL><LI><a href="#[ac]">&gt;&gt;</a>&nbsp;&nbsp;&nbsp;UART_ReceiveChar
<LI><a href="#[6]">&gt;&gt;</a>&nbsp;&nbsp;&nbsp;UART0_Handler
</UL>

<P><STRONG><a name="[ad]"></a>UART_SendChar</STRONG> (Thumb, 10 bytes, Stack size 0 bytes, pango_m1_uart.o(i.UART_SendChar))
<BR><BR>[Calls]<UL><LI><a href="#[ad]">&gt;&gt;</a>&nbsp;&nbsp;&nbsp;UART_SendChar
</UL>
<BR>[Called By]<UL><LI><a href="#[ad]">&gt;&gt;</a>&nbsp;&nbsp;&nbsp;UART_SendChar
<LI><a href="#[1bd]">&gt;&gt;</a>&nbsp;&nbsp;&nbsp;put_char
<LI><a href="#[2d]">&gt;&gt;</a>&nbsp;&nbsp;&nbsp;fputc
<LI><a href="#[6]">&gt;&gt;</a>&nbsp;&nbsp;&nbsp;UART0_Handler
</UL>

<P><STRONG><a name="[af]"></a>UartInit</STRONG> (Thumb, 44 bytes, Stack size 16 bytes, main.o(i.UartInit))
<BR><BR>[Stack]<UL><LI>Max Depth = 36<LI>Call Chain = UartInit &rArr; UART_Init &rArr; __aeabi_uidivmod
</UL>
<BR>[Calls]<UL><LI><a href="#[ae]">&gt;&gt;</a>&nbsp;&nbsp;&nbsp;UART_Init
<LI><a href="#[7c]">&gt;&gt;</a>&nbsp;&nbsp;&nbsp;__NVIC_EnableIRQ
</UL>
<BR>[Called By]<UL><LI><a href="#[26]">&gt;&gt;</a>&nbsp;&nbsp;&nbsp;main
</UL>

<P><STRONG><a name="[b0]"></a>__0printf$5</STRONG> (Thumb, 24 bytes, Stack size 24 bytes, printf5.o(i.__0printf$5), UNUSED)
<BR><BR>[Calls]<UL><LI><a href="#[b1]">&gt;&gt;</a>&nbsp;&nbsp;&nbsp;_printf_core
</UL>

<P><STRONG><a name="[269]"></a>__1printf$5</STRONG> (Thumb, 0 bytes, Stack size 24 bytes, printf5.o(i.__0printf$5), UNUSED)

<P><STRONG><a name="[6c]"></a>__2printf</STRONG> (Thumb, 0 bytes, Stack size 24 bytes, printf5.o(i.__0printf$5))
<BR><BR>[Stack]<UL><LI>Max Depth = 24<LI>Call Chain = __2printf
</UL>
<BR>[Called By]<UL><LI><a href="#[95]">&gt;&gt;</a>&nbsp;&nbsp;&nbsp;SetSpeedUpInfo
<LI><a href="#[d7]">&gt;&gt;</a>&nbsp;&nbsp;&nbsp;sys_sem_signal
<LI><a href="#[14e]">&gt;&gt;</a>&nbsp;&nbsp;&nbsp;sys_sem_new
<LI><a href="#[150]">&gt;&gt;</a>&nbsp;&nbsp;&nbsp;sys_thread_new
<LI><a href="#[196]">&gt;&gt;</a>&nbsp;&nbsp;&nbsp;sys_mutex_new
<LI><a href="#[69]">&gt;&gt;</a>&nbsp;&nbsp;&nbsp;TCPIP_Init
<LI><a href="#[2c]">&gt;&gt;</a>&nbsp;&nbsp;&nbsp;ethernetif_init
<LI><a href="#[f8]">&gt;&gt;</a>&nbsp;&nbsp;&nbsp;low_level_init
<LI><a href="#[4a]">&gt;&gt;</a>&nbsp;&nbsp;&nbsp;udpecho_thread
<LI><a href="#[26]">&gt;&gt;</a>&nbsp;&nbsp;&nbsp;main
<LI><a href="#[d]">&gt;&gt;</a>&nbsp;&nbsp;&nbsp;I2C_Handler
<LI><a href="#[37]">&gt;&gt;</a>&nbsp;&nbsp;&nbsp;AppTaskCreate
</UL>

<P><STRONG><a name="[67]"></a>__ARM_clz</STRONG> (Thumb, 46 bytes, Stack size 0 bytes, depilogue.o(i.__ARM_clz))
<BR><BR>[Called By]<UL><LI><a href="#[5e]">&gt;&gt;</a>&nbsp;&nbsp;&nbsp;_double_epilogue
</UL>

<P><STRONG><a name="[fc]"></a>__ARM_common_switch8</STRONG> (Thumb, 26 bytes, Stack size 8 bytes, tasks.o(i.__ARM_common_switch8))
<BR><BR>[Stack]<UL><LI>Max Depth = 8<LI>Call Chain = __ARM_common_switch8
</UL>
<BR>[Called By]<UL><LI><a href="#[1e4]">&gt;&gt;</a>&nbsp;&nbsp;&nbsp;prvProcessReceivedCommands
<LI><a href="#[36]">&gt;&gt;</a>&nbsp;&nbsp;&nbsp;event_callback
<LI><a href="#[217]">&gt;&gt;</a>&nbsp;&nbsp;&nbsp;tcp_process
</UL>

<P><STRONG><a name="[26a]"></a>__scatterload_copy</STRONG> (Thumb, 14 bytes, Stack size unknown bytes, handlers.o(i.__scatterload_copy), UNUSED)

<P><STRONG><a name="[26b]"></a>__scatterload_null</STRONG> (Thumb, 2 bytes, Stack size unknown bytes, handlers.o(i.__scatterload_null), UNUSED)

<P><STRONG><a name="[26c]"></a>__scatterload_zeroinit</STRONG> (Thumb, 14 bytes, Stack size unknown bytes, handlers.o(i.__scatterload_zeroinit), UNUSED)

<P><STRONG><a name="[ba]"></a>clear_eth_rx_buf</STRONG> (Thumb, 72 bytes, Stack size 24 bytes, pango_m1_eth_buffer.o(i.clear_eth_rx_buf))
<BR><BR>[Stack]<UL><LI>Max Depth = 44<LI>Call Chain = clear_eth_rx_buf &rArr; eth_rx_buf_flush &rArr; DCACHE_FlushRange
</UL>
<BR>[Calls]<UL><LI><a href="#[bc]">&gt;&gt;</a>&nbsp;&nbsp;&nbsp;CleanRxDescriptorNum
<LI><a href="#[bb]">&gt;&gt;</a>&nbsp;&nbsp;&nbsp;eth_rx_buf_flush
<LI><a href="#[58]">&gt;&gt;</a>&nbsp;&nbsp;&nbsp;__aeabi_memclr
</UL>
<BR>[Called By]<UL><LI><a href="#[fa]">&gt;&gt;</a>&nbsp;&nbsp;&nbsp;low_level_input
</UL>

<P><STRONG><a name="[cf]"></a>disk_initialize</STRONG> (Thumb, 26 bytes, Stack size 8 bytes, diskio.o(i.disk_initialize))
<BR><BR>[Stack]<UL><LI>Max Depth = 52<LI>Call Chain = disk_initialize &rArr; MMC_SD_Reset &rArr; MMC_SD_SendCommand &rArr; xchg_spi &rArr; Delay_s
</UL>
<BR>[Calls]<UL><LI><a href="#[83]">&gt;&gt;</a>&nbsp;&nbsp;&nbsp;MMC_SD_Reset
<LI><a href="#[7d]">&gt;&gt;</a>&nbsp;&nbsp;&nbsp;MMC_SD_Init
</UL>
<BR>[Called By]<UL><LI><a href="#[103]">&gt;&gt;</a>&nbsp;&nbsp;&nbsp;mount_volume
</UL>

<P><STRONG><a name="[1f2]"></a>disk_ioctl</STRONG> (Thumb, 50 bytes, Stack size 0 bytes, diskio.o(i.disk_ioctl))
<BR><BR>[Called By]<UL><LI><a href="#[10d]">&gt;&gt;</a>&nbsp;&nbsp;&nbsp;sync_fs
</UL>

<P><STRONG><a name="[d0]"></a>disk_read</STRONG> (Thumb, 22 bytes, Stack size 8 bytes, diskio.o(i.disk_read))
<BR><BR>[Stack]<UL><LI>Max Depth = 60<LI>Call Chain = disk_read &rArr; MMC_SD_ReadMultiBlock &rArr; MMC_SD_SendCommand &rArr; xchg_spi &rArr; Delay_s
</UL>
<BR>[Calls]<UL><LI><a href="#[80]">&gt;&gt;</a>&nbsp;&nbsp;&nbsp;MMC_SD_ReadMultiBlock
</UL>
<BR>[Called By]<UL><LI><a href="#[b7]">&gt;&gt;</a>&nbsp;&nbsp;&nbsp;move_window
<LI><a href="#[10b]">&gt;&gt;</a>&nbsp;&nbsp;&nbsp;f_read
<LI><a href="#[104]">&gt;&gt;</a>&nbsp;&nbsp;&nbsp;f_open
</UL>

<P><STRONG><a name="[19a]"></a>disk_status</STRONG> (Thumb, 12 bytes, Stack size 0 bytes, diskio.o(i.disk_status))
<BR><BR>[Called By]<UL><LI><a href="#[100]">&gt;&gt;</a>&nbsp;&nbsp;&nbsp;validate
<LI><a href="#[103]">&gt;&gt;</a>&nbsp;&nbsp;&nbsp;mount_volume
</UL>

<P><STRONG><a name="[cb]"></a>disk_write</STRONG> (Thumb, 22 bytes, Stack size 8 bytes, diskio.o(i.disk_write))
<BR><BR>[Stack]<UL><LI>Max Depth = 60<LI>Call Chain = disk_write &rArr; MMC_SD_WriteMultiBlock &rArr; MMC_SD_SendCommand &rArr; xchg_spi &rArr; Delay_s
</UL>
<BR>[Calls]<UL><LI><a href="#[87]">&gt;&gt;</a>&nbsp;&nbsp;&nbsp;MMC_SD_WriteMultiBlock
</UL>
<BR>[Called By]<UL><LI><a href="#[c9]">&gt;&gt;</a>&nbsp;&nbsp;&nbsp;sync_window
<LI><a href="#[10d]">&gt;&gt;</a>&nbsp;&nbsp;&nbsp;sync_fs
<LI><a href="#[c8]">&gt;&gt;</a>&nbsp;&nbsp;&nbsp;dir_clear
<LI><a href="#[ff]">&gt;&gt;</a>&nbsp;&nbsp;&nbsp;f_sync
<LI><a href="#[10b]">&gt;&gt;</a>&nbsp;&nbsp;&nbsp;f_read
</UL>

<P><STRONG><a name="[152]"></a>err_to_errno</STRONG> (Thumb, 24 bytes, Stack size 0 bytes, err.o(i.err_to_errno))
<BR><BR>[Called By]<UL><LI><a href="#[17c]">&gt;&gt;</a>&nbsp;&nbsp;&nbsp;lwip_recv_tcp
<LI><a href="#[188]">&gt;&gt;</a>&nbsp;&nbsp;&nbsp;lwip_sendto
<LI><a href="#[187]">&gt;&gt;</a>&nbsp;&nbsp;&nbsp;lwip_send
<LI><a href="#[184]">&gt;&gt;</a>&nbsp;&nbsp;&nbsp;lwip_recvfrom
<LI><a href="#[154]">&gt;&gt;</a>&nbsp;&nbsp;&nbsp;lwip_close
<LI><a href="#[151]">&gt;&gt;</a>&nbsp;&nbsp;&nbsp;lwip_bind
</UL>

<P><STRONG><a name="[d8]"></a>eth_buf_init</STRONG> (Thumb, 52 bytes, Stack size 8 bytes, pango_m1_eth_buffer.o(i.eth_buf_init))
<BR><BR>[Stack]<UL><LI>Max Depth = 44<LI>Call Chain = eth_buf_init &rArr; eth_tx_buf_init &rArr; SetTxDescriptor
</UL>
<BR>[Calls]<UL><LI><a href="#[d9]">&gt;&gt;</a>&nbsp;&nbsp;&nbsp;DMAC_SetInitStatus
<LI><a href="#[da]">&gt;&gt;</a>&nbsp;&nbsp;&nbsp;eth_tx_buf_init
<LI><a href="#[db]">&gt;&gt;</a>&nbsp;&nbsp;&nbsp;eth_rx_buf_init
</UL>
<BR>[Called By]<UL><LI><a href="#[f8]">&gt;&gt;</a>&nbsp;&nbsp;&nbsp;low_level_init
</UL>

<P><STRONG><a name="[bb]"></a>eth_rx_buf_flush</STRONG> (Thumb, 38 bytes, Stack size 16 bytes, pango_m1_eth_buffer.o(i.eth_rx_buf_flush))
<BR><BR>[Stack]<UL><LI>Max Depth = 20<LI>Call Chain = eth_rx_buf_flush &rArr; DCACHE_FlushRange
</UL>
<BR>[Calls]<UL><LI><a href="#[94]">&gt;&gt;</a>&nbsp;&nbsp;&nbsp;DMAC_GetRxIdleStatus
<LI><a href="#[6e]">&gt;&gt;</a>&nbsp;&nbsp;&nbsp;DCACHE_FlushRange
</UL>
<BR>[Called By]<UL><LI><a href="#[ba]">&gt;&gt;</a>&nbsp;&nbsp;&nbsp;clear_eth_rx_buf
</UL>

<P><STRONG><a name="[db]"></a>eth_rx_buf_init</STRONG> (Thumb, 64 bytes, Stack size 24 bytes, pango_m1_eth_buffer.o(i.eth_rx_buf_init))
<BR><BR>[Stack]<UL><LI>Max Depth = 32<LI>Call Chain = eth_rx_buf_init &rArr; SetRxDescriptor
</UL>
<BR>[Calls]<UL><LI><a href="#[dc]">&gt;&gt;</a>&nbsp;&nbsp;&nbsp;SetRxDescriptor
</UL>
<BR>[Called By]<UL><LI><a href="#[d8]">&gt;&gt;</a>&nbsp;&nbsp;&nbsp;eth_buf_init
</UL>

<P><STRONG><a name="[dd]"></a>eth_rx_buf_invalidate</STRONG> (Thumb, 38 bytes, Stack size 16 bytes, pango_m1_eth_buffer.o(i.eth_rx_buf_invalidate))
<BR><BR>[Stack]<UL><LI>Max Depth = 20<LI>Call Chain = eth_rx_buf_invalidate &rArr; DCACHE_InvalidateRange
</UL>
<BR>[Calls]<UL><LI><a href="#[94]">&gt;&gt;</a>&nbsp;&nbsp;&nbsp;DMAC_GetRxIdleStatus
<LI><a href="#[70]">&gt;&gt;</a>&nbsp;&nbsp;&nbsp;DCACHE_InvalidateRange
</UL>
<BR>[Called By]<UL><LI><a href="#[fa]">&gt;&gt;</a>&nbsp;&nbsp;&nbsp;low_level_input
</UL>

<P><STRONG><a name="[de]"></a>eth_tx_buf_flush</STRONG> (Thumb, 38 bytes, Stack size 16 bytes, pango_m1_eth_buffer.o(i.eth_tx_buf_flush))
<BR><BR>[Stack]<UL><LI>Max Depth = 20<LI>Call Chain = eth_tx_buf_flush &rArr; DCACHE_FlushRange
</UL>
<BR>[Calls]<UL><LI><a href="#[94]">&gt;&gt;</a>&nbsp;&nbsp;&nbsp;DMAC_GetRxIdleStatus
<LI><a href="#[6e]">&gt;&gt;</a>&nbsp;&nbsp;&nbsp;DCACHE_FlushRange
</UL>
<BR>[Called By]<UL><LI><a href="#[e0]">&gt;&gt;</a>&nbsp;&nbsp;&nbsp;eth_tx_data
</UL>

<P><STRONG><a name="[da]"></a>eth_tx_buf_init</STRONG> (Thumb, 66 bytes, Stack size 24 bytes, pango_m1_eth_buffer.o(i.eth_tx_buf_init))
<BR><BR>[Stack]<UL><LI>Max Depth = 36<LI>Call Chain = eth_tx_buf_init &rArr; SetTxDescriptor
</UL>
<BR>[Calls]<UL><LI><a href="#[df]">&gt;&gt;</a>&nbsp;&nbsp;&nbsp;SetTxDescriptor
</UL>
<BR>[Called By]<UL><LI><a href="#[d8]">&gt;&gt;</a>&nbsp;&nbsp;&nbsp;eth_buf_init
</UL>

<P><STRONG><a name="[e0]"></a>eth_tx_data</STRONG> (Thumb, 84 bytes, Stack size 32 bytes, pango_m1_eth_buffer.o(i.eth_tx_data))
<BR><BR>[Stack]<UL><LI>Max Depth = 52<LI>Call Chain = eth_tx_data &rArr; eth_tx_buf_flush &rArr; DCACHE_FlushRange
</UL>
<BR>[Calls]<UL><LI><a href="#[e2]">&gt;&gt;</a>&nbsp;&nbsp;&nbsp;SetTxDataLen
<LI><a href="#[93]">&gt;&gt;</a>&nbsp;&nbsp;&nbsp;SetDmacTxCtrl
<LI><a href="#[e1]">&gt;&gt;</a>&nbsp;&nbsp;&nbsp;GetCurrentTxDescriptorNum
<LI><a href="#[de]">&gt;&gt;</a>&nbsp;&nbsp;&nbsp;eth_tx_buf_flush
<LI><a href="#[79]">&gt;&gt;</a>&nbsp;&nbsp;&nbsp;__aeabi_memcpy
</UL>
<BR>[Called By]<UL><LI><a href="#[2f]">&gt;&gt;</a>&nbsp;&nbsp;&nbsp;low_level_output
</UL>

<P><STRONG><a name="[e3]"></a>etharp_cleanup_netif</STRONG> (Thumb, 40 bytes, Stack size 16 bytes, etharp.o(i.etharp_cleanup_netif))
<BR><BR>[Stack]<UL><LI>Max Depth = 272<LI>Call Chain = etharp_cleanup_netif &rArr; etharp_free_entry &rArr; pbuf_free &rArr; mem_free &rArr; plug_holes &rArr; printk &rArr; print_flt &rArr; __aeabi_dmul &rArr; _double_epilogue &rArr; __aeabi_llsr
</UL>
<BR>[Calls]<UL><LI><a href="#[e4]">&gt;&gt;</a>&nbsp;&nbsp;&nbsp;etharp_free_entry
</UL>
<BR>[Called By]<UL><LI><a href="#[a2]">&gt;&gt;</a>&nbsp;&nbsp;&nbsp;netif_set_down
</UL>

<P><STRONG><a name="[e7]"></a>etharp_input</STRONG> (Thumb, 198 bytes, Stack size 48 bytes, etharp.o(i.etharp_input))
<BR><BR>[Stack]<UL><LI>Max Depth = 408<LI>Call Chain = etharp_input &rArr; etharp_update_arp_entry &rArr; etharp_find_entry &rArr; etharp_free_entry &rArr; pbuf_free &rArr; mem_free &rArr; plug_holes &rArr; printk &rArr; print_flt &rArr; __aeabi_dmul &rArr; _double_epilogue &rArr; __aeabi_llsr
</UL>
<BR>[Calls]<UL><LI><a href="#[b5]">&gt;&gt;</a>&nbsp;&nbsp;&nbsp;printk
<LI><a href="#[e6]">&gt;&gt;</a>&nbsp;&nbsp;&nbsp;pbuf_free
<LI><a href="#[e8]">&gt;&gt;</a>&nbsp;&nbsp;&nbsp;etharp_update_arp_entry
<LI><a href="#[e9]">&gt;&gt;</a>&nbsp;&nbsp;&nbsp;etharp_raw
<LI><a href="#[79]">&gt;&gt;</a>&nbsp;&nbsp;&nbsp;__aeabi_memcpy
</UL>
<BR>[Called By]<UL><LI><a href="#[48]">&gt;&gt;</a>&nbsp;&nbsp;&nbsp;ethernet_input
</UL>

<P><STRONG><a name="[2e]"></a>etharp_output</STRONG> (Thumb, 256 bytes, Stack size 32 bytes, etharp.o(i.etharp_output))
<BR><BR>[Stack]<UL><LI>Max Depth = 456<LI>Call Chain = etharp_output &rArr; etharp_query &rArr; etharp_request &rArr; etharp_request_dst &rArr; etharp_raw &rArr; pbuf_alloc &rArr; pbuf_free &rArr; mem_free &rArr; plug_holes &rArr; printk &rArr; print_flt &rArr; __aeabi_dmul &rArr; _double_epilogue &rArr; __aeabi_llsr
</UL>
<BR>[Calls]<UL><LI><a href="#[b5]">&gt;&gt;</a>&nbsp;&nbsp;&nbsp;printk
<LI><a href="#[ec]">&gt;&gt;</a>&nbsp;&nbsp;&nbsp;ethernet_output
<LI><a href="#[ed]">&gt;&gt;</a>&nbsp;&nbsp;&nbsp;etharp_query
<LI><a href="#[eb]">&gt;&gt;</a>&nbsp;&nbsp;&nbsp;etharp_output_to_arp_index
<LI><a href="#[ea]">&gt;&gt;</a>&nbsp;&nbsp;&nbsp;ip4_addr_isbroadcast_u32
</UL>
<BR>[Address Reference Count : 1]<UL><LI> ethernetif.o(i.ethernetif_init)
</UL>
<P><STRONG><a name="[ed]"></a>etharp_query</STRONG> (Thumb, 308 bytes, Stack size 48 bytes, etharp.o(i.etharp_query))
<BR><BR>[Stack]<UL><LI>Max Depth = 424<LI>Call Chain = etharp_query &rArr; etharp_request &rArr; etharp_request_dst &rArr; etharp_raw &rArr; pbuf_alloc &rArr; pbuf_free &rArr; mem_free &rArr; plug_holes &rArr; printk &rArr; print_flt &rArr; __aeabi_dmul &rArr; _double_epilogue &rArr; __aeabi_llsr
</UL>
<BR>[Calls]<UL><LI><a href="#[b5]">&gt;&gt;</a>&nbsp;&nbsp;&nbsp;printk
<LI><a href="#[e6]">&gt;&gt;</a>&nbsp;&nbsp;&nbsp;pbuf_free
<LI><a href="#[f1]">&gt;&gt;</a>&nbsp;&nbsp;&nbsp;pbuf_ref
<LI><a href="#[f0]">&gt;&gt;</a>&nbsp;&nbsp;&nbsp;pbuf_clone
<LI><a href="#[ee]">&gt;&gt;</a>&nbsp;&nbsp;&nbsp;etharp_request
<LI><a href="#[ec]">&gt;&gt;</a>&nbsp;&nbsp;&nbsp;ethernet_output
<LI><a href="#[e5]">&gt;&gt;</a>&nbsp;&nbsp;&nbsp;etharp_find_entry
<LI><a href="#[ea]">&gt;&gt;</a>&nbsp;&nbsp;&nbsp;ip4_addr_isbroadcast_u32
</UL>
<BR>[Called By]<UL><LI><a href="#[2e]">&gt;&gt;</a>&nbsp;&nbsp;&nbsp;etharp_output
</UL>

<P><STRONG><a name="[ee]"></a>etharp_request</STRONG> (Thumb, 10 bytes, Stack size 8 bytes, etharp.o(i.etharp_request))
<BR><BR>[Stack]<UL><LI>Max Depth = 376<LI>Call Chain = etharp_request &rArr; etharp_request_dst &rArr; etharp_raw &rArr; pbuf_alloc &rArr; pbuf_free &rArr; mem_free &rArr; plug_holes &rArr; printk &rArr; print_flt &rArr; __aeabi_dmul &rArr; _double_epilogue &rArr; __aeabi_llsr
</UL>
<BR>[Calls]<UL><LI><a href="#[ef]">&gt;&gt;</a>&nbsp;&nbsp;&nbsp;etharp_request_dst
</UL>
<BR>[Called By]<UL><LI><a href="#[1af]">&gt;&gt;</a>&nbsp;&nbsp;&nbsp;netif_issue_reports
<LI><a href="#[ed]">&gt;&gt;</a>&nbsp;&nbsp;&nbsp;etharp_query
<LI><a href="#[eb]">&gt;&gt;</a>&nbsp;&nbsp;&nbsp;etharp_output_to_arp_index
<LI><a href="#[4f]">&gt;&gt;</a>&nbsp;&nbsp;&nbsp;etharp_tmr
</UL>

<P><STRONG><a name="[4f]"></a>etharp_tmr</STRONG> (Thumb, 92 bytes, Stack size 16 bytes, etharp.o(i.etharp_tmr))
[...]
<LI><a href="#[c7]">&gt;&gt;</a>&nbsp;&nbsp;&nbsp;dir_next
</UL>
<BR>[Called By]<UL><LI><a href="#[cd]">&gt;&gt;</a>&nbsp;&nbsp;&nbsp;dir_register
</UL>

<P><STRONG><a name="[c8]"></a>dir_clear</STRONG> (Thumb, 94 bytes, Stack size 24 bytes, ff.o(i.dir_clear))
<BR><BR>[Stack]<UL><LI>Max Depth = 100<LI>Call Chain = dir_clear &rArr; sync_window &rArr; disk_write &rArr; MMC_SD_WriteMultiBlock &rArr; MMC_SD_SendCommand &rArr; xchg_spi &rArr; Delay_s
</UL>
<BR>[Calls]<UL><LI><a href="#[c9]">&gt;&gt;</a>&nbsp;&nbsp;&nbsp;sync_window
<LI><a href="#[c1]">&gt;&gt;</a>&nbsp;&nbsp;&nbsp;mem_set
<LI><a href="#[ca]">&gt;&gt;</a>&nbsp;&nbsp;&nbsp;clst2sect
<LI><a href="#[cb]">&gt;&gt;</a>&nbsp;&nbsp;&nbsp;disk_write
</UL>
<BR>[Called By]<UL><LI><a href="#[c7]">&gt;&gt;</a>&nbsp;&nbsp;&nbsp;dir_next
</UL>

<P><STRONG><a name="[cc]"></a>dir_find</STRONG> (Thumb, 90 bytes, Stack size 16 bytes, ff.o(i.dir_find))
<BR><BR>[Stack]<UL><LI>Max Depth = 196<LI>Call Chain = dir_find &rArr; dir_next &rArr; create_chain &rArr; put_fat &rArr; move_window &rArr; sync_window &rArr; disk_write &rArr; MMC_SD_WriteMultiBlock &rArr; MMC_SD_SendCommand &rArr; xchg_spi &rArr; Delay_s
</UL>
<BR>[Calls]<UL><LI><a href="#[b7]">&gt;&gt;</a>&nbsp;&nbsp;&nbsp;move_window
<LI><a href="#[b9]">&gt;&gt;</a>&nbsp;&nbsp;&nbsp;mem_cmp
<LI><a href="#[c6]">&gt;&gt;</a>&nbsp;&nbsp;&nbsp;dir_sdi
<LI><a href="#[c7]">&gt;&gt;</a>&nbsp;&nbsp;&nbsp;dir_next
</UL>
<BR>[Called By]<UL><LI><a href="#[105]">&gt;&gt;</a>&nbsp;&nbsp;&nbsp;follow_path
</UL>

<P><STRONG><a name="[c7]"></a>dir_next</STRONG> (Thumb, 198 bytes, Stack size 32 bytes, ff.o(i.dir_next))
<BR><BR>[Stack]<UL><LI>Max Depth = 180<LI>Call Chain = dir_next &rArr; create_chain &rArr; put_fat &rArr; move_window &rArr; sync_window &rArr; disk_write &rArr; MMC_SD_WriteMultiBlock &rArr; MMC_SD_SendCommand &rArr; xchg_spi &rArr; Delay_s
</UL>
<BR>[Calls]<UL><LI><a href="#[be]">&gt;&gt;</a>&nbsp;&nbsp;&nbsp;get_fat
<LI><a href="#[c8]">&gt;&gt;</a>&nbsp;&nbsp;&nbsp;dir_clear
<LI><a href="#[bd]">&gt;&gt;</a>&nbsp;&nbsp;&nbsp;create_chain
<LI><a href="#[ca]">&gt;&gt;</a>&nbsp;&nbsp;&nbsp;clst2sect
</UL>
<BR>[Called By]<UL><LI><a href="#[cc]">&gt;&gt;</a>&nbsp;&nbsp;&nbsp;dir_find
<LI><a href="#[c5]">&gt;&gt;</a>&nbsp;&nbsp;&nbsp;dir_alloc
</UL>

<P><STRONG><a name="[cd]"></a>dir_register</STRONG> (Thumb, 64 bytes, Stack size 16 bytes, ff.o(i.dir_register))
<BR><BR>[Stack]<UL><LI>Max Depth = 220<LI>Call Chain = dir_register &rArr; dir_alloc &rArr; dir_next &rArr; create_chain &rArr; put_fat &rArr; move_window &rArr; sync_window &rArr; disk_write &rArr; MMC_SD_WriteMultiBlock &rArr; MMC_SD_SendCommand &rArr; xchg_spi &rArr; Delay_s
</UL>
<BR>[Calls]<UL><LI><a href="#[b7]">&gt;&gt;</a>&nbsp;&nbsp;&nbsp;move_window
<LI><a href="#[c1]">&gt;&gt;</a>&nbsp;&nbsp;&nbsp;mem_set
<LI><a href="#[ce]">&gt;&gt;</a>&nbsp;&nbsp;&nbsp;mem_cpy
<LI><a href="#[c5]">&gt;&gt;</a>&nbsp;&nbsp;&nbsp;dir_alloc
</UL>
<BR>[Called By]<UL><LI><a href="#[104]">&gt;&gt;</a>&nbsp;&nbsp;&nbsp;f_open
</UL>

<P><STRONG><a name="[c6]"></a>dir_sdi</STRONG> (Thumb, 154 bytes, Stack size 24 bytes, ff.o(i.dir_sdi))
<BR><BR>[Stack]<UL><LI>Max Depth = 140<LI>Call Chain = dir_sdi &rArr; get_fat &rArr; move_window &rArr; sync_window &rArr; disk_write &rArr; MMC_SD_WriteMultiBlock &rArr; MMC_SD_SendCommand &rArr; xchg_spi &rArr; Delay_s
</UL>
<BR>[Calls]<UL><LI><a href="#[be]">&gt;&gt;</a>&nbsp;&nbsp;&nbsp;get_fat
<LI><a href="#[ca]">&gt;&gt;</a>&nbsp;&nbsp;&nbsp;clst2sect
</UL>
<BR>[Called By]<UL><LI><a href="#[105]">&gt;&gt;</a>&nbsp;&nbsp;&nbsp;follow_path
<LI><a href="#[cc]">&gt;&gt;</a>&nbsp;&nbsp;&nbsp;dir_find
<LI><a href="#[c5]">&gt;&gt;</a>&nbsp;&nbsp;&nbsp;dir_alloc
</UL>

<P><STRONG><a name="[10e]"></a>find_volume</STRONG> (Thumb, 100 bytes, Stack size 40 bytes, ff.o(i.find_volume))
<BR><BR>[Stack]<UL><LI>Max Depth = 156<LI>Call Chain = find_volume &rArr; check_fs &rArr; move_window &rArr; sync_window &rArr; disk_write &rArr; MMC_SD_WriteMultiBlock &rArr; MMC_SD_SendCommand &rArr; xchg_spi &rArr; Delay_s
</UL>
<BR>[Calls]<UL><LI><a href="#[10a]">&gt;&gt;</a>&nbsp;&nbsp;&nbsp;ld_dword
<LI><a href="#[b6]">&gt;&gt;</a>&nbsp;&nbsp;&nbsp;check_fs
</UL>
<BR>[Called By]<UL><LI><a href="#[103]">&gt;&gt;</a>&nbsp;&nbsp;&nbsp;mount_volume
</UL>

<P><STRONG><a name="[105]"></a>follow_path</STRONG> (Thumb, 124 bytes, Stack size 24 bytes, ff.o(i.follow_path))
<BR><BR>[Stack]<UL><LI>Max Depth = 220<LI>Call Chain = follow_path &rArr; dir_find &rArr; dir_next &rArr; create_chain &rArr; put_fat &rArr; move_window &rArr; sync_window &rArr; disk_write &rArr; MMC_SD_WriteMultiBlock &rArr; MMC_SD_SendCommand &rArr; xchg_spi &rArr; Delay_s
</UL>
<BR>[Calls]<UL><LI><a href="#[107]">&gt;&gt;</a>&nbsp;&nbsp;&nbsp;ld_clust
<LI><a href="#[c6]">&gt;&gt;</a>&nbsp;&nbsp;&nbsp;dir_sdi
<LI><a href="#[cc]">&gt;&gt;</a>&nbsp;&nbsp;&nbsp;dir_find
<LI><a href="#[c0]">&gt;&gt;</a>&nbsp;&nbsp;&nbsp;create_name
</UL>
<BR>[Called By]<UL><LI><a href="#[104]">&gt;&gt;</a>&nbsp;&nbsp;&nbsp;f_open
</UL>

<P><STRONG><a name="[be]"></a>get_fat</STRONG> (Thumb, 192 bytes, Stack size 24 bytes, ff.o(i.get_fat))
<BR><BR>[Stack]<UL><LI>Max Depth = 116<LI>Call Chain = get_fat &rArr; move_window &rArr; sync_window &rArr; disk_write &rArr; MMC_SD_WriteMultiBlock &rArr; MMC_SD_SendCommand &rArr; xchg_spi &rArr; Delay_s
</UL>
<BR>[Calls]<UL><LI><a href="#[b7]">&gt;&gt;</a>&nbsp;&nbsp;&nbsp;move_window
<LI><a href="#[b8]">&gt;&gt;</a>&nbsp;&nbsp;&nbsp;ld_word
<LI><a href="#[10a]">&gt;&gt;</a>&nbsp;&nbsp;&nbsp;ld_dword
</UL>
<BR>[Called By]<UL><LI><a href="#[109]">&gt;&gt;</a>&nbsp;&nbsp;&nbsp;remove_chain
<LI><a href="#[c6]">&gt;&gt;</a>&nbsp;&nbsp;&nbsp;dir_sdi
<LI><a href="#[c7]">&gt;&gt;</a>&nbsp;&nbsp;&nbsp;dir_next
<LI><a href="#[bd]">&gt;&gt;</a>&nbsp;&nbsp;&nbsp;create_chain
<LI><a href="#[10b]">&gt;&gt;</a>&nbsp;&nbsp;&nbsp;f_read
<LI><a href="#[104]">&gt;&gt;</a>&nbsp;&nbsp;&nbsp;f_open
</UL>

<P><STRONG><a name="[102]"></a>get_ldnumber</STRONG> (Thumb, 62 bytes, Stack size 12 bytes, ff.o(i.get_ldnumber))
<BR><BR>[Stack]<UL><LI>Max Depth = 12<LI>Call Chain = get_ldnumber
</UL>
<BR>[Called By]<UL><LI><a href="#[103]">&gt;&gt;</a>&nbsp;&nbsp;&nbsp;mount_volume
<LI><a href="#[101]">&gt;&gt;</a>&nbsp;&nbsp;&nbsp;f_mount
</UL>

<P><STRONG><a name="[107]"></a>ld_clust</STRONG> (Thumb, 38 bytes, Stack size 16 bytes, ff.o(i.ld_clust))
<BR><BR>[Stack]<UL><LI>Max Depth = 16<LI>Call Chain = ld_clust
</UL>
<BR>[Calls]<UL><LI><a href="#[b8]">&gt;&gt;</a>&nbsp;&nbsp;&nbsp;ld_word
</UL>
<BR>[Called By]<UL><LI><a href="#[105]">&gt;&gt;</a>&nbsp;&nbsp;&nbsp;follow_path
<LI><a href="#[104]">&gt;&gt;</a>&nbsp;&nbsp;&nbsp;f_open
</UL>

<P><STRONG><a name="[10a]"></a>ld_dword</STRONG> (Thumb, 24 bytes, Stack size 0 bytes, ff.o(i.ld_dword))
<BR><BR>[Called By]<UL><LI><a href="#[bf]">&gt;&gt;</a>&nbsp;&nbsp;&nbsp;put_fat
<LI><a href="#[103]">&gt;&gt;</a>&nbsp;&nbsp;&nbsp;mount_volume
<LI><a href="#[be]">&gt;&gt;</a>&nbsp;&nbsp;&nbsp;get_fat
<LI><a href="#[10e]">&gt;&gt;</a>&nbsp;&nbsp;&nbsp;find_volume
<LI><a href="#[104]">&gt;&gt;</a>&nbsp;&nbsp;&nbsp;f_open
</UL>

<P><STRONG><a name="[b8]"></a>ld_word</STRONG> (Thumb, 12 bytes, Stack size 0 bytes, ff.o(i.ld_word))
<BR><BR>[Called By]<UL><LI><a href="#[103]">&gt;&gt;</a>&nbsp;&nbsp;&nbsp;mount_volume
<LI><a href="#[107]">&gt;&gt;</a>&nbsp;&nbsp;&nbsp;ld_clust
<LI><a href="#[be]">&gt;&gt;</a>&nbsp;&nbsp;&nbsp;get_fat
<LI><a href="#[b6]">&gt;&gt;</a>&nbsp;&nbsp;&nbsp;check_fs
</UL>

<P><STRONG><a name="[b9]"></a>mem_cmp</STRONG> (Thumb, 24 bytes, Stack size 8 bytes, ff.o(i.mem_cmp))
<BR><BR>[Stack]<UL><LI>Max Depth = 8<LI>Call Chain = mem_cmp
</UL>
<BR>[Called By]<UL><LI><a href="#[cc]">&gt;&gt;</a>&nbsp;&nbsp;&nbsp;dir_find
<LI><a href="#[b6]">&gt;&gt;</a>&nbsp;&nbsp;&nbsp;check_fs
</UL>

<P><STRONG><a name="[ce]"></a>mem_cpy</STRONG> (Thumb, 18 bytes, Stack size 0 bytes, ff.o(i.mem_cpy))
<BR><BR>[Called By]<UL><LI><a href="#[cd]">&gt;&gt;</a>&nbsp;&nbsp;&nbsp;dir_register
<LI><a href="#[10b]">&gt;&gt;</a>&nbsp;&nbsp;&nbsp;f_read
</UL>

<P><STRONG><a name="[c1]"></a>mem_set</STRONG> (Thumb, 12 bytes, Stack size 0 bytes, ff.o(i.mem_set))
<BR><BR>[Called By]<UL><LI><a href="#[10d]">&gt;&gt;</a>&nbsp;&nbsp;&nbsp;sync_fs
<LI><a href="#[cd]">&gt;&gt;</a>&nbsp;&nbsp;&nbsp;dir_register
<LI><a href="#[c8]">&gt;&gt;</a>&nbsp;&nbsp;&nbsp;dir_clear
<LI><a href="#[c0]">&gt;&gt;</a>&nbsp;&nbsp;&nbsp;create_name
<LI><a href="#[104]">&gt;&gt;</a>&nbsp;&nbsp;&nbsp;f_open
</UL>

<P><STRONG><a name="[103]"></a>mount_volume</STRONG> (Thumb, 602 bytes, Stack size 48 bytes, ff.o(i.mount_volume))
<BR><BR>[Stack]<UL><LI>Max Depth = 204<LI>Call Chain = mount_volume &rArr; find_volume &rArr; check_fs &rArr; move_window &rArr; sync_window &rArr; disk_write &rArr; MMC_SD_WriteMultiBlock &rArr; MMC_SD_SendCommand &rArr; xchg_spi &rArr; Delay_s
</UL>
<BR>[Calls]<UL><LI><a href="#[b7]">&gt;&gt;</a>&nbsp;&nbsp;&nbsp;move_window
<LI><a href="#[b8]">&gt;&gt;</a>&nbsp;&nbsp;&nbsp;ld_word
<LI><a href="#[10a]">&gt;&gt;</a>&nbsp;&nbsp;&nbsp;ld_dword
<LI><a href="#[102]">&gt;&gt;</a>&nbsp;&nbsp;&nbsp;get_ldnumber
<LI><a href="#[10e]">&gt;&gt;</a>&nbsp;&nbsp;&nbsp;find_volume
<LI><a href="#[19a]">&gt;&gt;</a>&nbsp;&nbsp;&nbsp;disk_status
<LI><a href="#[cf]">&gt;&gt;</a>&nbsp;&nbsp;&nbsp;disk_initialize
<LI><a href="#[57]">&gt;&gt;</a>&nbsp;&nbsp;&nbsp;__aeabi_uidivmod
</UL>
<BR>[Called By]<UL><LI><a href="#[104]">&gt;&gt;</a>&nbsp;&nbsp;&nbsp;f_open
<LI><a href="#[101]">&gt;&gt;</a>&nbsp;&nbsp;&nbsp;f_mount
</UL>

<P><STRONG><a name="[b7]"></a>move_window</STRONG> (Thumb, 54 bytes, Stack size 16 bytes, ff.o(i.move_window))
<BR><BR>[Stack]<UL><LI>Max Depth = 92<LI>Call Chain = move_window &rArr; sync_window &rArr; disk_write &rArr; MMC_SD_WriteMultiBlock &rArr; MMC_SD_SendCommand &rArr; xchg_spi &rArr; Delay_s
</UL>
<BR>[Calls]<UL><LI><a href="#[c9]">&gt;&gt;</a>&nbsp;&nbsp;&nbsp;sync_window
<LI><a href="#[d0]">&gt;&gt;</a>&nbsp;&nbsp;&nbsp;disk_read
</UL>
<BR>[Called By]<UL><LI><a href="#[bf]">&gt;&gt;</a>&nbsp;&nbsp;&nbsp;put_fat
<LI><a href="#[103]">&gt;&gt;</a>&nbsp;&nbsp;&nbsp;mount_volume
<LI><a href="#[be]">&gt;&gt;</a>&nbsp;&nbsp;&nbsp;get_fat
<LI><a href="#[cd]">&gt;&gt;</a>&nbsp;&nbsp;&nbsp;dir_register
<LI><a href="#[cc]">&gt;&gt;</a>&nbsp;&nbsp;&nbsp;dir_find
<LI><a href="#[c5]">&gt;&gt;</a>&nbsp;&nbsp;&nbsp;dir_alloc
<LI><a href="#[b6]">&gt;&gt;</a>&nbsp;&nbsp;&nbsp;check_fs
<LI><a href="#[ff]">&gt;&gt;</a>&nbsp;&nbsp;&nbsp;f_sync
<LI><a href="#[104]">&gt;&gt;</a>&nbsp;&nbsp;&nbsp;f_open
</UL>

<P><STRONG><a name="[bf]"></a>put_fat</STRONG> (Thumb, 254 bytes, Stack size 24 bytes, ff.o(i.put_fat))
<BR><BR>[Stack]<UL><LI>Max Depth = 116<LI>Call Chain = put_fat &rArr; move_window &rArr; sync_window &rArr; disk_write &rArr; MMC_SD_WriteMultiBlock &rArr; MMC_SD_SendCommand &rArr; xchg_spi &rArr; Delay_s
</UL>
<BR>[Calls]<UL><LI><a href="#[10c]">&gt;&gt;</a>&nbsp;&nbsp;&nbsp;st_word
<LI><a href="#[106]">&gt;&gt;</a>&nbsp;&nbsp;&nbsp;st_dword
<LI><a href="#[b7]">&gt;&gt;</a>&nbsp;&nbsp;&nbsp;move_window
<LI><a href="#[10a]">&gt;&gt;</a>&nbsp;&nbsp;&nbsp;ld_dword
</UL>
<BR>[Called By]<UL><LI><a href="#[109]">&gt;&gt;</a>&nbsp;&nbsp;&nbsp;remove_chain
<LI><a href="#[bd]">&gt;&gt;</a>&nbsp;&nbsp;&nbsp;create_chain
</UL>

<P><STRONG><a name="[109]"></a>remove_chain</STRONG> (Thumb, 118 bytes, Stack size 24 bytes, ff.o(i.remove_chain))
<BR><BR>[Stack]<UL><LI>Max Depth = 140<LI>Call Chain = remove_chain &rArr; put_fat &rArr; move_window &rArr; sync_window &rArr; disk_write &rArr; MMC_SD_WriteMultiBlock &rArr; MMC_SD_SendCommand &rArr; xchg_spi &rArr; Delay_s
</UL>
<BR>[Calls]<UL><LI><a href="#[bf]">&gt;&gt;</a>&nbsp;&nbsp;&nbsp;put_fat
<LI><a href="#[be]">&gt;&gt;</a>&nbsp;&nbsp;&nbsp;get_fat
</UL>
<BR>[Called By]<UL><LI><a href="#[104]">&gt;&gt;</a>&nbsp;&nbsp;&nbsp;f_open
</UL>

<P><STRONG><a name="[108]"></a>st_clust</STRONG> (Thumb, 36 bytes, Stack size 16 bytes, ff.o(i.st_clust))
<BR><BR>[Stack]<UL><LI>Max Depth = 16<LI>Call Chain = st_clust
</UL>
<BR>[Calls]<UL><LI><a href="#[10c]">&gt;&gt;</a>&nbsp;&nbsp;&nbsp;st_word
</UL>
<BR>[Called By]<UL><LI><a href="#[ff]">&gt;&gt;</a>&nbsp;&nbsp;&nbsp;f_sync
<LI><a href="#[104]">&gt;&gt;</a>&nbsp;&nbsp;&nbsp;f_open
</UL>

<P><STRONG><a name="[106]"></a>st_dword</STRONG> (Thumb, 16 bytes, Stack size 0 bytes, ff.o(i.st_dword))
<BR><BR>[Called By]<UL><LI><a href="#[10d]">&gt;&gt;</a>&nbsp;&nbsp;&nbsp;sync_fs
<LI><a href="#[bf]">&gt;&gt;</a>&nbsp;&nbsp;&nbsp;put_fat
<LI><a href="#[ff]">&gt;&gt;</a>&nbsp;&nbsp;&nbsp;f_sync
<LI><a href="#[104]">&gt;&gt;</a>&nbsp;&nbsp;&nbsp;f_open
</UL>

<P><STRONG><a name="[10c]"></a>st_word</STRONG> (Thumb, 8 bytes, Stack size 0 bytes, ff.o(i.st_word))
<BR><BR>[Called By]<UL><LI><a href="#[10d]">&gt;&gt;</a>&nbsp;&nbsp;&nbsp;sync_fs
<LI><a href="#[108]">&gt;&gt;</a>&nbsp;&nbsp;&nbsp;st_clust
<LI><a href="#[bf]">&gt;&gt;</a>&nbsp;&nbsp;&nbsp;put_fat
<LI><a href="#[ff]">&gt;&gt;</a>&nbsp;&nbsp;&nbsp;f_sync
</UL>

<P><STRONG><a name="[10d]"></a>sync_fs</STRONG> (Thumb, 136 bytes, Stack size 16 bytes, ff.o(i.sync_fs))
<BR><BR>[Stack]<UL><LI>Max Depth = 92<LI>Call Chain = sync_fs &rArr; sync_window &rArr; disk_write &rArr; MMC_SD_WriteMultiBlock &rArr; MMC_SD_SendCommand &rArr; xchg_spi &rArr; Delay_s
</UL>
<BR>[Calls]<UL><LI><a href="#[c9]">&gt;&gt;</a>&nbsp;&nbsp;&nbsp;sync_window
<LI><a href="#[10c]">&gt;&gt;</a>&nbsp;&nbsp;&nbsp;st_word
<LI><a href="#[106]">&gt;&gt;</a>&nbsp;&nbsp;&nbsp;st_dword
<LI><a href="#[c1]">&gt;&gt;</a>&nbsp;&nbsp;&nbsp;mem_set
<LI><a href="#[cb]">&gt;&gt;</a>&nbsp;&nbsp;&nbsp;disk_write
<LI><a href="#[1f2]">&gt;&gt;</a>&nbsp;&nbsp;&nbsp;disk_ioctl
</UL>
<BR>[Called By]<UL><LI><a href="#[ff]">&gt;&gt;</a>&nbsp;&nbsp;&nbsp;f_sync
</UL>

<P><STRONG><a name="[c9]"></a>sync_window</STRONG> (Thumb, 74 bytes, Stack size 16 bytes, ff.o(i.sync_window))
<BR><BR>[Stack]<UL><LI>Max Depth = 76<LI>Call Chain = sync_window &rArr; disk_write &rArr; MMC_SD_WriteMultiBlock &rArr; MMC_SD_SendCommand &rArr; xchg_spi &rArr; Delay_s
</UL>
<BR>[Calls]<UL><LI><a href="#[cb]">&gt;&gt;</a>&nbsp;&nbsp;&nbsp;disk_write
</UL>
<BR>[Called By]<UL><LI><a href="#[10d]">&gt;&gt;</a>&nbsp;&nbsp;&nbsp;sync_fs
<LI><a href="#[b7]">&gt;&gt;</a>&nbsp;&nbsp;&nbsp;move_window
<LI><a href="#[c8]">&gt;&gt;</a>&nbsp;&nbsp;&nbsp;dir_clear
</UL>

<P><STRONG><a name="[100]"></a>validate</STRONG> (Thumb, 60 bytes, Stack size 16 bytes, ff.o(i.validate))
<BR><BR>[Stack]<UL><LI>Max Depth = 16<LI>Call Chain = validate
</UL>
<BR>[Calls]<UL><LI><a href="#[19a]">&gt;&gt;</a>&nbsp;&nbsp;&nbsp;disk_status
</UL>
<BR>[Called By]<UL><LI><a href="#[ff]">&gt;&gt;</a>&nbsp;&nbsp;&nbsp;f_sync
<LI><a href="#[10b]">&gt;&gt;</a>&nbsp;&nbsp;&nbsp;f_read
<LI><a href="#[fe]">&gt;&gt;</a>&nbsp;&nbsp;&nbsp;f_close
</UL>

<P><STRONG><a name="[37]"></a>AppTaskCreate</STRONG> (Thumb, 86 bytes, Stack size 16 bytes, main.o(i.AppTaskCreate))
<BR><BR>[Stack]<UL><LI>Max Depth = 872<LI>Call Chain = AppTaskCreate &rArr; TCPIP_Init &rArr; netif_add &rArr; netif_set_addr &rArr; netif_do_set_ipaddr &rArr; netif_do_ip_addr_changed &rArr; tcp_netif_ip_addr_changed &rArr; tcp_netif_ip_addr_changed_pcblist &rArr; tcp_abort &rArr; tcp_abandon &rArr; tcp_pcb_remove &rArr; tcp_output &rArr; tcp_send_empty_ack &rArr; tcp_output_control_segment &rArr; ip4_output_if &rArr; ip4_output_if_opt &rArr; ip4_output_if_opt_src &rArr; ip4_frag &rArr; pbuf_alloc &rArr; pbuf_free &rArr; mem_free &rArr; plug_holes &rArr; printk &rArr; print_flt &rArr; __aeabi_dmul &rArr; _double_epilogue &rArr; __aeabi_llsr
</UL>
<BR>[Calls]<UL><LI><a href="#[6b]">&gt;&gt;</a>&nbsp;&nbsp;&nbsp;xTaskCreate
<LI><a href="#[6d]">&gt;&gt;</a>&nbsp;&nbsp;&nbsp;vTaskDelete
<LI><a href="#[69]">&gt;&gt;</a>&nbsp;&nbsp;&nbsp;TCPIP_Init
<LI><a href="#[6a]">&gt;&gt;</a>&nbsp;&nbsp;&nbsp;udpecho_init
<LI><a href="#[6c]">&gt;&gt;</a>&nbsp;&nbsp;&nbsp;__2printf
</UL>
<BR>[Address Reference Count : 1]<UL><LI> main.o(i.main)
</UL>
<P><STRONG><a name="[29]"></a>Test1_Task</STRONG> (Thumb, 56 bytes, Stack size 0 bytes, main.o(i.Test1_Task))
<BR><BR>[Stack]<UL><LI>Max Depth = 56<LI>Call Chain = Test1_Task &rArr; vTaskDelay &rArr; xTaskResumeAll &rArr; xTaskIncrementTick
</UL>
<BR>[Calls]<UL><LI><a href="#[a5]">&gt;&gt;</a>&nbsp;&nbsp;&nbsp;GPIO_SetBit
<LI><a href="#[a6]">&gt;&gt;</a>&nbsp;&nbsp;&nbsp;GPIO_ResetBit
<LI><a href="#[a7]">&gt;&gt;</a>&nbsp;&nbsp;&nbsp;vTaskDelay
</UL>
<BR>[Address Reference Count : 1]<UL><LI> main.o(i.AppTaskCreate)
</UL>
<P><STRONG><a name="[2a]"></a>Test2_Task</STRONG> (Thumb, 30 bytes, Stack size 0 bytes, main.o(i.Test2_Task))
<BR><BR>[Stack]<UL><LI>Max Depth = 56<LI>Call Chain = Test2_Task &rArr; vTaskDelay &rArr; xTaskResumeAll &rArr; xTaskIncrementTick
</UL>
<BR>[Calls]<UL><LI><a href="#[a7]">&gt;&gt;</a>&nbsp;&nbsp;&nbsp;vTaskDelay
</UL>
<BR>[Address Reference Count : 1]<UL><LI> main.o(i.AppTaskCreate)
</UL>
<P><STRONG><a name="[7c]"></a>__NVIC_EnableIRQ</STRONG> (Thumb, 18 bytes, Stack size 0 bytes, main.o(i.__NVIC_EnableIRQ))
<BR><BR>[Called By]<UL><LI><a href="#[af]">&gt;&gt;</a>&nbsp;&nbsp;&nbsp;UartInit
<LI><a href="#[a8]">&gt;&gt;</a>&nbsp;&nbsp;&nbsp;TimerInit
<LI><a href="#[7a]">&gt;&gt;</a>&nbsp;&nbsp;&nbsp;GpioInit
</UL>

<P><STRONG><a name="[8c]"></a>SPI_ReadByte</STRONG> (Thumb, 28 bytes, Stack size 8 bytes, pango_spi_flash.o(i.SPI_ReadByte))
<BR><BR>[Stack]<UL><LI>Max Depth = 8<LI>Call Chain = SPI_ReadByte
</UL>
<BR>[Calls]<UL><LI><a href="#[8f]">&gt;&gt;</a>&nbsp;&nbsp;&nbsp;SPI_SetRcvStatus
<LI><a href="#[91]">&gt;&gt;</a>&nbsp;&nbsp;&nbsp;SPI_ReadData
<LI><a href="#[8e]">&gt;&gt;</a>&nbsp;&nbsp;&nbsp;SPI_GetTmtStatus
<LI><a href="#[90]">&gt;&gt;</a>&nbsp;&nbsp;&nbsp;SPI_GetRcvStatus
</UL>
<BR>[Called By]<UL><LI><a href="#[89]">&gt;&gt;</a>&nbsp;&nbsp;&nbsp;SFLASH_ReadJEDEC_ID
</UL>

<P><STRONG><a name="[8b]"></a>SPI_WriteByte</STRONG> (Thumb, 16 bytes, Stack size 8 bytes, pango_spi_flash.o(i.SPI_WriteByte))
<BR><BR>[Stack]<UL><LI>Max Depth = 8<LI>Call Chain = SPI_WriteByte
</UL>
<BR>[Calls]<UL><LI><a href="#[92]">&gt;&gt;</a>&nbsp;&nbsp;&nbsp;SPI_WriteData
<LI><a href="#[8e]">&gt;&gt;</a>&nbsp;&nbsp;&nbsp;SPI_GetTmtStatus
</UL>
<BR>[Called By]<UL><LI><a href="#[89]">&gt;&gt;</a>&nbsp;&nbsp;&nbsp;SFLASH_ReadJEDEC_ID
</UL>

<P><STRONG><a name="[4a]"></a>udpecho_thread</STRONG> (Thumb, 194 bytes, Stack size 48 bytes, udp_echo.o(i.udpecho_thread))
<BR><BR>[Stack]<UL><LI>Max Depth = 480<LI>Call Chain = udpecho_thread &rArr; lwip_recvfrom &rArr; lwip_recv_tcp &rArr; netconn_recv_tcp_pbuf_flags &rArr; netconn_recv_data_tcp &rArr; netconn_recv_data &rArr; lwip_netconn_is_err_msg &rArr; printk &rArr; print_flt &rArr; __aeabi_dmul &rArr; _double_epilogue &rArr; __aeabi_llsr
</UL>
<BR>[Calls]<UL><LI><a href="#[1ee]">&gt;&gt;</a>&nbsp;&nbsp;&nbsp;pvPortMalloc
<LI><a href="#[95]">&gt;&gt;</a>&nbsp;&nbsp;&nbsp;SetSpeedUpInfo
<LI><a href="#[f3]">&gt;&gt;</a>&nbsp;&nbsp;&nbsp;lwip_htons
<LI><a href="#[18d]">&gt;&gt;</a>&nbsp;&nbsp;&nbsp;lwip_socket
<LI><a href="#[188]">&gt;&gt;</a>&nbsp;&nbsp;&nbsp;lwip_sendto
<LI><a href="#[184]">&gt;&gt;</a>&nbsp;&nbsp;&nbsp;lwip_recvfrom
<LI><a href="#[154]">&gt;&gt;</a>&nbsp;&nbsp;&nbsp;lwip_close
<LI><a href="#[151]">&gt;&gt;</a>&nbsp;&nbsp;&nbsp;lwip_bind
<LI><a href="#[148]">&gt;&gt;</a>&nbsp;&nbsp;&nbsp;ip4addr_ntoa
<LI><a href="#[23d]">&gt;&gt;</a>&nbsp;&nbsp;&nbsp;free
<LI><a href="#[6c]">&gt;&gt;</a>&nbsp;&nbsp;&nbsp;__2printf
</UL>
<BR>[Address Reference Count : 1]<UL><LI> udp_echo.o(i.udpecho_init)
</UL>
<P><STRONG><a name="[b1]"></a>_printf_core</STRONG> (Thumb, 680 bytes, Stack size 96 bytes, printf5.o(i._printf_core), UNUSED)
<BR><BR>[Calls]<UL><LI><a href="#[66]">&gt;&gt;</a>&nbsp;&nbsp;&nbsp;__aeabi_uldivmod
</UL>
<BR>[Called By]<UL><LI><a href="#[b0]">&gt;&gt;</a>&nbsp;&nbsp;&nbsp;__0printf$5
</UL>
<P>
<H3>
Undefined Global Symbols
</H3>
<P><STRONG><a name="[54]"></a>__arm_fini_</STRONG> (Unknown, 0 bytes, Stack size 0 bytes, UNDEFINED)
<BR><BR>[Called By]<UL><LI><a href="#[53]">&gt;&gt;</a>&nbsp;&nbsp;&nbsp;__rt_lib_shutdown_fini
</UL>
<HR></body></html>
