Component: ARM Compiler 5.06 update 7 (build 960) Tool: armlink [4d3601]

==============================================================================

Section Cross References

    startup_pango_m1.o(RESET) refers to startup_pango_m1.o(STACK) for __initial_sp
    startup_pango_m1.o(RESET) refers to startup_pango_m1.o(.text) for Reset_Handler
    startup_pango_m1.o(RESET) refers to main.o(i.NMI_Handler) for NMI_Handler
    startup_pango_m1.o(RESET) refers to pango_m1_it.o(i.HardFault_Handler) for HardFault_Handler
    startup_pango_m1.o(RESET) refers to port.o(i.SVC_Handler) for SVC_Handler
    startup_pango_m1.o(RESET) refers to port.o(.emb_text) for PendSV_Handler
    startup_pango_m1.o(RESET) refers to port.o(i.SysTick_Handler) for SysTick_Handler
    startup_pango_m1.o(RESET) refers to main.o(i.UART0_Handler) for UART0_Handler
    startup_pango_m1.o(RESET) refers to pango_m1_it.o(i.UART1_Handler) for UART1_Handler
    startup_pango_m1.o(RESET) refers to main.o(i.TIMER0_Handler) for TIMER0_Handler
    startup_pango_m1.o(RESET) refers to pango_m1_it.o(i.TIMER1_Handler) for TIMER1_Handler
    startup_pango_m1.o(RESET) refers to main.o(i.GPIO0_Handler) for GPIO0_Handler
    startup_pango_m1.o(RESET) refers to pango_m1_eth_buffer.o(i.ENT_Handler) for ENT_Handler
    startup_pango_m1.o(RESET) refers to main.o(i.I2C_Handler) for I2C_Handler
    startup_pango_m1.o(RESET) refers to pango_m1_it.o(i.CAN_Handler) for CAN_Handler
    startup_pango_m1.o(RESET) refers to pango_m1_it.o(i.RTC_Handler) for RTC_Handler
    startup_pango_m1.o(RESET) refers to pango_m1_it.o(i.DTimer_Handler) for DTimer_Handler
    startup_pango_m1.o(RESET) refers to pango_m1_it.o(i.TRNG_Handler) for TRNG_Handler
    startup_pango_m1.o(.text) refers to system_pango_m1.o(i.SystemInit) for SystemInit
    startup_pango_m1.o(.text) refers to entry.o(.ARM.Collect$$$$00000000) for __main
    system_pango_m1.o(i.SystemCoreClockUpdate) refers to system_pango_m1.o(.data) for .data
    system_pango_m1.o(i.SystemInit) refers to system_pango_m1.o(.data) for .data
    pango_m1_uart.o(i.UART_Init) refers to uidiv.o(.text) for __aeabi_uidivmod
    pango_m1_uart.o(i.UART_Init) refers to system_pango_m1.o(.data) for SystemCoreClock
    pango_m1_uart.o(i.UART_SendString) refers to pango_m1_uart.o(i.UART_SendChar) for UART_SendChar
    pango_m1_printk.o(i.print_dec) refers to pango_m1_printk.o(i.print_num) for print_num
    pango_m1_printk.o(i.print_dec) refers to pango_m1_printk.o(i.put_char) for put_char
    pango_m1_printk.o(i.print_flt) refers to dfixi.o(.text) for __aeabi_d2iz
    pango_m1_printk.o(i.print_flt) refers to pango_m1_printk.o(i.print_dec) for print_dec
    pango_m1_printk.o(i.print_flt) refers to pango_m1_printk.o(i.put_char) for put_char
    pango_m1_printk.o(i.print_flt) refers to dfltui.o(.text) for __aeabi_ui2d
    pango_m1_printk.o(i.print_flt) refers to dadd.o(.text) for __aeabi_drsub
    pango_m1_printk.o(i.print_flt) refers to dmul.o(.text) for __aeabi_dmul
    pango_m1_printk.o(i.print_hex) refers to pango_m1_printk.o(i.put_char) for put_char
    pango_m1_printk.o(i.print_hex2) refers to pango_m1_printk.o(i.print_num) for print_num
    pango_m1_printk.o(i.print_hex2) refers to pango_m1_printk.o(i.put_char) for put_char
    pango_m1_printk.o(i.print_num) refers to uidiv.o(.text) for __aeabi_uidivmod
    pango_m1_printk.o(i.print_num) refers to pango_m1_printk.o(i.put_char) for put_char
    pango_m1_printk.o(i.print_str) refers to pango_m1_printk.o(i.put_char) for put_char
    pango_m1_printk.o(i.printk) refers to pango_m1_printk.o(i.put_char) for put_char
    pango_m1_printk.o(i.printk) refers to pango_m1_printk.o(i.print_dec) for print_dec
    pango_m1_printk.o(i.printk) refers to pango_m1_printk.o(i.print_flt) for print_flt
    pango_m1_printk.o(i.printk) refers to pango_m1_printk.o(i.print_str) for print_str
    pango_m1_printk.o(i.printk) refers to pango_m1_printk.o(i.print_hex2) for print_hex2
    pango_m1_printk.o(i.put_char) refers to pango_m1_uart.o(i.UART_SendChar) for UART_SendChar
    pango_m1_i2c.o(i.I2C_Init) refers to pango_m1_i2c.o(i.I2C_InterruptOpen) for I2C_InterruptOpen
    pango_m1_i2c.o(i.I2C_Init) refers to pango_m1_i2c.o(i.I2C_InterruptClose) for I2C_InterruptClose
    pango_m1_i2c.o(i.I2C_Init) refers to pango_m1_i2c.o(i.I2C_Enable) for I2C_Enable
    pango_m1_i2c.o(i.I2C_Init) refers to pango_m1_i2c.o(i.I2C_Rate_Set) for I2C_Rate_Set
    pango_m1_i2c.o(i.I2C_Rate_Set) refers to uidiv.o(.text) for __aeabi_uidivmod
    pango_m1_i2c.o(i.I2C_Rate_Set) refers to system_pango_m1.o(.data) for SystemCoreClock
    pango_m1_i2c.o(i.I2C_ReadBytes) refers to pango_m1_i2c.o(i.I2C_ReceiveByte) for I2C_ReceiveByte
    pango_m1_i2c.o(i.I2C_ReceiveByte) refers to pango_m1_i2c.o(i.Delay_ms_i2c) for Delay_ms_i2c
    pango_m1_i2c.o(i.I2C_SendByte) refers to pango_m1_i2c.o(i.Delay_ms_i2c) for Delay_ms_i2c
    pango_m1_i2c.o(i.I2C_SendBytes) refers to pango_m1_i2c.o(i.I2C_SendByte) for I2C_SendByte
[...]
    tcp_send_fin                             0x1000d189   Thumb Code    96  tcp_out.o(i.tcp_send_fin)
    tcp_sent                                 0x1000d205   Thumb Code    26  tcp.o(i.tcp_sent)
    tcp_shutdown                             0x1000d249   Thumb Code   114  tcp.o(i.tcp_shutdown)
    tcp_slowtmr                              0x1000d2d9   Thumb Code   878  tcp.o(i.tcp_slowtmr)
    tcp_split_unsent_seg                     0x1000d825   Thumb Code   364  tcp_out.o(i.tcp_split_unsent_seg)
    tcp_timer_needed                         0x1000d9f9   Thumb Code    38  timeouts.o(i.tcp_timer_needed)
    tcp_tmr                                  0x1000dad5   Thumb Code    24  tcp.o(i.tcp_tmr)
    tcp_trigger_input_pcb_close              0x1000daf1   Thumb Code    12  tcp_in.o(i.tcp_trigger_input_pcb_close)
    tcp_update_rcv_ann_wnd                   0x1000db01   Thumb Code    76  tcp.o(i.tcp_update_rcv_ann_wnd)
    tcp_write                                0x1000db95   Thumb Code  1616  tcp_out.o(i.tcp_write)
    tcp_zero_window_probe                    0x1000e301   Thumb Code   224  tcp_out.o(i.tcp_zero_window_probe)
    tcpip_init                               0x1000e409   Thumb Code    72  tcpip.o(i.tcpip_init)
    tcpip_inpkt                              0x1000e4a9   Thumb Code    82  tcpip.o(i.tcpip_inpkt)
    tcpip_input                              0x1000e511   Thumb Code    28  tcpip.o(i.tcpip_input)
    tcpip_send_msg_wait_sem                  0x1000e535   Thumb Code    26  tcpip.o(i.tcpip_send_msg_wait_sem)
    udp_bind                                 0x1000e6dd   Thumb Code   160  udp.o(i.udp_bind)
    udp_init                                 0x1000e79d   Thumb Code    22  udp.o(i.udp_init)
    udp_input                                0x1000e7b9   Thumb Code   530  udp.o(i.udp_input)
    udp_netif_ip_addr_changed                0x1000eae5   Thumb Code    48  udp.o(i.udp_netif_ip_addr_changed)
    udp_new                                  0x1000eb19   Thumb Code    32  udp.o(i.udp_new)
    udp_new_ip_type                          0x1000eb39   Thumb Code     8  udp.o(i.udp_new_ip_type)
    udp_recv                                 0x1000eb89   Thumb Code    20  udp.o(i.udp_recv)
    udp_remove                               0x1000ebb5   Thumb Code    60  udp.o(i.udp_remove)
    udp_send                                 0x1000ec0d   Thumb Code    44  udp.o(i.udp_send)
    udp_sendto                               0x1000ec69   Thumb Code   154  udp.o(i.udp_sendto)
    udp_sendto_if                            0x1000ed59   Thumb Code   106  udp.o(i.udp_sendto_if)
    udp_sendto_if_src                        0x1000ee3d   Thumb Code   354  udp.o(i.udp_sendto_if_src)
    udpecho_init                             0x1000f081   Thumb Code    20  udp_echo.o(i.udpecho_init)
    uxListRemove                             0x1000f1c9   Thumb Code    36  list.o(i.uxListRemove)
    uxQueueMessagesWaiting                   0x1000f1ed   Thumb Code    26  queue.o(i.uxQueueMessagesWaiting)
    vApplicationMallocFailedHook             0x1000f207   Thumb Code     2  main.o(i.vApplicationMallocFailedHook)
    vApplicationStackOverflowHook            0x1000f209   Thumb Code     2  main.o(i.vApplicationStackOverflowHook)
    vApplicationTickHook                     0x1000f20b   Thumb Code     2  main.o(i.vApplicationTickHook)
    vListInitialise                          0x1000f20d   Thumb Code    22  list.o(i.vListInitialise)
    vListInitialiseItem                      0x1000f223   Thumb Code     6  list.o(i.vListInitialiseItem)
    vListInsert                              0x1000f229   Thumb Code    48  list.o(i.vListInsert)
    vListInsertEnd                           0x1000f259   Thumb Code    24  list.o(i.vListInsertEnd)
    vPortEnterCritical                       0x1000f271   Thumb Code    20  port.o(i.vPortEnterCritical)
    vPortExitCritical                        0x1000f289   Thumb Code    24  port.o(i.vPortExitCritical)
    vPortFree                                0x1000f2a5   Thumb Code    62  heap_4.o(i.vPortFree)
    vPortYield                               0x1000f2e9   Thumb Code    18  port.o(i.vPortYield)
    vQueueAddToRegistry                      0x1000f301   Thumb Code    32  queue.o(i.vQueueAddToRegistry)
    vQueueDelete                             0x1000f325   Thumb Code    26  queue.o(i.vQueueDelete)
    vQueueUnregisterQueue                    0x1000f341   Thumb Code    34  queue.o(i.vQueueUnregisterQueue)
    vQueueWaitForMessageRestricted           0x1000f369   Thumb Code    70  queue.o(i.vQueueWaitForMessageRestricted)
    vTaskDelay                               0x1000f3b1   Thumb Code    48  tasks.o(i.vTaskDelay)
    vTaskDelete                              0x1000f3e5   Thumb Code   112  tasks.o(i.vTaskDelete)
    vTaskMissedYield                         0x1000f45d   Thumb Code     8  tasks.o(i.vTaskMissedYield)
    vTaskPlaceOnEventList                    0x1000f469   Thumb Code    32  tasks.o(i.vTaskPlaceOnEventList)
    vTaskPlaceOnEventListRestricted          0x1000f48d   Thumb Code    42  tasks.o(i.vTaskPlaceOnEventListRestricted)
    vTaskPriorityInherit                     0x1000f4bd   Thumb Code    94  tasks.o(i.vTaskPriorityInherit)
    vTaskSetTimeOutState                     0x1000f525   Thumb Code    20  tasks.o(i.vTaskSetTimeOutState)
    vTaskStartScheduler                      0x1000f53d   Thumb Code    66  tasks.o(i.vTaskStartScheduler)
    vTaskSuspendAll                          0x1000f591   Thumb Code    10  tasks.o(i.vTaskSuspendAll)
    vTaskSwitchContext                       0x1000f5a1   Thumb Code   120  tasks.o(i.vTaskSwitchContext)
    xPortStartScheduler                      0x1000f661   Thumb Code    40  port.o(i.xPortStartScheduler)
    xQueueCreateCountingSemaphore            0x1000f691   Thumb Code    36  queue.o(i.xQueueCreateCountingSemaphore)
    xQueueCreateMutex                        0x1000f6b5   Thumb Code    24  queue.o(i.xQueueCreateMutex)
    xQueueGenericCreate                      0x1000f6cd   Thumb Code    60  queue.o(i.xQueueGenericCreate)
    xQueueGenericReceive                     0x1000f709   Thumb Code   332  queue.o(i.xQueueGenericReceive)
    xQueueGenericReset                       0x1000f855   Thumb Code   112  queue.o(i.xQueueGenericReset)
    xQueueGenericSend                        0x1000f8c5   Thumb Code   308  queue.o(i.xQueueGenericSend)
    xQueueGenericSendFromISR                 0x1000f9f9   Thumb Code   170  queue.o(i.xQueueGenericSendFromISR)
    xQueueGiveFromISR                        0x1000faa3   Thumb Code   144  queue.o(i.xQueueGiveFromISR)
    xTaskCheckForTimeOut                     0x1000fb35   Thumb Code    90  tasks.o(i.xTaskCheckForTimeOut)
    xTaskCreate                              0x1000fb95   Thumb Code    92  tasks.o(i.xTaskCreate)
    xTaskGetSchedulerState                   0x1000fbf1   Thumb Code    26  tasks.o(i.xTaskGetSchedulerState)
    xTaskGetTickCount                        0x1000fc11   Thumb Code     6  tasks.o(i.xTaskGetTickCount)
    xTaskIncrementTick                       0x1000fc1d   Thumb Code   198  tasks.o(i.xTaskIncrementTick)
    xTaskPriorityDisinherit                  0x1000fced   Thumb Code    92  tasks.o(i.xTaskPriorityDisinherit)
    xTaskRemoveFromEventList                 0x1000fd51   Thumb Code    94  tasks.o(i.xTaskRemoveFromEventList)
    xTaskResumeAll                           0x1000fdbd   Thumb Code   162  tasks.o(i.xTaskResumeAll)
    xTimerCreateTimerTask                    0x1000fe6d   Thumb Code    54  timers.o(i.xTimerCreateTimerTask)
    xTimerGenericCommand                     0x1000feb5   Thumb Code    92  timers.o(i.xTimerGenericCommand)
    xchg_spi                                 0x1000ff15   Thumb Code    60  pango_sdcard.o(i.xchg_spi)
    netconn_aborted                          0x1000ff54   Data           1  api_msg.o(.constdata)
    netconn_reset                            0x1000ff55   Data           1  api_msg.o(.constdata)
    netconn_closed                           0x1000ff56   Data           1  api_msg.o(.constdata)
    memp_UDP_PCB                             0x1000ff9c   Data          12  memp.o(.constdata)
    memp_TCP_PCB                             0x1000ffa8   Data          12  memp.o(.constdata)
    memp_TCP_PCB_LISTEN                      0x1000ffb4   Data          12  memp.o(.constdata)
    memp_TCP_SEG                             0x1000ffc0   Data          12  memp.o(.constdata)
    memp_REASSDATA                           0x1000ffcc   Data          12  memp.o(.constdata)
    memp_FRAG_PBUF                           0x1000ffd8   Data          12  memp.o(.constdata)
    memp_NETBUF                              0x1000ffe4   Data          12  memp.o(.constdata)
    memp_NETCONN                             0x1000fff0   Data          12  memp.o(.constdata)
    memp_TCPIP_MSG_API                       0x1000fffc   Data          12  memp.o(.constdata)
    memp_TCPIP_MSG_INPKT                     0x10010008   Data          12  memp.o(.constdata)
    memp_IGMP_GROUP                          0x10010014   Data          12  memp.o(.constdata)
    memp_SYS_TIMEOUT                         0x10010020   Data          12  memp.o(.constdata)
    memp_PBUF                                0x1001002c   Data          12  memp.o(.constdata)
    memp_PBUF_POOL                           0x10010038   Data          12  memp.o(.constdata)
    memp_pools                               0x10010044   Data          56  memp.o(.constdata)
    tcp_pcb_lists                            0x100100c0   Data          16  tcp.o(.constdata)
    lwip_cyclic_timers                       0x100100d0   Data          32  timeouts.o(.constdata)
    ip_addr_any                              0x100100f0   Data           4  ip4_addr.o(.constdata)
    ip_addr_broadcast                        0x100100f4   Data           4  ip4_addr.o(.constdata)
    ethbroadcast                             0x100100f8   Data           6  ethernet.o(.constdata)
    ethzero                                  0x100100fe   Data           6  ethernet.o(.constdata)
    Region$$Table$$Base                      0x1001025c   Number         0  anon$$obj.o(Region$$Table)
    Region$$Table$$Limit                     0x1001027c   Number         0  anon$$obj.o(Region$$Table)
    SystemCoreClock                          0x30800000   Data           4  system_pango_m1.o(.data)
    pxCurrentTCB                             0x30800004   Data           4  tasks.o(.data)
    lock_tcpip_core                          0x30800080   Data           4  tcpip.o(.data)
    netif_list                               0x308000d0   Data           4  netif.o(.data)
    netif_default                            0x308000d4   Data           4  netif.o(.data)
    tcp_active_pcbs_changed                  0x308000d8   Data           1  tcp.o(.data)
    tcp_ticks                                0x308000e4   Data           4  tcp.o(.data)
    tcp_bound_pcbs                           0x308000e8   Data           4  tcp.o(.data)
    tcp_listen_pcbs                          0x308000ec   Data           4  tcp.o(.data)
    tcp_active_pcbs                          0x308000f0   Data           4  tcp.o(.data)
    tcp_tw_pcbs                              0x308000f4   Data           4  tcp.o(.data)
    tcp_input_pcb                            0x30800118   Data           4  tcp_in.o(.data)
    udp_pcbs                                 0x3080012c   Data           4  udp.o(.data)
    s_xSemaphore                             0x3080014c   Data           4  ethernetif.o(.data)
    tx_sem                                   0x30800150   Data           4  ethernetif.o(.data)
    eth_tx_mb                                0x30800154   Data           4  ethernetif.o(.data)
    lwip_sys_now                             0x3080015c   Data           4  sys_arch.o(.data)
    ipaddr                                   0x30800160   Data           4  sys_arch.o(.data)
    netmask                                  0x30800164   Data           4  sys_arch.o(.data)
    gw                                       0x30800168   Data           4  sys_arch.o(.data)
    errno                                    0x3080016c   Data           4  sys_arch.o(.data)
    key_flag                                 0x30800178   Data           1  main.o(.data)
    res                                      0x30800179   Data           1  main.o(.data)
    iic_irq_cnt                              0x3080017a   Data           2  main.o(.data)
    timer_counter                            0x3080017c   Data           4  main.o(.data)
    bw                                       0x30800194   Data           4  main.o(.data)
    __stdout                                 0x3080019c   Data           4  stdout.o(.data)
    __microlib_freelist                      0x308001a0   Data           4  mvars.o(.data)
    eth_tx_buf                               0x308001a4   Data          24  pango_m1_eth_buffer.o(.bss)
    eth_rx_buf                               0x308001bc   Data         384  pango_m1_eth_buffer.o(.bss)
    descriptor_num                           0x3080033c   Data          20  pango_m1_eth_buffer.o(.bss)
    xQueueRegistry                           0x30800350   Data          80  queue.o(.bss)
    ip_data                                  0x3080878c   Data          24  ip.o(.bss)
    ram_heap                                 0x308087a4   Data       25619  mem.o(.bss)
    memp_memory_UDP_PCB_base                 0x3080ebb7   Data         163  memp.o(.bss)
    memp_memory_TCP_PCB_base                 0x3080ec5a   Data         963  memp.o(.bss)
    memp_memory_TCP_PCB_LISTEN_base          0x3080f01d   Data         171  memp.o(.bss)
    memp_memory_TCP_SEG_base                 0x3080f0c8   Data        1923  memp.o(.bss)
    memp_memory_REASSDATA_base               0x3080f84b   Data         163  memp.o(.bss)
    memp_memory_FRAG_PBUF_base               0x3080f8ee   Data         363  memp.o(.bss)
    memp_memory_NETBUF_base                  0x3080fa59   Data         387  memp.o(.bss)
    memp_memory_NETCONN_base                 0x3080fbdc   Data         451  memp.o(.bss)
    memp_memory_TCPIP_MSG_API_base           0x3080fd9f   Data         259  memp.o(.bss)
    memp_memory_TCPIP_MSG_INPKT_base         0x3080fea2   Data         259  memp.o(.bss)
    memp_memory_IGMP_GROUP_base              0x3080ffa5   Data         131  memp.o(.bss)
    memp_memory_SYS_TIMEOUT_base             0x30810028   Data         323  memp.o(.bss)
    memp_memory_PBUF_base                    0x3081016b   Data         403  memp.o(.bss)
    memp_memory_PBUF_POOL_base               0x308102fe   Data       49027  memp.o(.bss)
    EthHandle                                0x3081c394   Data          36  ethernetif.o(.bss)
    SpeedUpInfo                              0x3081c3b8   Data          32  ethernetif.o(.bss)
    gnetif                                   0x3081c3f8   Data          56  sys_arch.o(.bss)
    send_buf1                                0x3081c830   Data         100  main.o(.bss)
    read_buf1                                0x3081c894   Data         100  main.o(.bss)
    send_buf2                                0x3081c8f8   Data          64  main.o(.bss)
    read_buf2                                0x3081c938   Data          64  main.o(.bss)
    fatfs                                    0x3081c978   Data         560  main.o(.bss)
    fp                                       0x3081cba8   Data         552  main.o(.bss)
    __stack_limit                            0x3081cdd0   Data           0  startup_pango_m1.o(STACK)
    __initial_sp                             0x3081ddd0   Data           0  startup_pango_m1.o(STACK)



==============================================================================

Memory Map of the image

  Image Entry point : 0x100000c1

  Load Region LR_IROM1 (Base: 0x10000000, Size: 0x00010420, Max: 0x00100000, ABSOLUTE, COMPRESSED[0x00010290])

    Execution Region ER_IROM1 (Exec base: 0x10000000, Load base: 0x10000000, Size: 0x0001027c, Max: 0x00100000, ABSOLUTE)

    Exec Addr    Load Addr    Size         Type   Attr      Idx    E Section Name        Object

    0x10000000   0x10000000   0x000000c0   Data   RO            3    RESET               startup_pango_m1.o
    0x100000c0   0x100000c0   0x00000000   Code   RO         6995  * .ARM.Collect$$$$00000000  mc_p.l(entry.o)
    0x100000c0   0x100000c0   0x00000004   Code   RO         7352    .ARM.Collect$$$$00000001  mc_p.l(entry2.o)
    0x100000c4   0x100000c4   0x00000004   Code   RO         7355    .ARM.Collect$$$$00000004  mc_p.l(entry5.o)
    0x100000c8   0x100000c8   0x00000000   Code   RO         7357    .ARM.Collect$$$$00000008  mc_p.l(entry7b.o)
    0x100000c8   0x100000c8   0x00000000   Code   RO         7359    .ARM.Collect$$$$0000000A  mc_p.l(entry8b.o)
    0x100000c8   0x100000c8   0x00000008   Code   RO         7360    .ARM.Collect$$$$0000000B  mc_p.l(entry9a.o)
    0x100000d0   0x100000d0   0x00000004   Code   RO         7367    .ARM.Collect$$$$0000000E  mc_p.l(entry12b.o)
    0x100000d4   0x100000d4   0x00000000   Code   RO         7362    .ARM.Collect$$$$0000000F  mc_p.l(entry10a.o)
    0x100000d4   0x100000d4   0x00000000   Code   RO         7364    .ARM.Collect$$$$00000011  mc_p.l(entry11a.o)
    0x100000d4   0x100000d4   0x00000004   Code   RO         7353    .ARM.Collect$$$$00002712  mc_p.l(entry2.o)
    0x100000d8   0x100000d8   0x00000078   Code   RO         2214    .emb_text           port.o
    0x10000150   0x10000150   0x0000005c   Code   RO            4    .text               startup_pango_m1.o
    0x100001ac   0x100001ac   0x0000002c   Code   RO         6998    .text               mc_p.l(uidiv.o)
    0x100001d8   0x100001d8   0x00000028   Code   RO         7000    .text               mc_p.l(idiv.o)
    0x10000200   0x10000200   0x00000024   Code   RO         7030    .text               mc_p.l(rand.o)
    0x10000224   0x10000224   0x00000040   Code   RO         7035    .text               mc_p.l(memmovea.o)
    0x10000264   0x10000264   0x00000024   Code   RO         7037    .text               mc_p.l(memseta.o)
    0x10000288   0x10000288   0x0000001a   Code   RO         7041    .text               mc_p.l(memcmp.o)
    0x100002a2   0x100002a2   0x00000014   Code   RO         7338    .text               mc_p.l(uread4.o)
    0x100002b6   0x100002b6   0x00000012   Code   RO         7340    .text               mc_p.l(uwrite4.o)
    0x100002c8   0x100002c8   0x00000168   Code   RO         7344    .text               mf_p.l(dadd.o)
    0x10000430   0x10000430   0x000000d0   Code   RO         7346    .text               mf_p.l(dmul.o)
    0x10000500   0x10000500   0x0000001c   Code   RO         7348    .text               mf_p.l(dfltui.o)
    0x1000051c   0x1000051c   0x00000048   Code   RO         7350    .text               mf_p.l(dfixi.o)
    0x10000564   0x10000564   0x00000060   Code   RO         7369    .text               mc_p.l(uldiv.o)
    0x100005c4   0x100005c4   0x00000020   Code   RO         7371    .text               mc_p.l(llshl.o)
    0x100005e4   0x100005e4   0x00000022   Code   RO         7373    .text               mc_p.l(llushr.o)
    0x10000606   0x10000606   0x00000026   Code   RO         7375    .text               mc_p.l(llsshr.o)
    0x1000062c   0x1000062c   0x00000000   Code   RO         7388    .text               mc_p.l(iusefp.o)
    0x1000062c   0x1000062c   0x000000be   Code   RO         7389    .text               mf_p.l(depilogue.o)
    0x100006ea   0x100006ea   0x00000002   PAD
    0x100006ec   0x100006ec   0x00000024   Code   RO         7399    .text               mc_p.l(init.o)
    0x10000710   0x10000710   0x00000056   Code   RO         7413    .text               mc_p.l(__dczerorl2.o)
    0x10000766   0x10000766   0x00000002   PAD
    0x10000768   0x10000768   0x000000bc   Code   RO         6529    i.AppTaskCreate     main.o
    0x10000824   0x10000824   0x00000002   Code   RO         6714    i.CAN_Handler       pango_m1_it.o
    0x10000826   0x10000826   0x00000008   Code   RO         1232    i.CleanRxDescriptorNum  pango_m1_eth_dmac.o
    0x1000082e   0x1000082e   0x0000001c   Code   RO          976    i.DCACHE_FlushRange  pango_m1_dcache.o
    0x1000084a   0x1000084a   0x0000000c   Code   RO          977    i.DCACHE_GetFlushStatus  pango_m1_dcache.o
    0x10000856   0x10000856   0x0000000c   Code   RO          978    i.DCACHE_GetInvalidateStatus  pango_m1_dcache.o
    0x10000862   0x10000862   0x0000001c   Code   RO          980    i.DCACHE_InvalidateRange  pango_m1_dcache.o
    0x1000087e   0x1000087e   0x00000008   Code   RO         1236    i.DMAC_GetRxIRQStatus  pango_m1_eth_dmac.o
    0x10000886   0x10000886   0x00000008   Code   RO         1237    i.DMAC_GetRxIdleStatus  pango_m1_eth_dmac.o
    0x1000088e   0x1000088e   0x00000008   Code   RO         1238    i.DMAC_GetTxIdleStatus  pango_m1_eth_dmac.o
    0x10000896   0x10000896   0x00000002   PAD
    0x10000898   0x10000898   0x00000038   Code   RO         1239    i.DMAC_Init         pango_m1_eth_dmac.o
    0x100008d0   0x100008d0   0x00000004   Code   RO         1240    i.DMAC_SetInitStatus  pango_m1_eth_dmac.o
    0x100008d4   0x100008d4   0x00000002   Code   RO         6715    i.DTimer_Handler    pango_m1_it.o
    0x100008d6   0x100008d6   0x00000012   Code   RO         6530    i.Delay             main.o
    0x100008e8   0x100008e8   0x00000012   Code   RO         6001    i.Delay_s           pango_sdcard.o
    0x100008fa   0x100008fa   0x00000002   PAD
    0x100008fc   0x100008fc   0x00000050   Code   RO         1025    i.ENT_Handler       pango_m1_eth_buffer.o
    0x1000094c   0x1000094c   0x0000003c   Code   RO         6531    i.GPIO0_Handler     main.o
    0x10000988   0x10000988   0x0000007e   Code   RO          138    i.GPIO_Init         pango_m1_gpio.o
    0x10000a06   0x10000a06   0x00000008   Code   RO          139    i.GPIO_IntClear     pango_m1_gpio.o
    0x10000a0e   0x10000a0e   0x00000004   Code   RO          141    i.GPIO_ReadBits     pango_m1_gpio.o
    0x10000a12   0x10000a12   0x00000008   Code   RO          142    i.GPIO_ResetBit     pango_m1_gpio.o
    0x10000a1a   0x10000a1a   0x00000008   Code   RO          144    i.GPIO_SetBit       pango_m1_gpio.o
    0x10000a22   0x10000a22   0x00000004   Code   RO         1242    i.GetCurrentTxDescriptorNum  pango_m1_eth_dmac.o
    0x10000a26   0x10000a26   0x00000032   Code   RO         1392    i.GetDestEthInfo    pango_m1_udp_speed_up.o
    0x10000a58   0x10000a58   0x0000000c   Code   RO         1393    i.GetUdpSpeedUpTxBusy  pango_m1_udp_speed_up.o
    0x10000a64   0x10000a64   0x00000032   Code   RO         6532    i.GpioInit          main.o
    0x10000a96   0x10000a96   0x00000002   Code   RO         6716    i.HardFault_Handler  pango_m1_it.o
    0x10000a98   0x10000a98   0x00000044   Code   RO         6534    i.I2C_Handler       main.o
    0x10000adc   0x10000adc   0x00000016   Code   RO         6003    i.MMC_SD_Init       pango_sdcard.o
    0x10000af2   0x10000af2   0x00000058   Code   RO         6004    i.MMC_SD_ReadMultiBlock  pango_sdcard.o
    0x10000b4a   0x10000b4a   0x000000ec   Code   RO         6006    i.MMC_SD_Reset      pango_sdcard.o
    0x10000c36   0x10000c36   0x00000078   Code   RO         6007    i.MMC_SD_SendCommand  pango_sdcard.o
    0x10000cae   0x10000cae   0x000000b0   Code   RO         6008    i.MMC_SD_WriteMultiBlock  pango_sdcard.o
    0x10000d5e   0x10000d5e   0x00000002   Code   RO         6536    i.NMI_Handler       main.o
    0x10000d60   0x10000d60   0x00000002   Code   RO         6717    i.RTC_Handler       pango_m1_it.o
    0x10000d62   0x10000d62   0x0000000a   Code   RO         6010    i.SD_Disable        pango_sdcard.o
    0x10000d6c   0x10000d6c   0x0000000c   Code   RO         6011    i.SD_Enable         pango_sdcard.o
    0x10000d78   0x10000d78   0x00000028   Code   RO         6012    i.SD_WaitReady      pango_sdcard.o
    0x10000da0   0x10000da0   0x0000002e   Code   RO         6785    i.SFLASH_ReadJEDEC_ID  pango_spi_flash.o
    0x10000dce   0x10000dce   0x00000002   PAD
    0x10000dd0   0x10000dd0   0x00000014   Code   RO          270    i.SPI_CS_Disable    pango_m1_spi.o
    0x10000de4   0x10000de4   0x00000010   Code   RO          271    i.SPI_CS_Enable     pango_m1_spi.o
    0x10000df4   0x10000df4   0x00000010   Code   RO          281    i.SPI_GetRcvStatus  pango_m1_spi.o
    0x10000e04   0x10000e04   0x00000010   Code   RO          284    i.SPI_GetTmtStatus  pango_m1_spi.o
    0x10000e14   0x10000e14   0x0000000a   Code   RO         6013    i.SPI_High          pango_sdcard.o
    0x10000e1e   0x10000e1e   0x0000000c   Code   RO         6014    i.SPI_Low           pango_sdcard.o
    0x10000e2a   0x10000e2a   0x0000001c   Code   RO         6796    i.SPI_ReadByte      pango_spi_flash.o
    0x10000e46   0x10000e46   0x00000002   PAD
    0x10000e48   0x10000e48   0x0000000c   Code   RO          288    i.SPI_ReadData      pango_m1_spi.o
    0x10000e54   0x10000e54   0x00000010   Code   RO          294    i.SPI_SetRcvStatus  pango_m1_spi.o
    0x10000e64   0x10000e64   0x00000010   Code   RO         6797    i.SPI_WriteByte     pango_spi_flash.o
    0x10000e74   0x10000e74   0x0000000c   Code   RO          295    i.SPI_WriteData     pango_m1_spi.o
    0x10000e80   0x10000e80   0x00000002   Code   RO         2215    i.SVC_Handler       port.o
    0x10000e82   0x10000e82   0x00000018   Code   RO         1245    i.SetDmacTxCtrl     pango_m1_eth_dmac.o
    0x10000e9a   0x10000e9a   0x0000001e   Code   RO         1246    i.SetRxDescriptor   pango_m1_eth_dmac.o
    0x10000eb8   0x10000eb8   0x0000018c   Code   RO         1394    i.SetSpeedUpInfo    pango_m1_udp_speed_up.o
    0x10001044   0x10001044   0x00000004   Code   RO         1247    i.SetTxDataLen      pango_m1_eth_dmac.o
    0x10001048   0x10001048   0x0000001e   Code   RO         1248    i.SetTxDescriptor   pango_m1_eth_dmac.o
    0x10001066   0x10001066   0x00000020   Code   RO         1395    i.SetTxStatusOFF    pango_m1_udp_speed_up.o
    0x10001086   0x10001086   0x00000018   Code   RO         1396    i.SetTxStatusON     pango_m1_udp_speed_up.o
    0x1000109e   0x1000109e   0x00000008   Code   RO         1397    i.SetUdpSpeedUpStatus  pango_m1_udp_speed_up.o
    0x100010a6   0x100010a6   0x00000002   PAD
    0x100010a8   0x100010a8   0x00000024   Code   RO         2216    i.SysTick_Handler   port.o
    0x100010cc   0x100010cc   0x00000050   Code   RO           13    i.SystemInit        system_pango_m1.o
    0x1000111c   0x1000111c   0x000000ac   Code   RO         5798    i.TCPIP_Init        sys_arch.o
    0x100011c8   0x100011c8   0x00000024   Code   RO         6540    i.TIMER0_Handler    main.o
    0x100011ec   0x100011ec   0x00000002   Code   RO         6718    i.TIMER1_Handler    pango_m1_it.o
    0x100011ee   0x100011ee   0x00000006   Code   RO          440    i.TIMER_ClearIRQ    pango_m1_timer.o
    0x100011f4   0x100011f4   0x00000006   Code   RO          443    i.TIMER_GetIRQStatus  pango_m1_timer.o
    0x100011fa   0x100011fa   0x00000052   Code   RO          446    i.TIMER_Init        pango_m1_timer.o
    0x1000124c   0x1000124c   0x00000002   Code   RO         6719    i.TRNG_Handler      pango_m1_it.o
    0x1000124e   0x1000124e   0x00000002   PAD
    0x10001250   0x10001250   0x00000048   Code   RO         1249    i.TS_MAC_Configure  pango_m1_eth_dmac.o
    0x10001298   0x10001298   0x0000003c   Code   RO         6541    i.Test1_Task        main.o
    0x100012d4   0x100012d4   0x00000024   Code   RO         6542    i.Test2_Task        main.o
    0x100012f8   0x100012f8   0x00000028   Code   RO         6543    i.TimerInit         main.o
    0x10001320   0x10001320   0x00000028   Code   RO         6544    i.UART0_Handler     main.o
    0x10001348   0x10001348   0x00000002   Code   RO         6720    i.UART1_Handler     pango_m1_it.o
    0x1000134a   0x1000134a   0x00000006   Code   RO          533    i.UART_ClearRxIRQ   pango_m1_uart.o
    0x10001350   0x10001350   0x00000008   Code   RO          542    i.UART_GetRxIRQStatus  pango_m1_uart.o
    0x10001358   0x10001358   0x0000007c   Code   RO          548    i.UART_Init         pango_m1_uart.o
    0x100013d4   0x100013d4   0x0000000c   Code   RO          549    i.UART_ReceiveChar  pango_m1_uart.o
    0x100013e0   0x100013e0   0x0000000a   Code   RO          550    i.UART_SendChar     pango_m1_uart.o
    0x100013ea   0x100013ea   0x00000002   PAD
    0x100013ec   0x100013ec   0x00000030   Code   RO         6545    i.UartInit          main.o
    0x1000141c   0x1000141c   0x00000020   Code   RO         7182    i.__0printf$5       mc_p.l(printf5.o)
    0x1000143c   0x1000143c   0x0000002e   Code   RO         7391    i.__ARM_clz         mf_p.l(depilogue.o)
    0x1000146a   0x1000146a   0x0000001a   Code   RO         2087    i.__ARM_common_switch8  tasks.o
    0x10001484   0x10001484   0x00000018   Code   RO         6547    i.__NVIC_EnableIRQ  main.o
    0x1000149c   0x1000149c   0x0000000e   Code   RO         7407    i.__scatterload_copy  mc_p.l(handlers.o)
    0x100014aa   0x100014aa   0x00000002   Code   RO         7408    i.__scatterload_null  mc_p.l(handlers.o)
    0x100014ac   0x100014ac   0x0000000e   Code   RO         7409    i.__scatterload_zeroinit  mc_p.l(handlers.o)
    0x100014ba   0x100014ba   0x00000002   PAD
    0x100014bc   0x100014bc   0x000002d4   Code   RO         7189    i._printf_core      mc_p.l(printf5.o)
    0x10001790   0x10001790   0x00000084   Code   RO         3022    i.alloc_socket      sockets.o
    0x10001814   0x10001814   0x000000c0   Code   RO         6178    i.check_fs          ff.o
    0x100018d4   0x100018d4   0x00000012   Code   RO         6179    i.chk_chr           ff.o
    0x100018e6   0x100018e6   0x00000002   PAD
    0x100018e8   0x100018e8   0x0000004c   Code   RO         1026    i.clear_eth_rx_buf  pango_m1_eth_buffer.o
    0x10001934   0x10001934   0x00000018   Code   RO         6180    i.clst2sect         ff.o
    0x1000194c   0x1000194c   0x000000fa   Code   RO         6181    i.create_chain      ff.o
    0x10001a46   0x10001a46   0x00000002   PAD
    0x10001a48   0x10001a48   0x000000fc   Code   RO         6182    i.create_name       ff.o
    0x10001b44   0x10001b44   0x0000001a   Code   RO         6184    i.dbc_1st           ff.o
    0x10001b5e   0x10001b5e   0x0000001a   Code   RO         6185    i.dbc_2nd           ff.o
    0x10001b78   0x10001b78   0x0000004c   Code   RO         6186    i.dir_alloc         ff.o
    0x10001bc4   0x10001bc4   0x0000005e   Code   RO         6187    i.dir_clear         ff.o
    0x10001c22   0x10001c22   0x0000005a   Code   RO         6188    i.dir_find          ff.o
    0x10001c7c   0x10001c7c   0x000000c6   Code   RO         6189    i.dir_next          ff.o
    0x10001d42   0x10001d42   0x00000040   Code   RO         6191    i.dir_register      ff.o
    0x10001d82   0x10001d82   0x0000009a   Code   RO         6193    i.dir_sdi           ff.o
    0x10001e1c   0x10001e1c   0x0000001a   Code   RO         6122    i.disk_initialize   diskio.o
    0x10001e36   0x10001e36   0x00000002   PAD
    0x10001e38   0x10001e38   0x00000038   Code   RO         6123    i.disk_ioctl        diskio.o
    0x10001e70   0x10001e70   0x00000016   Code   RO         6124    i.disk_read         diskio.o
    0x10001e86   0x10001e86   0x0000000c   Code   RO         6125    i.disk_status       diskio.o
    0x10001e92   0x10001e92   0x00000016   Code   RO         6126    i.disk_write        diskio.o
    0x10001ea8   0x10001ea8   0x00000044   Code   RO         3832    i.do_memp_free_pool  memp.o
    0x10001eec   0x10001eec   0x00000058   Code   RO         3833    i.do_memp_malloc_pool  memp.o
    0x10001f44   0x10001f44   0x00000164   Code   RO         2615    i.err_tcp           api_msg.o
    0x100020a8   0x100020a8   0x0000001c   Code   RO         2834    i.err_to_errno      err.o
    0x100020c4   0x100020c4   0x00000038   Code   RO         1027    i.eth_buf_init      pango_m1_eth_buffer.o
    0x100020fc   0x100020fc   0x0000002c   Code   RO         1028    i.eth_rx_buf_flush  pango_m1_eth_buffer.o
    0x10002128   0x10002128   0x00000048   Code   RO         1029    i.eth_rx_buf_init   pango_m1_eth_buffer.o
    0x10002170   0x10002170   0x0000002c   Code   RO         1030    i.eth_rx_buf_invalidate  pango_m1_eth_buffer.o
    0x1000219c   0x1000219c   0x0000002c   Code   RO         1031    i.eth_tx_buf_flush  pango_m1_eth_buffer.o
    0x100021c8   0x100021c8   0x00000048   Code   RO         1032    i.eth_tx_buf_init   pango_m1_eth_buffer.o
    0x10002210   0x10002210   0x0000005c   Code   RO         1033    i.eth_tx_data       pango_m1_eth_buffer.o
    0x1000226c   0x1000226c   0x0000002c   Code   RO         5214    i.etharp_cleanup_netif  etharp.o
    0x10002298   0x10002298   0x000001dc   Code   RO         5216    i.etharp_find_entry  etharp.o
    0x10002474   0x10002474   0x00000024   Code   RO         5217    i.etharp_free_entry  etharp.o
    0x10002498   0x10002498   0x000000d8   Code   RO         5219    i.etharp_input      etharp.o
    0x10002570   0x10002570   0x0000013c   Code   RO         5220    i.etharp_output     etharp.o
    0x100026ac   0x100026ac   0x000000ac   Code   RO         5221    i.etharp_output_to_arp_index  etharp.o
    0x10002758   0x10002758   0x00000190   Code   RO         5222    i.etharp_query      etharp.o
    0x100028e8   0x100028e8   0x00000104   Code   RO         5223    i.etharp_raw        etharp.o
    0x100029ec   0x100029ec   0x00000010   Code   RO         5224    i.etharp_request    etharp.o
    0x100029fc   0x100029fc   0x00000020   Code   RO         5225    i.etharp_request_dst  etharp.o
    0x10002a1c   0x10002a1c   0x00000060   Code   RO         5226    i.etharp_tmr        etharp.o
    0x10002a7c   0x10002a7c   0x000000c0   Code   RO         5227    i.etharp_update_arp_entry  etharp.o
    0x10002b3c   0x10002b3c   0x000000b4   Code   RO         5708    i.ethernet_input    ethernet.o
    0x10002bf0   0x10002bf0   0x0000008c   Code   RO         5709    i.ethernet_output   ethernet.o
    0x10002c7c   0x10002c7c   0x00000080   Code   RO         5741    i.ethernetif_init   ethernetif.o
    0x10002cfc   0x10002cfc   0x00000048   Code   RO         5742    i.ethernetif_input  ethernetif.o
    0x10002d44   0x10002d44   0x000000e4   Code   RO         3023    i.event_callback    sockets.o
    0x10002e28   0x10002e28   0x00000020   Code   RO         6195    i.f_close           ff.o
    0x10002e48   0x10002e48   0x0000004c   Code   RO         6201    i.f_mount           ff.o
    0x10002e94   0x10002e94   0x000001c4   Code   RO         6202    i.f_open            ff.o
    0x10003058   0x10003058   0x00000166   Code   RO         6204    i.f_read            ff.o
    0x100031be   0x100031be   0x00000002   PAD
    0x100031c0   0x100031c0   0x00000094   Code   RO         6208    i.f_sync            ff.o
    0x10003254   0x10003254   0x00000064   Code   RO         6213    i.find_volume       ff.o
    0x100032b8   0x100032b8   0x0000007c   Code   RO         6214    i.follow_path       ff.o
    0x10003334   0x10003334   0x00000014   Code   RO         6548    i.fputc             main.o
    0x10003348   0x10003348   0x00000054   Code   RO         7310    i.free              mc_p.l(malloc.o)
    0x1000339c   0x1000339c   0x00000030   Code   RO         3024    i.free_socket       sockets.o
    0x100033cc   0x100033cc   0x00000026   Code   RO         3025    i.free_socket_free_elements  sockets.o
    0x100033f2   0x100033f2   0x00000012   Code   RO         3026    i.free_socket_locked  sockets.o
    0x10003404   0x10003404   0x000000c0   Code   RO         6215    i.get_fat           ff.o
    0x100034c4   0x100034c4   0x0000003e   Code   RO         6217    i.get_ldnumber      ff.o
    0x10003502   0x10003502   0x00000002   PAD
    0x10003504   0x10003504   0x00000018   Code   RO         3027    i.get_socket        sockets.o
    0x1000351c   0x1000351c   0x0000000c   Code   RO         5319    i.icmp_dest_unreach  icmp.o
    0x10003528   0x10003528   0x000001f8   Code   RO         5320    i.icmp_input        icmp.o
    0x10003720   0x10003720   0x000000bc   Code   RO         5321    i.icmp_send_response  icmp.o
    0x100037dc   0x100037dc   0x0000000c   Code   RO         5322    i.icmp_time_exceeded  icmp.o
    0x100037e8   0x100037e8   0x00000024   Code   RO         5359    i.igmp_delaying_member  igmp.o
    0x1000380c   0x1000380c   0x0000001c   Code   RO         5360    i.igmp_init         igmp.o
    0x10003828   0x10003828   0x000000dc   Code   RO         5361    i.igmp_input        igmp.o
    0x10003904   0x10003904   0x0000002c   Code   RO         5362    i.igmp_ip_output_if  igmp.o
    0x10003930   0x10003930   0x000000d8   Code   RO         5363    i.igmp_joingroup    igmp.o
    0x10003a08   0x10003a08   0x00000144   Code   RO         5364    i.igmp_joingroup_netif  igmp.o
    0x10003b4c   0x10003b4c   0x000000e0   Code   RO         5365    i.igmp_leavegroup   igmp.o
    0x10003c2c   0x10003c2c   0x00000150   Code   RO         5366    i.igmp_leavegroup_netif  igmp.o
    0x10003d7c   0x10003d7c   0x00000014   Code   RO         5367    i.igmp_lookfor_group  igmp.o
    0x10003d90   0x10003d90   0x000000a8   Code   RO         5368    i.igmp_lookup_group  igmp.o
    0x10003e38   0x10003e38   0x00000024   Code   RO         5369    i.igmp_remove_group  igmp.o
    0x10003e5c   0x10003e5c   0x0000001c   Code   RO         5370    i.igmp_report_groups  igmp.o
    0x10003e78   0x10003e78   0x000000dc   Code   RO         5371    i.igmp_send         igmp.o
    0x10003f54   0x10003f54   0x00000038   Code   RO         5372    i.igmp_start        igmp.o
    0x10003f8c   0x10003f8c   0x00000026   Code   RO         5373    i.igmp_start_timer  igmp.o
    0x10003fb2   0x10003fb2   0x00000002   PAD
    0x10003fb4   0x10003fb4   0x00000024   Code   RO         5375    i.igmp_timeout      igmp.o
    0x10003fd8   0x10003fd8   0x00000038   Code   RO         5376    i.igmp_tmr          igmp.o
    0x10004010   0x10004010   0x0000000c   Code   RO         3610    i.inet_chksum       inet_chksum.o
    0x1000401c   0x1000401c   0x00000052   Code   RO         3611    i.inet_chksum_pbuf  inet_chksum.o
    0x1000406e   0x1000406e   0x00000028   Code   RO         3612    i.inet_chksum_pseudo  inet_chksum.o
    0x10004096   0x10004096   0x00000072   Code   RO         3614    i.inet_cksum_pseudo_base  inet_chksum.o
    0x10004108   0x10004108   0x00000040   Code   RO         5566    i.ip4_addr_isbroadcast_u32  ip4_addr.o
    0x10004148   0x10004148   0x0000021c   Code   RO         5631    i.ip4_frag          ip4_frag.o
    0x10004364   0x10004364   0x00000200   Code   RO         5483    i.ip4_input         ip4.o
    0x10004564   0x10004564   0x00000030   Code   RO         5484    i.ip4_input_accept  ip4.o
    0x10004594   0x10004594   0x0000001e   Code   RO         5486    i.ip4_output_if     ip4.o
    0x100045b2   0x100045b2   0x00000030   Code   RO         5487    i.ip4_output_if_opt  ip4.o
    0x100045e2   0x100045e2   0x00000002   PAD
    0x100045e4   0x100045e4   0x000001e4   Code   RO         5488    i.ip4_output_if_opt_src  ip4.o
    0x100047c8   0x100047c8   0x0000001e   Code   RO         5489    i.ip4_output_if_src  ip4.o
    0x100047e6   0x100047e6   0x00000002   PAD
    0x100047e8   0x100047e8   0x00000244   Code   RO         5632    i.ip4_reass         ip4_frag.o
    0x10004a2c   0x10004a2c   0x00000078   Code   RO         5490    i.ip4_route         ip4.o
    0x10004aa4   0x10004aa4   0x00000010   Code   RO         5569    i.ip4addr_ntoa      ip4_addr.o
    0x10004ab4   0x10004ab4   0x0000007e   Code   RO         5570    i.ip4addr_ntoa_r    ip4_addr.o
    0x10004b32   0x10004b32   0x0000000c   Code   RO         3616    i.ip_chksum_pseudo  inet_chksum.o
    0x10004b3e   0x10004b3e   0x0000000a   Code   RO         5633    i.ip_frag_alloc_pbuf_custom_ref  ip4_frag.o
    0x10004b48   0x10004b48   0x00000024   Code   RO         5634    i.ip_frag_free_pbuf_custom_ref  ip4_frag.o
    0x10004b6c   0x10004b6c   0x000002a8   Code   RO         5635    i.ip_reass_chain_frag_into_datagram_and_validate  ip4_frag.o
    0x10004e14   0x10004e14   0x0000004c   Code   RO         5636    i.ip_reass_dequeue_datagram  ip4_frag.o
    0x10004e60   0x10004e60   0x00000058   Code   RO         5637    i.ip_reass_enqueue_new_datagram  ip4_frag.o
    0x10004eb8   0x10004eb8   0x00000120   Code   RO         5638    i.ip_reass_free_complete_datagram  ip4_frag.o
    0x10004fd8   0x10004fd8   0x00000094   Code   RO         5639    i.ip_reass_remove_oldest_datagram  ip4_frag.o
    0x1000506c   0x1000506c   0x00000030   Code   RO         5640    i.ip_reass_tmr      ip4_frag.o
    0x1000509c   0x1000509c   0x0000002c   Code   RO         5641    i.ipfrag_free_pbuf_custom  ip4_frag.o
    0x100050c8   0x100050c8   0x00000026   Code   RO         6218    i.ld_clust          ff.o
    0x100050ee   0x100050ee   0x00000018   Code   RO         6219    i.ld_dword          ff.o
    0x10005106   0x10005106   0x0000000c   Code   RO         6220    i.ld_word           ff.o
    0x10005112   0x10005112   0x00000002   PAD
    0x10005114   0x10005114   0x0000010c   Code   RO         5743    i.low_level_init    ethernetif.o
    0x10005220   0x10005220   0x00000078   Code   RO         5744    i.low_level_input   ethernetif.o
    0x10005298   0x10005298   0x00000060   Code   RO         5745    i.low_level_output  ethernetif.o
    0x100052f8   0x100052f8   0x00000090   Code   RO         3029    i.lwip_bind         sockets.o
    0x10005388   0x10005388   0x00000080   Code   RO         3030    i.lwip_close        sockets.o
    0x10005408   0x10005408   0x00000040   Code   RO         4968    i.lwip_cyclic_timer  timeouts.o
    0x10005448   0x10005448   0x0000001c   Code   RO         3546    i.lwip_htonl        def.o
    0x10005464   0x10005464   0x0000000a   Code   RO         3547    i.lwip_htons        def.o
    0x1000546e   0x1000546e   0x00000024   Code   RO         3679    i.lwip_init         init.o
    0x10005492   0x10005492   0x00000038   Code   RO         2616    i.lwip_netconn_do_bind  api_msg.o
    0x100054ca   0x100054ca   0x00000002   PAD
    0x100054cc   0x100054cc   0x000000c8   Code   RO         2618    i.lwip_netconn_do_close  api_msg.o
    0x10005594   0x10005594   0x00000330   Code   RO         2619    i.lwip_netconn_do_close_internal  api_msg.o
    0x100058c4   0x100058c4   0x0000015c   Code   RO         2622    i.lwip_netconn_do_delconn  api_msg.o
    0x10005a20   0x10005a20   0x000000a8   Code   RO         2624    i.lwip_netconn_do_getaddr  api_msg.o
    0x10005ac8   0x10005ac8   0x00000040   Code   RO         2625    i.lwip_netconn_do_join_leave_group  api_msg.o
    0x10005b08   0x10005b08   0x00000014   Code   RO         2628    i.lwip_netconn_do_newconn  api_msg.o
    0x10005b1c   0x10005b1c   0x0000003c   Code   RO         2629    i.lwip_netconn_do_recv  api_msg.o
    0x10005b58   0x10005b58   0x00000048   Code   RO         2630    i.lwip_netconn_do_send  api_msg.o
    0x10005ba0   0x10005ba0   0x000000d8   Code   RO         2631    i.lwip_netconn_do_write  api_msg.o
    0x10005c78   0x10005c78   0x0000034c   Code   RO         2632    i.lwip_netconn_do_writemore  api_msg.o
    0x10005fc4   0x10005fc4   0x00000044   Code   RO         2633    i.lwip_netconn_err_to_msg  api_msg.o
    0x10006008   0x10006008   0x00000058   Code   RO         2634    i.lwip_netconn_is_err_msg  api_msg.o
    0x10006060   0x10006060   0x00000190   Code   RO         3046    i.lwip_recv_tcp     sockets.o
    0x100061f0   0x100061f0   0x0000003a   Code   RO         3047    i.lwip_recv_tcp_from  sockets.o
    0x1000622a   0x1000622a   0x00000002   PAD
    0x1000622c   0x1000622c   0x000000d8   Code   RO         3048    i.lwip_recvfrom     sockets.o
    0x10006304   0x10006304   0x0000011c   Code   RO         3049    i.lwip_recvfrom_udp_raw  sockets.o
    0x10006420   0x10006420   0x0000007c   Code   RO         3053    i.lwip_send         sockets.o
    0x1000649c   0x1000649c   0x000000f8   Code   RO         3055    i.lwip_sendto       sockets.o
    0x10006594   0x10006594   0x000000a0   Code   RO         3059    i.lwip_sock_make_addr  sockets.o
    0x10006634   0x10006634   0x00000080   Code   RO         3060    i.lwip_socket       sockets.o
    0x100066b4   0x100066b4   0x00000048   Code   RO         3062    i.lwip_socket_drop_registered_memberships  sockets.o
    0x100066fc   0x100066fc   0x00000058   Code   RO         3618    i.lwip_standard_chksum  inet_chksum.o
    0x10006754   0x10006754   0x00000164   Code   RO         6549    i.main              main.o
    0x100068b8   0x100068b8   0x00000018   Code   RO         6221    i.mem_cmp           ff.o
    0x100068d0   0x100068d0   0x00000012   Code   RO         6222    i.mem_cpy           ff.o
    0x100068e2   0x100068e2   0x00000002   PAD
    0x100068e4   0x100068e4   0x00000144   Code   RO         3765    i.mem_free          mem.o
    0x10006a28   0x10006a28   0x00000064   Code   RO         3766    i.mem_init          mem.o
    0x10006a8c   0x10006a8c   0x00000050   Code   RO         3767    i.mem_link_valid    mem.o
    0x10006adc   0x10006adc   0x000001dc   Code   RO         3768    i.mem_malloc        mem.o
    0x10006cb8   0x10006cb8   0x0000000c   Code   RO         6223    i.mem_set           ff.o
    0x10006cc4   0x10006cc4   0x00000010   Code   RO         3769    i.mem_to_ptr        mem.o
    0x10006cd4   0x10006cd4   0x0000019c   Code   RO         3770    i.mem_trim          mem.o
    0x10006e70   0x10006e70   0x00000040   Code   RO         3834    i.memp_free         memp.o
    0x10006eb0   0x10006eb0   0x0000001c   Code   RO         3836    i.memp_init         memp.o
    0x10006ecc   0x10006ecc   0x0000002a   Code   RO         3837    i.memp_init_pool    memp.o
    0x10006ef6   0x10006ef6   0x00000002   PAD
    0x10006ef8   0x10006ef8   0x00000040   Code   RO         3838    i.memp_malloc       memp.o
    0x10006f38   0x10006f38   0x0000027c   Code   RO         6224    i.mount_volume      ff.o
    0x100071b4   0x100071b4   0x00000036   Code   RO         6225    i.move_window       ff.o
    0x100071ea   0x100071ea   0x00000022   Code   RO         2913    i.netbuf_delete     netbuf.o
    0x1000720c   0x1000720c   0x00000040   Code   RO         2915    i.netbuf_free       netbuf.o
    0x1000724c   0x1000724c   0x00000064   Code   RO         2918    i.netbuf_ref        netbuf.o
    0x100072b0   0x100072b0   0x000000b8   Code   RO         2635    i.netconn_alloc     api_msg.o
    0x10007368   0x10007368   0x00000018   Code   RO         2336    i.netconn_apimsg    api_lib.o
    0x10007380   0x10007380   0x00000054   Code   RO         2337    i.netconn_bind      api_lib.o
    0x100073d4   0x100073d4   0x0000004c   Code   RO         2340    i.netconn_close_shutdown  api_lib.o
    0x10007420   0x10007420   0x00000024   Code   RO         2342    i.netconn_delete    api_lib.o
    0x10007444   0x10007444   0x000000a0   Code   RO         2636    i.netconn_drain     api_msg.o
    0x100074e4   0x100074e4   0x00000020   Code   RO         2344    i.netconn_err       api_lib.o
    0x10007504   0x10007504   0x000000f8   Code   RO         2637    i.netconn_free      api_msg.o
    0x100075fc   0x100075fc   0x000000ac   Code   RO         2345    i.netconn_getaddr   api_lib.o
    0x100076a8   0x100076a8   0x00000068   Code   RO         2346    i.netconn_join_leave_group  api_lib.o
    0x10007710   0x10007710   0x00000108   Code   RO         2349    i.netconn_new_with_proto_and_callback  api_lib.o
    0x10007818   0x10007818   0x00000028   Code   RO         2350    i.netconn_prepare_delete  api_lib.o
    0x10007840   0x10007840   0x0000014c   Code   RO         2352    i.netconn_recv_data  api_lib.o
    0x1000798c   0x1000798c   0x000000a8   Code   RO         2353    i.netconn_recv_data_tcp  api_lib.o
    0x10007a34   0x10007a34   0x00000044   Code   RO         2355    i.netconn_recv_tcp_pbuf_flags  api_lib.o
    0x10007a78   0x10007a78   0x0000004c   Code   RO         2357    i.netconn_recv_udp_raw_netbuf_flags  api_lib.o
    0x10007ac4   0x10007ac4   0x00000044   Code   RO         2358    i.netconn_send      api_lib.o
    0x10007b08   0x10007b08   0x0000004c   Code   RO         2361    i.netconn_tcp_recvd  api_lib.o
    0x10007b54   0x10007b54   0x00000054   Code   RO         2362    i.netconn_tcp_recvd_msg  api_lib.o
    0x10007ba8   0x10007ba8   0x00000014   Code   RO         2363    i.netconn_write_partly  api_lib.o
    0x10007bbc   0x10007bbc   0x00000150   Code   RO         2364    i.netconn_write_vectors_partly  api_lib.o
    0x10007d0c   0x10007d0c   0x00000170   Code   RO         3970    i.netif_add         netif.o
    0x10007e7c   0x10007e7c   0x00000018   Code   RO         3972    i.netif_do_ip_addr_changed  netif.o
    0x10007e94   0x10007e94   0x00000018   Code   RO         3973    i.netif_do_set_gw   netif.o
    0x10007eac   0x10007eac   0x00000060   Code   RO         3974    i.netif_do_set_ipaddr  netif.o
    0x10007f0c   0x10007f0c   0x00000018   Code   RO         3975    i.netif_do_set_netmask  netif.o
    0x10007f24   0x10007f24   0x00000028   Code   RO         3977    i.netif_get_by_index  netif.o
    0x10007f4c   0x10007f4c   0x00000002   Code   RO         3979    i.netif_init        netif.o
    0x10007f4e   0x10007f4e   0x00000002   PAD
    0x10007f50   0x10007f50   0x00000068   Code   RO         3981    i.netif_issue_reports  netif.o
    0x10007fb8   0x10007fb8   0x00000006   Code   RO         3983    i.netif_null_output_ip4  netif.o
    0x10007fbe   0x10007fbe   0x00000002   PAD
    0x10007fc0   0x10007fc0   0x0000006c   Code   RO         3985    i.netif_set_addr    netif.o
    0x1000802c   0x1000802c   0x0000000c   Code   RO         3986    i.netif_set_default  netif.o
    0x10008038   0x10008038   0x0000004c   Code   RO         3987    i.netif_set_down    netif.o
    0x10008084   0x10008084   0x00000044   Code   RO         3993    i.netif_set_up      netif.o
    0x100080c8   0x100080c8   0x0000000a   Code   RO         4145    i.pbuf_add_header   pbuf.o
    0x100080d2   0x100080d2   0x00000002   PAD
    0x100080d4   0x100080d4   0x00000078   Code   RO         4147    i.pbuf_add_header_impl  pbuf.o
    0x1000814c   0x1000814c   0x000001cc   Code   RO         4148    i.pbuf_alloc        pbuf.o
    0x10008318   0x10008318   0x00000050   Code   RO         4149    i.pbuf_alloc_reference  pbuf.o
    0x10008368   0x10008368   0x00000038   Code   RO         4150    i.pbuf_alloced_custom  pbuf.o
    0x100083a0   0x100083a0   0x000000c8   Code   RO         4151    i.pbuf_cat          pbuf.o
    0x10008468   0x10008468   0x00000012   Code   RO         4152    i.pbuf_chain        pbuf.o
    0x1000847a   0x1000847a   0x00000012   Code   RO         4153    i.pbuf_clen         pbuf.o
    0x1000848c   0x1000848c   0x00000044   Code   RO         4154    i.pbuf_clone        pbuf.o
    0x100084d0   0x100084d0   0x00000174   Code   RO         4156    i.pbuf_copy         pbuf.o
    0x10008644   0x10008644   0x000000c0   Code   RO         4157    i.pbuf_copy_partial  pbuf.o
    0x10008704   0x10008704   0x000000f8   Code   RO         4159    i.pbuf_free         pbuf.o
    0x100087fc   0x100087fc   0x00000036   Code   RO         4160    i.pbuf_free_header  pbuf.o
    0x10008832   0x10008832   0x0000000a   Code   RO         4164    i.pbuf_header_force  pbuf.o
    0x1000883c   0x1000883c   0x00000014   Code   RO         4165    i.pbuf_header_impl  pbuf.o
    0x10008850   0x10008850   0x0000001c   Code   RO         4166    i.pbuf_init_alloced_pbuf  pbuf.o
    0x1000886c   0x1000886c   0x000000c4   Code   RO         4170    i.pbuf_realloc      pbuf.o
    0x10008930   0x10008930   0x00000038   Code   RO         4171    i.pbuf_ref          pbuf.o
    0x10008968   0x10008968   0x0000007c   Code   RO         4172    i.pbuf_remove_header  pbuf.o
    0x100089e4   0x100089e4   0x0000009c   Code   RO         2638    i.pcb_new           api_msg.o
    0x10008a80   0x10008a80   0x00000130   Code   RO         3771    i.plug_holes        mem.o
    0x10008bb0   0x10008bb0   0x0000007c   Code   RO         2639    i.poll_tcp          api_msg.o
    0x10008c2c   0x10008c2c   0x00000016   Code   RO          800    i.print_dec         pango_m1_printk.o
    0x10008c42   0x10008c42   0x00000002   PAD
    0x10008c44   0x10008c44   0x00000048   Code   RO          801    i.print_flt         pango_m1_printk.o
    0x10008c8c   0x10008c8c   0x00000016   Code   RO          803    i.print_hex2        pango_m1_printk.o
    0x10008ca2   0x10008ca2   0x00000002   PAD
    0x10008ca4   0x10008ca4   0x00000034   Code   RO          804    i.print_num         pango_m1_printk.o
    0x10008cd8   0x10008cd8   0x00000014   Code   RO          805    i.print_str         pango_m1_printk.o
    0x10008cec   0x10008cec   0x000000de   Code   RO          806    i.printk            pango_m1_printk.o
    0x10008dca   0x10008dca   0x00000002   PAD
    0x10008dcc   0x10008dcc   0x00000058   Code   RO         1791    i.prvAddCurrentTaskToDelayedList  tasks.o
    0x10008e24   0x10008e24   0x00000078   Code   RO         1792    i.prvAddNewTaskToReadyList  tasks.o
    0x10008e9c   0x10008e9c   0x00000050   Code   RO         2096    i.prvCheckForValidListAndQueue  timers.o
    0x10008eec   0x10008eec   0x00000058   Code   RO         1793    i.prvCheckTasksWaitingTermination  tasks.o
    0x10008f44   0x10008f44   0x00000024   Code   RO         1576    i.prvCopyDataFromQueue  queue.o
    0x10008f68   0x10008f68   0x00000070   Code   RO         1577    i.prvCopyDataToQueue  queue.o
    0x10008fd8   0x10008fd8   0x00000012   Code   RO         1794    i.prvDeleteTCB      tasks.o
    0x10008fea   0x10008fea   0x00000002   PAD
    0x10008fec   0x10008fec   0x00000024   Code   RO         2097    i.prvGetNextExpireTime  timers.o
    0x10009010   0x10009010   0x0000004c   Code   RO         2284    i.prvHeapInit       heap_4.o
    0x1000905c   0x1000905c   0x00000018   Code   RO         1795    i.prvIdleTask       tasks.o
    0x10009074   0x10009074   0x0000001a   Code   RO         1578    i.prvInitialiseMutex  queue.o
    0x1000908e   0x1000908e   0x00000020   Code   RO         1579    i.prvInitialiseNewQueue  queue.o
    0x100090ae   0x100090ae   0x0000008e   Code   RO         1796    i.prvInitialiseNewTask  tasks.o
    0x1000913c   0x1000913c   0x00000054   Code   RO         1797    i.prvInitialiseTaskLists  tasks.o
    0x10009190   0x10009190   0x00000054   Code   RO         2285    i.prvInsertBlockIntoFreeList  heap_4.o
    0x100091e4   0x100091e4   0x00000040   Code   RO         2099    i.prvInsertTimerInActiveList  timers.o
    0x10009224   0x10009224   0x0000001c   Code   RO         1580    i.prvIsQueueEmpty   queue.o
    0x10009240   0x10009240   0x0000001e   Code   RO         1581    i.prvIsQueueFull    queue.o
    0x1000925e   0x1000925e   0x0000005c   Code   RO         1582    i.prvNotifyQueueSetContainer  queue.o
    0x100092ba   0x100092ba   0x00000002   PAD
    0x100092bc   0x100092bc   0x00000050   Code   RO         2100    i.prvProcessExpiredTimer  timers.o
    0x1000930c   0x1000930c   0x000000a8   Code   RO         2101    i.prvProcessReceivedCommands  timers.o
    0x100093b4   0x100093b4   0x00000064   Code   RO         2102    i.prvProcessTimerOrBlockTask  timers.o
    0x10009418   0x10009418   0x00000024   Code   RO         1798    i.prvResetNextTaskUnblockTime  tasks.o
    0x1000943c   0x1000943c   0x0000002c   Code   RO         2103    i.prvSampleTimeNow  timers.o
    0x10009468   0x10009468   0x00000028   Code   RO         2217    i.prvSetupTimerInterrupt  port.o
    0x10009490   0x10009490   0x00000064   Code   RO         2104    i.prvSwitchTimerLists  timers.o
    0x100094f4   0x100094f4   0x00000014   Code   RO         2218    i.prvTaskExitError  port.o
    0x10009508   0x10009508   0x00000014   Code   RO         2105    i.prvTimerTask      timers.o
    0x1000951c   0x1000951c   0x00000088   Code   RO         1583    i.prvUnlockQueue    queue.o
    0x100095a4   0x100095a4   0x0000000c   Code   RO         3772    i.ptr_to_mem        mem.o
    0x100095b0   0x100095b0   0x0000001c   Code   RO          807    i.put_char          pango_m1_printk.o
    0x100095cc   0x100095cc   0x000000fe   Code   RO         6226    i.put_fat           ff.o
    0x100096ca   0x100096ca   0x00000002   PAD
    0x100096cc   0x100096cc   0x000000bc   Code   RO         2286    i.pvPortMalloc      heap_4.o
    0x10009788   0x10009788   0x00000018   Code   RO         1800    i.pvTaskIncrementMutexHeldCount  tasks.o
    0x100097a0   0x100097a0   0x00000020   Code   RO         2219    i.pxPortInitialiseStack  port.o
    0x100097c0   0x100097c0   0x00000120   Code   RO         2640    i.recv_tcp          api_msg.o
    0x100098e0   0x100098e0   0x00000120   Code   RO         2641    i.recv_udp          api_msg.o
    0x10009a00   0x10009a00   0x00000076   Code   RO         6227    i.remove_chain      ff.o
    0x10009a76   0x10009a76   0x00000002   PAD
    0x10009a78   0x10009a78   0x00000090   Code   RO         3071    i.select_check_waiters  sockets.o
    0x10009b08   0x10009b08   0x0000007c   Code   RO         2642    i.sent_tcp          api_msg.o
    0x10009b84   0x10009b84   0x00000040   Code   RO         2643    i.setup_tcp         api_msg.o
    0x10009bc4   0x10009bc4   0x00000024   Code   RO         6228    i.st_clust          ff.o
    0x10009be8   0x10009be8   0x00000010   Code   RO         6229    i.st_dword          ff.o
    0x10009bf8   0x10009bf8   0x00000008   Code   RO         6230    i.st_word           ff.o
    0x10009c00   0x10009c00   0x00000098   Code   RO         6231    i.sync_fs           ff.o
    0x10009c98   0x10009c98   0x0000004a   Code   RO         6232    i.sync_window       ff.o
    0x10009ce2   0x10009ce2   0x0000004c   Code   RO         5799    i.sys_arch_mbox_fetch  sys_arch.o
    0x10009d2e   0x10009d2e   0x00000020   Code   RO         5800    i.sys_arch_mbox_tryfetch  sys_arch.o
    0x10009d4e   0x10009d4e   0x0000000a   Code   RO         5801    i.sys_arch_protect  sys_arch.o
    0x10009d58   0x10009d58   0x00000048   Code   RO         5802    i.sys_arch_sem_wait  sys_arch.o
    0x10009da0   0x10009da0   0x00000008   Code   RO         5804    i.sys_arch_unprotect  sys_arch.o
    0x10009da8   0x10009da8   0x00000040   Code   RO         4969    i.sys_check_timeouts  timeouts.o
    0x10009de8   0x10009de8   0x00000024   Code   RO         5805    i.sys_init          sys_arch.o
    0x10009e0c   0x10009e0c   0x00000012   Code   RO         5807    i.sys_mbox_free     sys_arch.o
    0x10009e1e   0x10009e1e   0x0000001e   Code   RO         5808    i.sys_mbox_new      sys_arch.o
    0x10009e3c   0x10009e3c   0x00000006   Code   RO         5810    i.sys_mbox_set_invalid  sys_arch.o
    0x10009e42   0x10009e42   0x0000001c   Code   RO         5811    i.sys_mbox_trypost  sys_arch.o
    0x10009e5e   0x10009e5e   0x0000000e   Code   RO         5813    i.sys_mbox_valid    sys_arch.o
    0x10009e6c   0x10009e6c   0x00000010   Code   RO         5815    i.sys_mutex_lock    sys_arch.o
    0x10009e7c   0x10009e7c   0x0000003c   Code   RO         5816    i.sys_mutex_new     sys_arch.o
    0x10009eb8   0x10009eb8   0x00000010   Code   RO         5818    i.sys_mutex_unlock  sys_arch.o
    0x10009ec8   0x10009ec8   0x00000010   Code   RO         5819    i.sys_now           sys_arch.o
    0x10009ed8   0x10009ed8   0x00000010   Code   RO         5820    i.sys_sem_free      sys_arch.o
    0x10009ee8   0x10009ee8   0x0000005c   Code   RO         5821    i.sys_sem_new       sys_arch.o
    0x10009f44   0x10009f44   0x00000006   Code   RO         5822    i.sys_sem_set_invalid  sys_arch.o
    0x10009f4a   0x10009f4a   0x00000002   PAD
    0x10009f4c   0x10009f4c   0x0000003c   Code   RO         5823    i.sys_sem_signal    sys_arch.o
    0x10009f88   0x10009f88   0x0000000e   Code   RO         5824    i.sys_sem_valid     sys_arch.o
    0x10009f96   0x10009f96   0x00000002   PAD
    0x10009f98   0x10009f98   0x0000005c   Code   RO         5825    i.sys_thread_new    sys_arch.o
    0x10009ff4   0x10009ff4   0x00000060   Code   RO         4971    i.sys_timeout       timeouts.o
    0x1000a054   0x1000a054   0x000000a4   Code   RO         4972    i.sys_timeout_abs   timeouts.o
    0x1000a0f8   0x1000a0f8   0x00000024   Code   RO         4973    i.sys_timeouts_init  timeouts.o
    0x1000a11c   0x1000a11c   0x0000002c   Code   RO         4974    i.sys_timeouts_sleeptime  timeouts.o
    0x1000a148   0x1000a148   0x0000012c   Code   RO         4411    i.tcp_abandon       tcp.o
    0x1000a274   0x1000a274   0x0000000a   Code   RO         4412    i.tcp_abort         tcp.o
    0x1000a27e   0x1000a27e   0x0000000e   Code   RO         4413    i.tcp_accept        tcp.o
    0x1000a28c   0x1000a28c   0x000000c4   Code   RO         4415    i.tcp_alloc         tcp.o
    0x1000a350   0x1000a350   0x00000008   Code   RO         4416    i.tcp_arg           tcp.o
    0x1000a358   0x1000a358   0x00000100   Code   RO         4417    i.tcp_bind          tcp.o
    0x1000a458   0x1000a458   0x00000040   Code   RO         4419    i.tcp_close         tcp.o
    0x1000a498   0x1000a498   0x00000154   Code   RO         4420    i.tcp_close_shutdown  tcp.o
    0x1000a5ec   0x1000a5ec   0x00000080   Code   RO         4421    i.tcp_close_shutdown_fin  tcp.o
    0x1000a66c   0x1000a66c   0x00000120   Code   RO         4812    i.tcp_create_segment  tcp_out.o
    0x1000a78c   0x1000a78c   0x00000060   Code   RO         4424    i.tcp_eff_send_mss_netif  tcp.o
    0x1000a7ec   0x1000a7ec   0x000001c4   Code   RO         4813    i.tcp_enqueue_flags  tcp_out.o
    0x1000a9b0   0x1000a9b0   0x00000044   Code   RO         4425    i.tcp_err           tcp.o
    0x1000a9f4   0x1000a9f4   0x0000006c   Code   RO         4426    i.tcp_fasttmr       tcp.o
    0x1000aa60   0x1000aa60   0x00000030   Code   RO         4427    i.tcp_free          tcp.o
    0x1000aa90   0x1000aa90   0x000000d8   Code   RO         4732    i.tcp_free_acked_segments  tcp_in.o
    0x1000ab68   0x1000ab68   0x00000038   Code   RO         4428    i.tcp_free_listen   tcp.o
    0x1000aba0   0x1000aba0   0x00000028   Code   RO         4733    i.tcp_get_next_optbyte  tcp_in.o
    0x1000abc8   0x1000abc8   0x00000028   Code   RO         4429    i.tcp_handle_closepend  tcp.o
    0x1000abf0   0x1000abf0   0x0000001c   Code   RO         4430    i.tcp_init          tcp.o
    0x1000ac0c   0x1000ac0c   0x0000066c   Code   RO         4734    i.tcp_input         tcp_in.o
    0x1000b278   0x1000b278   0x00000074   Code   RO         4735    i.tcp_input_delayed_close  tcp_in.o
    0x1000b2ec   0x1000b2ec   0x00000068   Code   RO         4814    i.tcp_keepalive     tcp_out.o
    0x1000b354   0x1000b354   0x0000004c   Code   RO         4431    i.tcp_kill_prio     tcp.o
    0x1000b3a0   0x1000b3a0   0x00000058   Code   RO         4432    i.tcp_kill_state    tcp.o
    0x1000b3f8   0x1000b3f8   0x00000030   Code   RO         4433    i.tcp_kill_timewait  tcp.o
    0x1000b428   0x1000b428   0x0000005c   Code   RO         4434    i.tcp_listen_closed  tcp.o
    0x1000b484   0x1000b484   0x00000144   Code   RO         4736    i.tcp_listen_input  tcp_in.o
    0x1000b5c8   0x1000b5c8   0x0000004c   Code   RO         4437    i.tcp_netif_ip_addr_changed  tcp.o
    0x1000b614   0x1000b614   0x00000064   Code   RO         4438    i.tcp_netif_ip_addr_changed_pcblist  tcp.o
    0x1000b678   0x1000b678   0x0000000a   Code   RO         4440    i.tcp_new_ip_type   tcp.o
    0x1000b682   0x1000b682   0x00000002   PAD
    0x1000b684   0x1000b684   0x00000060   Code   RO         4441    i.tcp_new_port      tcp.o
    0x1000b6e4   0x1000b6e4   0x00000038   Code   RO         4442    i.tcp_next_iss      tcp.o
    0x1000b71c   0x1000b71c   0x000002ec   Code   RO         4815    i.tcp_output        tcp_out.o
    0x1000ba08   0x1000ba08   0x0000006c   Code   RO         4816    i.tcp_output_alloc_header  tcp_out.o
    0x1000ba74   0x1000ba74   0x000000c0   Code   RO         4817    i.tcp_output_alloc_header_common  tcp_out.o
    0x1000bb34   0x1000bb34   0x00000098   Code   RO         4818    i.tcp_output_control_segment  tcp_out.o
    0x1000bbcc   0x1000bbcc   0x0000006c   Code   RO         4819    i.tcp_output_fill_options  tcp_out.o
    0x1000bc38   0x1000bc38   0x0000018c   Code   RO         4820    i.tcp_output_segment  tcp_out.o
    0x1000bdc4   0x1000bdc4   0x00000048   Code   RO         4821    i.tcp_output_segment_busy  tcp_out.o
    0x1000be0c   0x1000be0c   0x00000098   Code   RO         4737    i.tcp_parseopt      tcp_in.o
    0x1000bea4   0x1000bea4   0x000000e4   Code   RO         4822    i.tcp_pbuf_prealloc  tcp_out.o
    0x1000bf88   0x1000bf88   0x00000064   Code   RO         4443    i.tcp_pcb_purge     tcp.o
    0x1000bfec   0x1000bfec   0x000000f4   Code   RO         4444    i.tcp_pcb_remove    tcp.o
    0x1000c0e0   0x1000c0e0   0x00000064   Code   RO         4445    i.tcp_poll          tcp.o
    0x1000c144   0x1000c144   0x0000050c   Code   RO         4738    i.tcp_process       tcp_in.o
    0x1000c650   0x1000c650   0x000000b4   Code   RO         4446    i.tcp_process_refused_data  tcp.o
    0x1000c704   0x1000c704   0x0000054c   Code   RO         4739    i.tcp_receive       tcp_in.o
    0x1000cc50   0x1000cc50   0x00000044   Code   RO         4447    i.tcp_recv          tcp.o
    0x1000cc94   0x1000cc94   0x00000054   Code   RO         4448    i.tcp_recv_null     tcp.o
    0x1000cce8   0x1000cce8   0x0000009c   Code   RO         4449    i.tcp_recved        tcp.o
    0x1000cd84   0x1000cd84   0x0000004c   Code   RO         4450    i.tcp_remove_listener  tcp.o
    0x1000cdd0   0x1000cdd0   0x00000098   Code   RO         4823    i.tcp_rexmit        tcp_out.o
    0x1000ce68   0x1000ce68   0x00000078   Code   RO         4824    i.tcp_rexmit_fast   tcp_out.o
    0x1000cee0   0x1000cee0   0x0000003c   Code   RO         4825    i.tcp_rexmit_rto    tcp_out.o
    0x1000cf1c   0x1000cf1c   0x00000048   Code   RO         4826    i.tcp_rexmit_rto_commit  tcp_out.o
    0x1000cf64   0x1000cf64   0x000000b0   Code   RO         4827    i.tcp_rexmit_rto_prepare  tcp_out.o
    0x1000d014   0x1000d014   0x0000001a   Code   RO         4828    i.tcp_route         tcp_out.o
    0x1000d02e   0x1000d02e   0x00000002   PAD
    0x1000d030   0x1000d030   0x0000009c   Code   RO         4829    i.tcp_rst           tcp_out.o
    0x1000d0cc   0x1000d0cc   0x0000001c   Code   RO         4451    i.tcp_seg_free      tcp.o
    0x1000d0e8   0x1000d0e8   0x00000012   Code   RO         4452    i.tcp_segs_free     tcp.o
    0x1000d0fa   0x1000d0fa   0x00000002   PAD
    0x1000d0fc   0x1000d0fc   0x0000008c   Code   RO         4830    i.tcp_send_empty_ack  tcp_out.o
    0x1000d188   0x1000d188   0x0000007c   Code   RO         4831    i.tcp_send_fin      tcp_out.o
    0x1000d204   0x1000d204   0x00000044   Code   RO         4453    i.tcp_sent          tcp.o
    0x1000d248   0x1000d248   0x00000090   Code   RO         4455    i.tcp_shutdown      tcp.o
    0x1000d2d8   0x1000d2d8   0x0000054c   Code   RO         4456    i.tcp_slowtmr       tcp.o
    0x1000d824   0x1000d824   0x000001d4   Code   RO         4832    i.tcp_split_unsent_seg  tcp_out.o
    0x1000d9f8   0x1000d9f8   0x00000038   Code   RO         4976    i.tcp_timer_needed  timeouts.o
    0x1000da30   0x1000da30   0x000000a4   Code   RO         4740    i.tcp_timewait_input  tcp_in.o
    0x1000dad4   0x1000dad4   0x0000001c   Code   RO         4458    i.tcp_tmr           tcp.o
    0x1000daf0   0x1000daf0   0x00000010   Code   RO         4741    i.tcp_trigger_input_pcb_close  tcp_in.o
    0x1000db00   0x1000db00   0x00000094   Code   RO         4460    i.tcp_update_rcv_ann_wnd  tcp.o
    0x1000db94   0x1000db94   0x00000654   Code   RO         4833    i.tcp_write         tcp_out.o
    0x1000e1e8   0x1000e1e8   0x00000118   Code   RO         4834    i.tcp_write_checks  tcp_out.o
    0x1000e300   0x1000e300   0x00000108   Code   RO         4835    i.tcp_zero_window_probe  tcp_out.o
    0x1000e408   0x1000e408   0x000000a0   Code   RO         3363    i.tcpip_init        tcpip.o
    0x1000e4a8   0x1000e4a8   0x00000068   Code   RO         3364    i.tcpip_inpkt       tcpip.o
    0x1000e510   0x1000e510   0x00000024   Code   RO         3365    i.tcpip_input       tcpip.o
    0x1000e534   0x1000e534   0x00000020   Code   RO         3366    i.tcpip_send_msg_wait_sem  tcpip.o
    0x1000e554   0x1000e554   0x00000038   Code   RO         4977    i.tcpip_tcp_timer   timeouts.o
    0x1000e58c   0x1000e58c   0x0000005c   Code   RO         3367    i.tcpip_thread      tcpip.o
    0x1000e5e8   0x1000e5e8   0x0000006c   Code   RO         3368    i.tcpip_thread_handle_msg  tcpip.o
    0x1000e654   0x1000e654   0x00000058   Code   RO         3369    i.tcpip_timeouts_mbox_fetch  tcpip.o
    0x1000e6ac   0x1000e6ac   0x00000014   Code   RO         3072    i.tryget_socket     sockets.o
    0x1000e6c0   0x1000e6c0   0x00000008   Code   RO         3073    i.tryget_socket_unconn  sockets.o
    0x1000e6c8   0x1000e6c8   0x00000014   Code   RO         3075    i.tryget_socket_unconn_nouse  sockets.o
    0x1000e6dc   0x1000e6dc   0x000000c0   Code   RO         5056    i.udp_bind          udp.o
    0x1000e79c   0x1000e79c   0x0000001c   Code   RO         5060    i.udp_init          udp.o
    0x1000e7b8   0x1000e7b8   0x0000026c   Code   RO         5061    i.udp_input         udp.o
    0x1000ea24   0x1000ea24   0x000000c0   Code   RO         5062    i.udp_input_local_match  udp.o
    0x1000eae4   0x1000eae4   0x00000034   Code   RO         5063    i.udp_netif_ip_addr_changed  udp.o
    0x1000eb18   0x1000eb18   0x00000020   Code   RO         5064    i.udp_new           udp.o
    0x1000eb38   0x1000eb38   0x00000008   Code   RO         5065    i.udp_new_ip_type   udp.o
    0x1000eb40   0x1000eb40   0x00000048   Code   RO         5066    i.udp_new_port      udp.o
    0x1000eb88   0x1000eb88   0x0000002c   Code   RO         5067    i.udp_recv          udp.o
    0x1000ebb4   0x1000ebb4   0x00000058   Code   RO         5068    i.udp_remove        udp.o
    0x1000ec0c   0x1000ec0c   0x0000005c   Code   RO         5069    i.udp_send          udp.o
    0x1000ec68   0x1000ec68   0x000000f0   Code   RO         5070    i.udp_sendto        udp.o
    0x1000ed58   0x1000ed58   0x000000e4   Code   RO         5071    i.udp_sendto_if     udp.o
    0x1000ee3c   0x1000ee3c   0x00000244   Code   RO         5072    i.udp_sendto_if_src  udp.o
    0x1000f080   0x1000f080   0x00000028   Code   RO         6965    i.udpecho_init      udp_echo.o
    0x1000f0a8   0x1000f0a8   0x00000120   Code   RO         6966    i.udpecho_thread    udp_echo.o
    0x1000f1c8   0x1000f1c8   0x00000024   Code   RO         1539    i.uxListRemove      list.o
    0x1000f1ec   0x1000f1ec   0x0000001a   Code   RO         1584    i.uxQueueMessagesWaiting  queue.o
    0x1000f206   0x1000f206   0x00000002   Code   RO         6550    i.vApplicationMallocFailedHook  main.o
    0x1000f208   0x1000f208   0x00000002   Code   RO         6551    i.vApplicationStackOverflowHook  main.o
    0x1000f20a   0x1000f20a   0x00000002   Code   RO         6552    i.vApplicationTickHook  main.o
    0x1000f20c   0x1000f20c   0x00000016   Code   RO         1540    i.vListInitialise   list.o
    0x1000f222   0x1000f222   0x00000006   Code   RO         1541    i.vListInitialiseItem  list.o
    0x1000f228   0x1000f228   0x00000030   Code   RO         1542    i.vListInsert       list.o
    0x1000f258   0x1000f258   0x00000018   Code   RO         1543    i.vListInsertEnd    list.o
    0x1000f270   0x1000f270   0x00000018   Code   RO         2221    i.vPortEnterCritical  port.o
    0x1000f288   0x1000f288   0x0000001c   Code   RO         2222    i.vPortExitCritical  port.o
    0x1000f2a4   0x1000f2a4   0x00000044   Code   RO         2287    i.vPortFree         heap_4.o
    0x1000f2e8   0x1000f2e8   0x00000018   Code   RO         2223    i.vPortYield        port.o
    0x1000f300   0x1000f300   0x00000024   Code   RO         1587    i.vQueueAddToRegistry  queue.o
    0x1000f324   0x1000f324   0x0000001a   Code   RO         1588    i.vQueueDelete      queue.o
    0x1000f33e   0x1000f33e   0x00000002   PAD
    0x1000f340   0x1000f340   0x00000028   Code   RO         1589    i.vQueueUnregisterQueue  queue.o
    0x1000f368   0x1000f368   0x00000046   Code   RO         1590    i.vQueueWaitForMessageRestricted  queue.o
    0x1000f3ae   0x1000f3ae   0x00000002   PAD
    0x1000f3b0   0x1000f3b0   0x00000034   Code   RO         1806    i.vTaskDelay        tasks.o
    0x1000f3e4   0x1000f3e4   0x00000078   Code   RO         1808    i.vTaskDelete       tasks.o
    0x1000f45c   0x1000f45c   0x0000000c   Code   RO         1810    i.vTaskMissedYield  tasks.o
    0x1000f468   0x1000f468   0x00000024   Code   RO         1812    i.vTaskPlaceOnEventList  tasks.o
    0x1000f48c   0x1000f48c   0x00000030   Code   RO         1813    i.vTaskPlaceOnEventListRestricted  tasks.o
    0x1000f4bc   0x1000f4bc   0x00000068   Code   RO         1815    i.vTaskPriorityInherit  tasks.o
    0x1000f524   0x1000f524   0x00000018   Code   RO         1818    i.vTaskSetTimeOutState  tasks.o
    0x1000f53c   0x1000f53c   0x00000054   Code   RO         1819    i.vTaskStartScheduler  tasks.o
    0x1000f590   0x1000f590   0x00000010   Code   RO         1821    i.vTaskSuspendAll   tasks.o
    0x1000f5a0   0x1000f5a0   0x00000084   Code   RO         1822    i.vTaskSwitchContext  tasks.o
    0x1000f624   0x1000f624   0x0000003c   Code   RO         6233    i.validate          ff.o
    0x1000f660   0x1000f660   0x00000030   Code   RO         2224    i.xPortStartScheduler  port.o
    0x1000f690   0x1000f690   0x00000024   Code   RO         1592    i.xQueueCreateCountingSemaphore  queue.o
    0x1000f6b4   0x1000f6b4   0x00000018   Code   RO         1593    i.xQueueCreateMutex  queue.o
    0x1000f6cc   0x1000f6cc   0x0000003c   Code   RO         1595    i.xQueueGenericCreate  queue.o
    0x1000f708   0x1000f708   0x0000014c   Code   RO         1596    i.xQueueGenericReceive  queue.o
    0x1000f854   0x1000f854   0x00000070   Code   RO         1597    i.xQueueGenericReset  queue.o
    0x1000f8c4   0x1000f8c4   0x00000134   Code   RO         1598    i.xQueueGenericSend  queue.o
    0x1000f9f8   0x1000f9f8   0x000000aa   Code   RO         1599    i.xQueueGenericSendFromISR  queue.o
    0x1000faa2   0x1000faa2   0x00000090   Code   RO         1600    i.xQueueGiveFromISR  queue.o
    0x1000fb32   0x1000fb32   0x00000002   PAD
    0x1000fb34   0x1000fb34   0x00000060   Code   RO         1823    i.xTaskCheckForTimeOut  tasks.o
    0x1000fb94   0x1000fb94   0x0000005c   Code   RO         1824    i.xTaskCreate       tasks.o
    0x1000fbf0   0x1000fbf0   0x00000020   Code   RO         1828    i.xTaskGetSchedulerState  tasks.o
    0x1000fc10   0x1000fc10   0x0000000c   Code   RO         1829    i.xTaskGetTickCount  tasks.o
    0x1000fc1c   0x1000fc1c   0x000000d0   Code   RO         1831    i.xTaskIncrementTick  tasks.o
    0x1000fcec   0x1000fcec   0x00000064   Code   RO         1834    i.xTaskPriorityDisinherit  tasks.o
    0x1000fd50   0x1000fd50   0x0000006c   Code   RO         1835    i.xTaskRemoveFromEventList  tasks.o
    0x1000fdbc   0x1000fdbc   0x000000b0   Code   RO         1837    i.xTaskResumeAll    tasks.o
    0x1000fe6c   0x1000fe6c   0x00000048   Code   RO         2109    i.xTimerCreateTimerTask  timers.o
    0x1000feb4   0x1000feb4   0x00000060   Code   RO         2110    i.xTimerGenericCommand  timers.o
    0x1000ff14   0x1000ff14   0x00000040   Code   RO         6015    i.xchg_spi          pango_sdcard.o
    0x1000ff54   0x1000ff54   0x00000003   Data   RO         2644    .constdata          api_msg.o
    0x1000ff57   0x1000ff57   0x00000001   PAD
    0x1000ff58   0x1000ff58   0x00000044   Data   RO         2835    .constdata          err.o
    0x1000ff9c   0x1000ff9c   0x0000000c   Data   RO         3854    .constdata          memp.o
    0x1000ffa8   0x1000ffa8   0x0000000c   Data   RO         3855    .constdata          memp.o
    0x1000ffb4   0x1000ffb4   0x0000000c   Data   RO         3856    .constdata          memp.o
    0x1000ffc0   0x1000ffc0   0x0000000c   Data   RO         3857    .constdata          memp.o
    0x1000ffcc   0x1000ffcc   0x0000000c   Data   RO         3858    .constdata          memp.o
    0x1000ffd8   0x1000ffd8   0x0000000c   Data   RO         3859    .constdata          memp.o
    0x1000ffe4   0x1000ffe4   0x0000000c   Data   RO         3860    .constdata          memp.o
    0x1000fff0   0x1000fff0   0x0000000c   Data   RO         3861    .constdata          memp.o
    0x1000fffc   0x1000fffc   0x0000000c   Data   RO         3862    .constdata          memp.o
    0x10010008   0x10010008   0x0000000c   Data   RO         3863    .constdata          memp.o
    0x10010014   0x10010014   0x0000000c   Data   RO         3864    .constdata          memp.o
    0x10010020   0x10010020   0x0000000c   Data   RO         3865    .constdata          memp.o
    0x1001002c   0x1001002c   0x0000000c   Data   RO         3866    .constdata          memp.o
    0x10010038   0x10010038   0x0000000c   Data   RO         3867    .constdata          memp.o
    0x10010044   0x10010044   0x00000038   Data   RO         3868    .constdata          memp.o
    0x1001007c   0x1001007c   0x00000054   Data   RO         4461    .constdata          tcp.o
    0x100100d0   0x100100d0   0x00000020   Data   RO         4978    .constdata          timeouts.o
    0x100100f0   0x100100f0   0x00000004   Data   RO         5573    .constdata          ip4_addr.o
    0x100100f4   0x100100f4   0x00000004   Data   RO         5574    .constdata          ip4_addr.o
    0x100100f8   0x100100f8   0x00000006   Data   RO         5710    .constdata          ethernet.o
    0x100100fe   0x100100fe   0x00000006   Data   RO         5711    .constdata          ethernet.o
    0x10010104   0x10010104   0x00000075   Data   RO         4462    .conststring        tcp.o
    0x10010179   0x10010179   0x00000003   PAD
    0x1001017c   0x1001017c   0x00000055   Data   RO         4836    .conststring        tcp_out.o
    0x100101d1   0x100101d1   0x00000003   PAD
    0x100101d4   0x100101d4   0x00000041   Data   RO         5229    .conststring        etharp.o
    0x10010215   0x10010215   0x00000003   PAD
    0x10010218   0x10010218   0x00000041   Data   RO         5377    .conststring        igmp.o
    0x10010259   0x10010259   0x00000003   PAD
    0x1001025c   0x1001025c   0x00000020   Data   RO         7405    Region$$Table       anon$$obj.o


    Execution Region RW_IRAM1 (Exec base: 0x30800000, Load base: 0x1001027c, Size: 0x0001ddd0, Max: 0x10000000, ABSOLUTE, COMPRESSED[0x00000014])

    Exec Addr    Load Addr    Size         Type   Attr      Idx    E Section Name        Object

    0x30800000   COMPRESSED   0x00000004   Data   RW           14    .data               system_pango_m1.o
    0x30800004   COMPRESSED   0x0000003c   Data   RW         1840    .data               tasks.o
    0x30800040   COMPRESSED   0x00000014   Data   RW         2116    .data               timers.o
    0x30800054   COMPRESSED   0x00000004   Data   RW         2225    .data               port.o
    0x30800058   COMPRESSED   0x00000018   Data   RW         2292    .data               heap_4.o
    0x30800070   COMPRESSED   0x00000004   Data   RW         3077    .data               sockets.o
    0x30800074   COMPRESSED   0x00000010   Data   RW         3371    .data               tcpip.o
    0x30800084   COMPRESSED   0x00000010   Data   RW         3774    .data               mem.o
    0x30800094   COMPRESSED   0x00000004   Data   RW         3869    .data               memp.o
    0x30800098   COMPRESSED   0x00000004   Data   RW         3870    .data               memp.o
    0x3080009c   COMPRESSED   0x00000004   Data   RW         3871    .data               memp.o
    0x308000a0   COMPRESSED   0x00000004   Data   RW         3872    .data               memp.o
    0x308000a4   COMPRESSED   0x00000004   Data   RW         3873    .data               memp.o
    0x308000a8   COMPRESSED   0x00000004   Data   RW         3874    .data               memp.o
    0x308000ac   COMPRESSED   0x00000004   Data   RW         3875    .data               memp.o
    0x308000b0   COMPRESSED   0x00000004   Data   RW         3876    .data               memp.o
    0x308000b4   COMPRESSED   0x00000004   Data   RW         3877    .data               memp.o
    0x308000b8   COMPRESSED   0x00000004   Data   RW         3878    .data               memp.o
    0x308000bc   COMPRESSED   0x00000004   Data   RW         3879    .data               memp.o
    0x308000c0   COMPRESSED   0x00000004   Data   RW         3880    .data               memp.o
    0x308000c4   COMPRESSED   0x00000004   Data   RW         3881    .data               memp.o
    0x308000c8   COMPRESSED   0x00000004   Data   RW         3882    .data               memp.o
    0x308000cc   COMPRESSED   0x0000000c   Data   RW         3994    .data               netif.o
    0x308000d8   COMPRESSED   0x00000020   Data   RW         4463    .data               tcp.o
    0x308000f8   COMPRESSED   0x00000024   Data   RW         4743    .data               tcp_in.o
    0x3080011c   COMPRESSED   0x0000000c   Data   RW         4980    .data               timeouts.o
    0x30800128   COMPRESSED   0x00000008   Data   RW         5073    .data               udp.o
    0x30800130   COMPRESSED   0x00000001   Data   RW         5230    .data               etharp.o
    0x30800131   COMPRESSED   0x00000003   PAD
    0x30800134   COMPRESSED   0x00000008   Data   RW         5378    .data               igmp.o
    0x3080013c   COMPRESSED   0x00000008   Data   RW         5492    .data               ip4.o
    0x30800144   COMPRESSED   0x00000008   Data   RW         5642    .data               ip4_frag.o
    0x3080014c   COMPRESSED   0x0000000c   Data   RW         5747    .data               ethernetif.o
    0x30800158   COMPRESSED   0x00000014   Data   RW         5827    .data               sys_arch.o
    0x3080016c   COMPRESSED   0x00000004   Data   RW         5828    .data               sys_arch.o
    0x30800170   COMPRESSED   0x00000008   Data   RW         6236    .data               ff.o
    0x30800178   COMPRESSED   0x00000020   Data   RW         6560    .data               main.o
    0x30800198   COMPRESSED   0x00000004   Data   RW         7031    .data               mc_p.l(rand.o)
    0x3080019c   COMPRESSED   0x00000004   Data   RW         7368    .data               mc_p.l(stdout.o)
    0x308001a0   COMPRESSED   0x00000004   Data   RW         7377    .data               mc_p.l(mvars.o)
    0x308001a4        -       0x000001ac   Zero   RW         1034    .bss                pango_m1_eth_buffer.o
    0x30800350        -       0x00000050   Zero   RW         1610    .bss                queue.o
    0x308003a0        -       0x000002e4   Zero   RW         1839    .bss                tasks.o
    0x30800684        -       0x00000028   Zero   RW         2115    .bss                timers.o
    0x308006ac        -       0x00008000   Zero   RW         2291    .bss                heap_4.o
    0x308086ac        -       0x000000e0   Zero   RW         3076    .bss                sockets.o
    0x3080878c        -       0x00000018   Zero   RW         3744    .bss                ip.o
    0x308087a4        -       0x00006413   Zero   RW         3773    .bss                mem.o
    0x3080ebb7        -       0x000000a3   Zero   RW         3840    .bss                memp.o
    0x3080ec5a        -       0x000003c3   Zero   RW         3841    .bss                memp.o
    0x3080f01d        -       0x000000ab   Zero   RW         3842    .bss                memp.o
    0x3080f0c8        -       0x00000783   Zero   RW         3843    .bss                memp.o
    0x3080f84b        -       0x000000a3   Zero   RW         3844    .bss                memp.o
    0x3080f8ee        -       0x0000016b   Zero   RW         3845    .bss                memp.o
    0x3080fa59        -       0x00000183   Zero   RW         3846    .bss                memp.o
    0x3080fbdc        -       0x000001c3   Zero   RW         3847    .bss                memp.o
    0x3080fd9f        -       0x00000103   Zero   RW         3848    .bss                memp.o
    0x3080fea2        -       0x00000103   Zero   RW         3849    .bss                memp.o
    0x3080ffa5        -       0x00000083   Zero   RW         3850    .bss                memp.o
    0x30810028        -       0x00000143   Zero   RW         3851    .bss                memp.o
    0x3081016b        -       0x00000193   Zero   RW         3852    .bss                memp.o
    0x308102fe        -       0x0000bf83   Zero   RW         3853    .bss                memp.o
    0x3081c281   COMPRESSED   0x00000003   PAD
    0x3081c284        -       0x00000010   Zero   RW         4742    .bss                tcp_in.o
    0x3081c294        -       0x000000f0   Zero   RW         5228    .bss                etharp.o
    0x3081c384        -       0x00000010   Zero   RW         5572    .bss                ip4_addr.o
    0x3081c394        -       0x00000044   Zero   RW         5746    .bss                ethernetif.o
    0x3081c3d8        -       0x00000058   Zero   RW         5826    .bss                sys_arch.o
    0x3081c430        -       0x000009a0   Zero   RW         6554    .bss                main.o
    0x3081cdd0        -       0x00001000   Zero   RW            1    STACK               startup_pango_m1.o


==============================================================================

Image component sizes


      Code (inc. data)   RO Data    RW Data    ZI Data      Debug   Object Name

      2060        724          0          0          0      48866   api_lib.o
      5012       1362          3          0          0      39386   api_msg.o
        38          0          0          0          0        958   def.o
       138          6          0          0          0       7154   diskio.o
        28          4         68          0          0       1135   err.o
      2256        524         65          1        240      11907   etharp.o
       320         58         12          0          0       2686   ethernet.o
       684        158          0         12         68       5999   ethernetif.o
         0          0          0          0          0       3904   event_groups.o
      4544        104          0          8          0      48051   ff.o
       416         28          0         24      32768       4051   heap_4.o
       716        162          0          0          0       4366   icmp.o
         0          0          0          0          0       2062   if_api.o
      2086        780         65          8          0      14277   igmp.o
       348          0          0          0          0       5144   inet_chksum.o
        36          0          0          0          0       1552   init.o
         0          0          0          0         24       3178   ip.o
      1272        100          0          8          0       7836   ip4.o
       206          4          8          0         16      10630   ip4_addr.o
      2538        476          0          8          0      12446   ip4_frag.o
       136          0          0          0          0       3102   list.o
      1052        366          0         32       2464      13239   main.o
      1724        614          0         16      25619       7733   mem.o
       354        142        224         56      54986      10748   memp.o
       198         54          0          0          0      11011   netbuf.o
         0          0          0          0          0       2020   netdb.o
       952        278          0         12          0      13726   netif.o
        80          0          0          0          0       2182   pango_m1_dcache.o
       580         60          0          0        428      41774   pango_m1_eth_buffer.o
       256         20          0          0          0      15710   pango_m1_eth_dmac.o
       154          0          0          0          0       3278   pango_m1_gpio.o
        14          0          0          0          0       3021   pango_m1_it.o
       438         28          0          0          0       4617   pango_m1_printk.o
       108         38          0          0          0       3361   pango_m1_spi.o
        94          0          0          0          0       1995   pango_m1_timer.o
       160          6          0          0          0       3267   pango_m1_uart.o
       522        144          0          0          0       4175   pango_m1_udp_speed_up.o
       808          8          0          0          0      11145   pango_sdcard.o
        90          0          0          0          0       1526   pango_spi_flash.o
      2330        824          0          0          0      19746   pbuf.o
       374         54          0          4          0       6580   port.o
      1876         10          0          0         80      18025   queue.o
      2642        456          0          4        224      40656   sockets.o
        92         10        192          0       4096       1980   startup_pango_m1.o
       890        204          0         24         88      14349   sys_arch.o
        80         18          0          4          0      23313   system_pango_m1.o
      2102        194          0         60        740      21231   tasks.o
      5200       1684        201         32          0      38522   tcp.o
      5320       1100          0         36         16      20747   tcp_in.o
      6506       1950         85          0          0      33266   tcp_out.o
       620        198          0         16          0      10477   tcpip.o
       580        210         32         12          0       6787   timeouts.o
       860         82          0         20         40       8775   timers.o
      2468        756          0          8          0      14393   udp.o
       328        114          0          0          0       1179   udp_echo.o

    ----------------------------------------------------------------------
     62762      14112       1000        408     121900     673244   Object Totals
         0          0         32          0          0          0   (incl. Generated)
        76          0         13          3          3          0   (incl. Padding)

    ----------------------------------------------------------------------

      Code (inc. data)   RO Data    RW Data    ZI Data      Debug   Library Member Name

        86          0          0          0          0          0   __dczerorl2.o
         0          0          0          0          0          0   entry.o
         0          0          0          0          0          0   entry10a.o
         0          0          0          0          0          0   entry11a.o
         4          0          0          0          0          0   entry12b.o
         8          4          0          0          0          0   entry2.o
         4          0          0          0          0          0   entry5.o
         0          0          0          0          0          0   entry7b.o
         0          0          0          0          0          0   entry8b.o
         8          4          0          0          0          0   entry9a.o
        30          0          0          0          0          0   handlers.o
        40          0          0          0          0         72   idiv.o
        36          8          0          0          0         68   init.o
         0          0          0          0          0          0   iusefp.o
        32          0          0          0          0         68   llshl.o
        38          0          0          0          0         68   llsshr.o
        34          0          0          0          0         68   llushr.o
        84          4          0          0          0         68   malloc.o
        26          0          0          0          0         72   memcmp.o
        64          0          0          0          0         68   memmovea.o
        36          0          0          0          0        100   memseta.o
         0          0          0          4          0          0   mvars.o
       756         52          0          0          0        168   printf5.o
        36         12          0          4          0        120   rand.o
         0          0          0          4          0          0   stdout.o
        44          0          0          0          0         72   uidiv.o
        96          0          0          0          0         84   uldiv.o
        20          0          0          0          0         60   uread4.o
        18          0          0          0          0         60   uwrite4.o
       360          6          0          0          0        140   dadd.o
       236          0          0          0          0        216   depilogue.o
        72         10          0          0          0         72   dfixi.o
        28          4          0          0          0         68   dfltui.o
       208          6          0          0          0         88   dmul.o

    ----------------------------------------------------------------------
      2410        110          0         12          0       1800   Library Totals
         6          0          0          0          0          0   (incl. Padding)

    ----------------------------------------------------------------------

      Code (inc. data)   RO Data    RW Data    ZI Data      Debug   Library Name

      1500         84          0         12          0       1216   mc_p.l
       904         26          0          0          0        584   mf_p.l

    ----------------------------------------------------------------------
      2410        110          0         12          0       1800   Library Totals

    ----------------------------------------------------------------------

==============================================================================


      Code (inc. data)   RO Data    RW Data    ZI Data      Debug   

     65172      14222       1000        420     121900     651324   Grand Totals
     65172      14222       1000         20     121900     651324   ELF Image Totals (compressed)
     65172      14222       1000         20          0          0   ROM Totals

==============================================================================

    Total RO  Size (Code + RO Data)                66172 (  64.62kB)
    Total RW  Size (RW Data + ZI Data)            122320 ( 119.45kB)
    Total ROM Size (Code + RO Data + RW Data)      66192 (  64.64kB)

==============================================================================

