<html>
<body>
<pre>
<h1>µVision Build Log</h1>
<h2>Tool Versions:</h2>
IDE-Version: ¦ÌVision V5.33.0.0
Copyright (C) 2020 ARM Ltd and ARM Germany GmbH. All rights reserved.
License Information: zhuanshulz yangling404690228@qq.com, z, LIC=14HV2-9HEVS-HL4CL-0RIMG-6VJYQ-MD10M
 
Tool Versions:
Toolchain:       MDK-ARM Plus  Version: 5.33.0.0
Toolchain Path:  C:\Keil_v5\ARM\ARMCC\Bin
C Compiler:      Armcc.exe V5.06 update 7 (build 960)
Assembler:       Armasm.exe V5.06 update 7 (build 960)
Linker/Locator:  ArmLink.exe V5.06 update 7 (build 960)
Library Manager: ArmAr.exe V5.06 update 7 (build 960)
Hex Converter:   FromElf.exe V5.06 update 7 (build 960)
CPU DLL:         SARMCM3.DLL V5.33.0.0
Dialog DLL:      DARMCM1.DLL V1.19.4.0
Target DLL:      CMSIS_AGDI.dll V1.32.12.0
Dialog DLL:      TARMCM1.DLL V1.14.3.0
 
<h2>Project:</h2>
C:\Users\yangl\Documents\IC_competition\arm\M1_PGL22G_RTOS\rtos\Cortex-M1_FreeRtos_V9.0.0\PROJECT\cortex_M1_demo.uvprojx
Project File Date:  04/10/2021

<h2>Output:</h2>
*** Using Compiler 'V5.06 update 7 (build 960)', folder: 'C:\Keil_v5\ARM\ARMCC\Bin'
Rebuild target 'cortex_M1_demo'
compiling system_PANGO_M1.c...
assembling startup_PANGO_M1.s...
compiling croutine.c...
compiling list.c...
compiling event_groups.c...
compiling PANGO_M1_timer.c...
compiling PANGO_M1_memory.c...
compiling PANGO_M1_i2c.c...
compiling PANGO_M1_wdog.c...
compiling PANGO_M1_printk.c...
compiling PANGO_M1_spi.c...
compiling PANGO_M1_gpio.c...
compiling queue.c...
compiling PANGO_M1_uart.c...
compiling tasks.c...
compiling timers.c...
compiling heap_4.c...
compiling port.c...
compiling PANGO_M1_it.c...
compiling main.c...
compiling PANGO_spi_flash.c...
compiling PANGO_i2c_eeprom.c...
compiling diskio.c...
..\FatFs\diskio.c(88): warning:  #188-D: enumerated type mixed with another type
  		res = MMC_SD_ReadMultiBlock(sector,buff,count);
..\FatFs\diskio.c(112): warning:  #188-D: enumerated type mixed with another type
  		res = MMC_SD_WriteMultiBlock(sector,buff,count);
..\FatFs\diskio.c: 2 warnings, 0 errors
compiling PANGO_sdcard.c...
compiling ffsystem.c...
compiling ffunicode.c...
compiling ff.c...
linking...
Program Size: Code=8976 RO-data=224 RW-data=104 ZI-data=2920  
FromELF: creating hex file...
After Build - User command #1: C:\Keil_v5\ARM\ARMCC\bin\fromelf.exe --bin  -o  cortex_M1_demo.bin .\Objects\cortex_M1_demo.axf
After Build - User command #2: make_hex128.exe cortex_M1_demo.bin
".\Objects\cortex_M1_demo.axf" - 0 Error(s), 2 Warning(s).

<h2>Software Packages used:</h2>

Package Vendor: ARM
                http://www.keil.com/pack/ARM.CMSIS.5.7.0.pack
                ARM.CMSIS.5.7.0
                CMSIS (Cortex Microcontroller Software Interface Standard)

<h2>Collection of Component include folders:</h2>
  C:\Users\yangl\AppData\Local\Arm\Packs\ARM\CMSIS\5.7.0\Device\ARM\ARMCM1\Include

<h2>Collection of Component Files used:</h2>
Build Time Elapsed:  00:00:02
</pre>
</body>
</html>
