<!doctype html public "-//w3c//dtd html 4.0 transitional//en">
<html><head>
<title>Static Call Graph - [.\Objects\cortex_M1_demo.axf]</title></head>
<body><HR>
<H1>Static Call Graph for image .\Objects\cortex_M1_demo.axf</H1><HR>
<BR><P>#&#060CALLGRAPH&#062# ARM Linker, 5060960: Last Updated: Fri Mar 26 11:23:17 2021
<BR><P>
<H3>Maximum Stack Usage =        120 bytes + Unknown(Cycles, Untraceable Function Pointers)</H3><H3>
Call chain for Maximum Stack Depth:</H3>
GPIO0_Handler &rArr; printk &rArr; print_flt &rArr; __aeabi_dmul
<P>
<H3>
Mutually Recursive functions
</H3> <LI><a href="#[10]">UARTOVF_Handler</a>&nbsp;&nbsp;&nbsp;&rArr;&nbsp;&nbsp;&nbsp;<a href="#[10]">UARTOVF_Handler</a><BR>
 <LI><a href="#[15]">Interrupt10_Handler</a>&nbsp;&nbsp;&nbsp;&rArr;&nbsp;&nbsp;&nbsp;<a href="#[15]">Interrupt10_Handler</a><BR>
 <LI><a href="#[18]">Interrupt13_Handler</a>&nbsp;&nbsp;&nbsp;&rArr;&nbsp;&nbsp;&nbsp;<a href="#[18]">Interrupt13_Handler</a><BR>
 <LI><a href="#[19]">Interrupt14_Handler</a>&nbsp;&nbsp;&nbsp;&rArr;&nbsp;&nbsp;&nbsp;<a href="#[19]">Interrupt14_Handler</a><BR>
 <LI><a href="#[1a]">Interrupt15_Handler</a>&nbsp;&nbsp;&nbsp;&rArr;&nbsp;&nbsp;&nbsp;<a href="#[1a]">Interrupt15_Handler</a><BR>
 <LI><a href="#[1b]">Interrupt16_Handler</a>&nbsp;&nbsp;&nbsp;&rArr;&nbsp;&nbsp;&nbsp;<a href="#[1b]">Interrupt16_Handler</a><BR>
 <LI><a href="#[1c]">Interrupt17_Handler</a>&nbsp;&nbsp;&nbsp;&rArr;&nbsp;&nbsp;&nbsp;<a href="#[1c]">Interrupt17_Handler</a><BR>
 <LI><a href="#[1d]">Interrupt18_Handler</a>&nbsp;&nbsp;&nbsp;&rArr;&nbsp;&nbsp;&nbsp;<a href="#[1d]">Interrupt18_Handler</a><BR>
 <LI><a href="#[1e]">Interrupt19_Handler</a>&nbsp;&nbsp;&nbsp;&rArr;&nbsp;&nbsp;&nbsp;<a href="#[1e]">Interrupt19_Handler</a><BR>
 <LI><a href="#[1f]">Interrupt20_Handler</a>&nbsp;&nbsp;&nbsp;&rArr;&nbsp;&nbsp;&nbsp;<a href="#[1f]">Interrupt20_Handler</a><BR>
 <LI><a href="#[20]">Interrupt21_Handler</a>&nbsp;&nbsp;&nbsp;&rArr;&nbsp;&nbsp;&nbsp;<a href="#[20]">Interrupt21_Handler</a><BR>
 <LI><a href="#[21]">Interrupt22_Handler</a>&nbsp;&nbsp;&nbsp;&rArr;&nbsp;&nbsp;&nbsp;<a href="#[21]">Interrupt22_Handler</a><BR>
 <LI><a href="#[22]">Interrupt23_Handler</a>&nbsp;&nbsp;&nbsp;&rArr;&nbsp;&nbsp;&nbsp;<a href="#[22]">Interrupt23_Handler</a><BR>
 <LI><a href="#[23]">Interrupt24_Handler</a>&nbsp;&nbsp;&nbsp;&rArr;&nbsp;&nbsp;&nbsp;<a href="#[23]">Interrupt24_Handler</a><BR>
 <LI><a href="#[24]">Interrupt25_Handler</a>&nbsp;&nbsp;&nbsp;&rArr;&nbsp;&nbsp;&nbsp;<a href="#[24]">Interrupt25_Handler</a><BR>
 <LI><a href="#[25]">Interrupt26_Handler</a>&nbsp;&nbsp;&nbsp;&rArr;&nbsp;&nbsp;&nbsp;<a href="#[25]">Interrupt26_Handler</a><BR>
 <LI><a href="#[26]">Interrupt27_Handler</a>&nbsp;&nbsp;&nbsp;&rArr;&nbsp;&nbsp;&nbsp;<a href="#[26]">Interrupt27_Handler</a><BR>
 <LI><a href="#[27]">Interrupt28_Handler</a>&nbsp;&nbsp;&nbsp;&rArr;&nbsp;&nbsp;&nbsp;<a href="#[27]">Interrupt28_Handler</a><BR>
 <LI><a href="#[28]">Interrupt29_Handler</a>&nbsp;&nbsp;&nbsp;&rArr;&nbsp;&nbsp;&nbsp;<a href="#[28]">Interrupt29_Handler</a><BR>
 <LI><a href="#[29]">Interrupt30_Handler</a>&nbsp;&nbsp;&nbsp;&rArr;&nbsp;&nbsp;&nbsp;<a href="#[29]">Interrupt30_Handler</a><BR>
 <LI><a href="#[2a]">Interrupt31_Handler</a>&nbsp;&nbsp;&nbsp;&rArr;&nbsp;&nbsp;&nbsp;<a href="#[2a]">Interrupt31_Handler</a><BR>
 <LI><a href="#[66]">put_char</a>&nbsp;&nbsp;&nbsp;&rArr;&nbsp;&nbsp;&nbsp;<a href="#[66]">put_char</a><BR>
 <LI><a href="#[67]">print_num</a>&nbsp;&nbsp;&nbsp;&rArr;&nbsp;&nbsp;&nbsp;<a href="#[67]">print_num</a><BR>
</UL>
<P>
<H3>
Function Pointers
</H3><UL>
 <LI><a href="#[13]">CAN_Handler</a> from pango_m1_it.o(i.CAN_Handler) referenced from startup_pango_m1.o(RESET)
 <LI><a href="#[16]">DTimer_Handler</a> from pango_m1_it.o(i.DTimer_Handler) referenced from startup_pango_m1.o(RESET)
 <LI><a href="#[11]">ENT_Handler</a> from pango_m1_it.o(i.ENT_Handler) referenced from startup_pango_m1.o(RESET)
 <LI><a href="#[f]">GPIO0_Handler</a> from main.o(i.GPIO0_Handler) referenced from startup_pango_m1.o(RESET)
 <LI><a href="#[7]">HardFault_Handler</a> from pango_m1_it.o(i.HardFault_Handler) referenced from startup_pango_m1.o(RESET)
 <LI><a href="#[12]">I2C_Handler</a> from main.o(i.I2C_Handler) referenced from startup_pango_m1.o(RESET)
 <LI><a href="#[15]">Interrupt10_Handler</a> from startup_pango_m1.o(.text) referenced from startup_pango_m1.o(RESET)
 <LI><a href="#[18]">Interrupt13_Handler</a> from startup_pango_m1.o(.text) referenced from startup_pango_m1.o(RESET)
 <LI><a href="#[19]">Interrupt14_Handler</a> from startup_pango_m1.o(.text) referenced from startup_pango_m1.o(RESET)
 <LI><a href="#[1a]">Interrupt15_Handler</a> from startup_pango_m1.o(.text) referenced from startup_pango_m1.o(RESET)
 <LI><a href="#[1b]">Interrupt16_Handler</a> from startup_pango_m1.o(.text) referenced from startup_pango_m1.o(RESET)
 <LI><a href="#[1c]">Interrupt17_Handler</a> from startup_pango_m1.o(.text) referenced from startup_pango_m1.o(RESET)
 <LI><a href="#[1d]">Interrupt18_Handler</a> from startup_pango_m1.o(.text) referenced from startup_pango_m1.o(RESET)
 <LI><a href="#[1e]">Interrupt19_Handler</a> from startup_pango_m1.o(.text) referenced from startup_pango_m1.o(RESET)
 <LI><a href="#[1f]">Interrupt20_Handler</a> from startup_pango_m1.o(.text) referenced from startup_pango_m1.o(RESET)
 <LI><a href="#[20]">Interrupt21_Handler</a> from startup_pango_m1.o(.text) referenced from startup_pango_m1.o(RESET)
 <LI><a href="#[21]">Interrupt22_Handler</a> from startup_pango_m1.o(.text) referenced from startup_pango_m1.o(RESET)
 <LI><a href="#[22]">Interrupt23_Handler</a> from startup_pango_m1.o(.text) referenced from startup_pango_m1.o(RESET)
 <LI><a href="#[23]">Interrupt24_Handler</a> from startup_pango_m1.o(.text) referenced from startup_pango_m1.o(RESET)
 <LI><a href="#[24]">Interrupt25_Handler</a> from startup_pango_m1.o(.text) referenced from startup_pango_m1.o(RESET)
 <LI><a href="#[25]">Interrupt26_Handler</a> from startup_pango_m1.o(.text) referenced from startup_pango_m1.o(RESET)
 <LI><a href="#[26]">Interrupt27_Handler</a> from startup_pango_m1.o(.text) referenced from startup_pango_m1.o(RESET)
 <LI><a href="#[27]">Interrupt28_Handler</a> from startup_pango_m1.o(.text) referenced from startup_pango_m1.o(RESET)
 <LI><a href="#[28]">Interrupt29_Handler</a> from startup_pango_m1.o(.text) referenced from startup_pango_m1.o(RESET)
 <LI><a href="#[29]">Interrupt30_Handler</a> from startup_pango_m1.o(.text) referenced from startup_pango_m1.o(RESET)
 <LI><a href="#[2a]">Interrupt31_Handler</a> from startup_pango_m1.o(.text) referenced from startup_pango_m1.o(RESET)
 <LI><a href="#[6]">NMI_Handler</a> from main.o(i.NMI_Handler) referenced from startup_pango_m1.o(RESET)
 <LI><a href="#[9]">PendSV_Handler</a> from port.o(.emb_text) referenced from startup_pango_m1.o(RESET)
 <LI><a href="#[14]">RTC_Handler</a> from pango_m1_it.o(i.RTC_Handler) referenced from startup_pango_m1.o(RESET)
 <LI><a href="#[5]">Reset_Handler</a> from startup_pango_m1.o(.text) referenced from startup_pango_m1.o(RESET)
 <LI><a href="#[8]">SVC_Handler</a> from port.o(i.SVC_Handler) referenced from startup_pango_m1.o(RESET)
 <LI><a href="#[a]">SysTick_Handler</a> from port.o(i.SysTick_Handler) referenced from startup_pango_m1.o(RESET)
 <LI><a href="#[2b]">SystemInit</a> from system_pango_m1.o(i.SystemInit) referenced from startup_pango_m1.o(.text)
 <LI><a href="#[d]">TIMER0_Handler</a> from main.o(i.TIMER0_Handler) referenced from startup_pango_m1.o(RESET)
 <LI><a href="#[e]">TIMER1_Handler</a> from pango_m1_it.o(i.TIMER1_Handler) referenced from startup_pango_m1.o(RESET)
 <LI><a href="#[17]">TRNG_Handler</a> from pango_m1_it.o(i.TRNG_Handler) referenced from startup_pango_m1.o(RESET)
 <LI><a href="#[b]">UART0_Handler</a> from main.o(i.UART0_Handler) referenced from startup_pango_m1.o(RESET)
 <LI><a href="#[c]">UART1_Handler</a> from pango_m1_it.o(i.UART1_Handler) referenced from startup_pango_m1.o(RESET)
 <LI><a href="#[10]">UARTOVF_Handler</a> from startup_pango_m1.o(.text) referenced from startup_pango_m1.o(RESET)
 <LI><a href="#[2d]">__main</a> from __main.o(!!!main) referenced from startup_pango_m1.o(.text)
</UL>
<P>
<H3>
Global Symbols
</H3>
<P><STRONG><a name="[2d]"></a>__main</STRONG> (Thumb, 8 bytes, Stack size 0 bytes, __main.o(!!!main))
<BR><BR>[Calls]<UL><LI><a href="#[2f]">&gt;&gt;</a>&nbsp;&nbsp;&nbsp;__rt_entry
<LI><a href="#[2e]">&gt;&gt;</a>&nbsp;&nbsp;&nbsp;__scatterload
</UL>

<P><STRONG><a name="[2e]"></a>__scatterload</STRONG> (Thumb, 0 bytes, Stack size unknown bytes, __scatter.o(!!!scatter))
<BR><BR>[Called By]<UL><LI><a href="#[2d]">&gt;&gt;</a>&nbsp;&nbsp;&nbsp;__main
</UL>

<P><STRONG><a name="[30]"></a>__scatterload_rt2</STRONG> (Thumb, 52 bytes, Stack size unknown bytes, __scatter.o(!!!scatter), UNUSED)
<BR><BR>[Calls]<UL><LI><a href="#[2f]">&gt;&gt;</a>&nbsp;&nbsp;&nbsp;__rt_entry
</UL>

<P><STRONG><a name="[73]"></a>__scatterload_rt2_thumb_only</STRONG> (Thumb, 0 bytes, Stack size unknown bytes, __scatter.o(!!!scatter), UNUSED)

<P><STRONG><a name="[74]"></a>__scatterload_null</STRONG> (Thumb, 0 bytes, Stack size unknown bytes, __scatter.o(!!!scatter), UNUSED)

<P><STRONG><a name="[31]"></a>__scatterload_copy</STRONG> (Thumb, 26 bytes, Stack size unknown bytes, __scatter_copy.o(!!handler_copy), UNUSED)
<BR><BR>[Calls]<UL><LI><a href="#[31]">&gt;&gt;</a>&nbsp;&nbsp;&nbsp;__scatterload_copy
</UL>
<BR>[Called By]<UL><LI><a href="#[31]">&gt;&gt;</a>&nbsp;&nbsp;&nbsp;__scatterload_copy
</UL>

<P><STRONG><a name="[75]"></a>__scatterload_zeroinit</STRONG> (Thumb, 28 bytes, Stack size unknown bytes, __scatter_zi.o(!!handler_zi), UNUSED)

<P><STRONG><a name="[33]"></a>__rt_lib_init</STRONG> (Thumb, 0 bytes, Stack size unknown bytes, libinit.o(.ARM.Collect$$libinit$$00000000))
<BR><BR>[Called By]<UL><LI><a href="#[32]">&gt;&gt;</a>&nbsp;&nbsp;&nbsp;__rt_entry_li
</UL>

<P><STRONG><a name="[76]"></a>__rt_lib_init_alloca_1</STRONG> (Thumb, 0 bytes, Stack size unknown bytes, libinit2.o(.ARM.Collect$$libinit$$0000002E))

<P><STRONG><a name="[77]"></a>__rt_lib_init_argv_1</STRONG> (Thumb, 0 bytes, Stack size unknown bytes, libinit2.o(.ARM.Collect$$libinit$$0000002C))

<P><STRONG><a name="[78]"></a>__rt_lib_init_atexit_1</STRONG> (Thumb, 0 bytes, Stack size unknown bytes, libinit2.o(.ARM.Collect$$libinit$$0000001B))

<P><STRONG><a name="[79]"></a>__rt_lib_init_clock_1</STRONG> (Thumb, 0 bytes, Stack size unknown bytes, libinit2.o(.ARM.Collect$$libinit$$00000021))

<P><STRONG><a name="[7a]"></a>__rt_lib_init_cpp_1</STRONG> (Thumb, 0 bytes, Stack size unknown bytes, libinit2.o(.ARM.Collect$$libinit$$00000032))

<P><STRONG><a name="[7b]"></a>__rt_lib_init_exceptions_1</STRONG> (Thumb, 0 bytes, Stack size unknown bytes, libinit2.o(.ARM.Collect$$libinit$$00000030))

<P><STRONG><a name="[7c]"></a>__rt_lib_init_fp_1</STRONG> (Thumb, 0 bytes, Stack size unknown bytes, libinit2.o(.ARM.Collect$$libinit$$00000002))

<P><STRONG><a name="[7d]"></a>__rt_lib_init_fp_trap_1</STRONG> (Thumb, 0 bytes, Stack size unknown bytes, libinit2.o(.ARM.Collect$$libinit$$0000001F))

<P><STRONG><a name="[7e]"></a>__rt_lib_init_getenv_1</STRONG> (Thumb, 0 bytes, Stack size unknown bytes, libinit2.o(.ARM.Collect$$libinit$$00000023))

<P><STRONG><a name="[7f]"></a>__rt_lib_init_heap_1</STRONG> (Thumb, 0 bytes, Stack size unknown bytes, libinit2.o(.ARM.Collect$$libinit$$0000000A))

<P><STRONG><a name="[80]"></a>__rt_lib_init_lc_collate_1</STRONG> (Thumb, 0 bytes, Stack size unknown bytes, libinit2.o(.ARM.Collect$$libinit$$00000011))

<P><STRONG><a name="[81]"></a>__rt_lib_init_lc_ctype_1</STRONG> (Thumb, 0 bytes, Stack size unknown bytes, libinit2.o(.ARM.Collect$$libinit$$00000013))

<P><STRONG><a name="[82]"></a>__rt_lib_init_lc_monetary_1</STRONG> (Thumb, 0 bytes, Stack size unknown bytes, libinit2.o(.ARM.Collect$$libinit$$00000015))

<P><STRONG><a name="[83]"></a>__rt_lib_init_lc_numeric_1</STRONG> (Thumb, 0 bytes, Stack size unknown bytes, libinit2.o(.ARM.Collect$$libinit$$00000017))

<P><STRONG><a name="[84]"></a>__rt_lib_init_lc_time_1</STRONG> (Thumb, 0 bytes, Stack size unknown bytes, libinit2.o(.ARM.Collect$$libinit$$00000019))

<P><STRONG><a name="[85]"></a>__rt_lib_init_preinit_1</STRONG> (Thumb, 0 bytes, Stack size unknown bytes, libinit2.o(.ARM.Collect$$libinit$$00000004))

<P><STRONG><a name="[86]"></a>__rt_lib_init_rand_1</STRONG> (Thumb, 0 bytes, Stack size unknown bytes, libinit2.o(.ARM.Collect$$libinit$$0000000E))

<P><STRONG><a name="[87]"></a>__rt_lib_init_return</STRONG> (Thumb, 0 bytes, Stack size unknown bytes, libinit2.o(.ARM.Collect$$libinit$$00000033))

<P><STRONG><a name="[88]"></a>__rt_lib_init_signal_1</STRONG> (Thumb, 0 bytes, Stack size unknown bytes, libinit2.o(.ARM.Collect$$libinit$$0000001D))

<P><STRONG><a name="[89]"></a>__rt_lib_init_stdio_1</STRONG> (Thumb, 0 bytes, Stack size unknown bytes, libinit2.o(.ARM.Collect$$libinit$$00000025))

<P><STRONG><a name="[8a]"></a>__rt_lib_init_user_alloc_1</STRONG> (Thumb, 0 bytes, Stack size unknown bytes, libinit2.o(.ARM.Collect$$libinit$$0000000C))

<P><STRONG><a name="[38]"></a>__rt_lib_shutdown</STRONG> (Thumb, 0 bytes, Stack size unknown bytes, libshutdown.o(.ARM.Collect$$libshutdown$$00000000))
<BR><BR>[Called By]<UL><LI><a href="#[37]">&gt;&gt;</a>&nbsp;&nbsp;&nbsp;__rt_exit_ls
</UL>

<P><STRONG><a name="[8b]"></a>__rt_lib_shutdown_cpp_1</STRONG> (Thumb, 0 bytes, Stack size unknown bytes, libshutdown2.o(.ARM.Collect$$libshutdown$$00000004))

<P><STRONG><a name="[8c]"></a>__rt_lib_shutdown_fini_1</STRONG> (Thumb, 0 bytes, Stack size unknown bytes, libshutdown2.o(.ARM.Collect$$libshutdown$$00000002))

<P><STRONG><a name="[8d]"></a>__rt_lib_shutdown_fp_trap_1</STRONG> (Thumb, 0 bytes, Stack size unknown bytes, libshutdown2.o(.ARM.Collect$$libshutdown$$00000009))

<P><STRONG><a name="[8e]"></a>__rt_lib_shutdown_heap_1</STRONG> (Thumb, 0 bytes, Stack size unknown bytes, libshutdown2.o(.ARM.Collect$$libshutdown$$00000011))

<P><STRONG><a name="[8f]"></a>__rt_lib_shutdown_return</STRONG> (Thumb, 0 bytes, Stack size unknown bytes, libshutdown2.o(.ARM.Collect$$libshutdown$$00000012))

<P><STRONG><a name="[90]"></a>__rt_lib_shutdown_signal_1</STRONG> (Thumb, 0 bytes, Stack size unknown bytes, libshutdown2.o(.ARM.Collect$$libshutdown$$0000000C))

<P><STRONG><a name="[91]"></a>__rt_lib_shutdown_stdio_1</STRONG> (Thumb, 0 bytes, Stack size unknown bytes, libshutdown2.o(.ARM.Collect$$libshutdown$$00000006))

<P><STRONG><a name="[92]"></a>__rt_lib_shutdown_user_alloc_1</STRONG> (Thumb, 0 bytes, Stack size unknown bytes, libshutdown2.o(.ARM.Collect$$libshutdown$$0000000E))

<P><STRONG><a name="[2f]"></a>__rt_entry</STRONG> (Thumb, 0 bytes, Stack size unknown bytes, __rtentry.o(.ARM.Collect$$rtentry$$00000000))
<BR><BR>[Called By]<UL><LI><a href="#[2d]">&gt;&gt;</a>&nbsp;&nbsp;&nbsp;__main
<LI><a href="#[30]">&gt;&gt;</a>&nbsp;&nbsp;&nbsp;__scatterload_rt2
</UL>

<P><STRONG><a name="[93]"></a>__rt_entry_presh_1</STRONG> (Thumb, 0 bytes, Stack size unknown bytes, __rtentry2.o(.ARM.Collect$$rtentry$$00000002))

<P><STRONG><a name="[94]"></a>__rt_entry_sh</STRONG> (Thumb, 0 bytes, Stack size unknown bytes, __rtentry5.o(.ARM.Collect$$rtentry$$00000005))

<P><STRONG><a name="[32]"></a>__rt_entry_li</STRONG> (Thumb, 0 bytes, Stack size unknown bytes, __rtentry2.o(.ARM.Collect$$rtentry$$0000000A))
<BR><BR>[Calls]<UL><LI><a href="#[33]">&gt;&gt;</a>&nbsp;&nbsp;&nbsp;__rt_lib_init
</UL>

<P><STRONG><a name="[95]"></a>__rt_entry_postsh_1</STRONG> (Thumb, 0 bytes, Stack size unknown bytes, __rtentry2.o(.ARM.Collect$$rtentry$$00000009))

<P><STRONG><a name="[34]"></a>__rt_entry_main</STRONG> (Thumb, 0 bytes, Stack size unknown bytes, __rtentry2.o(.ARM.Collect$$rtentry$$0000000D))
<BR><BR>[Stack]<UL><LI>Max Depth = 112 + Unknown Stack Size
<LI>Call Chain = __rt_entry_main &rArr; main &rArr; printk &rArr; print_flt &rArr; __aeabi_dmul
</UL>
<BR>[Calls]<UL><LI><a href="#[35]">&gt;&gt;</a>&nbsp;&nbsp;&nbsp;main
<LI><a href="#[36]">&gt;&gt;</a>&nbsp;&nbsp;&nbsp;exit
</UL>

<P><STRONG><a name="[96]"></a>__rt_entry_postli_1</STRONG> (Thumb, 0 bytes, Stack size unknown bytes, __rtentry2.o(.ARM.Collect$$rtentry$$0000000C))

<P><STRONG><a name="[45]"></a>__rt_exit</STRONG> (Thumb, 0 bytes, Stack size unknown bytes, rtexit.o(.ARM.Collect$$rtexit$$00000000))
<BR><BR>[Called By]<UL><LI><a href="#[36]">&gt;&gt;</a>&nbsp;&nbsp;&nbsp;exit
</UL>

<P><STRONG><a name="[37]"></a>__rt_exit_ls</STRONG> (Thumb, 0 bytes, Stack size unknown bytes, rtexit2.o(.ARM.Collect$$rtexit$$00000003))
<BR><BR>[Calls]<UL><LI><a href="#[38]">&gt;&gt;</a>&nbsp;&nbsp;&nbsp;__rt_lib_shutdown
</UL>

<P><STRONG><a name="[97]"></a>__rt_exit_prels_1</STRONG> (Thumb, 0 bytes, Stack size unknown bytes, rtexit2.o(.ARM.Collect$$rtexit$$00000002))

<P><STRONG><a name="[39]"></a>__rt_exit_exit</STRONG> (Thumb, 0 bytes, Stack size unknown bytes, rtexit2.o(.ARM.Collect$$rtexit$$00000004))
<BR><BR>[Calls]<UL><LI><a href="#[3a]">&gt;&gt;</a>&nbsp;&nbsp;&nbsp;_sys_exit
</UL>

<P><STRONG><a name="[98]"></a>__asm___6_port_c_39a90d8d__prvPortStartFirstTask</STRONG> (Thumb, 36 bytes, Stack size 0 bytes, port.o(.emb_text), UNUSED)

<P><STRONG><a name="[55]"></a>ulSetInterruptMaskFromISR</STRONG> (Thumb, 8 bytes, Stack size 0 bytes, port.o(.emb_text))
<BR><BR>[Called By]<UL><LI><a href="#[a]">&gt;&gt;</a>&nbsp;&nbsp;&nbsp;SysTick_Handler
</UL>

<P><STRONG><a name="[57]"></a>vClearInterruptMaskFromISR</STRONG> (Thumb, 6 bytes, Stack size 0 bytes, port.o(.emb_text))
<BR><BR>[Called By]<UL><LI><a href="#[a]">&gt;&gt;</a>&nbsp;&nbsp;&nbsp;SysTick_Handler
</UL>

<P><STRONG><a name="[9]"></a>PendSV_Handler</STRONG> (Thumb, 62 bytes, Stack size 0 bytes, port.o(.emb_text))
<BR><BR>[Stack]<UL><LI>Max Depth = 16<LI>Call Chain = PendSV_Handler &rArr; vTaskSwitchContext
</UL>
<BR>[Calls]<UL><LI><a href="#[3b]">&gt;&gt;</a>&nbsp;&nbsp;&nbsp;vTaskSwitchContext
</UL>
<BR>[Address Reference Count : 1]<UL><LI> startup_pango_m1.o(RESET)
</UL>
<P><STRONG><a name="[5]"></a>Reset_Handler</STRONG> (Thumb, 8 bytes, Stack size 0 bytes, startup_pango_m1.o(.text))
<BR>[Address Reference Count : 1]<UL><LI> startup_pango_m1.o(RESET)
</UL>
<P><STRONG><a name="[10]"></a>UARTOVF_Handler</STRONG> (Thumb, 2 bytes, Stack size 0 bytes, startup_pango_m1.o(.text))
<BR><BR>[Calls]<UL><LI><a href="#[10]">&gt;&gt;</a>&nbsp;&nbsp;&nbsp;UARTOVF_Handler
</UL>
<BR>[Called By]<UL><LI><a href="#[10]">&gt;&gt;</a>&nbsp;&nbsp;&nbsp;UARTOVF_Handler
</UL>
<BR>[Address Reference Count : 1]<UL><LI> startup_pango_m1.o(RESET)
</UL>
<P><STRONG><a name="[15]"></a>Interrupt10_Handler</STRONG> (Thumb, 2 bytes, Stack size 0 bytes, startup_pango_m1.o(.text))
<BR><BR>[Calls]<UL><LI><a href="#[15]">&gt;&gt;</a>&nbsp;&nbsp;&nbsp;Interrupt10_Handler
</UL>
<BR>[Called By]<UL><LI><a href="#[15]">&gt;&gt;</a>&nbsp;&nbsp;&nbsp;Interrupt10_Handler
</UL>
<BR>[Address Reference Count : 1]<UL><LI> startup_pango_m1.o(RESET)
</UL>
<P><STRONG><a name="[18]"></a>Interrupt13_Handler</STRONG> (Thumb, 2 bytes, Stack size 0 bytes, startup_pango_m1.o(.text))
<BR><BR>[Calls]<UL><LI><a href="#[18]">&gt;&gt;</a>&nbsp;&nbsp;&nbsp;Interrupt13_Handler
</UL>
<BR>[Called By]<UL><LI><a href="#[18]">&gt;&gt;</a>&nbsp;&nbsp;&nbsp;Interrupt13_Handler
</UL>
<BR>[Address Reference Count : 1]<UL><LI> startup_pango_m1.o(RESET)
</UL>
<P><STRONG><a name="[19]"></a>Interrupt14_Handler</STRONG> (Thumb, 2 bytes, Stack size 0 bytes, startup_pango_m1.o(.text))
<BR><BR>[Calls]<UL><LI><a href="#[19]">&gt;&gt;</a>&nbsp;&nbsp;&nbsp;Interrupt14_Handler
</UL>
<BR>[Called By]<UL><LI><a href="#[19]">&gt;&gt;</a>&nbsp;&nbsp;&nbsp;Interrupt14_Handler
</UL>
<BR>[Address Reference Count : 1]<UL><LI> startup_pango_m1.o(RESET)
</UL>
<P><STRONG><a name="[1a]"></a>Interrupt15_Handler</STRONG> (Thumb, 2 bytes, Stack size 0 bytes, startup_pango_m1.o(.text))
<BR><BR>[Calls]<UL><LI><a href="#[1a]">&gt;&gt;</a>&nbsp;&nbsp;&nbsp;Interrupt15_Handler
</UL>
<BR>[Called By]<UL><LI><a href="#[1a]">&gt;&gt;</a>&nbsp;&nbsp;&nbsp;Interrupt15_Handler
</UL>
<BR>[Address Reference Count : 1]<UL><LI> startup_pango_m1.o(RESET)
</UL>
<P><STRONG><a name="[1b]"></a>Interrupt16_Handler</STRONG> (Thumb, 2 bytes, Stack size 0 bytes, startup_pango_m1.o(.text))
<BR><BR>[Calls]<UL><LI><a href="#[1b]">&gt;&gt;</a>&nbsp;&nbsp;&nbsp;Interrupt16_Handler
</UL>
<BR>[Called By]<UL><LI><a href="#[1b]">&gt;&gt;</a>&nbsp;&nbsp;&nbsp;Interrupt16_Handler
</UL>
<BR>[Address Reference Count : 1]<UL><LI> startup_pango_m1.o(RESET)
</UL>
<P><STRONG><a name="[1c]"></a>Interrupt17_Handler</STRONG> (Thumb, 2 bytes, Stack size 0 bytes, startup_pango_m1.o(.text))
<BR><BR>[Calls]<UL><LI><a href="#[1c]">&gt;&gt;</a>&nbsp;&nbsp;&nbsp;Interrupt17_Handler
</UL>
<BR>[Called By]<UL><LI><a href="#[1c]">&gt;&gt;</a>&nbsp;&nbsp;&nbsp;Interrupt17_Handler
</UL>
<BR>[Address Reference Count : 1]<UL><LI> startup_pango_m1.o(RESET)
</UL>
<P><STRONG><a name="[1d]"></a>Interrupt18_Handler</STRONG> (Thumb, 2 bytes, Stack size 0 bytes, startup_pango_m1.o(.text))
<BR><BR>[Calls]<UL><LI><a href="#[1d]">&gt;&gt;</a>&nbsp;&nbsp;&nbsp;Interrupt18_Handler
</UL>
<BR>[Called By]<UL><LI><a href="#[1d]">&gt;&gt;</a>&nbsp;&nbsp;&nbsp;Interrupt18_Handler
</UL>
<BR>[Address Reference Count : 1]<UL><LI> startup_pango_m1.o(RESET)
</UL>
<P><STRONG><a name="[1e]"></a>Interrupt19_Handler</STRONG> (Thumb, 2 bytes, Stack size 0 bytes, startup_pango_m1.o(.text))
<BR><BR>[Calls]<UL><LI><a href="#[1e]">&gt;&gt;</a>&nbsp;&nbsp;&nbsp;Interrupt19_Handler
</UL>
<BR>[Called By]<UL><LI><a href="#[1e]">&gt;&gt;</a>&nbsp;&nbsp;&nbsp;Interrupt19_Handler
</UL>
<BR>[Address Reference Count : 1]<UL><LI> startup_pango_m1.o(RESET)
</UL>
<P><STRONG><a name="[1f]"></a>Interrupt20_Handler</STRONG> (Thumb, 2 bytes, Stack size 0 bytes, startup_pango_m1.o(.text))
<BR><BR>[Calls]<UL><LI><a href="#[1f]">&gt;&gt;</a>&nbsp;&nbsp;&nbsp;Interrupt20_Handler
</UL>
<BR>[Called By]<UL><LI><a href="#[1f]">&gt;&gt;</a>&nbsp;&nbsp;&nbsp;Interrupt20_Handler
</UL>
<BR>[Address Reference Count : 1]<UL><LI> startup_pango_m1.o(RESET)
</UL>
<P><STRONG><a name="[20]"></a>Interrupt21_Handler</STRONG> (Thumb, 2 bytes, Stack size 0 bytes, startup_pango_m1.o(.text))
<BR><BR>[Calls]<UL><LI><a href="#[20]">&gt;&gt;</a>&nbsp;&nbsp;&nbsp;Interrupt21_Handler
</UL>
<BR>[Called By]<UL><LI><a href="#[20]">&gt;&gt;</a>&nbsp;&nbsp;&nbsp;Interrupt21_Handler
</UL>
<BR>[Address Reference Count : 1]<UL><LI> startup_pango_m1.o(RESET)
</UL>
<P><STRONG><a name="[21]"></a>Interrupt22_Handler</STRONG> (Thumb, 2 bytes, Stack size 0 bytes, startup_pango_m1.o(.text))
<BR><BR>[Calls]<UL><LI><a href="#[21]">&gt;&gt;</a>&nbsp;&nbsp;&nbsp;Interrupt22_Handler
</UL>
<BR>[Called By]<UL><LI><a href="#[21]">&gt;&gt;</a>&nbsp;&nbsp;&nbsp;Interrupt22_Handler
</UL>
<BR>[Address Reference Count : 1]<UL><LI> startup_pango_m1.o(RESET)
</UL>
<P><STRONG><a name="[22]"></a>Interrupt23_Handler</STRONG> (Thumb, 2 bytes, Stack size 0 bytes, startup_pango_m1.o(.text))
<BR><BR>[Calls]<UL><LI><a href="#[22]">&gt;&gt;</a>&nbsp;&nbsp;&nbsp;Interrupt23_Handler
</UL>
<BR>[Called By]<UL><LI><a href="#[22]">&gt;&gt;</a>&nbsp;&nbsp;&nbsp;Interrupt23_Handler
</UL>
<BR>[Address Reference Count : 1]<UL><LI> startup_pango_m1.o(RESET)
</UL>
<P><STRONG><a name="[23]"></a>Interrupt24_Handler</STRONG> (Thumb, 2 bytes, Stack size 0 bytes, startup_pango_m1.o(.text))
<BR><BR>[Calls]<UL><LI><a href="#[23]">&gt;&gt;</a>&nbsp;&nbsp;&nbsp;Interrupt24_Handler
</UL>
<BR>[Called By]<UL><LI><a href="#[23]">&gt;&gt;</a>&nbsp;&nbsp;&nbsp;Interrupt24_Handler
</UL>
<BR>[Address Reference Count : 1]<UL><LI> startup_pango_m1.o(RESET)
</UL>
<P><STRONG><a name="[24]"></a>Interrupt25_Handler</STRONG> (Thumb, 2 bytes, Stack size 0 bytes, startup_pango_m1.o(.text))
<BR><BR>[Calls]<UL><LI><a href="#[24]">&gt;&gt;</a>&nbsp;&nbsp;&nbsp;Interrupt25_Handler
</UL>
<BR>[Called By]<UL><LI><a href="#[24]">&gt;&gt;</a>&nbsp;&nbsp;&nbsp;Interrupt25_Handler
</UL>
<BR>[Address Reference Count : 1]<UL><LI> startup_pango_m1.o(RESET)
</UL>
<P><STRONG><a name="[25]"></a>Interrupt26_Handler</STRONG> (Thumb, 2 bytes, Stack size 0 bytes, startup_pango_m1.o(.text))
<BR><BR>[Calls]<UL><LI><a href="#[25]">&gt;&gt;</a>&nbsp;&nbsp;&nbsp;Interrupt26_Handler
</UL>
<BR>[Called By]<UL><LI><a href="#[25]">&gt;&gt;</a>&nbsp;&nbsp;&nbsp;Interrupt26_Handler
</UL>
<BR>[Address Reference Count : 1]<UL><LI> startup_pango_m1.o(RESET)
</UL>
<P><STRONG><a name="[26]"></a>Interrupt27_Handler</STRONG> (Thumb, 2 bytes, Stack size 0 bytes, startup_pango_m1.o(.text))
<BR><BR>[Calls]<UL><LI><a href="#[26]">&gt;&gt;</a>&nbsp;&nbsp;&nbsp;Interrupt27_Handler
</UL>
<BR>[Called By]<UL><LI><a href="#[26]">&gt;&gt;</a>&nbsp;&nbsp;&nbsp;Interrupt27_Handler
</UL>
<BR>[Address Reference Count : 1]<UL><LI> startup_pango_m1.o(RESET)
</UL>
<P><STRONG><a name="[27]"></a>Interrupt28_Handler</STRONG> (Thumb, 2 bytes, Stack size 0 bytes, startup_pango_m1.o(.text))
<BR><BR>[Calls]<UL><LI><a href="#[27]">&gt;&gt;</a>&nbsp;&nbsp;&nbsp;Interrupt28_Handler
</UL>
<BR>[Called By]<UL><LI><a href="#[27]">&gt;&gt;</a>&nbsp;&nbsp;&nbsp;Interrupt28_Handler
</UL>
<BR>[Address Reference Count : 1]<UL><LI> startup_pango_m1.o(RESET)
</UL>
<P><STRONG><a name="[28]"></a>Interrupt29_Handler</STRONG> (Thumb, 2 bytes, Stack size 0 bytes, startup_pango_m1.o(.text))
<BR><BR>[Calls]<UL><LI><a href="#[28]">&gt;&gt;</a>&nbsp;&nbsp;&nbsp;Interrupt29_Handler
</UL>
<BR>[Called By]<UL><LI><a href="#[28]">&gt;&gt;</a>&nbsp;&nbsp;&nbsp;Interrupt29_Handler
</UL>
<BR>[Address Reference Count : 1]<UL><LI> startup_pango_m1.o(RESET)
</UL>
<P><STRONG><a name="[29]"></a>Interrupt30_Handler</STRONG> (Thumb, 2 bytes, Stack size 0 bytes, startup_pango_m1.o(.text))
<BR><BR>[Calls]<UL><LI><a href="#[29]">&gt;&gt;</a>&nbsp;&nbsp;&nbsp;Interrupt30_Handler
</UL>
<BR>[Called By]<UL><LI><a href="#[29]">&gt;&gt;</a>&nbsp;&nbsp;&nbsp;Interrupt30_Handler
</UL>
<BR>[Address Reference Count : 1]<UL><LI> startup_pango_m1.o(RESET)
</UL>
<P><STRONG><a name="[2a]"></a>Interrupt31_Handler</STRONG> (Thumb, 2 bytes, Stack size 0 bytes, startup_pango_m1.o(.text))
<BR><BR>[Calls]<UL><LI><a href="#[2a]">&gt;&gt;</a>&nbsp;&nbsp;&nbsp;Interrupt31_Handler
</UL>
<BR>[Called By]<UL><LI><a href="#[2a]">&gt;&gt;</a>&nbsp;&nbsp;&nbsp;Interrupt31_Handler
</UL>
<BR>[Address Reference Count : 1]<UL><LI> startup_pango_m1.o(RESET)
</UL>
<P><STRONG><a name="[99]"></a>__aeabi_uidiv</STRONG> (Thumb, 0 bytes, Stack size 0 bytes, aeabi_sdiv.o(.text), UNUSED)

<P><STRONG><a name="[61]"></a>__aeabi_uidivmod</STRONG> (Thumb, 20 bytes, Stack size 0 bytes, aeabi_sdiv.o(.text))
<BR><BR>[Called By]<UL><LI><a href="#[60]">&gt;&gt;</a>&nbsp;&nbsp;&nbsp;UART_Init
<LI><a href="#[67]">&gt;&gt;</a>&nbsp;&nbsp;&nbsp;print_num
</UL>

<P><STRONG><a name="[9a]"></a>__aeabi_idiv</STRONG> (Thumb, 0 bytes, Stack size 8 bytes, aeabi_sdiv.o(.text), UNUSED)

<P><STRONG><a name="[9b]"></a>__aeabi_idivmod</STRONG> (Thumb, 326 bytes, Stack size 8 bytes, aeabi_sdiv.o(.text), UNUSED)

<P><STRONG><a name="[9c]"></a>__aeabi_dadd</STRONG> (Thumb, 0 bytes, Stack size 8 bytes, daddsub.o(.text), UNUSED)

<P><STRONG><a name="[3c]"></a>_dadd</STRONG> (Thumb, 26 bytes, Stack size 8 bytes, daddsub.o(.text), UNUSED)
<BR><BR>[Calls]<UL><LI><a href="#[3d]">&gt;&gt;</a>&nbsp;&nbsp;&nbsp;_dsub1
<LI><a href="#[3e]">&gt;&gt;</a>&nbsp;&nbsp;&nbsp;_dadd1
</UL>

<P><STRONG><a name="[9d]"></a>__aeabi_dsub</STRONG> (Thumb, 0 bytes, Stack size 8 bytes, daddsub.o(.text), UNUSED)

<P><STRONG><a name="[3f]"></a>_dsub</STRONG> (Thumb, 22 bytes, Stack size 8 bytes, daddsub.o(.text), UNUSED)
<BR><BR>[Calls]<UL><LI><a href="#[3d]">&gt;&gt;</a>&nbsp;&nbsp;&nbsp;_dsub1
<LI><a href="#[3e]">&gt;&gt;</a>&nbsp;&nbsp;&nbsp;_dadd1
</UL>

<P><STRONG><a name="[6a]"></a>__aeabi_drsub</STRONG> (Thumb, 0 bytes, Stack size 16 bytes, daddsub.o(.text))
<BR><BR>[Stack]<UL><LI>Max Depth = 16<LI>Call Chain = __aeabi_drsub
</UL>
<BR>[Called By]<UL><LI><a href="#[68]">&gt;&gt;</a>&nbsp;&nbsp;&nbsp;print_flt
</UL>

<P><STRONG><a name="[40]"></a>_drsb</STRONG> (Thumb, 28 bytes, Stack size 16 bytes, daddsub.o(.text), UNUSED)
<BR><BR>[Calls]<UL><LI><a href="#[3d]">&gt;&gt;</a>&nbsp;&nbsp;&nbsp;_dsub1
<LI><a href="#[3e]">&gt;&gt;</a>&nbsp;&nbsp;&nbsp;_dadd1
</UL>

<P><STRONG><a name="[69]"></a>__aeabi_d2iz</STRONG> (Thumb, 0 bytes, Stack size 12 bytes, dfixi.o(.text))
<BR><BR>[Stack]<UL><LI>Max Depth = 12<LI>Call Chain = __aeabi_d2iz
</UL>
<BR>[Called By]<UL><LI><a href="#[68]">&gt;&gt;</a>&nbsp;&nbsp;&nbsp;print_flt
</UL>

<P><STRONG><a name="[9e]"></a>_dfix</STRONG> (Thumb, 98 bytes, Stack size 12 bytes, dfixi.o(.text), UNUSED)

<P><STRONG><a name="[42]"></a>__aeabi_i2d_normalise</STRONG> (Thumb, 66 bytes, Stack size 0 bytes, dflti.o(.text))
<BR><BR>[Called By]<UL><LI><a href="#[43]">&gt;&gt;</a>&nbsp;&nbsp;&nbsp;__aeabi_ui2d
<LI><a href="#[41]">&gt;&gt;</a>&nbsp;&nbsp;&nbsp;__aeabi_i2d
</UL>

<P><STRONG><a name="[41]"></a>__aeabi_i2d</STRONG> (Thumb, 16 bytes, Stack size 0 bytes, dflti.o(.text), UNUSED)
<BR><BR>[Calls]<UL><LI><a href="#[42]">&gt;&gt;</a>&nbsp;&nbsp;&nbsp;__aeabi_i2d_normalise
</UL>

<P><STRONG><a name="[9f]"></a>_dflt</STRONG> (Thumb, 0 bytes, Stack size 0 bytes, dflti.o(.text), UNUSED)

<P><STRONG><a name="[43]"></a>__aeabi_ui2d</STRONG> (Thumb, 6 bytes, Stack size 0 bytes, dflti.o(.text))
<BR><BR>[Calls]<UL><LI><a href="#[42]">&gt;&gt;</a>&nbsp;&nbsp;&nbsp;__aeabi_i2d_normalise
</UL>
<BR>[Called By]<UL><LI><a href="#[68]">&gt;&gt;</a>&nbsp;&nbsp;&nbsp;print_flt
</UL>

<P><STRONG><a name="[a0]"></a>_dfltu</STRONG> (Thumb, 0 bytes, Stack size 0 bytes, dflti.o(.text), UNUSED)

<P><STRONG><a name="[6b]"></a>__aeabi_dmul</STRONG> (Thumb, 0 bytes, Stack size 56 bytes, dmul.o(.text))
<BR><BR>[Stack]<UL><LI>Max Depth = 56<LI>Call Chain = __aeabi_dmul
</UL>
<BR>[Called By]<UL><LI><a href="#[68]">&gt;&gt;</a>&nbsp;&nbsp;&nbsp;print_flt
</UL>

<P><STRONG><a name="[a1]"></a>_dmul</STRONG> (Thumb, 558 bytes, Stack size 56 bytes, dmul.o(.text), UNUSED)

<P><STRONG><a name="[36]"></a>exit</STRONG> (Thumb, 16 bytes, Stack size 8 bytes, exit.o(.text))
<BR><BR>[Stack]<UL><LI>Max Depth = 8 + Unknown Stack Size
<LI>Call Chain = exit
</UL>
<BR>[Calls]<UL><LI><a href="#[45]">&gt;&gt;</a>&nbsp;&nbsp;&nbsp;__rt_exit
<LI><a href="#[44]">&gt;&gt;</a>&nbsp;&nbsp;&nbsp;_call_atexit_fns (Weak Reference)
</UL>
<BR>[Called By]<UL><LI><a href="#[34]">&gt;&gt;</a>&nbsp;&nbsp;&nbsp;__rt_entry_main
</UL>

<P><STRONG><a name="[3a]"></a>_sys_exit</STRONG> (Thumb, 8 bytes, Stack size 0 bytes, sys_exit.o(.text))
<BR><BR>[Called By]<UL><LI><a href="#[39]">&gt;&gt;</a>&nbsp;&nbsp;&nbsp;__rt_exit_exit
</UL>

<P><STRONG><a name="[a2]"></a>__I$use$semihosting</STRONG> (Thumb, 0 bytes, Stack size 0 bytes, use_no_semi.o(.text), UNUSED)

<P><STRONG><a name="[a3]"></a>__use_no_semihosting_swi</STRONG> (Thumb, 2 bytes, Stack size 0 bytes, use_no_semi.o(.text), UNUSED)

<P><STRONG><a name="[13]"></a>CAN_Handler</STRONG> (Thumb, 2 bytes, Stack size 0 bytes, pango_m1_it.o(i.CAN_Handler))
<BR>[Address Reference Count : 1]<UL><LI> startup_pango_m1.o(RESET)
</UL>
<P><STRONG><a name="[a4]"></a>__semihosting_library_function</STRONG> (Thumb, 0 bytes, Stack size 0 bytes, indicate_semi.o(.text), UNUSED)

<P><STRONG><a name="[16]"></a>DTimer_Handler</STRONG> (Thumb, 2 bytes, Stack size 0 bytes, pango_m1_it.o(i.DTimer_Handler))
<BR>[Address Reference Count : 1]<UL><LI> startup_pango_m1.o(RESET)
</UL>
<P><STRONG><a name="[63]"></a>Delay</STRONG> (Thumb, 18 bytes, Stack size 8 bytes, main.o(i.Delay))
<BR><BR>[Stack]<UL><LI>Max Depth = 8<LI>Call Chain = Delay
</UL>
<BR>[Called By]<UL><LI><a href="#[35]">&gt;&gt;</a>&nbsp;&nbsp;&nbsp;main
</UL>

<P><STRONG><a name="[11]"></a>ENT_Handler</STRONG> (Thumb, 2 bytes, Stack size 0 bytes, pango_m1_it.o(i.ENT_Handler))
<BR>[Address Reference Count : 1]<UL><LI> startup_pango_m1.o(RESET)
</UL>
<P><STRONG><a name="[f]"></a>GPIO0_Handler</STRONG> (Thumb, 18 bytes, Stack size 8 bytes, main.o(i.GPIO0_Handler))
<BR><BR>[Stack]<UL><LI>Max Depth = 120<LI>Call Chain = GPIO0_Handler &rArr; printk &rArr; print_flt &rArr; __aeabi_dmul
</UL>
<BR>[Calls]<UL><LI><a href="#[46]">&gt;&gt;</a>&nbsp;&nbsp;&nbsp;GPIO_IntClear
<LI><a href="#[47]">&gt;&gt;</a>&nbsp;&nbsp;&nbsp;printk
</UL>
<BR>[Address Reference Count : 1]<UL><LI> startup_pango_m1.o(RESET)
</UL>
<P><STRONG><a name="[49]"></a>GPIO_Init</STRONG> (Thumb, 128 bytes, Stack size 12 bytes, pango_m1_gpio.o(i.GPIO_Init))
<BR><BR>[Stack]<UL><LI>Max Depth = 12<LI>Call Chain = GPIO_Init
</UL>
<BR>[Called By]<UL><LI><a href="#[48]">&gt;&gt;</a>&nbsp;&nbsp;&nbsp;GpioInit
</UL>

<P><STRONG><a name="[46]"></a>GPIO_IntClear</STRONG> (Thumb, 8 bytes, Stack size 0 bytes, pango_m1_gpio.o(i.GPIO_IntClear))
<BR><BR>[Called By]<UL><LI><a href="#[f]">&gt;&gt;</a>&nbsp;&nbsp;&nbsp;GPIO0_Handler
</UL>

<P><STRONG><a name="[48]"></a>GpioInit</STRONG> (Thumb, 58 bytes, Stack size 24 bytes, main.o(i.GpioInit))
<BR><BR>[Stack]<UL><LI>Max Depth = 36<LI>Call Chain = GpioInit &rArr; GPIO_Init
</UL>
<BR>[Calls]<UL><LI><a href="#[49]">&gt;&gt;</a>&nbsp;&nbsp;&nbsp;GPIO_Init
<LI><a href="#[4a]">&gt;&gt;</a>&nbsp;&nbsp;&nbsp;__NVIC_EnableIRQ
</UL>
<BR>[Called By]<UL><LI><a href="#[35]">&gt;&gt;</a>&nbsp;&nbsp;&nbsp;main
</UL>

<P><STRONG><a name="[7]"></a>HardFault_Handler</STRONG> (Thumb, 4 bytes, Stack size 0 bytes, pango_m1_it.o(i.HardFault_Handler))
<BR>[Address Reference Count : 1]<UL><LI> startup_pango_m1.o(RESET)
</UL>
<P><STRONG><a name="[12]"></a>I2C_Handler</STRONG> (Thumb, 32 bytes, Stack size 0 bytes, main.o(i.I2C_Handler))
<BR>[Address Reference Count : 1]<UL><LI> startup_pango_m1.o(RESET)
</UL>
<P><STRONG><a name="[6]"></a>NMI_Handler</STRONG> (Thumb, 4 bytes, Stack size 0 bytes, main.o(i.NMI_Handler))
<BR>[Address Reference Count : 1]<UL><LI> startup_pango_m1.o(RESET)
</UL>
<P><STRONG><a name="[14]"></a>RTC_Handler</STRONG> (Thumb, 2 bytes, Stack size 0 bytes, pango_m1_it.o(i.RTC_Handler))
<BR>[Address Reference Count : 1]<UL><LI> startup_pango_m1.o(RESET)
</UL>
<P><STRONG><a name="[4b]"></a>SPIInit0</STRONG> (Thumb, 38 bytes, Stack size 16 bytes, main.o(i.SPIInit0))
<BR><BR>[Stack]<UL><LI>Max Depth = 16<LI>Call Chain = SPIInit0
</UL>
<BR>[Calls]<UL><LI><a href="#[4c]">&gt;&gt;</a>&nbsp;&nbsp;&nbsp;SPI_Init
<LI><a href="#[4d]">&gt;&gt;</a>&nbsp;&nbsp;&nbsp;SPI_CS_Enable
</UL>
<BR>[Called By]<UL><LI><a href="#[35]">&gt;&gt;</a>&nbsp;&nbsp;&nbsp;main
</UL>

<P><STRONG><a name="[64]"></a>SPI_CS_Disable</STRONG> (Thumb, 16 bytes, Stack size 0 bytes, pango_m1_spi.o(i.SPI_CS_Disable))
<BR><BR>[Called By]<UL><LI><a href="#[35]">&gt;&gt;</a>&nbsp;&nbsp;&nbsp;main
</UL>

<P><STRONG><a name="[4d]"></a>SPI_CS_Enable</STRONG> (Thumb, 12 bytes, Stack size 0 bytes, pango_m1_spi.o(i.SPI_CS_Enable))
<BR><BR>[Called By]<UL><LI><a href="#[35]">&gt;&gt;</a>&nbsp;&nbsp;&nbsp;main
<LI><a href="#[4b]">&gt;&gt;</a>&nbsp;&nbsp;&nbsp;SPIInit0
</UL>

<P><STRONG><a name="[51]"></a>SPI_GetRcvStatus</STRONG> (Thumb, 12 bytes, Stack size 0 bytes, pango_m1_spi.o(i.SPI_GetRcvStatus))
<BR><BR>[Called By]<UL><LI><a href="#[4e]">&gt;&gt;</a>&nbsp;&nbsp;&nbsp;SPI_ReadByte
</UL>

<P><STRONG><a name="[4f]"></a>SPI_GetTmtStatus</STRONG> (Thumb, 12 bytes, Stack size 0 bytes, pango_m1_spi.o(i.SPI_GetTmtStatus))
<BR><BR>[Called By]<UL><LI><a href="#[53]">&gt;&gt;</a>&nbsp;&nbsp;&nbsp;SPI_WriteByte
<LI><a href="#[4e]">&gt;&gt;</a>&nbsp;&nbsp;&nbsp;SPI_ReadByte
</UL>

<P><STRONG><a name="[4c]"></a>SPI_Init</STRONG> (Thumb, 50 bytes, Stack size 0 bytes, pango_m1_spi.o(i.SPI_Init))
<BR><BR>[Called By]<UL><LI><a href="#[4b]">&gt;&gt;</a>&nbsp;&nbsp;&nbsp;SPIInit0
</UL>

<P><STRONG><a name="[4e]"></a>SPI_ReadByte</STRONG> (Thumb, 32 bytes, Stack size 8 bytes, pango_spi_flash.o(i.SPI_ReadByte))
<BR><BR>[Stack]<UL><LI>Max Depth = 8<LI>Call Chain = SPI_ReadByte
</UL>
<BR>[Calls]<UL><LI><a href="#[50]">&gt;&gt;</a>&nbsp;&nbsp;&nbsp;SPI_SetRcvStatus
<LI><a href="#[52]">&gt;&gt;</a>&nbsp;&nbsp;&nbsp;SPI_ReadData
<LI><a href="#[4f]">&gt;&gt;</a>&nbsp;&nbsp;&nbsp;SPI_GetTmtStatus
<LI><a href="#[51]">&gt;&gt;</a>&nbsp;&nbsp;&nbsp;SPI_GetRcvStatus
</UL>
<BR>[Called By]<UL><LI><a href="#[35]">&gt;&gt;</a>&nbsp;&nbsp;&nbsp;main
</UL>

<P><STRONG><a name="[52]"></a>SPI_ReadData</STRONG> (Thumb, 8 bytes, Stack size 0 bytes, pango_m1_spi.o(i.SPI_ReadData))
<BR><BR>[Called By]<UL><LI><a href="#[4e]">&gt;&gt;</a>&nbsp;&nbsp;&nbsp;SPI_ReadByte
</UL>

<P><STRONG><a name="[50]"></a>SPI_SetRcvStatus</STRONG> (Thumb, 14 bytes, Stack size 0 bytes, pango_m1_spi.o(i.SPI_SetRcvStatus))
<BR><BR>[Called By]<UL><LI><a href="#[4e]">&gt;&gt;</a>&nbsp;&nbsp;&nbsp;SPI_ReadByte
</UL>

<P><STRONG><a name="[53]"></a>SPI_WriteByte</STRONG> (Thumb, 22 bytes, Stack size 8 bytes, pango_spi_flash.o(i.SPI_WriteByte))
<BR><BR>[Stack]<UL><LI>Max Depth = 8<LI>Call Chain = SPI_WriteByte
</UL>
<BR>[Calls]<UL><LI><a href="#[54]">&gt;&gt;</a>&nbsp;&nbsp;&nbsp;SPI_WriteData
<LI><a href="#[4f]">&gt;&gt;</a>&nbsp;&nbsp;&nbsp;SPI_GetTmtStatus
</UL>
<BR>[Called By]<UL><LI><a href="#[35]">&gt;&gt;</a>&nbsp;&nbsp;&nbsp;main
</UL>

<P><STRONG><a name="[54]"></a>SPI_WriteData</STRONG> (Thumb, 6 bytes, Stack size 0 bytes, pango_m1_spi.o(i.SPI_WriteData))
<BR><BR>[Called By]<UL><LI><a href="#[53]">&gt;&gt;</a>&nbsp;&nbsp;&nbsp;SPI_WriteByte
</UL>

<P><STRONG><a name="[8]"></a>SVC_Handler</STRONG> (Thumb, 2 bytes, Stack size 0 bytes, port.o(i.SVC_Handler))
<BR>[Address Reference Count : 1]<UL><LI> startup_pango_m1.o(RESET)
</UL>
<P><STRONG><a name="[a]"></a>SysTick_Handler</STRONG> (Thumb, 32 bytes, Stack size 8 bytes, port.o(i.SysTick_Handler))
<BR><BR>[Stack]<UL><LI>Max Depth = 32<LI>Call Chain = SysTick_Handler &rArr; xTaskIncrementTick
</UL>
<BR>[Calls]<UL><LI><a href="#[57]">&gt;&gt;</a>&nbsp;&nbsp;&nbsp;vClearInterruptMaskFromISR
<LI><a href="#[55]">&gt;&gt;</a>&nbsp;&nbsp;&nbsp;ulSetInterruptMaskFromISR
<LI><a href="#[56]">&gt;&gt;</a>&nbsp;&nbsp;&nbsp;xTaskIncrementTick
</UL>
<BR>[Address Reference Count : 1]<UL><LI> startup_pango_m1.o(RESET)
</UL>
<P><STRONG><a name="[2b]"></a>SystemInit</STRONG> (Thumb, 76 bytes, Stack size 0 bytes, system_pango_m1.o(i.SystemInit))
<BR><BR>[Called By]<UL><LI><a href="#[35]">&gt;&gt;</a>&nbsp;&nbsp;&nbsp;main
</UL>
<BR>[Address Reference Count : 1]<UL><LI> startup_pango_m1.o(.text)
</UL>
<P><STRONG><a name="[d]"></a>TIMER0_Handler</STRONG> (Thumb, 34 bytes, Stack size 8 bytes, main.o(i.TIMER0_Handler))
<BR><BR>[Stack]<UL><LI>Max Depth = 8<LI>Call Chain = TIMER0_Handler
</UL>
<BR>[Calls]<UL><LI><a href="#[58]">&gt;&gt;</a>&nbsp;&nbsp;&nbsp;TIMER_GetIRQStatus
<LI><a href="#[59]">&gt;&gt;</a>&nbsp;&nbsp;&nbsp;TIMER_ClearIRQ
</UL>
<BR>[Address Reference Count : 1]<UL><LI> startup_pango_m1.o(RESET)
</UL>
<P><STRONG><a name="[e]"></a>TIMER1_Handler</STRONG> (Thumb, 2 bytes, Stack size 0 bytes, pango_m1_it.o(i.TIMER1_Handler))
<BR>[Address Reference Count : 1]<UL><LI> startup_pango_m1.o(RESET)
</UL>
<P><STRONG><a name="[59]"></a>TIMER_ClearIRQ</STRONG> (Thumb, 6 bytes, Stack size 0 bytes, pango_m1_timer.o(i.TIMER_ClearIRQ))
<BR><BR>[Called By]<UL><LI><a href="#[d]">&gt;&gt;</a>&nbsp;&nbsp;&nbsp;TIMER0_Handler
</UL>

<P><STRONG><a name="[58]"></a>TIMER_GetIRQStatus</STRONG> (Thumb, 8 bytes, Stack size 0 bytes, pango_m1_timer.o(i.TIMER_GetIRQStatus))
<BR><BR>[Called By]<UL><LI><a href="#[d]">&gt;&gt;</a>&nbsp;&nbsp;&nbsp;TIMER0_Handler
</UL>

<P><STRONG><a name="[5b]"></a>TIMER_Init</STRONG> (Thumb, 86 bytes, Stack size 0 bytes, pango_m1_timer.o(i.TIMER_Init))
<BR><BR>[Called By]<UL><LI><a href="#[5a]">&gt;&gt;</a>&nbsp;&nbsp;&nbsp;TimerInit
</UL>

<P><STRONG><a name="[17]"></a>TRNG_Handler</STRONG> (Thumb, 2 bytes, Stack size 0 bytes, pango_m1_it.o(i.TRNG_Handler))
<BR>[Address Reference Count : 1]<UL><LI> startup_pango_m1.o(RESET)
</UL>
<P><STRONG><a name="[5a]"></a>TimerInit</STRONG> (Thumb, 36 bytes, Stack size 16 bytes, main.o(i.TimerInit))
<BR><BR>[Stack]<UL><LI>Max Depth = 16<LI>Call Chain = TimerInit
</UL>
<BR>[Calls]<UL><LI><a href="#[5b]">&gt;&gt;</a>&nbsp;&nbsp;&nbsp;TIMER_Init
<LI><a href="#[4a]">&gt;&gt;</a>&nbsp;&nbsp;&nbsp;__NVIC_EnableIRQ
</UL>
<BR>[Called By]<UL><LI><a href="#[35]">&gt;&gt;</a>&nbsp;&nbsp;&nbsp;main
</UL>

<P><STRONG><a name="[b]"></a>UART0_Handler</STRONG> (Thumb, 36 bytes, Stack size 8 bytes, main.o(i.UART0_Handler))
<BR><BR>[Stack]<UL><LI>Max Depth = 8<LI>Call Chain = UART0_Handler
</UL>
<BR>[Calls]<UL><LI><a href="#[5f]">&gt;&gt;</a>&nbsp;&nbsp;&nbsp;UART_SendChar
<LI><a href="#[5e]">&gt;&gt;</a>&nbsp;&nbsp;&nbsp;UART_ReceiveChar
<LI><a href="#[5c]">&gt;&gt;</a>&nbsp;&nbsp;&nbsp;UART_GetRxIRQStatus
<LI><a href="#[5d]">&gt;&gt;</a>&nbsp;&nbsp;&nbsp;UART_ClearRxIRQ
</UL>
<BR>[Address Reference Count : 1]<UL><LI> startup_pango_m1.o(RESET)
</UL>
<P><STRONG><a name="[c]"></a>UART1_Handler</STRONG> (Thumb, 2 bytes, Stack size 0 bytes, pango_m1_it.o(i.UART1_Handler))
<BR>[Address Reference Count : 1]<UL><LI> startup_pango_m1.o(RESET)
</UL>
<P><STRONG><a name="[5d]"></a>UART_ClearRxIRQ</STRONG> (Thumb, 6 bytes, Stack size 0 bytes, pango_m1_uart.o(i.UART_ClearRxIRQ))
<BR><BR>[Called By]<UL><LI><a href="#[b]">&gt;&gt;</a>&nbsp;&nbsp;&nbsp;UART0_Handler
</UL>

<P><STRONG><a name="[5c]"></a>UART_GetRxIRQStatus</STRONG> (Thumb, 12 bytes, Stack size 0 bytes, pango_m1_uart.o(i.UART_GetRxIRQStatus))
<BR><BR>[Called By]<UL><LI><a href="#[b]">&gt;&gt;</a>&nbsp;&nbsp;&nbsp;UART0_Handler
</UL>

<P><STRONG><a name="[60]"></a>UART_Init</STRONG> (Thumb, 124 bytes, Stack size 16 bytes, pango_m1_uart.o(i.UART_Init))
<BR><BR>[Stack]<UL><LI>Max Depth = 16<LI>Call Chain = UART_Init
</UL>
<BR>[Calls]<UL><LI><a href="#[61]">&gt;&gt;</a>&nbsp;&nbsp;&nbsp;__aeabi_uidivmod
</UL>
<BR>[Called By]<UL><LI><a href="#[62]">&gt;&gt;</a>&nbsp;&nbsp;&nbsp;UartInit
</UL>

<P><STRONG><a name="[5e]"></a>UART_ReceiveChar</STRONG> (Thumb, 20 bytes, Stack size 0 bytes, pango_m1_uart.o(i.UART_ReceiveChar))
<BR><BR>[Called By]<UL><LI><a href="#[b]">&gt;&gt;</a>&nbsp;&nbsp;&nbsp;UART0_Handler
</UL>

<P><STRONG><a name="[5f]"></a>UART_SendChar</STRONG> (Thumb, 16 bytes, Stack size 0 bytes, pango_m1_uart.o(i.UART_SendChar))
<BR><BR>[Called By]<UL><LI><a href="#[66]">&gt;&gt;</a>&nbsp;&nbsp;&nbsp;put_char
<LI><a href="#[b]">&gt;&gt;</a>&nbsp;&nbsp;&nbsp;UART0_Handler
</UL>

<P><STRONG><a name="[62]"></a>UartInit</STRONG> (Thumb, 52 bytes, Stack size 16 bytes, main.o(i.UartInit))
<BR><BR>[Stack]<UL><LI>Max Depth = 32<LI>Call Chain = UartInit &rArr; UART_Init
</UL>
<BR>[Calls]<UL><LI><a href="#[60]">&gt;&gt;</a>&nbsp;&nbsp;&nbsp;UART_Init
<LI><a href="#[4a]">&gt;&gt;</a>&nbsp;&nbsp;&nbsp;__NVIC_EnableIRQ
</UL>
<BR>[Called By]<UL><LI><a href="#[35]">&gt;&gt;</a>&nbsp;&nbsp;&nbsp;main
</UL>

<P><STRONG><a name="[35]"></a>main</STRONG> (Thumb, 132 bytes, Stack size 0 bytes, main.o(i.main))
<BR><BR>[Stack]<UL><LI>Max Depth = 112<LI>Call Chain = main &rArr; printk &rArr; print_flt &rArr; __aeabi_dmul
</UL>
<BR>[Calls]<UL><LI><a href="#[4d]">&gt;&gt;</a>&nbsp;&nbsp;&nbsp;SPI_CS_Enable
<LI><a href="#[64]">&gt;&gt;</a>&nbsp;&nbsp;&nbsp;SPI_CS_Disable
<LI><a href="#[2b]">&gt;&gt;</a>&nbsp;&nbsp;&nbsp;SystemInit
<LI><a href="#[47]">&gt;&gt;</a>&nbsp;&nbsp;&nbsp;printk
<LI><a href="#[53]">&gt;&gt;</a>&nbsp;&nbsp;&nbsp;SPI_WriteByte
<LI><a href="#[4e]">&gt;&gt;</a>&nbsp;&nbsp;&nbsp;SPI_ReadByte
<LI><a href="#[62]">&gt;&gt;</a>&nbsp;&nbsp;&nbsp;UartInit
<LI><a href="#[5a]">&gt;&gt;</a>&nbsp;&nbsp;&nbsp;TimerInit
<LI><a href="#[4b]">&gt;&gt;</a>&nbsp;&nbsp;&nbsp;SPIInit0
<LI><a href="#[48]">&gt;&gt;</a>&nbsp;&nbsp;&nbsp;GpioInit
<LI><a href="#[63]">&gt;&gt;</a>&nbsp;&nbsp;&nbsp;Delay
</UL>
<BR>[Called By]<UL><LI><a href="#[34]">&gt;&gt;</a>&nbsp;&nbsp;&nbsp;__rt_entry_main
</UL>

<P><STRONG><a name="[65]"></a>print_dec</STRONG> (Thumb, 28 bytes, Stack size 8 bytes, pango_m1_printk.o(i.print_dec))
<BR><BR>[Stack]<UL><LI>Max Depth = 32<LI>Call Chain = print_dec &rArr; print_num &rArr;  print_num (Cycle)
</UL>
<BR>[Calls]<UL><LI><a href="#[66]">&gt;&gt;</a>&nbsp;&nbsp;&nbsp;put_char
<LI><a href="#[67]">&gt;&gt;</a>&nbsp;&nbsp;&nbsp;print_num
</UL>
<BR>[Called By]<UL><LI><a href="#[47]">&gt;&gt;</a>&nbsp;&nbsp;&nbsp;printk
<LI><a href="#[68]">&gt;&gt;</a>&nbsp;&nbsp;&nbsp;print_flt
</UL>

<P><STRONG><a name="[68]"></a>print_flt</STRONG> (Thumb, 80 bytes, Stack size 24 bytes, pango_m1_printk.o(i.print_flt))
<BR><BR>[Stack]<UL><LI>Max Depth = 80<LI>Call Chain = print_flt &rArr; __aeabi_dmul
</UL>
<BR>[Calls]<UL><LI><a href="#[66]">&gt;&gt;</a>&nbsp;&nbsp;&nbsp;put_char
<LI><a href="#[65]">&gt;&gt;</a>&nbsp;&nbsp;&nbsp;print_dec
<LI><a href="#[6b]">&gt;&gt;</a>&nbsp;&nbsp;&nbsp;__aeabi_dmul
<LI><a href="#[43]">&gt;&gt;</a>&nbsp;&nbsp;&nbsp;__aeabi_ui2d
<LI><a href="#[69]">&gt;&gt;</a>&nbsp;&nbsp;&nbsp;__aeabi_d2iz
<LI><a href="#[6a]">&gt;&gt;</a>&nbsp;&nbsp;&nbsp;__aeabi_drsub
</UL>
<BR>[Called By]<UL><LI><a href="#[47]">&gt;&gt;</a>&nbsp;&nbsp;&nbsp;printk
</UL>

<P><STRONG><a name="[6c]"></a>print_hex2</STRONG> (Thumb, 28 bytes, Stack size 8 bytes, pango_m1_printk.o(i.print_hex2))
<BR><BR>[Stack]<UL><LI>Max Depth = 32<LI>Call Chain = print_hex2 &rArr; print_num &rArr;  print_num (Cycle)
</UL>
<BR>[Calls]<UL><LI><a href="#[66]">&gt;&gt;</a>&nbsp;&nbsp;&nbsp;put_char
<LI><a href="#[67]">&gt;&gt;</a>&nbsp;&nbsp;&nbsp;print_num
</UL>
<BR>[Called By]<UL><LI><a href="#[47]">&gt;&gt;</a>&nbsp;&nbsp;&nbsp;printk
</UL>

<P><STRONG><a name="[67]"></a>print_num</STRONG> (Thumb, 50 bytes, Stack size 16 bytes, pango_m1_printk.o(i.print_num))
<BR><BR>[Stack]<UL><LI>Max Depth = 24 + In Cycle
<LI>Call Chain = print_num &rArr;  print_num (Cycle)
</UL>
<BR>[Calls]<UL><LI><a href="#[66]">&gt;&gt;</a>&nbsp;&nbsp;&nbsp;put_char
<LI><a href="#[67]">&gt;&gt;</a>&nbsp;&nbsp;&nbsp;print_num
<LI><a href="#[61]">&gt;&gt;</a>&nbsp;&nbsp;&nbsp;__aeabi_uidivmod
</UL>
<BR>[Called By]<UL><LI><a href="#[67]">&gt;&gt;</a>&nbsp;&nbsp;&nbsp;print_num
<LI><a href="#[6c]">&gt;&gt;</a>&nbsp;&nbsp;&nbsp;print_hex2
<LI><a href="#[65]">&gt;&gt;</a>&nbsp;&nbsp;&nbsp;print_dec
</UL>

<P><STRONG><a name="[6d]"></a>print_str</STRONG> (Thumb, 22 bytes, Stack size 8 bytes, pango_m1_printk.o(i.print_str))
<BR><BR>[Stack]<UL><LI>Max Depth = 16<LI>Call Chain = print_str &rArr; put_char &rArr;  put_char (Cycle)
</UL>
<BR>[Calls]<UL><LI><a href="#[66]">&gt;&gt;</a>&nbsp;&nbsp;&nbsp;put_char
</UL>
<BR>[Called By]<UL><LI><a href="#[47]">&gt;&gt;</a>&nbsp;&nbsp;&nbsp;printk
</UL>

<P><STRONG><a name="[47]"></a>printk</STRONG> (Thumb, 242 bytes, Stack size 32 bytes, pango_m1_printk.o(i.printk))
<BR><BR>[Stack]<UL><LI>Max Depth = 112<LI>Call Chain = printk &rArr; print_flt &rArr; __aeabi_dmul
</UL>
<BR>[Calls]<UL><LI><a href="#[66]">&gt;&gt;</a>&nbsp;&nbsp;&nbsp;put_char
<LI><a href="#[6d]">&gt;&gt;</a>&nbsp;&nbsp;&nbsp;print_str
<LI><a href="#[6c]">&gt;&gt;</a>&nbsp;&nbsp;&nbsp;print_hex2
<LI><a href="#[68]">&gt;&gt;</a>&nbsp;&nbsp;&nbsp;print_flt
<LI><a href="#[65]">&gt;&gt;</a>&nbsp;&nbsp;&nbsp;print_dec
</UL>
<BR>[Called By]<UL><LI><a href="#[35]">&gt;&gt;</a>&nbsp;&nbsp;&nbsp;main
<LI><a href="#[f]">&gt;&gt;</a>&nbsp;&nbsp;&nbsp;GPIO0_Handler
</UL>

<P><STRONG><a name="[66]"></a>put_char</STRONG> (Thumb, 24 bytes, Stack size 8 bytes, pango_m1_printk.o(i.put_char))
<BR><BR>[Stack]<UL><LI>Max Depth = 8 + In Cycle
<LI>Call Chain = put_char &rArr;  put_char (Cycle)
</UL>
<BR>[Calls]<UL><LI><a href="#[5f]">&gt;&gt;</a>&nbsp;&nbsp;&nbsp;UART_SendChar
<LI><a href="#[66]">&gt;&gt;</a>&nbsp;&nbsp;&nbsp;put_char
</UL>
<BR>[Called By]<UL><LI><a href="#[66]">&gt;&gt;</a>&nbsp;&nbsp;&nbsp;put_char
<LI><a href="#[47]">&gt;&gt;</a>&nbsp;&nbsp;&nbsp;printk
<LI><a href="#[6d]">&gt;&gt;</a>&nbsp;&nbsp;&nbsp;print_str
<LI><a href="#[67]">&gt;&gt;</a>&nbsp;&nbsp;&nbsp;print_num
<LI><a href="#[6c]">&gt;&gt;</a>&nbsp;&nbsp;&nbsp;print_hex2
<LI><a href="#[68]">&gt;&gt;</a>&nbsp;&nbsp;&nbsp;print_flt
<LI><a href="#[65]">&gt;&gt;</a>&nbsp;&nbsp;&nbsp;print_dec
</UL>

<P><STRONG><a name="[70]"></a>uxListRemove</STRONG> (Thumb, 40 bytes, Stack size 0 bytes, list.o(i.uxListRemove))
<BR><BR>[Called By]<UL><LI><a href="#[56]">&gt;&gt;</a>&nbsp;&nbsp;&nbsp;xTaskIncrementTick
</UL>

<P><STRONG><a name="[6e]"></a>vApplicationStackOverflowHook</STRONG> (Thumb, 2 bytes, Stack size 0 bytes, main.o(i.vApplicationStackOverflowHook))
<BR><BR>[Called By]<UL><LI><a href="#[3b]">&gt;&gt;</a>&nbsp;&nbsp;&nbsp;vTaskSwitchContext
</UL>

<P><STRONG><a name="[72]"></a>vApplicationTickHook</STRONG> (Thumb, 2 bytes, Stack size 0 bytes, main.o(i.vApplicationTickHook))
<BR><BR>[Called By]<UL><LI><a href="#[56]">&gt;&gt;</a>&nbsp;&nbsp;&nbsp;xTaskIncrementTick
</UL>

<P><STRONG><a name="[71]"></a>vListInsertEnd</STRONG> (Thumb, 24 bytes, Stack size 0 bytes, list.o(i.vListInsertEnd))
<BR><BR>[Called By]<UL><LI><a href="#[56]">&gt;&gt;</a>&nbsp;&nbsp;&nbsp;xTaskIncrementTick
</UL>

<P><STRONG><a name="[3b]"></a>vTaskSwitchContext</STRONG> (Thumb, 156 bytes, Stack size 16 bytes, tasks.o(i.vTaskSwitchContext))
<BR><BR>[Stack]<UL><LI>Max Depth = 16<LI>Call Chain = vTaskSwitchContext
</UL>
<BR>[Calls]<UL><LI><a href="#[6e]">&gt;&gt;</a>&nbsp;&nbsp;&nbsp;vApplicationStackOverflowHook
</UL>
<BR>[Called By]<UL><LI><a href="#[9]">&gt;&gt;</a>&nbsp;&nbsp;&nbsp;PendSV_Handler
</UL>

<P><STRONG><a name="[56]"></a>xTaskIncrementTick</STRONG> (Thumb, 286 bytes, Stack size 24 bytes, tasks.o(i.xTaskIncrementTick))
<BR><BR>[Stack]<UL><LI>Max Depth = 24<LI>Call Chain = xTaskIncrementTick
</UL>
<BR>[Calls]<UL><LI><a href="#[71]">&gt;&gt;</a>&nbsp;&nbsp;&nbsp;vListInsertEnd
<LI><a href="#[70]">&gt;&gt;</a>&nbsp;&nbsp;&nbsp;uxListRemove
<LI><a href="#[72]">&gt;&gt;</a>&nbsp;&nbsp;&nbsp;vApplicationTickHook
<LI><a href="#[6f]">&gt;&gt;</a>&nbsp;&nbsp;&nbsp;prvResetNextTaskUnblockTime
</UL>
<BR>[Called By]<UL><LI><a href="#[a]">&gt;&gt;</a>&nbsp;&nbsp;&nbsp;SysTick_Handler
</UL>
<P>
<H3>
Local Symbols
</H3>
<P><STRONG><a name="[6f]"></a>prvResetNextTaskUnblockTime</STRONG> (Thumb, 46 bytes, Stack size 0 bytes, tasks.o(i.prvResetNextTaskUnblockTime))
<BR><BR>[Called By]<UL><LI><a href="#[56]">&gt;&gt;</a>&nbsp;&nbsp;&nbsp;xTaskIncrementTick
</UL>

<P><STRONG><a name="[4a]"></a>__NVIC_EnableIRQ</STRONG> (Thumb, 18 bytes, Stack size 0 bytes, main.o(i.__NVIC_EnableIRQ))
<BR><BR>[Called By]<UL><LI><a href="#[62]">&gt;&gt;</a>&nbsp;&nbsp;&nbsp;UartInit
<LI><a href="#[5a]">&gt;&gt;</a>&nbsp;&nbsp;&nbsp;TimerInit
<LI><a href="#[48]">&gt;&gt;</a>&nbsp;&nbsp;&nbsp;GpioInit
</UL>

<P><STRONG><a name="[3e]"></a>_dadd1</STRONG> (Thumb, 290 bytes, Stack size 20 bytes, daddsub.o(.text), UNUSED)
<BR><BR>[Called By]<UL><LI><a href="#[40]">&gt;&gt;</a>&nbsp;&nbsp;&nbsp;_drsb
<LI><a href="#[3f]">&gt;&gt;</a>&nbsp;&nbsp;&nbsp;_dsub
<LI><a href="#[3c]">&gt;&gt;</a>&nbsp;&nbsp;&nbsp;_dadd
</UL>

<P><STRONG><a name="[3d]"></a>_dsub1</STRONG> (Thumb, 470 bytes, Stack size 40 bytes, daddsub.o(.text), UNUSED)
<BR><BR>[Called By]<UL><LI><a href="#[40]">&gt;&gt;</a>&nbsp;&nbsp;&nbsp;_drsb
<LI><a href="#[3f]">&gt;&gt;</a>&nbsp;&nbsp;&nbsp;_dsub
<LI><a href="#[3c]">&gt;&gt;</a>&nbsp;&nbsp;&nbsp;_dadd
</UL>
<P>
<H3>
Undefined Global Symbols
</H3>
<P><STRONG><a name="[44]"></a>_call_atexit_fns</STRONG> (ARM, 0 bytes, Stack size 0 bytes, UNDEFINED)
<BR><BR>[Called By]<UL><LI><a href="#[36]">&gt;&gt;</a>&nbsp;&nbsp;&nbsp;exit
</UL>
<HR></body></html>
