Component: ARM Compiler 5.06 update 7 (build 960) Tool: armlink [4d3601]

==============================================================================

Section Cross References

    startup_pango_m1.o(RESET) refers to startup_pango_m1.o(STACK) for __initial_sp
    startup_pango_m1.o(RESET) refers to startup_pango_m1.o(.text) for Reset_Handler
    startup_pango_m1.o(RESET) refers to main.o(i.NMI_Handler) for NMI_Handler
    startup_pango_m1.o(RESET) refers to pango_m1_it.o(i.HardFault_Handler) for HardFault_Handler
    startup_pango_m1.o(RESET) refers to port.o(i.SVC_Handler) for SVC_Handler
    startup_pango_m1.o(RESET) refers to port.o(.emb_text) for PendSV_Handler
    startup_pango_m1.o(RESET) refers to port.o(i.SysTick_Handler) for SysTick_Handler
    startup_pango_m1.o(RESET) refers to main.o(i.UART0_Handler) for UART0_Handler
    startup_pango_m1.o(RESET) refers to pango_m1_it.o(i.UART1_Handler) for UART1_Handler
    startup_pango_m1.o(RESET) refers to main.o(i.TIMER0_Handler) for TIMER0_Handler
    startup_pango_m1.o(RESET) refers to pango_m1_it.o(i.TIMER1_Handler) for TIMER1_Handler
    startup_pango_m1.o(RESET) refers to main.o(i.GPIO0_Handler) for GPIO0_Handler
    startup_pango_m1.o(RESET) refers to pango_m1_it.o(i.ENT_Handler) for ENT_Handler
    startup_pango_m1.o(RESET) refers to main.o(i.I2C_Handler) for I2C_Handler
    startup_pango_m1.o(RESET) refers to pango_m1_it.o(i.CAN_Handler) for CAN_Handler
    startup_pango_m1.o(RESET) refers to pango_m1_it.o(i.RTC_Handler) for RTC_Handler
    startup_pango_m1.o(RESET) refers to pango_m1_it.o(i.DTimer_Handler) for DTimer_Handler
    startup_pango_m1.o(RESET) refers to pango_m1_it.o(i.TRNG_Handler) for TRNG_Handler
    startup_pango_m1.o(.text) refers to system_pango_m1.o(i.SystemInit) for SystemInit
    startup_pango_m1.o(.text) refers to entry.o(.ARM.Collect$$$$00000000) for __main
    system_pango_m1.o(i.SystemCoreClockUpdate) refers to system_pango_m1.o(.data) for .data
    system_pango_m1.o(i.SystemInit) refers to system_pango_m1.o(.data) for .data
    pango_m1_uart.o(i.UART_Init) refers to uidiv.o(.text) for __aeabi_uidivmod
    pango_m1_uart.o(i.UART_Init) refers to system_pango_m1.o(.data) for SystemCoreClock
    pango_m1_printk.o(i.print_dec) refers to pango_m1_printk.o(i.print_num) for print_num
    pango_m1_printk.o(i.print_dec) refers to pango_m1_printk.o(i.put_char) for put_char
    pango_m1_printk.o(i.print_flt) refers to dfixi.o(.text) for __aeabi_d2iz
    pango_m1_printk.o(i.print_flt) refers to pango_m1_printk.o(i.print_dec) for print_dec
    pango_m1_printk.o(i.print_flt) refers to pango_m1_printk.o(i.put_char) for put_char
    pango_m1_printk.o(i.print_flt) refers to dfltui.o(.text) for __aeabi_ui2d
    pango_m1_printk.o(i.print_flt) refers to dadd.o(.text) for __aeabi_drsub
    pango_m1_printk.o(i.print_flt) refers to dmul.o(.text) for __aeabi_dmul
    pango_m1_printk.o(i.print_hex) refers to pango_m1_printk.o(i.put_char) for put_char
    pango_m1_printk.o(i.print_hex2) refers to pango_m1_printk.o(i.print_num) for print_num
    pango_m1_printk.o(i.print_hex2) refers to pango_m1_printk.o(i.put_char) for put_char
    pango_m1_printk.o(i.print_num) refers to uidiv.o(.text) for __aeabi_uidivmod
    pango_m1_printk.o(i.print_num) refers to pango_m1_printk.o(i.put_char) for put_char
    pango_m1_printk.o(i.print_str) refers to pango_m1_printk.o(i.put_char) for put_char
    pango_m1_printk.o(i.printk) refers to pango_m1_printk.o(i.put_char) for put_char
    pango_m1_printk.o(i.printk) refers to pango_m1_printk.o(i.print_dec) for print_dec
    pango_m1_printk.o(i.printk) refers to pango_m1_printk.o(i.print_flt) for print_flt
    pango_m1_printk.o(i.printk) refers to pango_m1_printk.o(i.print_str) for print_str
    pango_m1_printk.o(i.printk) refers to pango_m1_printk.o(i.print_hex2) for print_hex2
    pango_m1_printk.o(i.put_char) refers to pango_m1_uart.o(i.UART_SendChar) for UART_SendChar
    pango_m1_i2c.o(i.I2C_Init) refers to pango_m1_i2c.o(i.I2C_Rate_Set) for I2C_Rate_Set
    pango_m1_i2c.o(i.I2C_Rate_Set) refers to uidiv.o(.text) for __aeabi_uidivmod
    pango_m1_i2c.o(i.I2C_Rate_Set) refers to system_pango_m1.o(.data) for SystemCoreClock
    pango_m1_i2c.o(i.I2C_ReadBytes) refers to pango_m1_i2c.o(i.I2C_ReceiveByte) for I2C_ReceiveByte
    pango_m1_i2c.o(i.I2C_ReceiveByte) refers to pango_m1_i2c.o(i.Delay_ms_i2c) for Delay_ms_i2c
    pango_m1_i2c.o(i.I2C_SendByte) refers to pango_m1_i2c.o(i.Delay_ms_i2c) for Delay_ms_i2c
    pango_m1_i2c.o(i.I2C_SendBytes) refers to pango_m1_i2c.o(i.I2C_SendByte) for I2C_SendByte
    event_groups.o(i.vEventGroupClearBitsCallback) refers to event_groups.o(i.xEventGroupClearBits) for xEventGroupClearBits
    event_groups.o(i.vEventGroupDelete) refers to tasks.o(i.vTaskSuspendAll) for vTaskSuspendAll
    event_groups.o(i.vEventGroupDelete) refers to tasks.o(i.xTaskRemoveFromUnorderedEventList) for xTaskRemoveFromUnorderedEventList
[...]
    ff.o(i.dir_read) refers to ff.o(i.dir_next) for dir_next
    ff.o(i.dir_register) refers to ff.o(i.dir_sdi) for dir_sdi
    ff.o(i.dir_register) refers to ff.o(i.move_window) for move_window
    ff.o(i.dir_register) refers to ff.o(i.dir_next) for dir_next
    ff.o(i.dir_register) refers to ff.o(i.mem_set) for mem_set
    ff.o(i.dir_register) refers to ff.o(i.mem_cpy) for mem_cpy
    ff.o(i.dir_remove) refers to ff.o(i.move_window) for move_window
    ff.o(i.dir_sdi) refers to ff.o(i.get_fat) for get_fat
    ff.o(i.dir_sdi) refers to ff.o(i.clst2sect) for clst2sect
    ff.o(i.f_chmod) refers to ff.o(i.mount_volume) for mount_volume
    ff.o(i.f_chmod) refers to ff.o(i.follow_path) for follow_path
    ff.o(i.f_chmod) refers to ff.o(i.sync_fs) for sync_fs
    ff.o(i.f_close) refers to ff.o(i.f_sync) for f_sync
    ff.o(i.f_close) refers to ff.o(i.validate) for validate
    ff.o(i.f_closedir) refers to ff.o(i.validate) for validate
    ff.o(i.f_getfree) refers to ff.o(i.mount_volume) for mount_volume
    ff.o(i.f_getfree) refers to ff.o(i.get_fat) for get_fat
    ff.o(i.f_getfree) refers to ff.o(i.move_window) for move_window
    ff.o(i.f_getfree) refers to ff.o(i.ld_dword) for ld_dword
    ff.o(i.f_getfree) refers to ff.o(i.ld_word) for ld_word
    ff.o(i.f_lseek) refers to ff.o(i.validate) for validate
    ff.o(i.f_lseek) refers to uidiv.o(.text) for __aeabi_uidivmod
    ff.o(i.f_lseek) refers to ff.o(i.create_chain) for create_chain
    ff.o(i.f_lseek) refers to ff.o(i.get_fat) for get_fat
    ff.o(i.f_lseek) refers to ff.o(i.clst2sect) for clst2sect
    ff.o(i.f_lseek) refers to diskio.o(i.disk_write) for disk_write
    ff.o(i.f_lseek) refers to diskio.o(i.disk_read) for disk_read
    ff.o(i.f_mkdir) refers to ff.o(i.mount_volume) for mount_volume
    ff.o(i.f_mkdir) refers to ff.o(i.follow_path) for follow_path
    ff.o(i.f_mkdir) refers to ff.o(i.create_chain) for create_chain
    ff.o(i.f_mkdir) refers to ff.o(i.dir_clear) for dir_clear
    ff.o(i.f_mkdir) refers to ff.o(i.mem_set) for mem_set
    ff.o(i.f_mkdir) refers to ff.o(i.st_dword) for st_dword
    ff.o(i.f_mkdir) refers to ff.o(i.st_clust) for st_clust
    ff.o(i.f_mkdir) refers to ff.o(i.mem_cpy) for mem_cpy
    ff.o(i.f_mkdir) refers to ff.o(i.dir_register) for dir_register
    ff.o(i.f_mkdir) refers to ff.o(i.remove_chain) for remove_chain
    ff.o(i.f_mkdir) refers to ff.o(i.sync_fs) for sync_fs
    ff.o(i.f_mkfs) refers to ff.o(i.get_ldnumber) for get_ldnumber
    ff.o(i.f_mkfs) refers to diskio.o(i.disk_initialize) for disk_initialize
    ff.o(i.f_mkfs) refers to diskio.o(i.disk_ioctl) for disk_ioctl
    ff.o(i.f_mkfs) refers to uidiv.o(.text) for __aeabi_uidivmod
    ff.o(i.f_mkfs) refers to ff.o(i.mem_set) for mem_set
    ff.o(i.f_mkfs) refers to ff.o(i.mem_cpy) for mem_cpy
    ff.o(i.f_mkfs) refers to ff.o(i.st_word) for st_word
    ff.o(i.f_mkfs) refers to ff.o(i.st_dword) for st_dword
    ff.o(i.f_mkfs) refers to diskio.o(i.disk_write) for disk_write
    ff.o(i.f_mkfs) refers to ff.o(.data) for .data
    ff.o(i.f_mkfs) refers to ff.o(.constdata) for .constdata
    ff.o(i.f_mkfs) refers to ff.o(i.create_partition) for create_partition
    ff.o(i.f_mount) refers to ff.o(i.get_ldnumber) for get_ldnumber
    ff.o(i.f_mount) refers to ff.o(i.mount_volume) for mount_volume
    ff.o(i.f_mount) refers to ff.o(.data) for .data
    ff.o(i.f_open) refers to ff.o(i.mount_volume) for mount_volume
    ff.o(i.f_open) refers to ff.o(i.follow_path) for follow_path
    ff.o(i.f_open) refers to ff.o(i.dir_register) for dir_register
    ff.o(i.f_open) refers to ff.o(i.st_dword) for st_dword
    ff.o(i.f_open) refers to ff.o(i.ld_clust) for ld_clust
    ff.o(i.f_open) refers to ff.o(i.st_clust) for st_clust
    ff.o(i.f_open) refers to ff.o(i.remove_chain) for remove_chain
    ff.o(i.f_open) refers to ff.o(i.move_window) for move_window
    ff.o(i.f_open) refers to ff.o(i.ld_dword) for ld_dword
    ff.o(i.f_open) refers to ff.o(i.mem_set) for mem_set
    ff.o(i.f_open) refers to ff.o(i.get_fat) for get_fat
    ff.o(i.f_open) refers to ff.o(i.clst2sect) for clst2sect
    ff.o(i.f_open) refers to diskio.o(i.disk_read) for disk_read
    ff.o(i.f_opendir) refers to ff.o(i.mount_volume) for mount_volume
    ff.o(i.f_opendir) refers to ff.o(i.follow_path) for follow_path
    ff.o(i.f_opendir) refers to ff.o(i.ld_clust) for ld_clust
    ff.o(i.f_opendir) refers to ff.o(i.dir_sdi) for dir_sdi
    ff.o(i.f_read) refers to ff.o(i.validate) for validate
    ff.o(i.f_read) refers to ff.o(i.get_fat) for get_fat
    ff.o(i.f_read) refers to ff.o(i.clst2sect) for clst2sect
    ff.o(i.f_read) refers to diskio.o(i.disk_read) for disk_read
    ff.o(i.f_read) refers to ff.o(i.mem_cpy) for mem_cpy
    ff.o(i.f_read) refers to diskio.o(i.disk_write) for disk_write
    ff.o(i.f_readdir) refers to ff.o(i.validate) for validate
    ff.o(i.f_readdir) refers to ff.o(i.dir_read) for dir_read
    ff.o(i.f_readdir) refers to ff.o(i.get_fileinfo) for get_fileinfo
    ff.o(i.f_readdir) refers to ff.o(i.dir_next) for dir_next
    ff.o(i.f_readdir) refers to ff.o(i.dir_sdi) for dir_sdi
    ff.o(i.f_rename) refers to ff.o(i.get_ldnumber) for get_ldnumber
    ff.o(i.f_rename) refers to ff.o(i.mount_volume) for mount_volume
    ff.o(i.f_rename) refers to ff.o(i.follow_path) for follow_path
    ff.o(i.f_rename) refers to ff.o(i.mem_cpy) for mem_cpy
    ff.o(i.f_rename) refers to ff.o(i.dir_register) for dir_register
    ff.o(i.f_rename) refers to ff.o(i.ld_clust) for ld_clust
    ff.o(i.f_rename) refers to ff.o(i.clst2sect) for clst2sect
    ff.o(i.f_rename) refers to ff.o(i.move_window) for move_window
    ff.o(i.f_rename) refers to ff.o(i.st_clust) for st_clust
    ff.o(i.f_rename) refers to ff.o(i.dir_remove) for dir_remove
    ff.o(i.f_rename) refers to ff.o(i.sync_fs) for sync_fs
    ff.o(i.f_stat) refers to ff.o(i.mount_volume) for mount_volume
    ff.o(i.f_stat) refers to ff.o(i.follow_path) for follow_path
    ff.o(i.f_stat) refers to ff.o(i.get_fileinfo) for get_fileinfo
    ff.o(i.f_sync) refers to ff.o(i.validate) for validate
    ff.o(i.f_sync) refers to diskio.o(i.disk_write) for disk_write
    ff.o(i.f_sync) refers to ff.o(i.move_window) for move_window
    ff.o(i.f_sync) refers to ff.o(i.st_clust) for st_clust
    ff.o(i.f_sync) refers to ff.o(i.st_dword) for st_dword
    ff.o(i.f_sync) refers to ff.o(i.st_word) for st_word
    ff.o(i.f_sync) refers to ff.o(i.sync_fs) for sync_fs
    ff.o(i.f_truncate) refers to ff.o(i.validate) for validate
    ff.o(i.f_truncate) refers to ff.o(i.get_fat) for get_fat
    ff.o(i.f_truncate) refers to ff.o(i.remove_chain) for remove_chain
    ff.o(i.f_truncate) refers to diskio.o(i.disk_write) for disk_write
    ff.o(i.f_unlink) refers to ff.o(i.mount_volume) for mount_volume
    ff.o(i.f_unlink) refers to ff.o(i.follow_path) for follow_path
    ff.o(i.f_unlink) refers to ff.o(i.ld_clust) for ld_clust
    ff.o(i.f_unlink) refers to ff.o(i.dir_sdi) for dir_sdi
    ff.o(i.f_unlink) refers to ff.o(i.dir_read) for dir_read
    ff.o(i.f_unlink) refers to ff.o(i.dir_remove) for dir_remove
    ff.o(i.f_unlink) refers to ff.o(i.remove_chain) for remove_chain
    ff.o(i.f_unlink) refers to ff.o(i.sync_fs) for sync_fs
    ff.o(i.f_utime) refers to ff.o(i.mount_volume) for mount_volume
    ff.o(i.f_utime) refers to ff.o(i.follow_path) for follow_path
    ff.o(i.f_utime) refers to ff.o(i.st_dword) for st_dword
    ff.o(i.f_utime) refers to ff.o(i.sync_fs) for sync_fs
    ff.o(i.f_write) refers to ff.o(i.validate) for validate
    ff.o(i.f_write) refers to ff.o(i.create_chain) for create_chain
    ff.o(i.f_write) refers to diskio.o(i.disk_write) for disk_write
    ff.o(i.f_write) refers to ff.o(i.clst2sect) for clst2sect
    ff.o(i.f_write) refers to ff.o(i.mem_cpy) for mem_cpy
    ff.o(i.f_write) refers to diskio.o(i.disk_read) for disk_read
    ff.o(i.find_volume) refers to ff.o(i.check_fs) for check_fs
    ff.o(i.find_volume) refers to ff.o(i.ld_dword) for ld_dword
    ff.o(i.follow_path) refers to ff.o(i.dir_sdi) for dir_sdi
    ff.o(i.follow_path) refers to ff.o(i.create_name) for create_name
    ff.o(i.follow_path) refers to ff.o(i.move_window) for move_window
    ff.o(i.follow_path) refers to ff.o(i.mem_cmp) for mem_cmp
    ff.o(i.follow_path) refers to ff.o(i.dir_next) for dir_next
    ff.o(i.follow_path) refers to ff.o(i.ld_clust) for ld_clust
    ff.o(i.get_fat) refers to ff.o(i.move_window) for move_window
    ff.o(i.get_fat) refers to ff.o(i.ld_word) for ld_word
    ff.o(i.get_fat) refers to ff.o(i.ld_dword) for ld_dword
    ff.o(i.get_fileinfo) refers to ff.o(i.ld_dword) for ld_dword
    ff.o(i.get_fileinfo) refers to ff.o(i.ld_word) for ld_word
    ff.o(i.ld_clust) refers to ff.o(i.ld_word) for ld_word
    ff.o(i.mount_volume) refers to ff.o(i.get_ldnumber) for get_ldnumber
    ff.o(i.mount_volume) refers to diskio.o(i.disk_status) for disk_status
    ff.o(i.mount_volume) refers to diskio.o(i.disk_initialize) for disk_initialize
    ff.o(i.mount_volume) refers to ff.o(i.find_volume) for find_volume
    ff.o(i.mount_volume) refers to ff.o(i.ld_word) for ld_word
    ff.o(i.mount_volume) refers to ff.o(i.ld_dword) for ld_dword
    ff.o(i.mount_volume) refers to uidiv.o(.text) for __aeabi_uidivmod
    ff.o(i.mount_volume) refers to ff.o(i.move_window) for move_window
    ff.o(i.mount_volume) refers to ff.o(.data) for .data
    ff.o(i.move_window) refers to ff.o(i.sync_window) for sync_window
    ff.o(i.move_window) refers to diskio.o(i.disk_read) for disk_read
    ff.o(i.put_fat) refers to ff.o(i.move_window) for move_window
    ff.o(i.put_fat) refers to ff.o(i.st_word) for st_word
    ff.o(i.put_fat) refers to ff.o(i.ld_dword) for ld_dword
    ff.o(i.put_fat) refers to ff.o(i.st_dword) for st_dword
    ff.o(i.remove_chain) refers to ff.o(i.put_fat) for put_fat
    ff.o(i.remove_chain) refers to ff.o(i.get_fat) for get_fat
    ff.o(i.st_clust) refers to ff.o(i.st_word) for st_word
    ff.o(i.sync_fs) refers to ff.o(i.sync_window) for sync_window
    ff.o(i.sync_fs) refers to ff.o(i.mem_set) for mem_set
    ff.o(i.sync_fs) refers to ff.o(i.st_word) for st_word
    ff.o(i.sync_fs) refers to ff.o(i.st_dword) for st_dword
    ff.o(i.sync_fs) refers to diskio.o(i.disk_write) for disk_write
    ff.o(i.sync_fs) refers to diskio.o(i.disk_ioctl) for disk_ioctl
    ff.o(i.sync_window) refers to diskio.o(i.disk_write) for disk_write
    ff.o(i.validate) refers to diskio.o(i.disk_status) for disk_status
    entry.o(.ARM.Collect$$$$00000000) refers (Special) to entry10a.o(.ARM.Collect$$$$0000000F) for __rt_final_cpp
    entry.o(.ARM.Collect$$$$00000000) refers (Special) to entry11a.o(.ARM.Collect$$$$00000011) for __rt_final_exit
    entry.o(.ARM.Collect$$$$00000000) refers (Special) to entry12b.o(.ARM.Collect$$$$0000000E) for __rt_lib_shutdown_fini
    entry.o(.ARM.Collect$$$$00000000) refers (Special) to entry7b.o(.ARM.Collect$$$$00000008) for _main_clock
    entry.o(.ARM.Collect$$$$00000000) refers (Special) to entry8b.o(.ARM.Collect$$$$0000000A) for _main_cpp_init
    entry.o(.ARM.Collect$$$$00000000) refers (Special) to entry9a.o(.ARM.Collect$$$$0000000B) for _main_init
    entry.o(.ARM.Collect$$$$00000000) refers (Special) to entry5.o(.ARM.Collect$$$$00000004) for _main_scatterload
    entry.o(.ARM.Collect$$$$00000000) refers (Special) to entry2.o(.ARM.Collect$$$$00000001) for _main_stk
    dadd.o(.text) refers (Special) to iusefp.o(.text) for __I$use$fp
    dadd.o(.text) refers to llshl.o(.text) for __aeabi_llsl
    dadd.o(.text) refers to llsshr.o(.text) for __aeabi_lasr
    dadd.o(.text) refers to depilogue.o(.text) for _double_epilogue
    dmul.o(.text) refers (Special) to iusefp.o(.text) for __I$use$fp
    dmul.o(.text) refers to depilogue.o(.text) for _double_epilogue
    dfltui.o(.text) refers (Special) to iusefp.o(.text) for __I$use$fp
    dfltui.o(.text) refers to depilogue.o(.text) for _double_epilogue
    dfixi.o(.text) refers (Special) to iusefp.o(.text) for __I$use$fp
    dfixi.o(.text) refers to llushr.o(.text) for __aeabi_llsr
    entry2.o(.ARM.Collect$$$$00000001) refers to entry2.o(.ARM.Collect$$$$00002712) for __lit__00000000
    entry2.o(.ARM.Collect$$$$00002712) refers to startup_pango_m1.o(STACK) for __initial_sp
    entry2.o(__vectab_stack_and_reset_area) refers to startup_pango_m1.o(STACK) for __initial_sp
    entry2.o(__vectab_stack_and_reset_area) refers to entry.o(.ARM.Collect$$$$00000000) for __main
    entry5.o(.ARM.Collect$$$$00000004) refers to init.o(.text) for __scatterload
    entry9a.o(.ARM.Collect$$$$0000000B) refers to main.o(i.main) for main
    entry9b.o(.ARM.Collect$$$$0000000C) refers to main.o(i.main) for main
    depilogue.o(.text) refers to depilogue.o(i.__ARM_clz) for __ARM_clz
    depilogue.o(.text) refers to llshl.o(.text) for __aeabi_llsl
    depilogue.o(.text) refers to llushr.o(.text) for __aeabi_llsr
    init.o(.text) refers to entry5.o(.ARM.Collect$$$$00000004) for __main_after_scatterload


==============================================================================

Removing Unused input sections from the image.

    Removing startup_pango_m1.o(HEAP), (256 bytes).
    Removing system_pango_m1.o(.rev16_text), (4 bytes).
    Removing system_pango_m1.o(.revsh_text), (4 bytes).
    Removing system_pango_m1.o(i.SystemCoreClockUpdate), (16 bytes).
    Removing pango_m1_gpio.o(.rev16_text), (4 bytes).
    Removing pango_m1_gpio.o(.revsh_text), (4 bytes).
    Removing pango_m1_gpio.o(i.GPIO_ClrAltFunc), (4 bytes).
    Removing pango_m1_gpio.o(i.GPIO_ClrIntEnable), (10 bytes).
    Removing pango_m1_gpio.o(i.GPIO_ClrOutEnable), (4 bytes).
    Removing pango_m1_gpio.o(i.GPIO_GetAltFunc), (4 bytes).
    Removing pango_m1_gpio.o(i.GPIO_GetIntStatus), (4 bytes).
    Removing pango_m1_gpio.o(i.GPIO_GetOutEnable), (4 bytes).
    Removing pango_m1_gpio.o(i.GPIO_MaskedWrite), (32 bytes).
    Removing pango_m1_gpio.o(i.GPIO_ReadBits), (4 bytes).
    Removing pango_m1_gpio.o(i.GPIO_ResetBit), (8 bytes).
    Removing pango_m1_gpio.o(i.GPIO_SetAltFunc), (4 bytes).
    Removing pango_m1_gpio.o(i.GPIO_SetBit), (8 bytes).
    Removing pango_m1_gpio.o(i.GPIO_SetIntEnable), (10 bytes).
    Removing pango_m1_gpio.o(i.GPIO_SetIntFallingEdge), (20 bytes).
    Removing pango_m1_gpio.o(i.GPIO_SetIntHighLevel), (20 bytes).
    Removing pango_m1_gpio.o(i.GPIO_SetIntLowLevel), (20 bytes).
    Removing pango_m1_gpio.o(i.GPIO_SetIntRisingEdge), (20 bytes).
    Removing pango_m1_gpio.o(i.GPIO_SetOutEnable), (4 bytes).
    Removing pango_m1_gpio.o(i.GPIO_WriteBits), (4 bytes).
    Removing pango_m1_spi.o(.rev16_text), (4 bytes).
    Removing pango_m1_spi.o(.revsh_text), (4 bytes).
    Removing pango_m1_spi.o(i.SPI_CS_Disable), (20 bytes).
    Removing pango_m1_spi.o(i.SPI_ClrDirection), (16 bytes).
    Removing pango_m1_spi.o(i.SPI_ClrPhase), (16 bytes).
    Removing pango_m1_spi.o(i.SPI_ClrPolarity), (16 bytes).
    Removing pango_m1_spi.o(i.SPI_ClrRoeStatus), (16 bytes).
    Removing pango_m1_spi.o(i.SPI_ClrToeStatus), (16 bytes).
    Removing pango_m1_spi.o(i.SPI_GetClkSel), (16 bytes).
    Removing pango_m1_spi.o(i.SPI_GetDirection), (16 bytes).
    Removing pango_m1_spi.o(i.SPI_GetPhase), (16 bytes).
    Removing pango_m1_spi.o(i.SPI_GetPolarity), (16 bytes).
    Removing pango_m1_spi.o(i.SPI_GetRcvStatus), (16 bytes).
    Removing pango_m1_spi.o(i.SPI_GetRoeStatus), (16 bytes).
    Removing pango_m1_spi.o(i.SPI_GetRrdyStatus), (16 bytes).
    Removing pango_m1_spi.o(i.SPI_GetTmtStatus), (16 bytes).
    Removing pango_m1_spi.o(i.SPI_GetToeStatus), (16 bytes).
    Removing pango_m1_spi.o(i.SPI_GetTrdyStatus), (16 bytes).
    Removing pango_m1_spi.o(i.SPI_ReadData), (12 bytes).
    Removing pango_m1_spi.o(i.SPI_Select_Slave), (12 bytes).
    Removing pango_m1_spi.o(i.SPI_SetClkSel), (28 bytes).
    Removing pango_m1_spi.o(i.SPI_SetDirection), (16 bytes).
    Removing pango_m1_spi.o(i.SPI_SetPhase), (16 bytes).
    Removing pango_m1_spi.o(i.SPI_SetPolarity), (16 bytes).
    Removing pango_m1_spi.o(i.SPI_SetRcvStatus), (16 bytes).
    Removing pango_m1_spi.o(i.SPI_WriteData), (12 bytes).
    Removing pango_m1_timer.o(.rev16_text), (4 bytes).
    Removing pango_m1_timer.o(.revsh_text), (4 bytes).
    Removing pango_m1_timer.o(i.TIMER_DisableIRQ), (10 bytes).
    Removing pango_m1_timer.o(i.TIMER_EnableIRQ), (10 bytes).
    Removing pango_m1_timer.o(i.TIMER_GetReload), (4 bytes).
    Removing pango_m1_timer.o(i.TIMER_GetValue), (4 bytes).
    Removing pango_m1_timer.o(i.TIMER_SelExtClock), (16 bytes).
    Removing pango_m1_timer.o(i.TIMER_SelExtEnable), (16 bytes).
    Removing pango_m1_timer.o(i.TIMER_SetReload), (4 bytes).
    Removing pango_m1_timer.o(i.TIMER_SetValue), (4 bytes).
    Removing pango_m1_timer.o(i.TIMER_StartTimer), (10 bytes).
    Removing pango_m1_timer.o(i.TIMER_StopTimer), (10 bytes).
    Removing pango_m1_uart.o(.rev16_text), (4 bytes).
    Removing pango_m1_uart.o(.revsh_text), (4 bytes).
    Removing pango_m1_uart.o(i.UART_ClearRxBufferOverrunStatus), (6 bytes).
    Removing pango_m1_uart.o(i.UART_ClearRxOverrunIRQ), (6 bytes).
    Removing pango_m1_uart.o(i.UART_ClearTxBufferOverrunStatus), (6 bytes).
    Removing pango_m1_uart.o(i.UART_ClearTxIRQ), (6 bytes).
    Removing pango_m1_uart.o(i.UART_ClearTxOverrunIRQ), (6 bytes).
    Removing pango_m1_uart.o(i.UART_ClrHSTM), (10 bytes).
    Removing pango_m1_uart.o(i.UART_GetBaudDivider), (4 bytes).
    Removing pango_m1_uart.o(i.UART_GetRxBufferFull), (8 bytes).
    Removing pango_m1_uart.o(i.UART_GetRxBufferOverrunStatus), (8 bytes).
    Removing pango_m1_uart.o(i.UART_GetRxOverrunIRQStatus), (8 bytes).
    Removing pango_m1_uart.o(i.UART_GetTxBufferFull), (8 bytes).
    Removing pango_m1_uart.o(i.UART_GetTxBufferOverrunStatus), (8 bytes).
    Removing pango_m1_uart.o(i.UART_GetTxIRQStatus), (8 bytes).
    Removing pango_m1_uart.o(i.UART_GetTxOverrunIRQStatus), (8 bytes).
    Removing pango_m1_uart.o(i.UART_SendString), (24 bytes).
    Removing pango_m1_uart.o(i.UART_SetHSTM), (10 bytes).
    Removing pango_m1_wdog.o(.rev16_text), (4 bytes).
    Removing pango_m1_wdog.o(.revsh_text), (4 bytes).
    Removing pango_m1_wdog.o(i.WDOG_ClrITModeEnable), (16 bytes).
    Removing pango_m1_wdog.o(i.WDOG_ClrITOP), (16 bytes).
    Removing pango_m1_wdog.o(i.WDOG_ClrIntEnable), (12 bytes).
    Removing pango_m1_wdog.o(i.WDOG_GetCounterValue), (12 bytes).
    Removing pango_m1_wdog.o(i.WDOG_GetITModeStatus), (16 bytes).
    Removing pango_m1_wdog.o(i.WDOG_GetITOPIntStatus), (20 bytes).
    Removing pango_m1_wdog.o(i.WDOG_GetITOPResStatus), (16 bytes).
    Removing pango_m1_wdog.o(i.WDOG_GetIntStatus), (16 bytes).
    Removing pango_m1_wdog.o(i.WDOG_GetMaskIntStatus), (16 bytes).
    Removing pango_m1_wdog.o(i.WDOG_GetRawIntStatus), (16 bytes).
    Removing pango_m1_wdog.o(i.WDOG_GetResStatus), (20 bytes).
    Removing pango_m1_wdog.o(i.WDOG_Init), (128 bytes).
    Removing pango_m1_wdog.o(i.WDOG_LockWriteAccess), (12 bytes).
    Removing pango_m1_wdog.o(i.WDOG_RestartCounter), (12 bytes).
    Removing pango_m1_wdog.o(i.WDOG_SetITModeEnable), (16 bytes).
    Removing pango_m1_wdog.o(i.WDOG_SetITOP), (12 bytes).
    Removing pango_m1_wdog.o(i.WDOG_SetIntEnable), (16 bytes).
    Removing pango_m1_wdog.o(i.WDOG_SetResetEnable), (16 bytes).
    Removing pango_m1_wdog.o(i.WDOG_UnlockWriteAccess), (16 bytes).
    Removing pango_m1_printk.o(.rev16_text), (4 bytes).
    Removing pango_m1_printk.o(.revsh_text), (4 bytes).
    Removing pango_m1_printk.o(i.print_hex), (60 bytes).
    Removing pango_m1_i2c.o(.rev16_text), (4 bytes).
    Removing pango_m1_i2c.o(.revsh_text), (4 bytes).
    Removing pango_m1_i2c.o(i.Delay_ms_i2c), (24 bytes).
    Removing pango_m1_i2c.o(i.I2C_Enable), (10 bytes).
    Removing pango_m1_i2c.o(i.I2C_Init), (54 bytes).
    Removing pango_m1_i2c.o(i.I2C_InterruptClose), (10 bytes).
    Removing pango_m1_i2c.o(i.I2C_InterruptOpen), (10 bytes).
    Removing pango_m1_i2c.o(i.I2C_Rate_Set), (32 bytes).
    Removing pango_m1_i2c.o(i.I2C_ReadBytes), (34 bytes).
    Removing pango_m1_i2c.o(i.I2C_ReceiveByte), (82 bytes).
    Removing pango_m1_i2c.o(i.I2C_SendByte), (74 bytes).
    Removing pango_m1_i2c.o(i.I2C_SendBytes), (34 bytes).
    Removing pango_m1_i2c.o(i.I2C_UnEnable), (8 bytes).
    Removing pango_m1_memory.o(.rev16_text), (4 bytes).
    Removing pango_m1_memory.o(.revsh_text), (4 bytes).
    Removing pango_m1_memory.o(i.Memory_Read_Bytes), (4 bytes).
    Removing pango_m1_memory.o(i.Memory_Write_Bytes), (4 bytes).
    Removing event_groups.o(i.prvTestWaitCondition), (22 bytes).
    Removing event_groups.o(i.vEventGroupClearBitsCallback), (8 bytes).
    Removing event_groups.o(i.vEventGroupDelete), (54 bytes).
    Removing event_groups.o(i.vEventGroupSetBitsCallback), (8 bytes).
    Removing event_groups.o(i.xEventGroupClearBits), (40 bytes).
    Removing event_groups.o(i.xEventGroupCreate), (26 bytes).
    Removing event_groups.o(i.xEventGroupGetBitsFromISR), (18 bytes).
    Removing event_groups.o(i.xEventGroupSetBits), (116 bytes).
    Removing event_groups.o(i.xEventGroupSync), (164 bytes).
    Removing event_groups.o(i.xEventGroupWaitBits), (204 bytes).
    Removing list.o(i.vListInitialise), (22 bytes).
    Removing list.o(i.vListInitialiseItem), (6 bytes).
    Removing list.o(i.vListInsert), (48 bytes).
    Removing queue.o(i.pcQueueGetName), (40 bytes).
    Removing queue.o(i.prvCopyDataFromQueue), (38 bytes).
    Removing queue.o(i.prvCopyDataToQueue), (112 bytes).
    Removing queue.o(i.prvIsQueueEmpty), (28 bytes).
    Removing queue.o(i.prvNotifyQueueSetContainer), (90 bytes).
    Removing queue.o(i.prvUnlockQueue), (128 bytes).
    Removing queue.o(i.uxQueueMessagesWaiting), (24 bytes).
    Removing queue.o(i.uxQueueMessagesWaitingFromISR), (12 bytes).
    Removing queue.o(i.uxQueueSpacesAvailable), (28 bytes).
    Removing queue.o(i.vQueueAddToRegistry), (36 bytes).
    Removing queue.o(i.vQueueDelete), (22 bytes).
    Removing queue.o(i.vQueueUnregisterQueue), (40 bytes).
    Removing queue.o(i.vQueueWaitForMessageRestricted), (68 bytes).
    Removing queue.o(i.xQueueAddToSet), (38 bytes).
    Removing queue.o(i.xQueueCreateCountingSemaphore), (36 bytes).
    Removing queue.o(i.xQueueCreateMutex), (36 bytes).
    Removing queue.o(i.xQueueCreateSet), (12 bytes).
    Removing queue.o(i.xQueueGenericCreate), (66 bytes).
    Removing queue.o(i.xQueueGenericReceive), (312 bytes).
    Removing queue.o(i.xQueueGenericReset), (108 bytes).
    Removing queue.o(i.xQueueGenericSend), (296 bytes).
    Removing queue.o(i.xQueueGenericSendFromISR), (158 bytes).
    Removing queue.o(i.xQueueGiveFromISR), (132 bytes).
    Removing queue.o(i.xQueueGiveMutexRecursive), (50 bytes).
    Removing queue.o(i.xQueueIsQueueEmptyFromISR), (22 bytes).
    Removing queue.o(i.xQueueIsQueueFullFromISR), (24 bytes).
    Removing queue.o(i.xQueuePeekFromISR), (76 bytes).
    Removing queue.o(i.xQueueReceiveFromISR), (120 bytes).
    Removing queue.o(i.xQueueRemoveFromSet), (36 bytes).
    Removing queue.o(i.xQueueSelectFromSet), (20 bytes).
    Removing queue.o(i.xQueueSelectFromSetFromISR), (18 bytes).
    Removing queue.o(i.xQueueTakeMutexRecursive), (56 bytes).
    Removing queue.o(.bss), (64 bytes).
    Removing tasks.o(i.eTaskGetState), (92 bytes).
    Removing tasks.o(i.pcTaskGetName), (24 bytes).
    Removing tasks.o(i.prvAddCurrentTaskToDelayedList), (88 bytes).
    Removing tasks.o(i.prvAddNewTaskToReadyList), (184 bytes).
    Removing tasks.o(i.prvCheckTasksWaitingTermination), (80 bytes).
    Removing tasks.o(i.prvDeleteTCB), (18 bytes).
    Removing tasks.o(i.prvIdleTask), (24 bytes).
    Removing tasks.o(i.prvInitialiseNewTask), (132 bytes).
    Removing tasks.o(i.prvTaskIsTaskSuspended), (44 bytes).
    Removing tasks.o(i.pvTaskIncrementMutexHeldCount), (24 bytes).
    Removing tasks.o(i.ulTaskNotifyTake), (96 bytes).
    Removing tasks.o(i.uxTaskGetNumberOfTasks), (12 bytes).
    Removing tasks.o(i.uxTaskPriorityGet), (32 bytes).
    Removing tasks.o(i.uxTaskPriorityGetFromISR), (32 bytes).
    Removing tasks.o(i.uxTaskResetEventItemValue), (24 bytes).
    Removing tasks.o(i.vTaskDelay), (48 bytes).
    Removing tasks.o(i.vTaskDelayUntil), (92 bytes).
    Removing tasks.o(i.vTaskDelete), (120 bytes).
    Removing tasks.o(i.vTaskEndScheduler), (20 bytes).
    Removing tasks.o(i.vTaskMissedYield), (12 bytes).
    Removing tasks.o(i.vTaskNotifyGiveFromISR), (140 bytes).
    Removing tasks.o(i.vTaskPlaceOnEventList), (36 bytes).
    Removing tasks.o(i.vTaskPlaceOnEventListRestricted), (48 bytes).
    Removing tasks.o(i.vTaskPlaceOnUnorderedEventList), (60 bytes).
    Removing tasks.o(i.vTaskPriorityInherit), (100 bytes).
    Removing tasks.o(i.vTaskPrioritySet), (148 bytes).
    Removing tasks.o(i.vTaskResume), (92 bytes).
    Removing tasks.o(i.vTaskSetTimeOutState), (24 bytes).
    Removing tasks.o(i.vTaskStartScheduler), (84 bytes).
    Removing tasks.o(i.vTaskSuspend), (124 bytes).
    Removing tasks.o(i.vTaskSuspendAll), (16 bytes).
    Removing tasks.o(i.xTaskCheckForTimeOut), (84 bytes).
    Removing tasks.o(i.xTaskCreate), (78 bytes).
    Removing tasks.o(i.xTaskGenericNotify), (164 bytes).
    Removing tasks.o(i.xTaskGenericNotifyFromISR), (196 bytes).
    Removing tasks.o(i.xTaskGetCurrentTaskHandle), (12 bytes).
    Removing tasks.o(i.xTaskGetSchedulerState), (32 bytes).
    Removing tasks.o(i.xTaskGetTickCount), (12 bytes).
    Removing tasks.o(i.xTaskGetTickCountFromISR), (12 bytes).
    Removing tasks.o(i.xTaskNotifyStateClear), (48 bytes).
    Removing tasks.o(i.xTaskNotifyWait), (124 bytes).
    Removing tasks.o(i.xTaskPriorityDisinherit), (104 bytes).
    Removing tasks.o(i.xTaskRemoveFromEventList), (100 bytes).
    Removing tasks.o(i.xTaskRemoveFromUnorderedEventList), (96 bytes).
    Removing tasks.o(i.xTaskResumeAll), (172 bytes).
    Removing tasks.o(i.xTaskResumeFromISR), (108 bytes).
    Removing timers.o(i.pcTimerGetName), (12 bytes).
    Removing timers.o(i.prvCheckForValidListAndQueue), (80 bytes).
    Removing timers.o(i.prvInsertTimerInActiveList), (56 bytes).
    Removing timers.o(i.prvProcessReceivedCommands), (168 bytes).
    Removing timers.o(i.prvProcessTimerOrBlockTask), (156 bytes).
    Removing timers.o(i.prvSampleTimeNow), (40 bytes).
    Removing timers.o(i.prvSwitchTimerLists), (96 bytes).
    Removing timers.o(i.prvTimerTask), (36 bytes).
    Removing timers.o(i.pvTimerGetTimerID), (24 bytes).
    Removing timers.o(i.vTimerSetTimerID), (24 bytes).
    Removing timers.o(i.xTimerCreate), (66 bytes).
    Removing timers.o(i.xTimerCreateTimerTask), (64 bytes).
    Removing timers.o(i.xTimerGenericCommand), (80 bytes).
    Removing timers.o(i.xTimerGetExpiryTime), (12 bytes).
    Removing timers.o(i.xTimerGetPeriod), (12 bytes).
    Removing timers.o(i.xTimerGetTimerDaemonTaskHandle), (20 bytes).
    Removing timers.o(i.xTimerIsTimerActive), (34 bytes).
    Removing timers.o(.bss), (40 bytes).
    Removing timers.o(.data), (20 bytes).
    Removing port.o(i.prvTaskExitError), (20 bytes).
    Removing port.o(i.pxPortInitialiseStack), (32 bytes).
    Removing port.o(i.vPortEndScheduler), (24 bytes).
    Removing port.o(i.vPortEnterCritical), (24 bytes).
    Removing port.o(i.vPortExitCritical), (28 bytes).
    Removing port.o(i.vPortYield), (24 bytes).
    Removing port.o(i.xPortStartScheduler), (80 bytes).
    Removing port.o(.data), (4 bytes).
    Removing heap_4.o(i.prvHeapInit), (72 bytes).
    Removing heap_4.o(i.prvInsertBlockIntoFreeList), (76 bytes).
    Removing heap_4.o(i.pvPortMalloc), (192 bytes).
    Removing heap_4.o(i.vPortFree), (68 bytes).
    Removing heap_4.o(i.vPortInitialiseBlocks), (2 bytes).
    Removing heap_4.o(i.xPortGetFreeHeapSize), (12 bytes).
    Removing heap_4.o(i.xPortGetMinimumEverFreeHeapSize), (12 bytes).
    Removing heap_4.o(.bss), (11000 bytes).
    Removing heap_4.o(.data), (24 bytes).
    Removing main.o(.rev16_text), (4 bytes).
    Removing main.o(.revsh_text), (4 bytes).
    Removing main.o(i.I2CInit), (40 bytes).
    Removing main.o(i.IIC_Test), (248 bytes).
    Removing main.o(i.SPI_Flash_Test), (136 bytes).
    Removing main.o(i.Smemory_test), (100 bytes).
    Removing main.o(i.SoftTmr_Callback), (256 bytes).
    Removing main.o(i.WatchDogInit), (100 bytes).
    Removing main.o(i.led_task), (56 bytes).
    Removing main.o(i.queue_task), (100 bytes).
    Removing main.o(i.vApplicationMallocFailedHook), (2 bytes).
    Removing main.o(i.watchdog_set), (20 bytes).
    Removing main.o(.bss), (128 bytes).
    Removing main.o(.bss), (128 bytes).
    Removing main.o(.data), (1 bytes).
    Removing main.o(.data), (4 bytes).
    Removing main.o(.data), (4 bytes).
    Removing main.o(.data), (1 bytes).
    Removing main.o(.data), (4 bytes).
    Removing main.o(.data), (4 bytes).
    Removing main.o(.data), (4 bytes).
    Removing main.o(.data), (4 bytes).
    Removing pango_m1_it.o(.rev16_text), (4 bytes).
    Removing pango_m1_it.o(.revsh_text), (4 bytes).
    Removing pango_m1_it.o(i.WDOG_Handler), (2 bytes).
    Removing pango_spi_flash.o(.rev16_text), (4 bytes).
    Removing pango_spi_flash.o(.revsh_text), (4 bytes).
    Removing pango_spi_flash.o(i.SFLASH_EraseBlock), (58 bytes).
    Removing pango_spi_flash.o(i.SFLASH_EraseChip), (34 bytes).
    Removing pango_spi_flash.o(i.SFLASH_EraseSector), (58 bytes).
    Removing pango_spi_flash.o(i.SFLASH_FastReadNByte), (76 bytes).
    Removing pango_spi_flash.o(i.SFLASH_PowerDown), (22 bytes).
    Removing pango_spi_flash.o(i.SFLASH_ReadID), (56 bytes).
    Removing pango_spi_flash.o(i.SFLASH_ReadJEDEC_ID), (46 bytes).
    Removing pango_spi_flash.o(i.SFLASH_ReadNByte), (70 bytes).
    Removing pango_spi_flash.o(i.SFLASH_ReadSR), (30 bytes).
    Removing pango_spi_flash.o(i.SFLASH_WAKEUP), (22 bytes).
    Removing pango_spi_flash.o(i.SFLASH_WaitForNoBusy), (12 bytes).
    Removing pango_spi_flash.o(i.SFLASH_WriteEnable), (22 bytes).
    Removing pango_spi_flash.o(i.SFLASH_WriteNByte), (176 bytes).
    Removing pango_spi_flash.o(i.SFLASH_WriteNoCheck), (58 bytes).
    Removing pango_spi_flash.o(i.SFLASH_WritePage), (78 bytes).
    Removing pango_spi_flash.o(i.SFLASH_WriteSR), (26 bytes).
    Removing pango_spi_flash.o(i.SPI_ReadByte), (28 bytes).
    Removing pango_spi_flash.o(i.SPI_WriteByte), (16 bytes).
    Removing pango_spi_flash.o(.bss), (4096 bytes).
    Removing pango_i2c_eeprom.o(.rev16_text), (4 bytes).
    Removing pango_i2c_eeprom.o(.revsh_text), (4 bytes).
    Removing pango_i2c_eeprom.o(i.Delay_ms_eeprom), (24 bytes).
    Removing pango_i2c_eeprom.o(i.I2C_EE_BufferRead), (124 bytes).
    Removing pango_i2c_eeprom.o(i.I2C_EE_BufferWrite), (202 bytes).
    Removing pango_i2c_eeprom.o(i.I2C_EE_ByteRead), (102 bytes).
    Removing pango_i2c_eeprom.o(i.I2C_EE_ByteWrite), (96 bytes).
    Removing pango_i2c_eeprom.o(i.I2C_EE_BytesRead), (36 bytes).
    Removing pango_i2c_eeprom.o(i.I2C_EE_BytesWrite), (36 bytes).
    Removing pango_i2c_eeprom.o(i.I2C_EE_PageWrite), (130 bytes).
    Removing pango_sdcard.o(.rev16_text), (4 bytes).
    Removing pango_sdcard.o(.revsh_text), (4 bytes).
    Removing pango_sdcard.o(i.MMC_SD_GetCID), (70 bytes).
    Removing pango_sdcard.o(i.MMC_SD_ReadSingleBlock), (130 bytes).
    Removing pango_sdcard.o(i.MMC_SD_WriteSingleBlock), (152 bytes).
    Removing pango_sdcard.o(i.SD_Disable), (10 bytes).
    Removing pango_sdcard.o(i.SD_Enable), (12 bytes).
    Removing pango_sdcard.o(i.SPI_High), (10 bytes).
    Removing pango_sdcard.o(i.SPI_Low), (12 bytes).
    Removing pango_sdcard.o(.data), (1 bytes).
    Removing pango_sdcard.o(.data), (4 bytes).
    Removing pango_sdcard.o(.data), (4 bytes).
    Removing diskio.o(.rev16_text), (4 bytes).
    Removing diskio.o(.revsh_text), (4 bytes).
    Removing ff.o(.rev16_text), (4 bytes).
    Removing ff.o(.revsh_text), (4 bytes).
    Removing ff.o(i.create_partition), (324 bytes).
    Removing ff.o(i.dir_read), (102 bytes).
    Removing ff.o(i.dir_remove), (30 bytes).
    Removing ff.o(i.f_chmod), (84 bytes).
    Removing ff.o(i.f_closedir), (20 bytes).
    Removing ff.o(i.f_getfree), (202 bytes).
    Removing ff.o(i.f_lseek), (334 bytes).
    Removing ff.o(i.f_mkdir), (256 bytes).
    Removing ff.o(i.f_mkfs), (1476 bytes).
    Removing ff.o(i.f_opendir), (102 bytes).
    Removing ff.o(i.f_readdir), (70 bytes).
    Removing ff.o(i.f_rename), (250 bytes).
    Removing ff.o(i.f_stat), (62 bytes).
    Removing ff.o(i.f_truncate), (168 bytes).
    Removing ff.o(i.f_unlink), (148 bytes).
    Removing ff.o(i.f_utime), (78 bytes).
    Removing ff.o(i.get_fileinfo), (100 bytes).
    Removing ff.o(.constdata), (10 bytes).
    Removing ff.o(.constdata), (44 bytes).
    Removing ffsystem.o(.rev16_text), (4 bytes).
    Removing ffsystem.o(.revsh_text), (4 bytes).
    Removing ffunicode.o(.rev16_text), (4 bytes).
    Removing ffunicode.o(.revsh_text), (4 bytes).
    Removing tasks.o(i.__ARM_common_switch8), (26 bytes).

345 unused section(s) (total 32649 bytes) removed from the image.

==============================================================================

Image Symbol Table

    Local Symbols

    Symbol Name                              Value     Ov Type        Size  Object(Section)

    ../clib/microlib/division.c              0x00000000   Number         0  uidiv.o ABSOLUTE
    ../clib/microlib/init/entry.s            0x00000000   Number         0  entry9a.o ABSOLUTE
    ../clib/microlib/init/entry.s            0x00000000   Number         0  entry9b.o ABSOLUTE
    ../clib/microlib/init/entry.s            0x00000000   Number         0  entry10a.o ABSOLUTE
    ../clib/microlib/init/entry.s            0x00000000   Number         0  entry11a.o ABSOLUTE
    ../clib/microlib/init/entry.s            0x00000000   Number         0  entry2.o ABSOLUTE
    ../clib/microlib/init/entry.s            0x00000000   Number         0  entry7b.o ABSOLUTE
    ../clib/microlib/init/entry.s            0x00000000   Number         0  entry7a.o ABSOLUTE
    ../clib/microlib/init/entry.s            0x00000000   Number         0  entry11b.o ABSOLUTE
    ../clib/microlib/init/entry.s            0x00000000   Number         0  entry12a.o ABSOLUTE
    ../clib/microlib/init/entry.s            0x00000000   Number         0  entry12b.o ABSOLUTE
    ../clib/microlib/init/entry.s            0x00000000   Number         0  entry5.o ABSOLUTE
    ../clib/microlib/init/entry.s            0x00000000   Number         0  entry10b.o ABSOLUTE
    ../clib/microlib/init/entry.s            0x00000000   Number         0  entry.o ABSOLUTE
    ../clib/microlib/init/entry.s            0x00000000   Number         0  entry8a.o ABSOLUTE
    ../clib/microlib/init/entry.s            0x00000000   Number         0  entry8b.o ABSOLUTE
    ../clib/microlib/longlong.c              0x00000000   Number         0  llshl.o ABSOLUTE
    ../clib/microlib/longlong.c              0x00000000   Number         0  llsshr.o ABSOLUTE
    ../clib/microlib/longlong.c              0x00000000   Number         0  llushr.o ABSOLUTE
    ../clib/microlib/string/memcmp.c         0x00000000   Number         0  memcmp.o ABSOLUTE
    ../clib/microlib/string/memcpy.c         0x00000000   Number         0  memcpya.o ABSOLUTE
    ../clib/microlib/string/memcpy.c         0x00000000   Number         0  memcpyb.o ABSOLUTE
    ../clib/microlib/string/memset.c         0x00000000   Number         0  memseta.o ABSOLUTE
    ../clib/microlib/string/strncmp.c        0x00000000   Number         0  strncmp.o ABSOLUTE
    ../clib/microlib/stubs.s                 0x00000000   Number         0  iusefp.o ABSOLUTE
    ../fplib/microlib/fpadd.c                0x00000000   Number         0  dadd.o ABSOLUTE
    ../fplib/microlib/fpepilogue.c           0x00000000   Number         0  depilogue.o ABSOLUTE
    ../fplib/microlib/fpfix.c                0x00000000   Number         0  dfixi.o ABSOLUTE
    ../fplib/microlib/fpflt.c                0x00000000   Number         0  dfltui.o ABSOLUTE
    ../fplib/microlib/fpmul.c                0x00000000   Number         0  dmul.o ABSOLUTE
    ..\FatFs\diskio.c                        0x00000000   Number         0  diskio.o ABSOLUTE
    ..\FatFs\ff.c                            0x00000000   Number         0  ff.o ABSOLUTE
    ..\FatFs\ffsystem.c                      0x00000000   Number         0  ffsystem.o ABSOLUTE
    ..\FatFs\ffunicode.c                     0x00000000   Number         0  ffunicode.o ABSOLUTE
    ..\FreeRTOS\croutine.c                   0x00000000   Number         0  croutine.o ABSOLUTE
    ..\FreeRTOS\event_groups.c               0x00000000   Number         0  event_groups.o ABSOLUTE
    ..\FreeRTOS\list.c                       0x00000000   Number         0  list.o ABSOLUTE
    ..\FreeRTOS\portable\Keil\ARM_CM1\port.c 0x00000000   Number         0  port.o ABSOLUTE
    ..\FreeRTOS\portable\MemMang\heap_4.c    0x00000000   Number         0  heap_4.o ABSOLUTE
    ..\FreeRTOS\queue.c                      0x00000000   Number         0  queue.o ABSOLUTE
    ..\FreeRTOS\tasks.c                      0x00000000   Number         0  tasks.o ABSOLUTE
    ..\FreeRTOS\timers.c                     0x00000000   Number         0  timers.o ABSOLUTE
    ..\PERIPHERAL\src\PANGO_M1_gpio.c        0x00000000   Number         0  pango_m1_gpio.o ABSOLUTE
    ..\PERIPHERAL\src\PANGO_M1_i2c.c         0x00000000   Number         0  pango_m1_i2c.o ABSOLUTE
    ..\PERIPHERAL\src\PANGO_M1_memory.c      0x00000000   Number         0  pango_m1_memory.o ABSOLUTE
    ..\PERIPHERAL\src\PANGO_M1_printk.c      0x00000000   Number         0  pango_m1_printk.o ABSOLUTE
    ..\PERIPHERAL\src\PANGO_M1_spi.c         0x00000000   Number         0  pango_m1_spi.o ABSOLUTE
    ..\PERIPHERAL\src\PANGO_M1_timer.c       0x00000000   Number         0  pango_m1_timer.o ABSOLUTE
    ..\PERIPHERAL\src\PANGO_M1_uart.c        0x00000000   Number         0  pango_m1_uart.o ABSOLUTE
    ..\PERIPHERAL\src\PANGO_M1_wdog.c        0x00000000   Number         0  pango_m1_wdog.o ABSOLUTE
    ..\STARTUP\startup_PANGO_M1.s            0x00000000   Number         0  startup_pango_m1.o ABSOLUTE
    ..\SYSTEM\system_PANGO_M1.c              0x00000000   Number         0  system_pango_m1.o ABSOLUTE
    ..\USER\PANGO_M1_it.c                    0x00000000   Number         0  pango_m1_it.o ABSOLUTE
    ..\USER\PANGO_i2c_eeprom.c               0x00000000   Number         0  pango_i2c_eeprom.o ABSOLUTE
    ..\USER\PANGO_sdcard.c                   0x00000000   Number         0  pango_sdcard.o ABSOLUTE
    ..\USER\PANGO_spi_flash.c                0x00000000   Number         0  pango_spi_flash.o ABSOLUTE
    ..\USER\main.c                           0x00000000   Number         0  main.o ABSOLUTE
    ..\\FatFs\\diskio.c                      0x00000000   Number         0  diskio.o ABSOLUTE
    ..\\FatFs\\ff.c                          0x00000000   Number         0  ff.o ABSOLUTE
    ..\\FatFs\\ffsystem.c                    0x00000000   Number         0  ffsystem.o ABSOLUTE
    ..\\FatFs\\ffunicode.c                   0x00000000   Number         0  ffunicode.o ABSOLUTE
    ..\\FreeRTOS\\portable\\Keil\\ARM_CM1\\port.c 0x00000000   Number         0  port.o ABSOLUTE
    ..\\PERIPHERAL\\src\\PANGO_M1_gpio.c     0x00000000   Number         0  pango_m1_gpio.o ABSOLUTE
    ..\\PERIPHERAL\\src\\PANGO_M1_i2c.c      0x00000000   Number         0  pango_m1_i2c.o ABSOLUTE
    ..\\PERIPHERAL\\src\\PANGO_M1_memory.c   0x00000000   Number         0  pango_m1_memory.o ABSOLUTE
    ..\\PERIPHERAL\\src\\PANGO_M1_printk.c   0x00000000   Number         0  pango_m1_printk.o ABSOLUTE
    ..\\PERIPHERAL\\src\\PANGO_M1_spi.c      0x00000000   Number         0  pango_m1_spi.o ABSOLUTE
    ..\\PERIPHERAL\\src\\PANGO_M1_timer.c    0x00000000   Number         0  pango_m1_timer.o ABSOLUTE
    ..\\PERIPHERAL\\src\\PANGO_M1_uart.c     0x00000000   Number         0  pango_m1_uart.o ABSOLUTE
    ..\\PERIPHERAL\\src\\PANGO_M1_wdog.c     0x00000000   Number         0  pango_m1_wdog.o ABSOLUTE
    ..\\SYSTEM\\system_PANGO_M1.c            0x00000000   Number         0  system_pango_m1.o ABSOLUTE
    ..\\USER\\PANGO_M1_it.c                  0x00000000   Number         0  pango_m1_it.o ABSOLUTE
    ..\\USER\\PANGO_i2c_eeprom.c             0x00000000   Number         0  pango_i2c_eeprom.o ABSOLUTE
    ..\\USER\\PANGO_sdcard.c                 0x00000000   Number         0  pango_sdcard.o ABSOLUTE
    ..\\USER\\PANGO_spi_flash.c              0x00000000   Number         0  pango_spi_flash.o ABSOLUTE
    ..\\USER\\main.c                         0x00000000   Number         0  main.o ABSOLUTE
    dc.s                                     0x00000000   Number         0  dc.o ABSOLUTE
    handlers.s                               0x00000000   Number         0  handlers.o ABSOLUTE
    init.s                                   0x00000000   Number         0  init.o ABSOLUTE
    RESET                                    0x10000000   Section      192  startup_pango_m1.o(RESET)
    .ARM.Collect$$$$00000000                 0x100000c0   Section        0  entry.o(.ARM.Collect$$$$00000000)
    .ARM.Collect$$$$00000001                 0x100000c0   Section        4  entry2.o(.ARM.Collect$$$$00000001)
    .ARM.Collect$$$$00000004                 0x100000c4   Section        4  entry5.o(.ARM.Collect$$$$00000004)
    .ARM.Collect$$$$00000008                 0x100000c8   Section        0  entry7b.o(.ARM.Collect$$$$00000008)
    .ARM.Collect$$$$0000000A                 0x100000c8   Section        0  entry8b.o(.ARM.Collect$$$$0000000A)
    .ARM.Collect$$$$0000000B                 0x100000c8   Section        8  entry9a.o(.ARM.Collect$$$$0000000B)
    .ARM.Collect$$$$0000000E                 0x100000d0   Section        4  entry12b.o(.ARM.Collect$$$$0000000E)
    .ARM.Collect$$$$0000000F                 0x100000d4   Section        0  entry10a.o(.ARM.Collect$$$$0000000F)
    .ARM.Collect$$$$00000011                 0x100000d4   Section        0  entry11a.o(.ARM.Collect$$$$00000011)
    .ARM.Collect$$$$00002712                 0x100000d4   Section        4  entry2.o(.ARM.Collect$$$$00002712)
    __lit__00000000                          0x100000d4   Data           4  entry2.o(.ARM.Collect$$$$00002712)
    .emb_text                                0x100000d8   Section      120  port.o(.emb_text)
    .text                                    0x10000150   Section       92  startup_pango_m1.o(.text)
    .text                                    0x100001ac   Section        0  uidiv.o(.text)
    .text                                    0x100001d8   Section        0  dadd.o(.text)
    .text                                    0x10000340   Section        0  dmul.o(.text)
    .text                                    0x10000410   Section        0  dfltui.o(.text)
    .text                                    0x1000042c   Section        0  dfixi.o(.text)
    .text                                    0x10000474   Section        0  llshl.o(.text)
    .text                                    0x10000494   Section        0  llushr.o(.text)
    .text                                    0x100004b6   Section        0  llsshr.o(.text)
    .text                                    0x100004dc   Section        0  depilogue.o(.text)
    .text                                    0x100004dc   Section        0  iusefp.o(.text)
    .text                                    0x1000059c   Section       36  init.o(.text)
    i.CAN_Handler                            0x100005c0   Section        0  pango_m1_it.o(i.CAN_Handler)
    i.DTimer_Handler                         0x100005c2   Section        0  pango_m1_it.o(i.DTimer_Handler)
    i.Delay                                  0x100005c4   Section        0  main.o(i.Delay)
    i.Delay_s                                0x100005d4   Section        0  pango_sdcard.o(i.Delay_s)
    i.ENT_Handler                            0x100005e4   Section        0  pango_m1_it.o(i.ENT_Handler)
    i.GPIO0_Handler                          0x100005e8   Section        0  main.o(i.GPIO0_Handler)
    i.GPIO_Init                              0x10000614   Section        0  pango_m1_gpio.o(i.GPIO_Init)
    i.GPIO_IntClear                          0x1000068c   Section        0  pango_m1_gpio.o(i.GPIO_IntClear)
    i.GpioInit                               0x10000694   Section        0  main.o(i.GpioInit)
    i.HardFault_Handler                      0x100006c6   Section        0  pango_m1_it.o(i.HardFault_Handler)
    i.I2C_Handler                            0x100006c8   Section        0  main.o(i.I2C_Handler)
    i.MMC_SD_Init                            0x100006e4   Section        0  pango_sdcard.o(i.MMC_SD_Init)
    i.MMC_SD_ReadMultiBlock                  0x100006fa   Section        0  pango_sdcard.o(i.MMC_SD_ReadMultiBlock)
    i.MMC_SD_Reset                           0x1000075a   Section        0  pango_sdcard.o(i.MMC_SD_Reset)
    i.MMC_SD_SendCommand                     0x10000846   Section        0  pango_sdcard.o(i.MMC_SD_SendCommand)
    i.MMC_SD_WriteMultiBlock                 0x100008ba   Section        0  pango_sdcard.o(i.MMC_SD_WriteMultiBlock)
    i.NMI_Handler                            0x1000096a   Section        0  main.o(i.NMI_Handler)
    i.RTC_Handler                            0x1000096c   Section        0  pango_m1_it.o(i.RTC_Handler)
    i.SD_WaitReady                           0x10000970   Section        0  pango_sdcard.o(i.SD_WaitReady)
    i.SPIInit0                               0x10000998   Section        0  main.o(i.SPIInit0)
    i.SPI_CS_Enable                          0x100009c0   Section        0  pango_m1_spi.o(i.SPI_CS_Enable)
    i.SPI_Init                               0x100009d0   Section        0  pango_m1_spi.o(i.SPI_Init)
    i.SVC_Handler                            0x10000a04   Section        0  port.o(i.SVC_Handler)
    i.SysTick_Handler                        0x10000a08   Section        0  port.o(i.SysTick_Handler)
    i.SystemInit                             0x10000a2c   Section        0  system_pango_m1.o(i.SystemInit)
    i.TIMER0_Handler                         0x10000a7c   Section        0  main.o(i.TIMER0_Handler)
    i.TIMER1_Handler                         0x10000aa0   Section        0  pango_m1_it.o(i.TIMER1_Handler)
    i.TIMER_ClearIRQ                         0x10000aa2   Section        0  pango_m1_timer.o(i.TIMER_ClearIRQ)
    i.TIMER_GetIRQStatus                     0x10000aa8   Section        0  pango_m1_timer.o(i.TIMER_GetIRQStatus)
    i.TIMER_Init                             0x10000aae   Section        0  pango_m1_timer.o(i.TIMER_Init)
    i.TRNG_Handler                           0x10000afc   Section        0  pango_m1_it.o(i.TRNG_Handler)
    i.TimerInit                              0x10000b00   Section        0  main.o(i.TimerInit)
    i.UART0_Handler                          0x10000b28   Section        0  main.o(i.UART0_Handler)
    i.UART1_Handler                          0x10000b50   Section        0  pango_m1_it.o(i.UART1_Handler)
    i.UART_ClearRxIRQ                        0x10000b52   Section        0  pango_m1_uart.o(i.UART_ClearRxIRQ)
    i.UART_GetRxIRQStatus                    0x10000b58   Section        0  pango_m1_uart.o(i.UART_GetRxIRQStatus)
    i.UART_Init                              0x10000b60   Section        0  pango_m1_uart.o(i.UART_Init)
    i.UART_ReceiveChar                       0x10000bdc   Section        0  pango_m1_uart.o(i.UART_ReceiveChar)
    i.UART_SendChar                          0x10000be8   Section        0  pango_m1_uart.o(i.UART_SendChar)
    i.UartInit                               0x10000bf4   Section        0  main.o(i.UartInit)
    i.__ARM_clz                              0x10000c24   Section        0  depilogue.o(i.__ARM_clz)
    i.__NVIC_EnableIRQ                       0x10000c54   Section        0  main.o(i.__NVIC_EnableIRQ)
    __NVIC_EnableIRQ                         0x10000c55   Thumb Code    18  main.o(i.__NVIC_EnableIRQ)
    i.__scatterload_copy                     0x10000c6c   Section       14  handlers.o(i.__scatterload_copy)
    i.__scatterload_null                     0x10000c7a   Section        2  handlers.o(i.__scatterload_null)
    i.__scatterload_zeroinit                 0x10000c7c   Section       14  handlers.o(i.__scatterload_zeroinit)
    i.check_fs                               0x10000c8c   Section        0  ff.o(i.check_fs)
    check_fs                                 0x10000c8d   Thumb Code   166  ff.o(i.check_fs)
    i.clst2sect                              0x10000d48   Section        0  ff.o(i.clst2sect)
    clst2sect                                0x10000d49   Thumb Code    24  ff.o(i.clst2sect)
    i.create_chain                           0x10000d60   Section        0  ff.o(i.create_chain)
    create_chain                             0x10000d61   Thumb Code   230  ff.o(i.create_chain)
    i.create_name                            0x10000e48   Section        0  ff.o(i.create_name)
    create_name                              0x10000e49   Thumb Code   216  ff.o(i.create_name)
    i.dir_clear                              0x10000f30   Section        0  ff.o(i.dir_clear)
    dir_clear                                0x10000f31   Thumb Code    88  ff.o(i.dir_clear)
    i.dir_next                               0x10000f88   Section        0  ff.o(i.dir_next)
    dir_next                                 0x10000f89   Thumb Code   170  ff.o(i.dir_next)
    i.dir_register                           0x10001032   Section        0  ff.o(i.dir_register)
    dir_register                             0x10001033   Thumb Code   106  ff.o(i.dir_register)
    i.dir_sdi                                0x1000109c   Section        0  ff.o(i.dir_sdi)
    dir_sdi                                  0x1000109d   Thumb Code   134  ff.o(i.dir_sdi)
    i.disk_initialize                        0x10001122   Section        0  diskio.o(i.disk_initialize)
    i.disk_ioctl                             0x10001138   Section        0  diskio.o(i.disk_ioctl)
    i.disk_read                              0x10001164   Section        0  diskio.o(i.disk_read)
    i.disk_status                            0x1000117a   Section        0  diskio.o(i.disk_status)
    i.disk_write                             0x10001186   Section        0  diskio.o(i.disk_write)
    i.f_close                                0x1000119c   Section        0  ff.o(i.f_close)
    i.f_mount                                0x100011bc   Section        0  ff.o(i.f_mount)
    i.f_open                                 0x10001208   Section        0  ff.o(i.f_open)
    i.f_read                                 0x100013c0   Section        0  ff.o(i.f_read)
    i.f_sync                                 0x10001518   Section        0  ff.o(i.f_sync)
    i.f_write                                0x100015a8   Section        0  ff.o(i.f_write)
    i.find_volume                            0x1000173a   Section        0  ff.o(i.find_volume)
    find_volume                              0x1000173b   Thumb Code   102  ff.o(i.find_volume)
    i.follow_path                            0x100017a0   Section        0  ff.o(i.follow_path)
    follow_path                              0x100017a1   Thumb Code   198  ff.o(i.follow_path)
    i.get_fat                                0x10001866   Section        0  ff.o(i.get_fat)
    get_fat                                  0x10001867   Thumb Code   186  ff.o(i.get_fat)
    i.get_ldnumber                           0x10001920   Section        0  ff.o(i.get_ldnumber)
    get_ldnumber                             0x10001921   Thumb Code    54  ff.o(i.get_ldnumber)
    i.ld_clust                               0x10001956   Section        0  ff.o(i.ld_clust)
    ld_clust                                 0x10001957   Thumb Code    38  ff.o(i.ld_clust)
    i.ld_dword                               0x1000197c   Section        0  ff.o(i.ld_dword)
    ld_dword                                 0x1000197d   Thumb Code    22  ff.o(i.ld_dword)
    i.ld_word                                0x10001992   Section        0  ff.o(i.ld_word)
    ld_word                                  0x10001993   Thumb Code    12  ff.o(i.ld_word)
    i.main                                   0x100019a0   Section        0  main.o(i.main)
    i.mem_cmp                                0x10001b1c   Section        0  ff.o(i.mem_cmp)
    mem_cmp                                  0x10001b1d   Thumb Code    24  ff.o(i.mem_cmp)
    i.mem_cpy                                0x10001b34   Section        0  ff.o(i.mem_cpy)
    mem_cpy                                  0x10001b35   Thumb Code    18  ff.o(i.mem_cpy)
    i.mem_set                                0x10001b46   Section        0  ff.o(i.mem_set)
    mem_set                                  0x10001b47   Thumb Code    12  ff.o(i.mem_set)
    i.mount_volume                           0x10001b54   Section        0  ff.o(i.mount_volume)
    mount_volume                             0x10001b55   Thumb Code   548  ff.o(i.mount_volume)
    i.move_window                            0x10001d98   Section        0  ff.o(i.move_window)
    move_window                              0x10001d99   Thumb Code    52  ff.o(i.move_window)
    i.print_dec                              0x10001dcc   Section        0  pango_m1_printk.o(i.print_dec)
    i.print_flt                              0x10001de4   Section        0  pango_m1_printk.o(i.print_flt)
    i.print_hex2                             0x10001e20   Section        0  pango_m1_printk.o(i.print_hex2)
    i.print_num                              0x10001e38   Section        0  pango_m1_printk.o(i.print_num)
    i.print_str                              0x10001e6c   Section        0  pango_m1_printk.o(i.print_str)
    i.printk                                 0x10001e80   Section        0  pango_m1_printk.o(i.printk)
    i.prvResetNextTaskUnblockTime            0x10001f14   Section        0  tasks.o(i.prvResetNextTaskUnblockTime)
    prvResetNextTaskUnblockTime              0x10001f15   Thumb Code    28  tasks.o(i.prvResetNextTaskUnblockTime)
    i.put_char                               0x10001f34   Section        0  pango_m1_printk.o(i.put_char)
    i.put_fat                                0x10001f50   Section        0  ff.o(i.put_fat)
    put_fat                                  0x10001f51   Thumb Code   238  ff.o(i.put_fat)
    i.remove_chain                           0x1000203e   Section        0  ff.o(i.remove_chain)
    remove_chain                             0x1000203f   Thumb Code   114  ff.o(i.remove_chain)
    i.st_clust                               0x100020b0   Section        0  ff.o(i.st_clust)
    st_clust                                 0x100020b1   Thumb Code    36  ff.o(i.st_clust)
    i.st_dword                               0x100020d4   Section        0  ff.o(i.st_dword)
    st_dword                                 0x100020d5   Thumb Code    16  ff.o(i.st_dword)
    i.st_word                                0x100020e4   Section        0  ff.o(i.st_word)
    st_word                                  0x100020e5   Thumb Code     8  ff.o(i.st_word)
    i.sync_fs                                0x100020ec   Section        0  ff.o(i.sync_fs)
    sync_fs                                  0x100020ed   Thumb Code   132  ff.o(i.sync_fs)
    i.sync_window                            0x10002180   Section        0  ff.o(i.sync_window)
    sync_window                              0x10002181   Thumb Code    74  ff.o(i.sync_window)
    i.uxListRemove                           0x100021ca   Section        0  list.o(i.uxListRemove)
    i.vApplicationStackOverflowHook          0x100021ee   Section        0  main.o(i.vApplicationStackOverflowHook)
    i.vApplicationTickHook                   0x100021f0   Section        0  main.o(i.vApplicationTickHook)
    i.vListInsertEnd                         0x100021f2   Section        0  list.o(i.vListInsertEnd)
    i.vTaskSwitchContext                     0x1000220c   Section        0  tasks.o(i.vTaskSwitchContext)
    i.validate                               0x10002290   Section        0  ff.o(i.validate)
    validate                                 0x10002291   Thumb Code    56  ff.o(i.validate)
    i.xTaskIncrementTick                     0x100022c8   Section        0  tasks.o(i.xTaskIncrementTick)
    i.xchg_spi                               0x10002390   Section        0  pango_sdcard.o(i.xchg_spi)
    .data                                    0x30000000   Section        4  system_pango_m1.o(.data)
    .data                                    0x30000004   Section       60  tasks.o(.data)
    uxDeletedTasksWaitingCleanUp             0x30000008   Data           4  tasks.o(.data)
    uxCurrentNumberOfTasks                   0x3000000c   Data           4  tasks.o(.data)
    xTickCount                               0x30000010   Data           4  tasks.o(.data)
    uxTopReadyPriority                       0x30000014   Data           4  tasks.o(.data)
    xSchedulerRunning                        0x30000018   Data           4  tasks.o(.data)
    uxPendedTicks                            0x3000001c   Data           4  tasks.o(.data)
    xYieldPending                            0x30000020   Data           4  tasks.o(.data)
    xNumOfOverflows                          0x30000024   Data           4  tasks.o(.data)
    uxTaskNumber                             0x30000028   Data           4  tasks.o(.data)
    xNextTaskUnblockTime                     0x3000002c   Data           4  tasks.o(.data)
    xIdleTaskHandle                          0x30000030   Data           4  tasks.o(.data)
    uxSchedulerSuspended                     0x30000034   Data           4  tasks.o(.data)
    pxDelayedTaskList                        0x30000038   Data           4  tasks.o(.data)
    pxOverflowDelayedTaskList                0x3000003c   Data           4  tasks.o(.data)
    .data                                    0x30000040   Section       31  main.o(.data)
    led_cnt                                  0x3000004c   Data           4  main.o(.data)
    temp_cnt                                 0x30000050   Data           4  main.o(.data)
    .data                                    0x30000060   Section        8  ff.o(.data)
    Fsid                                     0x30000060   Data           2  ff.o(.data)
    FatFs                                    0x30000064   Data           4  ff.o(.data)
    .bss                                     0x30000068   Section      200  tasks.o(.bss)
    pxReadyTasksLists                        0x30000068   Data         100  tasks.o(.bss)
    xDelayedTaskList1                        0x300000cc   Data          20  tasks.o(.bss)
    xDelayedTaskList2                        0x300000e0   Data          20  tasks.o(.bss)
    xPendingReadyList                        0x300000f4   Data          20  tasks.o(.bss)
    xTasksWaitingTermination                 0x30000108   Data          20  tasks.o(.bss)
    xSuspendedTaskList                       0x3000011c   Data          20  tasks.o(.bss)
    .bss                                     0x30000130   Section     2464  main.o(.bss)
    buffer                                   0x30000130   Data        1024  main.o(.bss)
    STACK                                    0x30000ad0   Section      256  startup_pango_m1.o(STACK)

    Global Symbols

    Symbol Name                              Value     Ov Type        Size  Object(Section)

    BuildAttributes$$THM_ISAv3M$S$PE$A:L22$X:L11$S22$IEEE1$IW$USESV6$~STKCKD$USESV7$~SHL$OSPACE$ROPI$EBA8$MICROLIB$REQ8$PRES8$EABIv2 0x00000000   Number         0  anon$$obj.o ABSOLUTE
    __ARM_use_no_argv                        0x00000000   Number         0  main.o ABSOLUTE
    __arm_fini_                               - Undefined Weak Reference
    __cpp_initialize__aeabi_                  - Undefined Weak Reference
    __cxa_finalize                            - Undefined Weak Reference
    __decompress                              - Undefined Weak Reference
    _clock_init                               - Undefined Weak Reference
    _microlib_exit                            - Undefined Weak Reference
    __Vectors_Size                           0x000000c0   Number         0  startup_pango_m1.o ABSOLUTE
    __Vectors                                0x10000000   Data           4  startup_pango_m1.o(RESET)
    __Vectors_End                            0x100000c0   Data           0  startup_pango_m1.o(RESET)
    __main                                   0x100000c1   Thumb Code     0  entry.o(.ARM.Collect$$$$00000000)
    _main_stk                                0x100000c1   Thumb Code     0  entry2.o(.ARM.Collect$$$$00000001)
    _main_scatterload                        0x100000c5   Thumb Code     0  entry5.o(.ARM.Collect$$$$00000004)
    __main_after_scatterload                 0x100000c9   Thumb Code     0  entry5.o(.ARM.Collect$$$$00000004)
    _main_clock                              0x100000c9   Thumb Code     0  entry7b.o(.ARM.Collect$$$$00000008)
    _main_cpp_init                           0x100000c9   Thumb Code     0  entry8b.o(.ARM.Collect$$$$0000000A)
    _main_init                               0x100000c9   Thumb Code     0  entry9a.o(.ARM.Collect$$$$0000000B)
    __rt_lib_shutdown_fini                   0x100000d1   Thumb Code     0  entry12b.o(.ARM.Collect$$$$0000000E)
    __rt_final_cpp                           0x100000d5   Thumb Code     0  entry10a.o(.ARM.Collect$$$$0000000F)
    __rt_final_exit                          0x100000d5   Thumb Code     0  entry11a.o(.ARM.Collect$$$$00000011)
    __asm___6_port_c_39a90d8d__prvPortStartFirstTask 0x100000d9   Thumb Code    36  port.o(.emb_text)
    ulSetInterruptMaskFromISR                0x10000101   Thumb Code     8  port.o(.emb_text)
    vClearInterruptMaskFromISR               0x10000109   Thumb Code     6  port.o(.emb_text)
    PendSV_Handler                           0x1000010f   Thumb Code    62  port.o(.emb_text)
    Reset_Handler                            0x10000151   Thumb Code     8  startup_pango_m1.o(.text)
    UARTOVF_Handler                          0x1000016d   Thumb Code     2  startup_pango_m1.o(.text)
    Interrupt10_Handler                      0x10000177   Thumb Code     2  startup_pango_m1.o(.text)
    Interrupt13_Handler                      0x1000017d   Thumb Code     2  startup_pango_m1.o(.text)
    Interrupt14_Handler                      0x1000017f   Thumb Code     2  startup_pango_m1.o(.text)
    Interrupt15_Handler                      0x10000181   Thumb Code     2  startup_pango_m1.o(.text)
    Interrupt16_Handler                      0x10000183   Thumb Code     2  startup_pango_m1.o(.text)
    Interrupt17_Handler                      0x10000185   Thumb Code     2  startup_pango_m1.o(.text)
    Interrupt18_Handler                      0x10000187   Thumb Code     2  startup_pango_m1.o(.text)
    Interrupt19_Handler                      0x10000189   Thumb Code     2  startup_pango_m1.o(.text)
    Interrupt20_Handler                      0x1000018b   Thumb Code     2  startup_pango_m1.o(.text)
    Interrupt21_Handler                      0x1000018d   Thumb Code     2  startup_pango_m1.o(.text)
    Interrupt22_Handler                      0x1000018f   Thumb Code     2  startup_pango_m1.o(.text)
    Interrupt23_Handler                      0x10000191   Thumb Code     2  startup_pango_m1.o(.text)
    Interrupt24_Handler                      0x10000193   Thumb Code     2  startup_pango_m1.o(.text)
    Interrupt25_Handler                      0x10000195   Thumb Code     2  startup_pango_m1.o(.text)
    Interrupt26_Handler                      0x10000197   Thumb Code     2  startup_pango_m1.o(.text)
    Interrupt27_Handler                      0x10000199   Thumb Code     2  startup_pango_m1.o(.text)
    Interrupt28_Handler                      0x1000019b   Thumb Code     2  startup_pango_m1.o(.text)
    Interrupt29_Handler                      0x1000019d   Thumb Code     2  startup_pango_m1.o(.text)
    Interrupt30_Handler                      0x1000019f   Thumb Code     2  startup_pango_m1.o(.text)
    Interrupt31_Handler                      0x100001a1   Thumb Code     2  startup_pango_m1.o(.text)
    __aeabi_uidiv                            0x100001ad   Thumb Code     0  uidiv.o(.text)
    __aeabi_uidivmod                         0x100001ad   Thumb Code    44  uidiv.o(.text)
    __aeabi_dadd                             0x100001d9   Thumb Code   330  dadd.o(.text)
    __aeabi_dsub                             0x10000323   Thumb Code    12  dadd.o(.text)
    __aeabi_drsub                            0x1000032f   Thumb Code    12  dadd.o(.text)
    __aeabi_dmul                             0x10000341   Thumb Code   202  dmul.o(.text)
    __aeabi_ui2d                             0x10000411   Thumb Code    24  dfltui.o(.text)
    __aeabi_d2iz                             0x1000042d   Thumb Code    62  dfixi.o(.text)
    __aeabi_llsl                             0x10000475   Thumb Code    32  llshl.o(.text)
    _ll_shift_l                              0x10000475   Thumb Code     0  llshl.o(.text)
    __aeabi_llsr                             0x10000495   Thumb Code    34  llushr.o(.text)
    _ll_ushift_r                             0x10000495   Thumb Code     0  llushr.o(.text)
    __aeabi_lasr                             0x100004b7   Thumb Code    38  llsshr.o(.text)
    _ll_sshift_r                             0x100004b7   Thumb Code     0  llsshr.o(.text)
    __I$use$fp                               0x100004dd   Thumb Code     0  iusefp.o(.text)
    _double_round                            0x100004dd   Thumb Code    26  depilogue.o(.text)
    _double_epilogue                         0x100004f7   Thumb Code   164  depilogue.o(.text)
    __scatterload                            0x1000059d   Thumb Code    28  init.o(.text)
    __scatterload_rt2                        0x1000059d   Thumb Code     0  init.o(.text)
    CAN_Handler                              0x100005c1   Thumb Code     2  pango_m1_it.o(i.CAN_Handler)
    DTimer_Handler                           0x100005c3   Thumb Code     2  pango_m1_it.o(i.DTimer_Handler)
    Delay                                    0x100005c5   Thumb Code    16  main.o(i.Delay)
    Delay_s                                  0x100005d5   Thumb Code    16  pango_sdcard.o(i.Delay_s)
    ENT_Handler                              0x100005e5   Thumb Code     2  pango_m1_it.o(i.ENT_Handler)
    GPIO0_Handler                            0x100005e9   Thumb Code    18  main.o(i.GPIO0_Handler)
    GPIO_Init                                0x10000615   Thumb Code   120  pango_m1_gpio.o(i.GPIO_Init)
    GPIO_IntClear                            0x1000068d   Thumb Code     8  pango_m1_gpio.o(i.GPIO_IntClear)
    GpioInit                                 0x10000695   Thumb Code    50  main.o(i.GpioInit)
    HardFault_Handler                        0x100006c7   Thumb Code     2  pango_m1_it.o(i.HardFault_Handler)
    I2C_Handler                              0x100006c9   Thumb Code    18  main.o(i.I2C_Handler)
    MMC_SD_Init                              0x100006e5   Thumb Code    22  pango_sdcard.o(i.MMC_SD_Init)
    MMC_SD_ReadMultiBlock                    0x100006fb   Thumb Code    96  pango_sdcard.o(i.MMC_SD_ReadMultiBlock)
    MMC_SD_Reset                             0x1000075b   Thumb Code   236  pango_sdcard.o(i.MMC_SD_Reset)
    MMC_SD_SendCommand                       0x10000847   Thumb Code   116  pango_sdcard.o(i.MMC_SD_SendCommand)
    MMC_SD_WriteMultiBlock                   0x100008bb   Thumb Code   176  pango_sdcard.o(i.MMC_SD_WriteMultiBlock)
    NMI_Handler                              0x1000096b   Thumb Code     2  main.o(i.NMI_Handler)
    RTC_Handler                              0x1000096d   Thumb Code     2  pango_m1_it.o(i.RTC_Handler)
    SD_WaitReady                             0x10000971   Thumb Code    36  pango_sdcard.o(i.SD_WaitReady)
    SPIInit0                                 0x10000999   Thumb Code    40  main.o(i.SPIInit0)
    SPI_CS_Enable                            0x100009c1   Thumb Code    10  pango_m1_spi.o(i.SPI_CS_Enable)
    SPI_Init                                 0x100009d1   Thumb Code    46  pango_m1_spi.o(i.SPI_Init)
    SVC_Handler                              0x10000a05   Thumb Code     2  port.o(i.SVC_Handler)
    SysTick_Handler                          0x10000a09   Thumb Code    32  port.o(i.SysTick_Handler)
    SystemInit                               0x10000a2d   Thumb Code    64  system_pango_m1.o(i.SystemInit)
    TIMER0_Handler                           0x10000a7d   Thumb Code    32  main.o(i.TIMER0_Handler)
    TIMER1_Handler                           0x10000aa1   Thumb Code     2  pango_m1_it.o(i.TIMER1_Handler)
    TIMER_ClearIRQ                           0x10000aa3   Thumb Code     6  pango_m1_timer.o(i.TIMER_ClearIRQ)
    TIMER_GetIRQStatus                       0x10000aa9   Thumb Code     6  pango_m1_timer.o(i.TIMER_GetIRQStatus)
    TIMER_Init                               0x10000aaf   Thumb Code    78  pango_m1_timer.o(i.TIMER_Init)
    TRNG_Handler                             0x10000afd   Thumb Code     2  pango_m1_it.o(i.TRNG_Handler)
    TimerInit                                0x10000b01   Thumb Code    36  main.o(i.TimerInit)
    UART0_Handler                            0x10000b29   Thumb Code    36  main.o(i.UART0_Handler)
    UART1_Handler                            0x10000b51   Thumb Code     2  pango_m1_it.o(i.UART1_Handler)
    UART_ClearRxIRQ                          0x10000b53   Thumb Code     6  pango_m1_uart.o(i.UART_ClearRxIRQ)
    UART_GetRxIRQStatus                      0x10000b59   Thumb Code     8  pango_m1_uart.o(i.UART_GetRxIRQStatus)
    UART_Init                                0x10000b61   Thumb Code   118  pango_m1_uart.o(i.UART_Init)
    UART_ReceiveChar                         0x10000bdd   Thumb Code    12  pango_m1_uart.o(i.UART_ReceiveChar)
    UART_SendChar                            0x10000be9   Thumb Code    10  pango_m1_uart.o(i.UART_SendChar)
    UartInit                                 0x10000bf5   Thumb Code    44  main.o(i.UartInit)
    __ARM_clz                                0x10000c25   Thumb Code    46  depilogue.o(i.__ARM_clz)
    __scatterload_copy                       0x10000c6d   Thumb Code    14  handlers.o(i.__scatterload_copy)
    __scatterload_null                       0x10000c7b   Thumb Code     2  handlers.o(i.__scatterload_null)
    __scatterload_zeroinit                   0x10000c7d   Thumb Code    14  handlers.o(i.__scatterload_zeroinit)
    disk_initialize                          0x10001123   Thumb Code    22  diskio.o(i.disk_initialize)
    disk_ioctl                               0x10001139   Thumb Code    44  diskio.o(i.disk_ioctl)
    disk_read                                0x10001165   Thumb Code    22  diskio.o(i.disk_read)
    disk_status                              0x1000117b   Thumb Code    12  diskio.o(i.disk_status)
    disk_write                               0x10001187   Thumb Code    22  diskio.o(i.disk_write)
    f_close                                  0x1000119d   Thumb Code    30  ff.o(i.f_close)
    f_mount                                  0x100011bd   Thumb Code    70  ff.o(i.f_mount)
    f_open                                   0x10001209   Thumb Code   436  ff.o(i.f_open)
    f_read                                   0x100013c1   Thumb Code   342  ff.o(i.f_read)
    f_sync                                   0x10001519   Thumb Code   140  ff.o(i.f_sync)
    f_write                                  0x100015a9   Thumb Code   402  ff.o(i.f_write)
    main                                     0x100019a1   Thumb Code   180  main.o(i.main)
    print_dec                                0x10001dcd   Thumb Code    22  pango_m1_printk.o(i.print_dec)
    print_flt                                0x10001de5   Thumb Code    54  pango_m1_printk.o(i.print_flt)
    print_hex2                               0x10001e21   Thumb Code    22  pango_m1_printk.o(i.print_hex2)
    print_num                                0x10001e39   Thumb Code    30  pango_m1_printk.o(i.print_num)
    print_str                                0x10001e6d   Thumb Code    20  pango_m1_printk.o(i.print_str)
    printk                                   0x10001e81   Thumb Code   146  pango_m1_printk.o(i.printk)
    put_char                                 0x10001f35   Thumb Code    24  pango_m1_printk.o(i.put_char)
    uxListRemove                             0x100021cb   Thumb Code    36  list.o(i.uxListRemove)
    vApplicationStackOverflowHook            0x100021ef   Thumb Code     2  main.o(i.vApplicationStackOverflowHook)
    vApplicationTickHook                     0x100021f1   Thumb Code     2  main.o(i.vApplicationTickHook)
    vListInsertEnd                           0x100021f3   Thumb Code    24  list.o(i.vListInsertEnd)
    vTaskSwitchContext                       0x1000220d   Thumb Code   118  tasks.o(i.vTaskSwitchContext)
    xTaskIncrementTick                       0x100022c9   Thumb Code   192  tasks.o(i.xTaskIncrementTick)
    xchg_spi                                 0x10002391   Thumb Code    60  pango_sdcard.o(i.xchg_spi)
    Region$$Table$$Base                      0x100023d0   Number         0  anon$$obj.o(Region$$Table)
    Region$$Table$$Limit                     0x100023f0   Number         0  anon$$obj.o(Region$$Table)
    SystemCoreClock                          0x30000000   Data           4  system_pango_m1.o(.data)
    pxCurrentTCB                             0x30000004   Data           4  tasks.o(.data)
    res                                      0x30000040   Data           1  main.o(.data)
    iic_irq_cnt                              0x30000042   Data           2  main.o(.data)
    timer_counter                            0x30000044   Data           4  main.o(.data)
    Queue1                                   0x30000048   Data           4  main.o(.data)
    bw                                       0x30000054   Data           4  main.o(.data)
    write_buf                                0x30000058   Data           7  main.o(.data)
    send_buf1                                0x30000530   Data         100  main.o(.bss)
    read_buf1                                0x30000594   Data         100  main.o(.bss)
    send_buf2                                0x300005f8   Data          64  main.o(.bss)
    read_buf2                                0x30000638   Data          64  main.o(.bss)
    fatfs                                    0x30000678   Data         560  main.o(.bss)
    fp                                       0x300008a8   Data         552  main.o(.bss)
    __stack_limit                            0x30000ad0   Data           0  startup_pango_m1.o(STACK)
    __initial_sp                             0x30000bd0   Data           0  startup_pango_m1.o(STACK)



==============================================================================

Memory Map of the image

  Image Entry point : 0x100000c1

  Load Region LR_IROM1 (Base: 0x10000000, Size: 0x00002458, Max: 0x00010000, ABSOLUTE)

    Execution Region ER_IROM1 (Exec base: 0x10000000, Load base: 0x10000000, Size: 0x000023f0, Max: 0x00010000, ABSOLUTE)

    Exec Addr    Load Addr    Size         Type   Attr      Idx    E Section Name        Object

    0x10000000   0x10000000   0x000000c0   Data   RO            3    RESET               startup_pango_m1.o
    0x100000c0   0x100000c0   0x00000000   Code   RO         2764  * .ARM.Collect$$$$00000000  mc_p.l(entry.o)
    0x100000c0   0x100000c0   0x00000004   Code   RO         2787    .ARM.Collect$$$$00000001  mc_p.l(entry2.o)
    0x100000c4   0x100000c4   0x00000004   Code   RO         2790    .ARM.Collect$$$$00000004  mc_p.l(entry5.o)
    0x100000c8   0x100000c8   0x00000000   Code   RO         2792    .ARM.Collect$$$$00000008  mc_p.l(entry7b.o)
    0x100000c8   0x100000c8   0x00000000   Code   RO         2794    .ARM.Collect$$$$0000000A  mc_p.l(entry8b.o)
    0x100000c8   0x100000c8   0x00000008   Code   RO         2795    .ARM.Collect$$$$0000000B  mc_p.l(entry9a.o)
    0x100000d0   0x100000d0   0x00000004   Code   RO         2802    .ARM.Collect$$$$0000000E  mc_p.l(entry12b.o)
    0x100000d4   0x100000d4   0x00000000   Code   RO         2797    .ARM.Collect$$$$0000000F  mc_p.l(entry10a.o)
    0x100000d4   0x100000d4   0x00000000   Code   RO         2799    .ARM.Collect$$$$00000011  mc_p.l(entry11a.o)
    0x100000d4   0x100000d4   0x00000004   Code   RO         2788    .ARM.Collect$$$$00002712  mc_p.l(entry2.o)
    0x100000d8   0x100000d8   0x00000078   Code   RO         1711    .emb_text           port.o
    0x10000150   0x10000150   0x0000005c   Code   RO            4    .text               startup_pango_m1.o
    0x100001ac   0x100001ac   0x0000002c   Code   RO         2767    .text               mc_p.l(uidiv.o)
    0x100001d8   0x100001d8   0x00000168   Code   RO         2779    .text               mf_p.l(dadd.o)
    0x10000340   0x10000340   0x000000d0   Code   RO         2781    .text               mf_p.l(dmul.o)
    0x10000410   0x10000410   0x0000001c   Code   RO         2783    .text               mf_p.l(dfltui.o)
    0x1000042c   0x1000042c   0x00000048   Code   RO         2785    .text               mf_p.l(dfixi.o)
    0x10000474   0x10000474   0x00000020   Code   RO         2803    .text               mc_p.l(llshl.o)
    0x10000494   0x10000494   0x00000022   Code   RO         2805    .text               mc_p.l(llushr.o)
    0x100004b6   0x100004b6   0x00000026   Code   RO         2807    .text               mc_p.l(llsshr.o)
    0x100004dc   0x100004dc   0x00000000   Code   RO         2809    .text               mc_p.l(iusefp.o)
    0x100004dc   0x100004dc   0x000000be   Code   RO         2810    .text               mf_p.l(depilogue.o)
    0x1000059a   0x1000059a   0x00000002   PAD
    0x1000059c   0x1000059c   0x00000024   Code   RO         2814    .text               mc_p.l(init.o)
    0x100005c0   0x100005c0   0x00000002   Code   RO         2026    i.CAN_Handler       pango_m1_it.o
    0x100005c2   0x100005c2   0x00000002   Code   RO         2027    i.DTimer_Handler    pango_m1_it.o
    0x100005c4   0x100005c4   0x00000010   Code   RO         1827    i.Delay             main.o
    0x100005d4   0x100005d4   0x00000010   Code   RO         2277    i.Delay_s           pango_sdcard.o
    0x100005e4   0x100005e4   0x00000002   Code   RO         2028    i.ENT_Handler       pango_m1_it.o
    0x100005e6   0x100005e6   0x00000002   PAD
    0x100005e8   0x100005e8   0x0000002c   Code   RO         1828    i.GPIO0_Handler     main.o
    0x10000614   0x10000614   0x00000078   Code   RO          121    i.GPIO_Init         pango_m1_gpio.o
    0x1000068c   0x1000068c   0x00000008   Code   RO          122    i.GPIO_IntClear     pango_m1_gpio.o
    0x10000694   0x10000694   0x00000032   Code   RO         1829    i.GpioInit          main.o
    0x100006c6   0x100006c6   0x00000002   Code   RO         2029    i.HardFault_Handler  pango_m1_it.o
    0x100006c8   0x100006c8   0x0000001c   Code   RO         1831    i.I2C_Handler       main.o
    0x100006e4   0x100006e4   0x00000016   Code   RO         2279    i.MMC_SD_Init       pango_sdcard.o
    0x100006fa   0x100006fa   0x00000060   Code   RO         2280    i.MMC_SD_ReadMultiBlock  pango_sdcard.o
    0x1000075a   0x1000075a   0x000000ec   Code   RO         2282    i.MMC_SD_Reset      pango_sdcard.o
    0x10000846   0x10000846   0x00000074   Code   RO         2283    i.MMC_SD_SendCommand  pango_sdcard.o
    0x100008ba   0x100008ba   0x000000b0   Code   RO         2284    i.MMC_SD_WriteMultiBlock  pango_sdcard.o
    0x1000096a   0x1000096a   0x00000002   Code   RO         1833    i.NMI_Handler       main.o
    0x1000096c   0x1000096c   0x00000002   Code   RO         2030    i.RTC_Handler       pango_m1_it.o
    0x1000096e   0x1000096e   0x00000002   PAD
    0x10000970   0x10000970   0x00000028   Code   RO         2288    i.SD_WaitReady      pango_sdcard.o
    0x10000998   0x10000998   0x00000028   Code   RO         1834    i.SPIInit0          main.o
    0x100009c0   0x100009c0   0x00000010   Code   RO          254    i.SPI_CS_Enable     pango_m1_spi.o
    0x100009d0   0x100009d0   0x00000034   Code   RO          270    i.SPI_Init          pango_m1_spi.o
    0x10000a04   0x10000a04   0x00000002   Code   RO         1712    i.SVC_Handler       port.o
    0x10000a06   0x10000a06   0x00000002   PAD
    0x10000a08   0x10000a08   0x00000024   Code   RO         1713    i.SysTick_Handler   port.o
    0x10000a2c   0x10000a2c   0x00000050   Code   RO           13    i.SystemInit        system_pango_m1.o
    0x10000a7c   0x10000a7c   0x00000024   Code   RO         1838    i.TIMER0_Handler    main.o
    0x10000aa0   0x10000aa0   0x00000002   Code   RO         2031    i.TIMER1_Handler    pango_m1_it.o
    0x10000aa2   0x10000aa2   0x00000006   Code   RO          423    i.TIMER_ClearIRQ    pango_m1_timer.o
    0x10000aa8   0x10000aa8   0x00000006   Code   RO          426    i.TIMER_GetIRQStatus  pango_m1_timer.o
    0x10000aae   0x10000aae   0x0000004e   Code   RO          429    i.TIMER_Init        pango_m1_timer.o
    0x10000afc   0x10000afc   0x00000002   Code   RO         2032    i.TRNG_Handler      pango_m1_it.o
    0x10000afe   0x10000afe   0x00000002   PAD
    0x10000b00   0x10000b00   0x00000028   Code   RO         1839    i.TimerInit         main.o
    0x10000b28   0x10000b28   0x00000028   Code   RO         1840    i.UART0_Handler     main.o
    0x10000b50   0x10000b50   0x00000002   Code   RO         2033    i.UART1_Handler     pango_m1_it.o
    0x10000b52   0x10000b52   0x00000006   Code   RO          516    i.UART_ClearRxIRQ   pango_m1_uart.o
    0x10000b58   0x10000b58   0x00000008   Code   RO          525    i.UART_GetRxIRQStatus  pango_m1_uart.o
    0x10000b60   0x10000b60   0x0000007c   Code   RO          531    i.UART_Init         pango_m1_uart.o
    0x10000bdc   0x10000bdc   0x0000000c   Code   RO          532    i.UART_ReceiveChar  pango_m1_uart.o
    0x10000be8   0x10000be8   0x0000000a   Code   RO          533    i.UART_SendChar     pango_m1_uart.o
    0x10000bf2   0x10000bf2   0x00000002   PAD
    0x10000bf4   0x10000bf4   0x00000030   Code   RO         1841    i.UartInit          main.o
    0x10000c24   0x10000c24   0x0000002e   Code   RO         2812    i.__ARM_clz         mf_p.l(depilogue.o)
    0x10000c52   0x10000c52   0x00000002   PAD
    0x10000c54   0x10000c54   0x00000018   Code   RO         1843    i.__NVIC_EnableIRQ  main.o
    0x10000c6c   0x10000c6c   0x0000000e   Code   RO         2818    i.__scatterload_copy  mc_p.l(handlers.o)
    0x10000c7a   0x10000c7a   0x00000002   Code   RO         2819    i.__scatterload_null  mc_p.l(handlers.o)
    0x10000c7c   0x10000c7c   0x0000000e   Code   RO         2820    i.__scatterload_zeroinit  mc_p.l(handlers.o)
    0x10000c8a   0x10000c8a   0x00000002   PAD
    0x10000c8c   0x10000c8c   0x000000bc   Code   RO         2440    i.check_fs          ff.o
    0x10000d48   0x10000d48   0x00000018   Code   RO         2441    i.clst2sect         ff.o
    0x10000d60   0x10000d60   0x000000e6   Code   RO         2442    i.create_chain      ff.o
    0x10000e46   0x10000e46   0x00000002   PAD
    0x10000e48   0x10000e48   0x000000e8   Code   RO         2443    i.create_name       ff.o
    0x10000f30   0x10000f30   0x00000058   Code   RO         2445    i.dir_clear         ff.o
    0x10000f88   0x10000f88   0x000000aa   Code   RO         2446    i.dir_next          ff.o
    0x10001032   0x10001032   0x0000006a   Code   RO         2448    i.dir_register      ff.o
    0x1000109c   0x1000109c   0x00000086   Code   RO         2450    i.dir_sdi           ff.o
    0x10001122   0x10001122   0x00000016   Code   RO         2384    i.disk_initialize   diskio.o
    0x10001138   0x10001138   0x0000002c   Code   RO         2385    i.disk_ioctl        diskio.o
    0x10001164   0x10001164   0x00000016   Code   RO         2386    i.disk_read         diskio.o
    0x1000117a   0x1000117a   0x0000000c   Code   RO         2387    i.disk_status       diskio.o
    0x10001186   0x10001186   0x00000016   Code   RO         2388    i.disk_write        diskio.o
    0x1000119c   0x1000119c   0x0000001e   Code   RO         2452    i.f_close           ff.o
    0x100011ba   0x100011ba   0x00000002   PAD
    0x100011bc   0x100011bc   0x0000004c   Code   RO         2458    i.f_mount           ff.o
    0x10001208   0x10001208   0x000001b8   Code   RO         2459    i.f_open            ff.o
    0x100013c0   0x100013c0   0x00000156   Code   RO         2461    i.f_read            ff.o
    0x10001516   0x10001516   0x00000002   PAD
    0x10001518   0x10001518   0x00000090   Code   RO         2465    i.f_sync            ff.o
    0x100015a8   0x100015a8   0x00000192   Code   RO         2469    i.f_write           ff.o
    0x1000173a   0x1000173a   0x00000066   Code   RO         2470    i.find_volume       ff.o
    0x100017a0   0x100017a0   0x000000c6   Code   RO         2471    i.follow_path       ff.o
    0x10001866   0x10001866   0x000000ba   Code   RO         2472    i.get_fat           ff.o
    0x10001920   0x10001920   0x00000036   Code   RO         2474    i.get_ldnumber      ff.o
    0x10001956   0x10001956   0x00000026   Code   RO         2475    i.ld_clust          ff.o
    0x1000197c   0x1000197c   0x00000016   Code   RO         2476    i.ld_dword          ff.o
    0x10001992   0x10001992   0x0000000c   Code   RO         2477    i.ld_word           ff.o
    0x1000199e   0x1000199e   0x00000002   PAD
    0x100019a0   0x100019a0   0x0000017c   Code   RO         1845    i.main              main.o
    0x10001b1c   0x10001b1c   0x00000018   Code   RO         2478    i.mem_cmp           ff.o
    0x10001b34   0x10001b34   0x00000012   Code   RO         2479    i.mem_cpy           ff.o
    0x10001b46   0x10001b46   0x0000000c   Code   RO         2480    i.mem_set           ff.o
    0x10001b52   0x10001b52   0x00000002   PAD
    0x10001b54   0x10001b54   0x00000244   Code   RO         2481    i.mount_volume      ff.o
    0x10001d98   0x10001d98   0x00000034   Code   RO         2482    i.move_window       ff.o
    0x10001dcc   0x10001dcc   0x00000016   Code   RO          783    i.print_dec         pango_m1_printk.o
    0x10001de2   0x10001de2   0x00000002   PAD
    0x10001de4   0x10001de4   0x0000003c   Code   RO          784    i.print_flt         pango_m1_printk.o
    0x10001e20   0x10001e20   0x00000016   Code   RO          786    i.print_hex2        pango_m1_printk.o
    0x10001e36   0x10001e36   0x00000002   PAD
    0x10001e38   0x10001e38   0x00000034   Code   RO          787    i.print_num         pango_m1_printk.o
    0x10001e6c   0x10001e6c   0x00000014   Code   RO          788    i.print_str         pango_m1_printk.o
    0x10001e80   0x10001e80   0x00000092   Code   RO          789    i.printk            pango_m1_printk.o
    0x10001f12   0x10001f12   0x00000002   PAD
    0x10001f14   0x10001f14   0x00000020   Code   RO         1315    i.prvResetNextTaskUnblockTime  tasks.o
    0x10001f34   0x10001f34   0x0000001c   Code   RO          790    i.put_char          pango_m1_printk.o
    0x10001f50   0x10001f50   0x000000ee   Code   RO         2483    i.put_fat           ff.o
    0x1000203e   0x1000203e   0x00000072   Code   RO         2484    i.remove_chain      ff.o
    0x100020b0   0x100020b0   0x00000024   Code   RO         2485    i.st_clust          ff.o
    0x100020d4   0x100020d4   0x00000010   Code   RO         2486    i.st_dword          ff.o
    0x100020e4   0x100020e4   0x00000008   Code   RO         2487    i.st_word           ff.o
    0x100020ec   0x100020ec   0x00000094   Code   RO         2488    i.sync_fs           ff.o
    0x10002180   0x10002180   0x0000004a   Code   RO         2489    i.sync_window       ff.o
    0x100021ca   0x100021ca   0x00000024   Code   RO         1069    i.uxListRemove      list.o
    0x100021ee   0x100021ee   0x00000002   Code   RO         1848    i.vApplicationStackOverflowHook  main.o
    0x100021f0   0x100021f0   0x00000002   Code   RO         1849    i.vApplicationTickHook  main.o
    0x100021f2   0x100021f2   0x00000018   Code   RO         1073    i.vListInsertEnd    list.o
    0x1000220a   0x1000220a   0x00000002   PAD
    0x1000220c   0x1000220c   0x00000084   Code   RO         1339    i.vTaskSwitchContext  tasks.o
    0x10002290   0x10002290   0x00000038   Code   RO         2490    i.validate          ff.o
    0x100022c8   0x100022c8   0x000000c8   Code   RO         1348    i.xTaskIncrementTick  tasks.o
    0x10002390   0x10002390   0x00000040   Code   RO         2291    i.xchg_spi          pango_sdcard.o
    0x100023d0   0x100023d0   0x00000020   Data   RO         2816    Region$$Table       anon$$obj.o


    Execution Region RW_IRAM1 (Exec base: 0x30000000, Load base: 0x100023f0, Size: 0x00000bd0, Max: 0x00010000, ABSOLUTE)

    Exec Addr    Load Addr    Size         Type   Attr      Idx    E Section Name        Object

    0x30000000   0x100023f0   0x00000004   Data   RW           14    .data               system_pango_m1.o
    0x30000004   0x100023f4   0x0000003c   Data   RW         1357    .data               tasks.o
    0x30000040   0x10002430   0x0000001f   Data   RW         1858    .data               main.o
    0x3000005f   0x1000244f   0x00000001   PAD
    0x30000060   0x10002450   0x00000008   Data   RW         2493    .data               ff.o
    0x30000068        -       0x000000c8   Zero   RW         1356    .bss                tasks.o
    0x30000130        -       0x000009a0   Zero   RW         1851    .bss                main.o
    0x30000ad0        -       0x00000100   Zero   RW            1    STACK               startup_pango_m1.o


==============================================================================

Image component sizes


      Code (inc. data)   RO Data    RW Data    ZI Data      Debug   Object Name

         0          0          0          0          0       9176   croutine.o
       122          0          0          0          0       7142   diskio.o
         0          0          0          0          0       2448   event_groups.o
      4594        100          0          8          0      47313   ff.o
        60          0          0          0          0       1512   list.o
       752        258          0         31       2464      20776   main.o
       128          0          0          0          0       1708   pango_m1_gpio.o
        16          0          0          0          0       3575   pango_m1_it.o
       350         32          0          0          0       5035   pango_m1_printk.o
        68         12          0          0          0       1435   pango_m1_spi.o
        90          0          0          0          0       2055   pango_m1_timer.o
       160          6          0          0          0       3367   pango_m1_uart.o
       766          8          0          0          0       9447   pango_sdcard.o
       158         14          0          0          0       1712   port.o
         0          0          0          0          0       2488   queue.o
        92         10        192          0        256       1996   startup_pango_m1.o
        80         16          0          4          0      20183   system_pango_m1.o
       364         26          0         60        200       6600   tasks.o

    ----------------------------------------------------------------------
      7828        482        224        104       2920     147968   Object Totals
         0          0         32          0          0          0   (incl. Generated)
        28          0          0          1          0          0   (incl. Padding)

    ----------------------------------------------------------------------

      Code (inc. data)   RO Data    RW Data    ZI Data      Debug   Library Member Name

         0          0          0          0          0          0   entry.o
         0          0          0          0          0          0   entry10a.o
         0          0          0          0          0          0   entry11a.o
         4          0          0          0          0          0   entry12b.o
         8          4          0          0          0          0   entry2.o
         4          0          0          0          0          0   entry5.o
         0          0          0          0          0          0   entry7b.o
         0          0          0          0          0          0   entry8b.o
         8          4          0          0          0          0   entry9a.o
        30          0          0          0          0          0   handlers.o
        36          8          0          0          0         68   init.o
         0          0          0          0          0          0   iusefp.o
        32          0          0          0          0         68   llshl.o
        38          0          0          0          0         68   llsshr.o
        34          0          0          0          0         68   llushr.o
        44          0          0          0          0         72   uidiv.o
       360          6          0          0          0        140   dadd.o
       236          0          0          0          0        216   depilogue.o
        72         10          0          0          0         72   dfixi.o
        28          4          0          0          0         68   dfltui.o
       208          6          0          0          0         88   dmul.o

    ----------------------------------------------------------------------
      1148         42          0          0          0        928   Library Totals
         6          0          0          0          0          0   (incl. Padding)

    ----------------------------------------------------------------------

      Code (inc. data)   RO Data    RW Data    ZI Data      Debug   Library Name

       238         16          0          0          0        344   mc_p.l
       904         26          0          0          0        584   mf_p.l

    ----------------------------------------------------------------------
      1148         42          0          0          0        928   Library Totals

    ----------------------------------------------------------------------

==============================================================================


      Code (inc. data)   RO Data    RW Data    ZI Data      Debug   

      8976        524        224        104       2920     144596   Grand Totals
      8976        524        224        104       2920     144596   ELF Image Totals
      8976        524        224        104          0          0   ROM Totals

==============================================================================

    Total RO  Size (Code + RO Data)                 9200 (   8.98kB)
    Total RW  Size (RW Data + ZI Data)              3024 (   2.95kB)
    Total ROM Size (Code + RO Data + RW Data)       9304 (   9.09kB)

==============================================================================

