Component: ARM Compiler 5.06 update 7 (build 960) Tool: armlink [4d3601]

==============================================================================

Section Cross References

    startup_pango_m1.o(RESET) refers to startup_pango_m1.o(STACK) for __initial_sp
    startup_pango_m1.o(RESET) refers to startup_pango_m1.o(.text) for Reset_Handler
    startup_pango_m1.o(RESET) refers to main.o(i.NMI_Handler) for NMI_Handler
    startup_pango_m1.o(RESET) refers to pango_m1_it.o(i.HardFault_Handler) for HardFault_Handler
    startup_pango_m1.o(RESET) refers to port.o(i.SVC_Handler) for SVC_Handler
    startup_pango_m1.o(RESET) refers to port.o(.emb_text) for PendSV_Handler
    startup_pango_m1.o(RESET) refers to port.o(i.SysTick_Handler) for SysTick_Handler
    startup_pango_m1.o(RESET) refers to main.o(i.UART0_Handler) for UART0_Handler
    startup_pango_m1.o(RESET) refers to pango_m1_it.o(i.UART1_Handler) for UART1_Handler
    startup_pango_m1.o(RESET) refers to main.o(i.TIMER0_Handler) for TIMER0_Handler
    startup_pango_m1.o(RESET) refers to pango_m1_it.o(i.TIMER1_Handler) for TIMER1_Handler
    startup_pango_m1.o(RESET) refers to main.o(i.GPIO0_Handler) for GPIO0_Handler
    startup_pango_m1.o(RESET) refers to pango_m1_it.o(i.ENT_Handler) for ENT_Handler
    startup_pango_m1.o(RESET) refers to main.o(i.I2C_Handler) for I2C_Handler
    startup_pango_m1.o(RESET) refers to pango_m1_it.o(i.CAN_Handler) for CAN_Handler
    startup_pango_m1.o(RESET) refers to pango_m1_it.o(i.RTC_Handler) for RTC_Handler
    startup_pango_m1.o(RESET) refers to pango_m1_it.o(i.DTimer_Handler) for DTimer_Handler
    startup_pango_m1.o(RESET) refers to pango_m1_it.o(i.TRNG_Handler) for TRNG_Handler
    startup_pango_m1.o(.text) refers to system_pango_m1.o(i.SystemInit) for SystemInit
    startup_pango_m1.o(.text) refers to __main.o(!!!main) for __main
    system_pango_m1.o(i.SystemCoreClockUpdate) refers to system_pango_m1.o(.data) for SystemCoreClock
    system_pango_m1.o(i.SystemInit) refers to system_pango_m1.o(.data) for SystemCoreClock
    pango_m1_uart.o(i.UART_Init) refers to aeabi_sdiv.o(.text) for __aeabi_uidivmod
    pango_m1_uart.o(i.UART_Init) refers to system_pango_m1.o(.data) for SystemCoreClock
    pango_m1_uart.o(i.UART_SendString) refers to pango_m1_uart.o(i.UART_SendChar) for UART_SendChar
    pango_m1_printk.o(i.print_dec) refers to pango_m1_printk.o(i.put_char) for put_char
    pango_m1_printk.o(i.print_dec) refers to pango_m1_printk.o(i.print_num) for print_num
    pango_m1_printk.o(i.print_flt) refers to dfixi.o(.text) for __aeabi_d2iz
    pango_m1_printk.o(i.print_flt) refers to pango_m1_printk.o(i.print_dec) for print_dec
    pango_m1_printk.o(i.print_flt) refers to pango_m1_printk.o(i.put_char) for put_char
    pango_m1_printk.o(i.print_flt) refers to dflti.o(.text) for __aeabi_ui2d
    pango_m1_printk.o(i.print_flt) refers to daddsub.o(.text) for __aeabi_drsub
    pango_m1_printk.o(i.print_flt) refers to dmul.o(.text) for __aeabi_dmul
    pango_m1_printk.o(i.print_hex) refers to pango_m1_printk.o(i.put_char) for put_char
    pango_m1_printk.o(i.print_hex2) refers to pango_m1_printk.o(i.put_char) for put_char
    pango_m1_printk.o(i.print_hex2) refers to pango_m1_printk.o(i.print_num) for print_num
    pango_m1_printk.o(i.print_num) refers to aeabi_sdiv.o(.text) for __aeabi_uidivmod
    pango_m1_printk.o(i.print_num) refers to pango_m1_printk.o(i.put_char) for put_char
    pango_m1_printk.o(i.print_str) refers to pango_m1_printk.o(i.put_char) for put_char
    pango_m1_printk.o(i.printk) refers to pango_m1_printk.o(i.put_char) for put_char
    pango_m1_printk.o(i.printk) refers to pango_m1_printk.o(i.print_dec) for print_dec
    pango_m1_printk.o(i.printk) refers to pango_m1_printk.o(i.print_flt) for print_flt
    pango_m1_printk.o(i.printk) refers to pango_m1_printk.o(i.print_str) for print_str
    pango_m1_printk.o(i.printk) refers to pango_m1_printk.o(i.print_hex2) for print_hex2
    pango_m1_printk.o(i.put_char) refers to pango_m1_uart.o(i.UART_SendChar) for UART_SendChar
    pango_m1_i2c.o(i.I2C_Init) refers to pango_m1_i2c.o(i.I2C_InterruptOpen) for I2C_InterruptOpen
    pango_m1_i2c.o(i.I2C_Init) refers to pango_m1_i2c.o(i.I2C_InterruptClose) for I2C_InterruptClose
    pango_m1_i2c.o(i.I2C_Init) refers to pango_m1_i2c.o(i.I2C_Enable) for I2C_Enable
    pango_m1_i2c.o(i.I2C_Init) refers to pango_m1_i2c.o(i.I2C_Rate_Set) for I2C_Rate_Set
    pango_m1_i2c.o(i.I2C_Rate_Set) refers to aeabi_sdiv.o(.text) for __aeabi_uidivmod
    pango_m1_i2c.o(i.I2C_Rate_Set) refers to system_pango_m1.o(.data) for SystemCoreClock
    pango_m1_i2c.o(i.I2C_ReadBytes) refers to pango_m1_i2c.o(i.I2C_ReceiveByte) for I2C_ReceiveByte
    pango_m1_i2c.o(i.I2C_ReceiveByte) refers to pango_m1_i2c.o(i.Delay_ms_i2c) for Delay_ms_i2c
    pango_m1_i2c.o(i.I2C_SendByte) refers to pango_m1_i2c.o(i.Delay_ms_i2c) for Delay_ms_i2c
    pango_m1_i2c.o(i.I2C_SendBytes) refers to pango_m1_i2c.o(i.I2C_SendByte) for I2C_SendByte
[...]
    libinit.o(.ARM.Collect$$libinit$$00000000) refers (Special) to libinit2.o(.ARM.Collect$$libinit$$0000002C) for __rt_lib_init_argv_1
    libinit.o(.ARM.Collect$$libinit$$00000000) refers (Special) to libinit2.o(.ARM.Collect$$libinit$$0000001B) for __rt_lib_init_atexit_1
    libinit.o(.ARM.Collect$$libinit$$00000000) refers (Special) to libinit2.o(.ARM.Collect$$libinit$$00000021) for __rt_lib_init_clock_1
    libinit.o(.ARM.Collect$$libinit$$00000000) refers (Special) to libinit2.o(.ARM.Collect$$libinit$$00000032) for __rt_lib_init_cpp_1
    libinit.o(.ARM.Collect$$libinit$$00000000) refers (Special) to libinit2.o(.ARM.Collect$$libinit$$00000030) for __rt_lib_init_exceptions_1
    libinit.o(.ARM.Collect$$libinit$$00000000) refers (Special) to libinit2.o(.ARM.Collect$$libinit$$00000002) for __rt_lib_init_fp_1
    libinit.o(.ARM.Collect$$libinit$$00000000) refers (Special) to libinit2.o(.ARM.Collect$$libinit$$0000001F) for __rt_lib_init_fp_trap_1
    libinit.o(.ARM.Collect$$libinit$$00000000) refers (Special) to libinit2.o(.ARM.Collect$$libinit$$00000023) for __rt_lib_init_getenv_1
    libinit.o(.ARM.Collect$$libinit$$00000000) refers (Special) to libinit2.o(.ARM.Collect$$libinit$$0000000A) for __rt_lib_init_heap_1
    libinit.o(.ARM.Collect$$libinit$$00000000) refers (Special) to libinit2.o(.ARM.Collect$$libinit$$00000011) for __rt_lib_init_lc_collate_1
    libinit.o(.ARM.Collect$$libinit$$00000000) refers (Special) to libinit2.o(.ARM.Collect$$libinit$$00000013) for __rt_lib_init_lc_ctype_1
    libinit.o(.ARM.Collect$$libinit$$00000000) refers (Special) to libinit2.o(.ARM.Collect$$libinit$$00000015) for __rt_lib_init_lc_monetary_1
    libinit.o(.ARM.Collect$$libinit$$00000000) refers (Special) to libinit2.o(.ARM.Collect$$libinit$$00000017) for __rt_lib_init_lc_numeric_1
    libinit.o(.ARM.Collect$$libinit$$00000000) refers (Special) to libinit2.o(.ARM.Collect$$libinit$$00000019) for __rt_lib_init_lc_time_1
    libinit.o(.ARM.Collect$$libinit$$00000000) refers (Special) to libinit2.o(.ARM.Collect$$libinit$$00000004) for __rt_lib_init_preinit_1
    libinit.o(.ARM.Collect$$libinit$$00000000) refers (Special) to libinit2.o(.ARM.Collect$$libinit$$0000000E) for __rt_lib_init_rand_1
    libinit.o(.ARM.Collect$$libinit$$00000000) refers (Special) to libinit2.o(.ARM.Collect$$libinit$$00000033) for __rt_lib_init_return
    libinit.o(.ARM.Collect$$libinit$$00000000) refers (Special) to libinit2.o(.ARM.Collect$$libinit$$0000001D) for __rt_lib_init_signal_1
    libinit.o(.ARM.Collect$$libinit$$00000000) refers (Special) to libinit2.o(.ARM.Collect$$libinit$$00000025) for __rt_lib_init_stdio_1
    libinit.o(.ARM.Collect$$libinit$$00000000) refers (Special) to libinit2.o(.ARM.Collect$$libinit$$0000000C) for __rt_lib_init_user_alloc_1
    libspace.o(.text) refers to libspace.o(.bss) for __libspace_start
    sys_stackheap.o(.text) refers (Special) to indicate_semi.o(.text) for __semihosting_library_function
    sys_stackheap.o(.text) refers to use_no_semi.o(.text) for __I$use$semihosting
    rtexit.o(.ARM.Collect$$rtexit$$00000000) refers (Special) to rtexit2.o(.ARM.Collect$$rtexit$$00000004) for __rt_exit_exit
    rtexit.o(.ARM.Collect$$rtexit$$00000000) refers (Special) to rtexit2.o(.ARM.Collect$$rtexit$$00000003) for __rt_exit_ls
    rtexit.o(.ARM.Collect$$rtexit$$00000000) refers (Special) to rtexit2.o(.ARM.Collect$$rtexit$$00000002) for __rt_exit_prels_1
    rtexit.o(.ARM.exidx) refers (Special) to rtexit2.o(.ARM.Collect$$rtexit$$00000004) for __rt_exit_exit
    rtexit.o(.ARM.exidx) refers (Special) to rtexit2.o(.ARM.Collect$$rtexit$$00000003) for __rt_exit_ls
    rtexit.o(.ARM.exidx) refers (Special) to rtexit2.o(.ARM.Collect$$rtexit$$00000002) for __rt_exit_prels_1
    rtexit.o(.ARM.exidx) refers to rtexit.o(.ARM.Collect$$rtexit$$00000000) for .ARM.Collect$$rtexit$$00000000
    rt_raise.o(.text) refers to __raise.o(.text) for __raise
    rt_raise.o(.text) refers to sys_exit.o(.text) for _sys_exit
    defsig_exit.o(.text) refers to sys_exit.o(.text) for _sys_exit
    defsig_fpe_inner.o(.text) refers to defsig_general.o(.text) for __default_signal_display
    libinit2.o(.ARM.Collect$$libinit$$00000010) refers to libinit2.o(.ARM.Collect$$libinit$$0000000F) for .ARM.Collect$$libinit$$0000000F
    libinit2.o(.ARM.Collect$$libinit$$00000012) refers to libinit2.o(.ARM.Collect$$libinit$$0000000F) for .ARM.Collect$$libinit$$0000000F
    libinit2.o(.ARM.Collect$$libinit$$00000014) refers to libinit2.o(.ARM.Collect$$libinit$$0000000F) for .ARM.Collect$$libinit$$0000000F
    libinit2.o(.ARM.Collect$$libinit$$00000016) refers to libinit2.o(.ARM.Collect$$libinit$$0000000F) for .ARM.Collect$$libinit$$0000000F
    libinit2.o(.ARM.Collect$$libinit$$00000018) refers to libinit2.o(.ARM.Collect$$libinit$$0000000F) for .ARM.Collect$$libinit$$0000000F
    libinit2.o(.ARM.Collect$$libinit$$00000026) refers to argv_veneer.o(.text) for __ARM_argv_veneer
    libinit2.o(.ARM.Collect$$libinit$$00000027) refers to argv_veneer.o(.text) for __ARM_argv_veneer
    libinit3.o(.ARM.Collect$$libinit$$00000006) refers to libinit3.o(.ARM.Collect$$libinit$$00002717) for __lit__00000000
    libinit3.o(.ARM.Collect$$libinit$$00002717) refers to startup_pango_m1.o(HEAP) for __heap_base
    libinit3.o(.ARM.Collect$$libinit$$00000028) refers to libinit3.o(.ARM.Collect$$libinit$$00002739) for __lit__00000002
    libinit3.o(.ARM.Collect$$libinit$$00000028) refers to argv_veneer.o(.text) for __ARM_argv_veneer
    libinit3.o(.ARM.Collect$$libinit$$00002739) refers to startup_pango_m1.o(HEAP) for __heap_base
    sys_exit.o(.text) refers (Special) to use_no_semi.o(.text) for __I$use$semihosting
    sys_exit.o(.text) refers (Special) to indicate_semi.o(.text) for __semihosting_library_function
    rtexit2.o(.ARM.Collect$$rtexit$$00000003) refers to libshutdown.o(.ARM.Collect$$libshutdown$$00000000) for __rt_lib_shutdown
    rtexit2.o(.ARM.Collect$$rtexit$$00000004) refers to sys_exit.o(.text) for _sys_exit
    rtexit2.o(.ARM.exidx) refers to rtexit2.o(.ARM.Collect$$rtexit$$00000001) for .ARM.Collect$$rtexit$$00000001
    rtexit2.o(.ARM.exidx) refers to rtexit2.o(.ARM.Collect$$rtexit$$00000003) for .ARM.Collect$$rtexit$$00000003
    rtexit2.o(.ARM.exidx) refers to rtexit2.o(.ARM.Collect$$rtexit$$00000004) for .ARM.Collect$$rtexit$$00000004
    __raise.o(.text) refers to defsig.o(CL$$defsig) for __default_signal_handler
    defsig_general.o(.text) refers to sys_wrch.o(.text) for _ttywrch
    sys_wrch.o(.text) refers (Special) to use_no_semi.o(.text) for __I$use$semihosting
    sys_wrch.o(.text) refers (Special) to indicate_semi.o(.text) for __semihosting_library_function
    defsig.o(CL$$defsig) refers to defsig_fpe_inner.o(.text) for __rt_SIGFPE_inner
    defsig.o(CL$$defsig) refers to defsig_rtmem_inner.o(.text) for __rt_SIGRTMEM_inner
    _get_argv_nomalloc.o(.text) refers (Special) to hrguard.o(.text) for __heap_region$guard
    _get_argv_nomalloc.o(.text) refers to defsig_rtmem_outer.o(.text) for __rt_SIGRTMEM
    _get_argv_nomalloc.o(.text) refers to sys_command.o(.text) for _sys_command_string
    libshutdown.o(.ARM.Collect$$libshutdown$$00000000) refers (Special) to libshutdown2.o(.ARM.Collect$$libshutdown$$00000004) for __rt_lib_shutdown_cpp_1
    libshutdown.o(.ARM.Collect$$libshutdown$$00000000) refers (Special) to libshutdown2.o(.ARM.Collect$$libshutdown$$00000002) for __rt_lib_shutdown_fini_1
    libshutdown.o(.ARM.Collect$$libshutdown$$00000000) refers (Special) to libshutdown2.o(.ARM.Collect$$libshutdown$$00000009) for __rt_lib_shutdown_fp_trap_1
    libshutdown.o(.ARM.Collect$$libshutdown$$00000000) refers (Special) to libshutdown2.o(.ARM.Collect$$libshutdown$$00000011) for __rt_lib_shutdown_heap_1
    libshutdown.o(.ARM.Collect$$libshutdown$$00000000) refers (Special) to libshutdown2.o(.ARM.Collect$$libshutdown$$00000012) for __rt_lib_shutdown_return
    libshutdown.o(.ARM.Collect$$libshutdown$$00000000) refers (Special) to libshutdown2.o(.ARM.Collect$$libshutdown$$0000000C) for __rt_lib_shutdown_signal_1
    libshutdown.o(.ARM.Collect$$libshutdown$$00000000) refers (Special) to libshutdown2.o(.ARM.Collect$$libshutdown$$00000006) for __rt_lib_shutdown_stdio_1
    libshutdown.o(.ARM.Collect$$libshutdown$$00000000) refers (Special) to libshutdown2.o(.ARM.Collect$$libshutdown$$0000000E) for __rt_lib_shutdown_user_alloc_1
    sys_command.o(.text) refers (Special) to use_no_semi.o(.text) for __I$use$semihosting
    sys_command.o(.text) refers (Special) to indicate_semi.o(.text) for __semihosting_library_function
    defsig_abrt_inner.o(.text) refers to defsig_general.o(.text) for __default_signal_display
    defsig_rtred_inner.o(.text) refers to defsig_general.o(.text) for __default_signal_display
    defsig_rtmem_inner.o(.text) refers to defsig_general.o(.text) for __default_signal_display
    defsig_rtmem_outer.o(.text) refers to defsig_rtmem_inner.o(.text) for __rt_SIGRTMEM_inner
    defsig_rtmem_outer.o(.text) refers to defsig_exit.o(.text) for __sig_exit
    defsig_rtmem_formal.o(.text) refers to rt_raise.o(.text) for __rt_raise
    defsig_stak_inner.o(.text) refers to defsig_general.o(.text) for __default_signal_display
    defsig_pvfn_inner.o(.text) refers to defsig_general.o(.text) for __default_signal_display
    defsig_cppl_inner.o(.text) refers to defsig_general.o(.text) for __default_signal_display
    defsig_segv_inner.o(.text) refers to defsig_general.o(.text) for __default_signal_display
    defsig_other.o(.text) refers to defsig_general.o(.text) for __default_signal_display


==============================================================================

Removing Unused input sections from the image.

    Removing startup_pango_m1.o(HEAP), (256 bytes).
    Removing system_pango_m1.o(.rev16_text), (4 bytes).
    Removing system_pango_m1.o(.revsh_text), (4 bytes).
    Removing system_pango_m1.o(i.SystemCoreClockUpdate), (16 bytes).
    Removing pango_m1_gpio.o(.rev16_text), (4 bytes).
    Removing pango_m1_gpio.o(.revsh_text), (4 bytes).
    Removing pango_m1_gpio.o(i.GPIO_ClrAltFunc), (4 bytes).
    Removing pango_m1_gpio.o(i.GPIO_ClrIntEnable), (12 bytes).
    Removing pango_m1_gpio.o(i.GPIO_ClrOutEnable), (4 bytes).
    Removing pango_m1_gpio.o(i.GPIO_GetAltFunc), (6 bytes).
    Removing pango_m1_gpio.o(i.GPIO_GetIntStatus), (6 bytes).
    Removing pango_m1_gpio.o(i.GPIO_GetOutEnable), (6 bytes).
    Removing pango_m1_gpio.o(i.GPIO_MaskedWrite), (34 bytes).
    Removing pango_m1_gpio.o(i.GPIO_ReadBits), (6 bytes).
    Removing pango_m1_gpio.o(i.GPIO_ResetBit), (8 bytes).
    Removing pango_m1_gpio.o(i.GPIO_SetAltFunc), (4 bytes).
    Removing pango_m1_gpio.o(i.GPIO_SetBit), (8 bytes).
    Removing pango_m1_gpio.o(i.GPIO_SetIntEnable), (12 bytes).
    Removing pango_m1_gpio.o(i.GPIO_SetIntFallingEdge), (20 bytes).
    Removing pango_m1_gpio.o(i.GPIO_SetIntHighLevel), (20 bytes).
    Removing pango_m1_gpio.o(i.GPIO_SetIntLowLevel), (20 bytes).
    Removing pango_m1_gpio.o(i.GPIO_SetIntRisingEdge), (20 bytes).
    Removing pango_m1_gpio.o(i.GPIO_SetOutEnable), (4 bytes).
    Removing pango_m1_gpio.o(i.GPIO_WriteBits), (4 bytes).
    Removing pango_m1_spi.o(.rev16_text), (4 bytes).
    Removing pango_m1_spi.o(.revsh_text), (4 bytes).
    Removing pango_m1_spi.o(i.SPI_ClrDirection), (20 bytes).
    Removing pango_m1_spi.o(i.SPI_ClrPhase), (20 bytes).
    Removing pango_m1_spi.o(i.SPI_ClrPolarity), (20 bytes).
    Removing pango_m1_spi.o(i.SPI_ClrRoeStatus), (20 bytes).
    Removing pango_m1_spi.o(i.SPI_ClrToeStatus), (20 bytes).
    Removing pango_m1_spi.o(i.SPI_GetClkSel), (16 bytes).
    Removing pango_m1_spi.o(i.SPI_GetDirection), (20 bytes).
    Removing pango_m1_spi.o(i.SPI_GetPhase), (16 bytes).
    Removing pango_m1_spi.o(i.SPI_GetPolarity), (16 bytes).
    Removing pango_m1_spi.o(i.SPI_GetRoeStatus), (16 bytes).
    Removing pango_m1_spi.o(i.SPI_GetRrdyStatus), (16 bytes).
    Removing pango_m1_spi.o(i.SPI_GetToeStatus), (16 bytes).
    Removing pango_m1_spi.o(i.SPI_GetTrdyStatus), (16 bytes).
    Removing pango_m1_spi.o(i.SPI_Select_Slave), (12 bytes).
    Removing pango_m1_spi.o(i.SPI_SetClkSel), (32 bytes).
    Removing pango_m1_spi.o(i.SPI_SetDirection), (20 bytes).
    Removing pango_m1_spi.o(i.SPI_SetPhase), (20 bytes).
    Removing pango_m1_spi.o(i.SPI_SetPolarity), (20 bytes).
    Removing pango_m1_timer.o(.rev16_text), (4 bytes).
    Removing pango_m1_timer.o(.revsh_text), (4 bytes).
    Removing pango_m1_timer.o(i.TIMER_DisableIRQ), (10 bytes).
    Removing pango_m1_timer.o(i.TIMER_EnableIRQ), (10 bytes).
    Removing pango_m1_timer.o(i.TIMER_GetReload), (6 bytes).
    Removing pango_m1_timer.o(i.TIMER_GetValue), (6 bytes).
    Removing pango_m1_timer.o(i.TIMER_SelExtClock), (16 bytes).
    Removing pango_m1_timer.o(i.TIMER_SelExtEnable), (16 bytes).
    Removing pango_m1_timer.o(i.TIMER_SetReload), (4 bytes).
    Removing pango_m1_timer.o(i.TIMER_SetValue), (4 bytes).
    Removing pango_m1_timer.o(i.TIMER_StartTimer), (10 bytes).
    Removing pango_m1_timer.o(i.TIMER_StopTimer), (10 bytes).
    Removing pango_m1_uart.o(.rev16_text), (4 bytes).
    Removing pango_m1_uart.o(.revsh_text), (4 bytes).
    Removing pango_m1_uart.o(i.UART_ClearRxBufferOverrunStatus), (6 bytes).
    Removing pango_m1_uart.o(i.UART_ClearRxOverrunIRQ), (6 bytes).
    Removing pango_m1_uart.o(i.UART_ClearTxBufferOverrunStatus), (6 bytes).
    Removing pango_m1_uart.o(i.UART_ClearTxIRQ), (6 bytes).
    Removing pango_m1_uart.o(i.UART_ClearTxOverrunIRQ), (6 bytes).
    Removing pango_m1_uart.o(i.UART_ClrHSTM), (10 bytes).
    Removing pango_m1_uart.o(i.UART_GetBaudDivider), (6 bytes).
    Removing pango_m1_uart.o(i.UART_GetRxBufferFull), (12 bytes).
    Removing pango_m1_uart.o(i.UART_GetRxBufferOverrunStatus), (12 bytes).
    Removing pango_m1_uart.o(i.UART_GetRxOverrunIRQStatus), (12 bytes).
    Removing pango_m1_uart.o(i.UART_GetTxBufferFull), (10 bytes).
    Removing pango_m1_uart.o(i.UART_GetTxBufferOverrunStatus), (12 bytes).
    Removing pango_m1_uart.o(i.UART_GetTxIRQStatus), (10 bytes).
    Removing pango_m1_uart.o(i.UART_GetTxOverrunIRQStatus), (12 bytes).
    Removing pango_m1_uart.o(i.UART_SendString), (28 bytes).
    Removing pango_m1_uart.o(i.UART_SetHSTM), (10 bytes).
    Removing pango_m1_wdog.o(.rev16_text), (4 bytes).
    Removing pango_m1_wdog.o(.revsh_text), (4 bytes).
    Removing pango_m1_wdog.o(i.WDOG_ClrITModeEnable), (20 bytes).
    Removing pango_m1_wdog.o(i.WDOG_ClrITOP), (16 bytes).
    Removing pango_m1_wdog.o(i.WDOG_ClrIntEnable), (12 bytes).
    Removing pango_m1_wdog.o(i.WDOG_GetCounterValue), (12 bytes).
    Removing pango_m1_wdog.o(i.WDOG_GetITModeStatus), (20 bytes).
    Removing pango_m1_wdog.o(i.WDOG_GetITOPIntStatus), (20 bytes).
    Removing pango_m1_wdog.o(i.WDOG_GetITOPResStatus), (20 bytes).
    Removing pango_m1_wdog.o(i.WDOG_GetIntStatus), (20 bytes).
    Removing pango_m1_wdog.o(i.WDOG_GetMaskIntStatus), (20 bytes).
    Removing pango_m1_wdog.o(i.WDOG_GetRawIntStatus), (20 bytes).
    Removing pango_m1_wdog.o(i.WDOG_GetResStatus), (20 bytes).
    Removing pango_m1_wdog.o(i.WDOG_Init), (160 bytes).
    Removing pango_m1_wdog.o(i.WDOG_LockWriteAccess), (12 bytes).
    Removing pango_m1_wdog.o(i.WDOG_RestartCounter), (12 bytes).
    Removing pango_m1_wdog.o(i.WDOG_SetITModeEnable), (20 bytes).
    Removing pango_m1_wdog.o(i.WDOG_SetITOP), (12 bytes).
    Removing pango_m1_wdog.o(i.WDOG_SetIntEnable), (20 bytes).
    Removing pango_m1_wdog.o(i.WDOG_SetResetEnable), (20 bytes).
    Removing pango_m1_wdog.o(i.WDOG_UnlockWriteAccess), (16 bytes).
    Removing pango_m1_printk.o(.rev16_text), (4 bytes).
    Removing pango_m1_printk.o(.revsh_text), (4 bytes).
    Removing pango_m1_printk.o(i.print_hex), (72 bytes).
    Removing pango_m1_i2c.o(.rev16_text), (4 bytes).
    Removing pango_m1_i2c.o(.revsh_text), (4 bytes).
    Removing pango_m1_i2c.o(i.Delay_ms_i2c), (32 bytes).
    Removing pango_m1_i2c.o(i.I2C_Enable), (10 bytes).
    Removing pango_m1_i2c.o(i.I2C_Init), (68 bytes).
    Removing pango_m1_i2c.o(i.I2C_InterruptClose), (10 bytes).
    Removing pango_m1_i2c.o(i.I2C_InterruptOpen), (10 bytes).
    Removing pango_m1_i2c.o(i.I2C_Rate_Set), (40 bytes).
    Removing pango_m1_i2c.o(i.I2C_ReadBytes), (34 bytes).
    Removing pango_m1_i2c.o(i.I2C_ReceiveByte), (132 bytes).
    Removing pango_m1_i2c.o(i.I2C_SendByte), (122 bytes).
    Removing pango_m1_i2c.o(i.I2C_SendBytes), (34 bytes).
    Removing pango_m1_i2c.o(i.I2C_UnEnable), (8 bytes).
    Removing pango_m1_memory.o(.rev16_text), (4 bytes).
    Removing pango_m1_memory.o(.revsh_text), (4 bytes).
    Removing pango_m1_memory.o(i.Memory_Read_Bytes), (6 bytes).
    Removing pango_m1_memory.o(i.Memory_Write_Bytes), (4 bytes).
    Removing event_groups.o(i.prvTestWaitCondition), (34 bytes).
    Removing event_groups.o(i.vEventGroupClearBitsCallback), (16 bytes).
    Removing event_groups.o(i.vEventGroupDelete), (68 bytes).
    Removing event_groups.o(i.vEventGroupSetBitsCallback), (16 bytes).
    Removing event_groups.o(i.xEventGroupClearBits), (62 bytes).
    Removing event_groups.o(i.xEventGroupCreate), (28 bytes).
    Removing event_groups.o(i.xEventGroupGetBitsFromISR), (24 bytes).
    Removing event_groups.o(i.xEventGroupSetBits), (200 bytes).
    Removing event_groups.o(i.xEventGroupSync), (234 bytes).
    Removing event_groups.o(i.xEventGroupWaitBits), (288 bytes).
    Removing list.o(i.vListInitialise), (26 bytes).
    Removing list.o(i.vListInitialiseItem), (6 bytes).
    Removing list.o(i.vListInsert), (54 bytes).
    Removing queue.o(i.pcQueueGetName), (44 bytes).
    Removing queue.o(i.prvCopyDataFromQueue), (44 bytes).
    Removing queue.o(i.prvCopyDataToQueue), (128 bytes).
    Removing queue.o(i.prvInitialiseMutex), (30 bytes).
    Removing queue.o(i.prvInitialiseNewQueue), (38 bytes).
    Removing queue.o(i.prvIsQueueEmpty), (28 bytes).
    Removing queue.o(i.prvIsQueueFull), (30 bytes).
    Removing queue.o(i.prvNotifyQueueSetContainer), (122 bytes).
    Removing queue.o(i.prvUnlockQueue), (166 bytes).
    Removing queue.o(i.uxQueueMessagesWaiting), (28 bytes).
    Removing queue.o(i.uxQueueMessagesWaitingFromISR), (16 bytes).
    Removing queue.o(i.uxQueueSpacesAvailable), (34 bytes).
    Removing queue.o(i.vQueueAddToRegistry), (44 bytes).
    Removing queue.o(i.vQueueDelete), (30 bytes).
    Removing queue.o(i.vQueueUnregisterQueue), (52 bytes).
    Removing queue.o(i.vQueueWaitForMessageRestricted), (76 bytes).
    Removing queue.o(i.xQueueAddToSet), (42 bytes).
    Removing queue.o(i.xQueueCreateCountingSemaphore), (68 bytes).
    Removing queue.o(i.xQueueCreateMutex), (30 bytes).
    Removing queue.o(i.xQueueCreateSet), (20 bytes).
    Removing queue.o(i.xQueueGenericCreate), (80 bytes).
    Removing queue.o(i.xQueueGenericReceive), (396 bytes).
    Removing queue.o(i.xQueueGenericReset), (130 bytes).
    Removing queue.o(i.xQueueGenericSend), (370 bytes).
    Removing queue.o(i.xQueueGenericSendFromISR), (216 bytes).
    Removing queue.o(i.xQueueGiveFromISR), (198 bytes).
    Removing queue.o(i.xQueueGiveMutexRecursive), (60 bytes).
    Removing queue.o(i.xQueueIsQueueEmptyFromISR), (26 bytes).
    Removing queue.o(i.xQueueIsQueueFullFromISR), (28 bytes).
    Removing queue.o(i.xQueuePeekFromISR), (108 bytes).
    Removing queue.o(i.xQueueReceiveFromISR), (158 bytes).
    Removing queue.o(i.xQueueRemoveFromSet), (46 bytes).
    Removing queue.o(i.xQueueSelectFromSet), (26 bytes).
    Removing queue.o(i.xQueueSelectFromSetFromISR), (22 bytes).
    Removing queue.o(i.xQueueTakeMutexRecursive), (66 bytes).
    Removing queue.o(.bss), (64 bytes).
    Removing tasks.o(i.eTaskGetState), (120 bytes).
    Removing tasks.o(i.pcTaskGetName), (36 bytes).
    Removing tasks.o(i.prvAddCurrentTaskToDelayedList), (124 bytes).
    Removing tasks.o(i.prvAddNewTaskToReadyList), (164 bytes).
    Removing tasks.o(i.prvCheckTasksWaitingTermination), (104 bytes).
    Removing tasks.o(i.prvDeleteTCB), (18 bytes).
    Removing tasks.o(i.prvIdleTask), (24 bytes).
    Removing tasks.o(i.prvInitialiseNewTask), (176 bytes).
    Removing tasks.o(i.prvInitialiseTaskLists), (100 bytes).
    Removing tasks.o(i.prvTaskIsTaskSuspended), (84 bytes).
    Removing tasks.o(i.pvTaskIncrementMutexHeldCount), (32 bytes).
    Removing tasks.o(i.ulTaskNotifyTake), (108 bytes).
    Removing tasks.o(i.uxTaskGetNumberOfTasks), (12 bytes).
    Removing tasks.o(i.uxTaskPriorityGet), (36 bytes).
    Removing tasks.o(i.uxTaskPriorityGetFromISR), (40 bytes).
    Removing tasks.o(i.uxTaskResetEventItemValue), (28 bytes).
    Removing tasks.o(i.vTaskDelay), (68 bytes).
    Removing tasks.o(i.vTaskDelayUntil), (156 bytes).
    Removing tasks.o(i.vTaskDelete), (180 bytes).
    Removing tasks.o(i.vTaskEndScheduler), (20 bytes).
    Removing tasks.o(i.vTaskMissedYield), (12 bytes).
    Removing tasks.o(i.vTaskNotifyGiveFromISR), (184 bytes).
    Removing tasks.o(i.vTaskPlaceOnEventList), (44 bytes).
    Removing tasks.o(i.vTaskPlaceOnEventListRestricted), (52 bytes).
    Removing tasks.o(i.vTaskPlaceOnUnorderedEventList), (84 bytes).
    Removing tasks.o(i.vTaskPriorityInherit), (140 bytes).
    Removing tasks.o(i.vTaskPrioritySet), (228 bytes).
    Removing tasks.o(i.vTaskResume), (116 bytes).
    Removing tasks.o(i.vTaskSetTimeOutState), (32 bytes).
    Removing tasks.o(i.vTaskStartScheduler), (120 bytes).
    Removing tasks.o(i.vTaskSuspend), (168 bytes).
    Removing tasks.o(i.vTaskSuspendAll), (16 bytes).
    Removing tasks.o(i.xTaskCheckForTimeOut), (116 bytes).
    Removing tasks.o(i.xTaskCreate), (92 bytes).
    Removing tasks.o(i.xTaskGenericNotify), (212 bytes).
    Removing tasks.o(i.xTaskGenericNotifyFromISR), (264 bytes).
    Removing tasks.o(i.xTaskGetCurrentTaskHandle), (12 bytes).
    Removing tasks.o(i.xTaskGetSchedulerState), (36 bytes).
    Removing tasks.o(i.xTaskGetTickCount), (12 bytes).
    Removing tasks.o(i.xTaskGetTickCountFromISR), (12 bytes).
    Removing tasks.o(i.xTaskNotifyStateClear), (56 bytes).
    Removing tasks.o(i.xTaskNotifyWait), (144 bytes).
    Removing tasks.o(i.xTaskPriorityDisinherit), (136 bytes).
    Removing tasks.o(i.xTaskRemoveFromEventList), (136 bytes).
    Removing tasks.o(i.xTaskRemoveFromUnorderedEventList), (144 bytes).
    Removing tasks.o(i.xTaskResumeAll), (240 bytes).
    Removing tasks.o(i.xTaskResumeFromISR), (136 bytes).
    Removing timers.o(i.pcTimerGetName), (18 bytes).
    Removing timers.o(i.prvCheckForValidListAndQueue), (104 bytes).
    Removing timers.o(i.prvGetNextExpireTime), (44 bytes).
    Removing timers.o(i.prvInitialiseNewTimer), (64 bytes).
    Removing timers.o(i.prvInsertTimerInActiveList), (84 bytes).
    Removing timers.o(i.prvProcessExpiredTimer), (88 bytes).
    Removing timers.o(i.prvProcessReceivedCommands), (228 bytes).
    Removing timers.o(i.prvProcessTimerOrBlockTask), (108 bytes).
    Removing timers.o(i.prvSampleTimeNow), (44 bytes).
    Removing timers.o(i.prvSwitchTimerLists), (144 bytes).
    Removing timers.o(i.prvTimerTask), (26 bytes).
    Removing timers.o(i.pvTimerGetTimerID), (30 bytes).
    Removing timers.o(i.vTimerSetTimerID), (30 bytes).
    Removing timers.o(i.xTimerCreate), (44 bytes).
    Removing timers.o(i.xTimerCreateTimerTask), (72 bytes).
    Removing timers.o(i.xTimerGenericCommand), (116 bytes).
    Removing timers.o(i.xTimerGetExpiryTime), (18 bytes).
    Removing timers.o(i.xTimerGetPeriod), (18 bytes).
    Removing timers.o(i.xTimerGetTimerDaemonTaskHandle), (36 bytes).
    Removing timers.o(i.xTimerIsTimerActive), (46 bytes).
    Removing timers.o(.bss), (40 bytes).
    Removing timers.o(.data), (20 bytes).
    Removing port.o(i.prvSetupTimerInterrupt), (44 bytes).
    Removing port.o(i.prvTaskExitError), (36 bytes).
    Removing port.o(i.pxPortInitialiseStack), (32 bytes).
    Removing port.o(i.vPortEndScheduler), (36 bytes).
    Removing port.o(i.vPortEnterCritical), (28 bytes).
    Removing port.o(i.vPortExitCritical), (40 bytes).
    Removing port.o(i.vPortYield), (24 bytes).
    Removing port.o(i.xPortStartScheduler), (56 bytes).
    Removing port.o(.data), (4 bytes).
    Removing heap_4.o(i.prvHeapInit), (128 bytes).
    Removing heap_4.o(i.prvInsertBlockIntoFreeList), (104 bytes).
    Removing heap_4.o(i.pvPortMalloc), (296 bytes).
    Removing heap_4.o(i.vPortFree), (128 bytes).
    Removing heap_4.o(i.vPortInitialiseBlocks), (2 bytes).
    Removing heap_4.o(i.xPortGetFreeHeapSize), (12 bytes).
    Removing heap_4.o(i.xPortGetMinimumEverFreeHeapSize), (12 bytes).
    Removing heap_4.o(.bss), (11000 bytes).
    Removing heap_4.o(.data), (24 bytes).
    Removing main.o(.rev16_text), (4 bytes).
    Removing main.o(.revsh_text), (4 bytes).
    Removing main.o(i.I2CInit), (36 bytes).
    Removing main.o(i.IIC_Test), (256 bytes).
    Removing main.o(i.SPI_Flash_Test), (140 bytes).
    Removing main.o(i.Smemory_test), (112 bytes).
    Removing main.o(i.SoftTmr_Callback), (300 bytes).
    Removing main.o(i.WatchDogInit), (104 bytes).
    Removing main.o(i.__NVIC_SetPriority), (120 bytes).
    Removing main.o(i.led_task), (68 bytes).
    Removing main.o(i.queue_task), (100 bytes).
    Removing main.o(i.test), (96 bytes).
    Removing main.o(i.vApplicationMallocFailedHook), (2 bytes).
    Removing main.o(i.watchdog_set), (20 bytes).
    Removing main.o(.bss), (584 bytes).
    Removing pango_m1_it.o(.rev16_text), (4 bytes).
    Removing pango_m1_it.o(.revsh_text), (4 bytes).
    Removing pango_m1_it.o(i.WDOG_Handler), (2 bytes).
    Removing pango_spi_flash.o(.rev16_text), (4 bytes).
    Removing pango_spi_flash.o(.revsh_text), (4 bytes).
    Removing pango_spi_flash.o(i.SFLASH_EraseBlock), (60 bytes).
    Removing pango_spi_flash.o(i.SFLASH_EraseChip), (34 bytes).
    Removing pango_spi_flash.o(i.SFLASH_EraseSector), (60 bytes).
    Removing pango_spi_flash.o(i.SFLASH_FastReadNByte), (76 bytes).
    Removing pango_spi_flash.o(i.SFLASH_PowerDown), (22 bytes).
    Removing pango_spi_flash.o(i.SFLASH_ReadID), (58 bytes).
    Removing pango_spi_flash.o(i.SFLASH_ReadJEDEC_ID), (48 bytes).
    Removing pango_spi_flash.o(i.SFLASH_ReadNByte), (70 bytes).
    Removing pango_spi_flash.o(i.SFLASH_ReadSR), (30 bytes).
    Removing pango_spi_flash.o(i.SFLASH_WAKEUP), (22 bytes).
    Removing pango_spi_flash.o(i.SFLASH_WaitForNoBusy), (18 bytes).
    Removing pango_spi_flash.o(i.SFLASH_WriteDisable), (22 bytes).
    Removing pango_spi_flash.o(i.SFLASH_WriteEnable), (22 bytes).
    Removing pango_spi_flash.o(i.SFLASH_WriteNByte), (196 bytes).
    Removing pango_spi_flash.o(i.SFLASH_WriteNoCheck), (68 bytes).
    Removing pango_spi_flash.o(i.SFLASH_WritePage), (78 bytes).
    Removing pango_spi_flash.o(i.SFLASH_WriteSR), (26 bytes).
    Removing pango_spi_flash.o(.bss), (4096 bytes).
    Removing pango_i2c_eeprom.o(.rev16_text), (4 bytes).
    Removing pango_i2c_eeprom.o(.revsh_text), (4 bytes).
    Removing pango_i2c_eeprom.o(i.Delay_ms_eeprom), (32 bytes).
    Removing pango_i2c_eeprom.o(i.I2C_EE_BufferRead), (190 bytes).
    Removing pango_i2c_eeprom.o(i.I2C_EE_BufferWrite), (330 bytes).
    Removing pango_i2c_eeprom.o(i.I2C_EE_ByteRead), (166 bytes).
    Removing pango_i2c_eeprom.o(i.I2C_EE_ByteWrite), (158 bytes).
    Removing pango_i2c_eeprom.o(i.I2C_EE_BytesRead), (36 bytes).
    Removing pango_i2c_eeprom.o(i.I2C_EE_BytesWrite), (36 bytes).
    Removing pango_i2c_eeprom.o(i.I2C_EE_PageWrite), (208 bytes).
    Removing tasks.o(i.__ARM_common_switch8), (28 bytes).

300 unused section(s) (total 32472 bytes) removed from the image.

==============================================================================

Image Symbol Table

    Local Symbols

    Symbol Name                              Value     Ov Type        Size  Object(Section)

    ../clib/angel/boardlib.s                 0x00000000   Number         0  boardshut.o ABSOLUTE
    ../clib/angel/boardlib.s                 0x00000000   Number         0  boardinit3.o ABSOLUTE
    ../clib/angel/boardlib.s                 0x00000000   Number         0  boardinit2.o ABSOLUTE
    ../clib/angel/boardlib.s                 0x00000000   Number         0  boardinit1.o ABSOLUTE
    ../clib/angel/handlers.s                 0x00000000   Number         0  __scatter_copy.o ABSOLUTE
    ../clib/angel/handlers.s                 0x00000000   Number         0  __scatter_zi.o ABSOLUTE
    ../clib/angel/kernel.s                   0x00000000   Number         0  __rtentry.o ABSOLUTE
    ../clib/angel/kernel.s                   0x00000000   Number         0  rtexit.o ABSOLUTE
    ../clib/angel/kernel.s                   0x00000000   Number         0  __rtentry5.o ABSOLUTE
    ../clib/angel/kernel.s                   0x00000000   Number         0  rtexit2.o ABSOLUTE
    ../clib/angel/kernel.s                   0x00000000   Number         0  __rtentry4.o ABSOLUTE
    ../clib/angel/kernel.s                   0x00000000   Number         0  __rtentry2.o ABSOLUTE
    ../clib/angel/rt.s                       0x00000000   Number         0  aeabi_idiv0.o ABSOLUTE
    ../clib/angel/rt.s                       0x00000000   Number         0  rt_div0.o ABSOLUTE
    ../clib/angel/rt.s                       0x00000000   Number         0  aeabi_idiv0_sigfpe.o ABSOLUTE
    ../clib/angel/rt.s                       0x00000000   Number         0  rt_raise.o ABSOLUTE
    ../clib/angel/scatterp.s                 0x00000000   Number         0  __scatter.o ABSOLUTE
    ../clib/angel/startup.s                  0x00000000   Number         0  __main.o ABSOLUTE
    ../clib/angel/sys.s                      0x00000000   Number         0  indicate_semi.o ABSOLUTE
    ../clib/angel/sys.s                      0x00000000   Number         0  use_no_semi.o ABSOLUTE
    ../clib/angel/sys.s                      0x00000000   Number         0  libspace.o ABSOLUTE
    ../clib/angel/sys.s                      0x00000000   Number         0  sys_stackheap.o ABSOLUTE
    ../clib/angel/sys.s                      0x00000000   Number         0  sys_stackheap_outer.o ABSOLUTE
    ../clib/angel/sys.s                      0x00000000   Number         0  tempstk.o ABSOLUTE
    ../clib/angel/sysapp.c                   0x00000000   Number         0  sys_wrch.o ABSOLUTE
    ../clib/angel/sysapp.c                   0x00000000   Number         0  sys_exit.o ABSOLUTE
    ../clib/angel/sysapp.c                   0x00000000   Number         0  sys_command.o ABSOLUTE
    ../clib/armsys.c                         0x00000000   Number         0  no_argv.o ABSOLUTE
    ../clib/armsys.c                         0x00000000   Number         0  _get_argv_nomalloc.o ABSOLUTE
    ../clib/armsys.c                         0x00000000   Number         0  argv_veneer.o ABSOLUTE
    ../clib/division.s                       0x00000000   Number         0  aeabi_sdiv.o ABSOLUTE
    ../clib/division.s                       0x00000000   Number         0  aeabi_sdiv_div0.o ABSOLUTE
    ../clib/heapalloc.c                      0x00000000   Number         0  hrguard.o ABSOLUTE
    ../clib/libinit.s                        0x00000000   Number         0  libinit.o ABSOLUTE
    ../clib/libinit.s                        0x00000000   Number         0  libinit3.o ABSOLUTE
    ../clib/libinit.s                        0x00000000   Number         0  libshutdown.o ABSOLUTE
    ../clib/libinit.s                        0x00000000   Number         0  libshutdown2.o ABSOLUTE
    ../clib/libinit.s                        0x00000000   Number         0  libinit2.o ABSOLUTE
    ../clib/memcpset.c                       0x00000000   Number         0  rt_memcpy.o ABSOLUTE
    ../clib/memcpset.c                       0x00000000   Number         0  aeabi_memset.o ABSOLUTE
    ../clib/memcpset.c                       0x00000000   Number         0  rt_memclr.o ABSOLUTE
    ../clib/memcpset.c                       0x00000000   Number         0  rt_memcpy.o ABSOLUTE
    ../clib/signal.c                         0x00000000   Number         0  defsig_rtmem_formal.o ABSOLUTE
    ../clib/signal.c                         0x00000000   Number         0  defsig_rtmem_outer.o ABSOLUTE
    ../clib/signal.c                         0x00000000   Number         0  defsig_rtmem_inner.o ABSOLUTE
    ../clib/signal.c                         0x00000000   Number         0  defsig_cppl_inner.o ABSOLUTE
    ../clib/signal.c                         0x00000000   Number         0  defsig_stak_inner.o ABSOLUTE
    ../clib/signal.c                         0x00000000   Number         0  defsig_rtred_inner.o ABSOLUTE
    ../clib/signal.c                         0x00000000   Number         0  defsig_abrt_inner.o ABSOLUTE
    ../clib/signal.c                         0x00000000   Number         0  defsig_segv_inner.o ABSOLUTE
    ../clib/signal.c                         0x00000000   Number         0  defsig_pvfn_inner.o ABSOLUTE
    ../clib/signal.c                         0x00000000   Number         0  defsig_fpe_outer.o ABSOLUTE
    ../clib/signal.c                         0x00000000   Number         0  defsig_fpe_formal.o ABSOLUTE
    ../clib/signal.c                         0x00000000   Number         0  defsig_exit.o ABSOLUTE
    ../clib/signal.c                         0x00000000   Number         0  defsig_fpe_inner.o ABSOLUTE
    ../clib/signal.c                         0x00000000   Number         0  defsig_other.o ABSOLUTE
    ../clib/signal.c                         0x00000000   Number         0  __raise.o ABSOLUTE
    ../clib/signal.c                         0x00000000   Number         0  defsig_general.o ABSOLUTE
    ../clib/signal.s                         0x00000000   Number         0  defsig.o ABSOLUTE
    ../clib/stdlib.c                         0x00000000   Number         0  exit.o ABSOLUTE
    ../clib/string.c                         0x00000000   Number         0  memcmp.o ABSOLUTE
    ../clib/string.c                         0x00000000   Number         0  strncmp.o ABSOLUTE
    ../fplib/cfplib/daddsub.c                0x00000000   Number         0  daddsub.o ABSOLUTE
    ../fplib/cfplib/dmul.c                   0x00000000   Number         0  dmul.o ABSOLUTE
    ../fplib/cfplib/ffix.c                   0x00000000   Number         0  dfixi.o ABSOLUTE
    ../fplib/cfplib/fflt.c                   0x00000000   Number         0  dflti.o ABSOLUTE
    ../fplib/cfplib/fpinit.c                 0x00000000   Number         0  fpinit.o ABSOLUTE
    ../fplib/usenofp.s                       0x00000000   Number         0  usenofp.o ABSOLUTE
    ..\FreeRTOS\croutine.c                   0x00000000   Number         0  croutine.o ABSOLUTE
    ..\FreeRTOS\event_groups.c               0x00000000   Number         0  event_groups.o ABSOLUTE
    ..\FreeRTOS\list.c                       0x00000000   Number         0  list.o ABSOLUTE
    ..\FreeRTOS\portable\Keil\ARM_CM1\port.c 0x00000000   Number         0  port.o ABSOLUTE
    ..\FreeRTOS\portable\MemMang\heap_4.c    0x00000000   Number         0  heap_4.o ABSOLUTE
    ..\FreeRTOS\queue.c                      0x00000000   Number         0  queue.o ABSOLUTE
    ..\FreeRTOS\tasks.c                      0x00000000   Number         0  tasks.o ABSOLUTE
    ..\FreeRTOS\timers.c                     0x00000000   Number         0  timers.o ABSOLUTE
    ..\PERIPHERAL\src\PANGO_M1_gpio.c        0x00000000   Number         0  pango_m1_gpio.o ABSOLUTE
    ..\PERIPHERAL\src\PANGO_M1_i2c.c         0x00000000   Number         0  pango_m1_i2c.o ABSOLUTE
    ..\PERIPHERAL\src\PANGO_M1_memory.c      0x00000000   Number         0  pango_m1_memory.o ABSOLUTE
    ..\PERIPHERAL\src\PANGO_M1_printk.c      0x00000000   Number         0  pango_m1_printk.o ABSOLUTE
    ..\PERIPHERAL\src\PANGO_M1_spi.c         0x00000000   Number         0  pango_m1_spi.o ABSOLUTE
    ..\PERIPHERAL\src\PANGO_M1_timer.c       0x00000000   Number         0  pango_m1_timer.o ABSOLUTE
    ..\PERIPHERAL\src\PANGO_M1_uart.c        0x00000000   Number         0  pango_m1_uart.o ABSOLUTE
    ..\PERIPHERAL\src\PANGO_M1_wdog.c        0x00000000   Number         0  pango_m1_wdog.o ABSOLUTE
    ..\STARTUP\startup_PANGO_M1.s            0x00000000   Number         0  startup_pango_m1.o ABSOLUTE
    ..\SYSTEM\system_PANGO_M1.c              0x00000000   Number         0  system_pango_m1.o ABSOLUTE
    ..\USER\PANGO_M1_it.c                    0x00000000   Number         0  pango_m1_it.o ABSOLUTE
    ..\USER\PANGO_i2c_eeprom.c               0x00000000   Number         0  pango_i2c_eeprom.o ABSOLUTE
    ..\USER\PANGO_spi_flash.c                0x00000000   Number         0  pango_spi_flash.o ABSOLUTE
    ..\USER\main.c                           0x00000000   Number         0  main.o ABSOLUTE
    ..\\FreeRTOS\\portable\\Keil\\ARM_CM1\\port.c 0x00000000   Number         0  port.o ABSOLUTE
    ..\\PERIPHERAL\\src\\PANGO_M1_gpio.c     0x00000000   Number         0  pango_m1_gpio.o ABSOLUTE
    ..\\PERIPHERAL\\src\\PANGO_M1_i2c.c      0x00000000   Number         0  pango_m1_i2c.o ABSOLUTE
    ..\\PERIPHERAL\\src\\PANGO_M1_memory.c   0x00000000   Number         0  pango_m1_memory.o ABSOLUTE
    ..\\PERIPHERAL\\src\\PANGO_M1_printk.c   0x00000000   Number         0  pango_m1_printk.o ABSOLUTE
    ..\\PERIPHERAL\\src\\PANGO_M1_spi.c      0x00000000   Number         0  pango_m1_spi.o ABSOLUTE
    ..\\PERIPHERAL\\src\\PANGO_M1_timer.c    0x00000000   Number         0  pango_m1_timer.o ABSOLUTE
    ..\\PERIPHERAL\\src\\PANGO_M1_uart.c     0x00000000   Number         0  pango_m1_uart.o ABSOLUTE
    ..\\PERIPHERAL\\src\\PANGO_M1_wdog.c     0x00000000   Number         0  pango_m1_wdog.o ABSOLUTE
    ..\\SYSTEM\\system_PANGO_M1.c            0x00000000   Number         0  system_pango_m1.o ABSOLUTE
    ..\\USER\\PANGO_M1_it.c                  0x00000000   Number         0  pango_m1_it.o ABSOLUTE
    ..\\USER\\PANGO_i2c_eeprom.c             0x00000000   Number         0  pango_i2c_eeprom.o ABSOLUTE
    ..\\USER\\PANGO_spi_flash.c              0x00000000   Number         0  pango_spi_flash.o ABSOLUTE
    ..\\USER\\main.c                         0x00000000   Number         0  main.o ABSOLUTE
    dc.s                                     0x00000000   Number         0  dc.o ABSOLUTE
    RESET                                    0x10000000   Section      192  startup_pango_m1.o(RESET)
    !!!main                                  0x100000c0   Section        8  __main.o(!!!main)
    !!!scatter                               0x100000c8   Section       60  __scatter.o(!!!scatter)
    !!handler_copy                           0x10000104   Section       26  __scatter_copy.o(!!handler_copy)
    !!handler_zi                             0x10000120   Section       28  __scatter_zi.o(!!handler_zi)
    .ARM.Collect$$libinit$$00000000          0x1000013c   Section        2  libinit.o(.ARM.Collect$$libinit$$00000000)
    .ARM.Collect$$libinit$$00000002          0x1000013e   Section        0  libinit2.o(.ARM.Collect$$libinit$$00000002)
    .ARM.Collect$$libinit$$00000004          0x1000013e   Section        0  libinit2.o(.ARM.Collect$$libinit$$00000004)
    .ARM.Collect$$libinit$$0000000A          0x1000013e   Section        0  libinit2.o(.ARM.Collect$$libinit$$0000000A)
    .ARM.Collect$$libinit$$0000000C          0x1000013e   Section        0  libinit2.o(.ARM.Collect$$libinit$$0000000C)
    .ARM.Collect$$libinit$$0000000E          0x1000013e   Section        0  libinit2.o(.ARM.Collect$$libinit$$0000000E)
    .ARM.Collect$$libinit$$00000011          0x1000013e   Section        0  libinit2.o(.ARM.Collect$$libinit$$00000011)
    .ARM.Collect$$libinit$$00000013          0x1000013e   Section        0  libinit2.o(.ARM.Collect$$libinit$$00000013)
    .ARM.Collect$$libinit$$00000015          0x1000013e   Section        0  libinit2.o(.ARM.Collect$$libinit$$00000015)
    .ARM.Collect$$libinit$$00000017          0x1000013e   Section        0  libinit2.o(.ARM.Collect$$libinit$$00000017)
    .ARM.Collect$$libinit$$00000019          0x1000013e   Section        0  libinit2.o(.ARM.Collect$$libinit$$00000019)
    .ARM.Collect$$libinit$$0000001B          0x1000013e   Section        0  libinit2.o(.ARM.Collect$$libinit$$0000001B)
    .ARM.Collect$$libinit$$0000001D          0x1000013e   Section        0  libinit2.o(.ARM.Collect$$libinit$$0000001D)
    .ARM.Collect$$libinit$$0000001F          0x1000013e   Section        0  libinit2.o(.ARM.Collect$$libinit$$0000001F)
    .ARM.Collect$$libinit$$00000021          0x1000013e   Section        0  libinit2.o(.ARM.Collect$$libinit$$00000021)
    .ARM.Collect$$libinit$$00000023          0x1000013e   Section        0  libinit2.o(.ARM.Collect$$libinit$$00000023)
    .ARM.Collect$$libinit$$00000025          0x1000013e   Section        0  libinit2.o(.ARM.Collect$$libinit$$00000025)
    .ARM.Collect$$libinit$$0000002C          0x1000013e   Section        0  libinit2.o(.ARM.Collect$$libinit$$0000002C)
    .ARM.Collect$$libinit$$0000002E          0x1000013e   Section        0  libinit2.o(.ARM.Collect$$libinit$$0000002E)
    .ARM.Collect$$libinit$$00000030          0x1000013e   Section        0  libinit2.o(.ARM.Collect$$libinit$$00000030)
    .ARM.Collect$$libinit$$00000032          0x1000013e   Section        0  libinit2.o(.ARM.Collect$$libinit$$00000032)
    .ARM.Collect$$libinit$$00000033          0x1000013e   Section        2  libinit2.o(.ARM.Collect$$libinit$$00000033)
    .ARM.Collect$$libshutdown$$00000000      0x10000140   Section        2  libshutdown.o(.ARM.Collect$$libshutdown$$00000000)
    .ARM.Collect$$libshutdown$$00000002      0x10000142   Section        0  libshutdown2.o(.ARM.Collect$$libshutdown$$00000002)
    .ARM.Collect$$libshutdown$$00000004      0x10000142   Section        0  libshutdown2.o(.ARM.Collect$$libshutdown$$00000004)
    .ARM.Collect$$libshutdown$$00000006      0x10000142   Section        0  libshutdown2.o(.ARM.Collect$$libshutdown$$00000006)
    .ARM.Collect$$libshutdown$$00000009      0x10000142   Section        0  libshutdown2.o(.ARM.Collect$$libshutdown$$00000009)
    .ARM.Collect$$libshutdown$$0000000C      0x10000142   Section        0  libshutdown2.o(.ARM.Collect$$libshutdown$$0000000C)
    .ARM.Collect$$libshutdown$$0000000E      0x10000142   Section        0  libshutdown2.o(.ARM.Collect$$libshutdown$$0000000E)
    .ARM.Collect$$libshutdown$$00000011      0x10000142   Section        0  libshutdown2.o(.ARM.Collect$$libshutdown$$00000011)
    .ARM.Collect$$libshutdown$$00000012      0x10000142   Section        2  libshutdown2.o(.ARM.Collect$$libshutdown$$00000012)
    .ARM.Collect$$rtentry$$00000000          0x10000144   Section        0  __rtentry.o(.ARM.Collect$$rtentry$$00000000)
    .ARM.Collect$$rtentry$$00000002          0x10000144   Section        0  __rtentry2.o(.ARM.Collect$$rtentry$$00000002)
    .ARM.Collect$$rtentry$$00000005          0x10000144   Section        4  __rtentry5.o(.ARM.Collect$$rtentry$$00000005)
    .ARM.Collect$$rtentry$$00000009          0x10000148   Section        0  __rtentry2.o(.ARM.Collect$$rtentry$$00000009)
    .ARM.Collect$$rtentry$$0000000A          0x10000148   Section        4  __rtentry2.o(.ARM.Collect$$rtentry$$0000000A)
    .ARM.Collect$$rtentry$$0000000C          0x1000014c   Section        0  __rtentry2.o(.ARM.Collect$$rtentry$$0000000C)
    .ARM.Collect$$rtentry$$0000000D          0x1000014c   Section        8  __rtentry2.o(.ARM.Collect$$rtentry$$0000000D)
    .ARM.Collect$$rtentry$$00002716          0x10000154   Section        4  __rtentry5.o(.ARM.Collect$$rtentry$$00002716)
    __lit__00000000                          0x10000154   Data           4  __rtentry5.o(.ARM.Collect$$rtentry$$00002716)
    .ARM.Collect$$rtexit$$00000000           0x10000158   Section        2  rtexit.o(.ARM.Collect$$rtexit$$00000000)
    .ARM.Collect$$rtexit$$00000002           0x1000015a   Section        0  rtexit2.o(.ARM.Collect$$rtexit$$00000002)
    .ARM.Collect$$rtexit$$00000003           0x1000015a   Section        4  rtexit2.o(.ARM.Collect$$rtexit$$00000003)
    .ARM.Collect$$rtexit$$00000004           0x1000015e   Section        6  rtexit2.o(.ARM.Collect$$rtexit$$00000004)
    .emb_text                                0x10000164   Section      120  port.o(.emb_text)
    .text                                    0x100001dc   Section       92  startup_pango_m1.o(.text)
    .text                                    0x10000238   Section      346  aeabi_sdiv.o(.text)
    .text                                    0x10000394   Section        0  daddsub.o(.text)
    _dadd1                                   0x10000395   Thumb Code   290  daddsub.o(.text)
    _dsub1                                   0x100004b7   Thumb Code   470  daddsub.o(.text)
    .text                                    0x100006ec   Section        0  dfixi.o(.text)
    .text                                    0x10000758   Section        0  dflti.o(.text)
    .text                                    0x100007b0   Section        0  dmul.o(.text)
    .text                                    0x100009f8   Section        0  exit.o(.text)
    .text                                    0x10000a08   Section        0  sys_exit.o(.text)
    .text                                    0x10000a14   Section        2  use_no_semi.o(.text)
    .text                                    0x10000a16   Section        0  indicate_semi.o(.text)
    i.CAN_Handler                            0x10000a16   Section        0  pango_m1_it.o(i.CAN_Handler)
    i.DTimer_Handler                         0x10000a18   Section        0  pango_m1_it.o(i.DTimer_Handler)
    i.Delay                                  0x10000a1a   Section        0  main.o(i.Delay)
    i.ENT_Handler                            0x10000a2c   Section        0  pango_m1_it.o(i.ENT_Handler)
    i.GPIO0_Handler                          0x10000a30   Section        0  main.o(i.GPIO0_Handler)
    i.GPIO_Init                              0x10000a5c   Section        0  pango_m1_gpio.o(i.GPIO_Init)
    i.GPIO_IntClear                          0x10000adc   Section        0  pango_m1_gpio.o(i.GPIO_IntClear)
    i.GpioInit                               0x10000ae4   Section        0  main.o(i.GpioInit)
    i.HardFault_Handler                      0x10000b1e   Section        0  pango_m1_it.o(i.HardFault_Handler)
    i.I2C_Handler                            0x10000b24   Section        0  main.o(i.I2C_Handler)
    i.NMI_Handler                            0x10000b4c   Section        0  main.o(i.NMI_Handler)
    i.RTC_Handler                            0x10000b50   Section        0  pango_m1_it.o(i.RTC_Handler)
    i.SPIInit0                               0x10000b52   Section        0  main.o(i.SPIInit0)
    i.SPI_CS_Disable                         0x10000b78   Section        0  pango_m1_spi.o(i.SPI_CS_Disable)
    i.SPI_CS_Enable                          0x10000b8c   Section        0  pango_m1_spi.o(i.SPI_CS_Enable)
    i.SPI_GetRcvStatus                       0x10000b9c   Section        0  pango_m1_spi.o(i.SPI_GetRcvStatus)
    i.SPI_GetTmtStatus                       0x10000bac   Section        0  pango_m1_spi.o(i.SPI_GetTmtStatus)
    i.SPI_Init                               0x10000bbc   Section        0  pango_m1_spi.o(i.SPI_Init)
    i.SPI_ReadByte                           0x10000bf4   Section        0  pango_spi_flash.o(i.SPI_ReadByte)
    i.SPI_ReadData                           0x10000c14   Section        0  pango_m1_spi.o(i.SPI_ReadData)
    i.SPI_SetRcvStatus                       0x10000c20   Section        0  pango_m1_spi.o(i.SPI_SetRcvStatus)
    i.SPI_WriteByte                          0x10000c34   Section        0  pango_spi_flash.o(i.SPI_WriteByte)
    i.SPI_WriteData                          0x10000c4c   Section        0  pango_m1_spi.o(i.SPI_WriteData)
    i.SVC_Handler                            0x10000c58   Section        0  port.o(i.SVC_Handler)
    i.SysTick_Handler                        0x10000c5c   Section        0  port.o(i.SysTick_Handler)
    i.SystemInit                             0x10000c80   Section        0  system_pango_m1.o(i.SystemInit)
    i.TIMER0_Handler                         0x10000cd4   Section        0  main.o(i.TIMER0_Handler)
    i.TIMER1_Handler                         0x10000cfc   Section        0  pango_m1_it.o(i.TIMER1_Handler)
    i.TIMER_ClearIRQ                         0x10000cfe   Section        0  pango_m1_timer.o(i.TIMER_ClearIRQ)
    i.TIMER_GetIRQStatus                     0x10000d04   Section        0  pango_m1_timer.o(i.TIMER_GetIRQStatus)
    i.TIMER_Init                             0x10000d0c   Section        0  pango_m1_timer.o(i.TIMER_Init)
    i.TRNG_Handler                           0x10000d62   Section        0  pango_m1_it.o(i.TRNG_Handler)
    i.TimerInit                              0x10000d64   Section        0  main.o(i.TimerInit)
    i.UART0_Handler                          0x10000d8c   Section        0  main.o(i.UART0_Handler)
    i.UART1_Handler                          0x10000db4   Section        0  pango_m1_it.o(i.UART1_Handler)
    i.UART_ClearRxIRQ                        0x10000db6   Section        0  pango_m1_uart.o(i.UART_ClearRxIRQ)
    i.UART_GetRxIRQStatus                    0x10000dbc   Section        0  pango_m1_uart.o(i.UART_GetRxIRQStatus)
    i.UART_Init                              0x10000dc8   Section        0  pango_m1_uart.o(i.UART_Init)
    i.UART_ReceiveChar                       0x10000e48   Section        0  pango_m1_uart.o(i.UART_ReceiveChar)
    i.UART_SendChar                          0x10000e5c   Section        0  pango_m1_uart.o(i.UART_SendChar)
    i.UartInit                               0x10000e6c   Section        0  main.o(i.UartInit)
    i.__NVIC_EnableIRQ                       0x10000ea4   Section        0  main.o(i.__NVIC_EnableIRQ)
    __NVIC_EnableIRQ                         0x10000ea5   Thumb Code    18  main.o(i.__NVIC_EnableIRQ)
    i.main                                   0x10000ebc   Section        0  main.o(i.main)
    i.print_dec                              0x10000f58   Section        0  pango_m1_printk.o(i.print_dec)
    i.print_flt                              0x10000f74   Section        0  pango_m1_printk.o(i.print_flt)
    i.print_hex2                             0x10000fc8   Section        0  pango_m1_printk.o(i.print_hex2)
    i.print_num                              0x10000fe4   Section        0  pango_m1_printk.o(i.print_num)
    i.print_str                              0x1000102c   Section        0  pango_m1_printk.o(i.print_str)
    i.printk                                 0x10001042   Section        0  pango_m1_printk.o(i.printk)
    i.prvResetNextTaskUnblockTime            0x10001134   Section        0  tasks.o(i.prvResetNextTaskUnblockTime)
    prvResetNextTaskUnblockTime              0x10001135   Thumb Code    46  tasks.o(i.prvResetNextTaskUnblockTime)
    i.put_char                               0x1000116c   Section        0  pango_m1_printk.o(i.put_char)
    i.uxListRemove                           0x10001188   Section        0  list.o(i.uxListRemove)
    i.vApplicationStackOverflowHook          0x100011b0   Section        0  main.o(i.vApplicationStackOverflowHook)
    i.vApplicationTickHook                   0x100011b2   Section        0  main.o(i.vApplicationTickHook)
    i.vListInsertEnd                         0x100011b4   Section        0  list.o(i.vListInsertEnd)
    i.vTaskSwitchContext                     0x100011cc   Section        0  tasks.o(i.vTaskSwitchContext)
    i.xTaskIncrementTick                     0x10001280   Section        0  tasks.o(i.xTaskIncrementTick)
    x$fpl$usenofp                            0x100013cc   Section        0  usenofp.o(x$fpl$usenofp)
    .data                                    0x30000000   Section        4  system_pango_m1.o(.data)
    .data                                    0x30000004   Section       60  tasks.o(.data)
    pxDelayedTaskList                        0x30000008   Data           4  tasks.o(.data)
    pxOverflowDelayedTaskList                0x3000000c   Data           4  tasks.o(.data)
    uxDeletedTasksWaitingCleanUp             0x30000010   Data           4  tasks.o(.data)
    uxCurrentNumberOfTasks                   0x30000014   Data           4  tasks.o(.data)
    xTickCount                               0x30000018   Data           4  tasks.o(.data)
    uxTopReadyPriority                       0x3000001c   Data           4  tasks.o(.data)
    xSchedulerRunning                        0x30000020   Data           4  tasks.o(.data)
    uxPendedTicks                            0x30000024   Data           4  tasks.o(.data)
    xYieldPending                            0x30000028   Data           4  tasks.o(.data)
    xNumOfOverflows                          0x3000002c   Data           4  tasks.o(.data)
    uxTaskNumber                             0x30000030   Data           4  tasks.o(.data)
    xNextTaskUnblockTime                     0x30000034   Data           4  tasks.o(.data)
    xIdleTaskHandle                          0x30000038   Data           4  tasks.o(.data)
    uxSchedulerSuspended                     0x3000003c   Data           4  tasks.o(.data)
    .data                                    0x30000040   Section       52  main.o(.data)
    led_cnt                                  0x3000006c   Data           4  main.o(.data)
    temp_cnt                                 0x30000070   Data           4  main.o(.data)
    .bss                                     0x30000074   Section      200  tasks.o(.bss)
    pxReadyTasksLists                        0x30000074   Data         100  tasks.o(.bss)
    xDelayedTaskList1                        0x300000d8   Data          20  tasks.o(.bss)
    xDelayedTaskList2                        0x300000ec   Data          20  tasks.o(.bss)
    xPendingReadyList                        0x30000100   Data          20  tasks.o(.bss)
    xTasksWaitingTermination                 0x30000114   Data          20  tasks.o(.bss)
    xSuspendedTaskList                       0x30000128   Data          20  tasks.o(.bss)
    STACK                                    0x30000140   Section      256  startup_pango_m1.o(STACK)

    Global Symbols

    Symbol Name                              Value     Ov Type        Size  Object(Section)

    BuildAttributes$$THM_ISAv3M$S$PE$A:L22$X:L11$S22$IEEE1$IW$USESV6$~STKCKD$USESV7$~SHL$OSPACE$ROPI$EBA8$UX$STANDARDLIB$REQ8$PRES8$EABIv2 0x00000000   Number         0  anon$$obj.o ABSOLUTE
    __ARM_use_no_argv                        0x00000000   Number         0  main.o ABSOLUTE
    Image$$ZI$$Limit                          - Undefined Weak Reference
    __ARM_exceptions_init                     - Undefined Weak Reference
    __alloca_initialize                       - Undefined Weak Reference
    __arm_fini_                               - Undefined Weak Reference
    __arm_preinit_                            - Undefined Weak Reference
    __cpp_initialize__aeabi_                  - Undefined Weak Reference
    __cxa_finalize                            - Undefined Weak Reference
    __rt_locale                               - Undefined Weak Reference
    __sigvec_lookup                           - Undefined Weak Reference
    _atexit_init                              - Undefined Weak Reference
    _call_atexit_fns                          - Undefined Weak Reference
    _clock_init                               - Undefined Weak Reference
    _fp_trap_init                             - Undefined Weak Reference
    _fp_trap_shutdown                         - Undefined Weak Reference
    _get_lc_collate                           - Undefined Weak Reference
    _get_lc_ctype                             - Undefined Weak Reference
    _get_lc_monetary                          - Undefined Weak Reference
    _get_lc_numeric                           - Undefined Weak Reference
    _get_lc_time                              - Undefined Weak Reference
    _getenv_init                              - Undefined Weak Reference
    _handle_redirection                       - Undefined Weak Reference
    _init_alloc                               - Undefined Weak Reference
    _init_user_alloc                          - Undefined Weak Reference
    _initio                                   - Undefined Weak Reference
    _rand_init                                - Undefined Weak Reference
    _signal_finish                            - Undefined Weak Reference
    _signal_init                              - Undefined Weak Reference
    _terminate_alloc                          - Undefined Weak Reference
    _terminate_user_alloc                     - Undefined Weak Reference
    _terminateio                              - Undefined Weak Reference
    __Vectors_Size                           0x000000c0   Number         0  startup_pango_m1.o ABSOLUTE
    __Vectors                                0x10000000   Data           4  startup_pango_m1.o(RESET)
    __Vectors_End                            0x100000c0   Data           0  startup_pango_m1.o(RESET)
    __main                                   0x100000c1   Thumb Code     8  __main.o(!!!main)
    __scatterload                            0x100000c9   Thumb Code     0  __scatter.o(!!!scatter)
    __scatterload_rt2                        0x100000c9   Thumb Code    52  __scatter.o(!!!scatter)
    __scatterload_rt2_thumb_only             0x100000c9   Thumb Code     0  __scatter.o(!!!scatter)
    __scatterload_null                       0x100000d9   Thumb Code     0  __scatter.o(!!!scatter)
    __scatterload_copy                       0x10000105   Thumb Code    26  __scatter_copy.o(!!handler_copy)
    __scatterload_zeroinit                   0x10000121   Thumb Code    28  __scatter_zi.o(!!handler_zi)
    __rt_lib_init                            0x1000013d   Thumb Code     0  libinit.o(.ARM.Collect$$libinit$$00000000)
    __rt_lib_init_alloca_1                   0x1000013f   Thumb Code     0  libinit2.o(.ARM.Collect$$libinit$$0000002E)
    __rt_lib_init_argv_1                     0x1000013f   Thumb Code     0  libinit2.o(.ARM.Collect$$libinit$$0000002C)
    __rt_lib_init_atexit_1                   0x1000013f   Thumb Code     0  libinit2.o(.ARM.Collect$$libinit$$0000001B)
    __rt_lib_init_clock_1                    0x1000013f   Thumb Code     0  libinit2.o(.ARM.Collect$$libinit$$00000021)
    __rt_lib_init_cpp_1                      0x1000013f   Thumb Code     0  libinit2.o(.ARM.Collect$$libinit$$00000032)
    __rt_lib_init_exceptions_1               0x1000013f   Thumb Code     0  libinit2.o(.ARM.Collect$$libinit$$00000030)
    __rt_lib_init_fp_1                       0x1000013f   Thumb Code     0  libinit2.o(.ARM.Collect$$libinit$$00000002)
    __rt_lib_init_fp_trap_1                  0x1000013f   Thumb Code     0  libinit2.o(.ARM.Collect$$libinit$$0000001F)
    __rt_lib_init_getenv_1                   0x1000013f   Thumb Code     0  libinit2.o(.ARM.Collect$$libinit$$00000023)
    __rt_lib_init_heap_1                     0x1000013f   Thumb Code     0  libinit2.o(.ARM.Collect$$libinit$$0000000A)
    __rt_lib_init_lc_collate_1               0x1000013f   Thumb Code     0  libinit2.o(.ARM.Collect$$libinit$$00000011)
    __rt_lib_init_lc_ctype_1                 0x1000013f   Thumb Code     0  libinit2.o(.ARM.Collect$$libinit$$00000013)
    __rt_lib_init_lc_monetary_1              0x1000013f   Thumb Code     0  libinit2.o(.ARM.Collect$$libinit$$00000015)
    __rt_lib_init_lc_numeric_1               0x1000013f   Thumb Code     0  libinit2.o(.ARM.Collect$$libinit$$00000017)
    __rt_lib_init_lc_time_1                  0x1000013f   Thumb Code     0  libinit2.o(.ARM.Collect$$libinit$$00000019)
    __rt_lib_init_preinit_1                  0x1000013f   Thumb Code     0  libinit2.o(.ARM.Collect$$libinit$$00000004)
    __rt_lib_init_rand_1                     0x1000013f   Thumb Code     0  libinit2.o(.ARM.Collect$$libinit$$0000000E)
    __rt_lib_init_return                     0x1000013f   Thumb Code     0  libinit2.o(.ARM.Collect$$libinit$$00000033)
    __rt_lib_init_signal_1                   0x1000013f   Thumb Code     0  libinit2.o(.ARM.Collect$$libinit$$0000001D)
    __rt_lib_init_stdio_1                    0x1000013f   Thumb Code     0  libinit2.o(.ARM.Collect$$libinit$$00000025)
    __rt_lib_init_user_alloc_1               0x1000013f   Thumb Code     0  libinit2.o(.ARM.Collect$$libinit$$0000000C)
    __rt_lib_shutdown                        0x10000141   Thumb Code     0  libshutdown.o(.ARM.Collect$$libshutdown$$00000000)
    __rt_lib_shutdown_cpp_1                  0x10000143   Thumb Code     0  libshutdown2.o(.ARM.Collect$$libshutdown$$00000004)
    __rt_lib_shutdown_fini_1                 0x10000143   Thumb Code     0  libshutdown2.o(.ARM.Collect$$libshutdown$$00000002)
    __rt_lib_shutdown_fp_trap_1              0x10000143   Thumb Code     0  libshutdown2.o(.ARM.Collect$$libshutdown$$00000009)
    __rt_lib_shutdown_heap_1                 0x10000143   Thumb Code     0  libshutdown2.o(.ARM.Collect$$libshutdown$$00000011)
    __rt_lib_shutdown_return                 0x10000143   Thumb Code     0  libshutdown2.o(.ARM.Collect$$libshutdown$$00000012)
    __rt_lib_shutdown_signal_1               0x10000143   Thumb Code     0  libshutdown2.o(.ARM.Collect$$libshutdown$$0000000C)
    __rt_lib_shutdown_stdio_1                0x10000143   Thumb Code     0  libshutdown2.o(.ARM.Collect$$libshutdown$$00000006)
    __rt_lib_shutdown_user_alloc_1           0x10000143   Thumb Code     0  libshutdown2.o(.ARM.Collect$$libshutdown$$0000000E)
    __rt_entry                               0x10000145   Thumb Code     0  __rtentry.o(.ARM.Collect$$rtentry$$00000000)
    __rt_entry_presh_1                       0x10000145   Thumb Code     0  __rtentry2.o(.ARM.Collect$$rtentry$$00000002)
    __rt_entry_sh                            0x10000145   Thumb Code     0  __rtentry5.o(.ARM.Collect$$rtentry$$00000005)
    __rt_entry_li                            0x10000149   Thumb Code     0  __rtentry2.o(.ARM.Collect$$rtentry$$0000000A)
    __rt_entry_postsh_1                      0x10000149   Thumb Code     0  __rtentry2.o(.ARM.Collect$$rtentry$$00000009)
    __rt_entry_main                          0x1000014d   Thumb Code     0  __rtentry2.o(.ARM.Collect$$rtentry$$0000000D)
    __rt_entry_postli_1                      0x1000014d   Thumb Code     0  __rtentry2.o(.ARM.Collect$$rtentry$$0000000C)
    __rt_exit                                0x10000159   Thumb Code     0  rtexit.o(.ARM.Collect$$rtexit$$00000000)
    __rt_exit_ls                             0x1000015b   Thumb Code     0  rtexit2.o(.ARM.Collect$$rtexit$$00000003)
    __rt_exit_prels_1                        0x1000015b   Thumb Code     0  rtexit2.o(.ARM.Collect$$rtexit$$00000002)
    __rt_exit_exit                           0x1000015f   Thumb Code     0  rtexit2.o(.ARM.Collect$$rtexit$$00000004)
    __asm___6_port_c_39a90d8d__prvPortStartFirstTask 0x10000165   Thumb Code    36  port.o(.emb_text)
    ulSetInterruptMaskFromISR                0x1000018d   Thumb Code     8  port.o(.emb_text)
    vClearInterruptMaskFromISR               0x10000195   Thumb Code     6  port.o(.emb_text)
    PendSV_Handler                           0x1000019b   Thumb Code    62  port.o(.emb_text)
    Reset_Handler                            0x100001dd   Thumb Code     8  startup_pango_m1.o(.text)
    UARTOVF_Handler                          0x100001f9   Thumb Code     2  startup_pango_m1.o(.text)
    Interrupt10_Handler                      0x10000203   Thumb Code     2  startup_pango_m1.o(.text)
    Interrupt13_Handler                      0x10000209   Thumb Code     2  startup_pango_m1.o(.text)
    Interrupt14_Handler                      0x1000020b   Thumb Code     2  startup_pango_m1.o(.text)
    Interrupt15_Handler                      0x1000020d   Thumb Code     2  startup_pango_m1.o(.text)
    Interrupt16_Handler                      0x1000020f   Thumb Code     2  startup_pango_m1.o(.text)
    Interrupt17_Handler                      0x10000211   Thumb Code     2  startup_pango_m1.o(.text)
    Interrupt18_Handler                      0x10000213   Thumb Code     2  startup_pango_m1.o(.text)
    Interrupt19_Handler                      0x10000215   Thumb Code     2  startup_pango_m1.o(.text)
    Interrupt20_Handler                      0x10000217   Thumb Code     2  startup_pango_m1.o(.text)
    Interrupt21_Handler                      0x10000219   Thumb Code     2  startup_pango_m1.o(.text)
    Interrupt22_Handler                      0x1000021b   Thumb Code     2  startup_pango_m1.o(.text)
    Interrupt23_Handler                      0x1000021d   Thumb Code     2  startup_pango_m1.o(.text)
    Interrupt24_Handler                      0x1000021f   Thumb Code     2  startup_pango_m1.o(.text)
    Interrupt25_Handler                      0x10000221   Thumb Code     2  startup_pango_m1.o(.text)
    Interrupt26_Handler                      0x10000223   Thumb Code     2  startup_pango_m1.o(.text)
    Interrupt27_Handler                      0x10000225   Thumb Code     2  startup_pango_m1.o(.text)
    Interrupt28_Handler                      0x10000227   Thumb Code     2  startup_pango_m1.o(.text)
    Interrupt29_Handler                      0x10000229   Thumb Code     2  startup_pango_m1.o(.text)
    Interrupt30_Handler                      0x1000022b   Thumb Code     2  startup_pango_m1.o(.text)
    Interrupt31_Handler                      0x1000022d   Thumb Code     2  startup_pango_m1.o(.text)
    __aeabi_uidiv                            0x10000239   Thumb Code     0  aeabi_sdiv.o(.text)
    __aeabi_uidivmod                         0x10000239   Thumb Code    20  aeabi_sdiv.o(.text)
    __aeabi_idiv                             0x1000024d   Thumb Code     0  aeabi_sdiv.o(.text)
    __aeabi_idivmod                          0x1000024d   Thumb Code   326  aeabi_sdiv.o(.text)
    __aeabi_dadd                             0x1000068d   Thumb Code     0  daddsub.o(.text)
    _dadd                                    0x1000068d   Thumb Code    26  daddsub.o(.text)
    __aeabi_dsub                             0x100006a7   Thumb Code     0  daddsub.o(.text)
    _dsub                                    0x100006a7   Thumb Code    22  daddsub.o(.text)
    __aeabi_drsub                            0x100006bd   Thumb Code     0  daddsub.o(.text)
    _drsb                                    0x100006bd   Thumb Code    28  daddsub.o(.text)
    __aeabi_d2iz                             0x100006ed   Thumb Code     0  dfixi.o(.text)
    _dfix                                    0x100006ed   Thumb Code    98  dfixi.o(.text)
    __aeabi_i2d_normalise                    0x10000759   Thumb Code    66  dflti.o(.text)
    __aeabi_i2d                              0x1000079b   Thumb Code    16  dflti.o(.text)
    _dflt                                    0x1000079b   Thumb Code     0  dflti.o(.text)
    __aeabi_ui2d                             0x100007ab   Thumb Code     6  dflti.o(.text)
    _dfltu                                   0x100007ab   Thumb Code     0  dflti.o(.text)
    __aeabi_dmul                             0x100007b1   Thumb Code     0  dmul.o(.text)
    _dmul                                    0x100007b1   Thumb Code   558  dmul.o(.text)
    exit                                     0x100009f9   Thumb Code    16  exit.o(.text)
    _sys_exit                                0x10000a09   Thumb Code     8  sys_exit.o(.text)
    __I$use$semihosting                      0x10000a15   Thumb Code     0  use_no_semi.o(.text)
    __use_no_semihosting_swi                 0x10000a15   Thumb Code     2  use_no_semi.o(.text)
    CAN_Handler                              0x10000a17   Thumb Code     2  pango_m1_it.o(i.CAN_Handler)
    __semihosting_library_function           0x10000a17   Thumb Code     0  indicate_semi.o(.text)
    DTimer_Handler                           0x10000a19   Thumb Code     2  pango_m1_it.o(i.DTimer_Handler)
    Delay                                    0x10000a1b   Thumb Code    18  main.o(i.Delay)
    ENT_Handler                              0x10000a2d   Thumb Code     2  pango_m1_it.o(i.ENT_Handler)
    GPIO0_Handler                            0x10000a31   Thumb Code    18  main.o(i.GPIO0_Handler)
    GPIO_Init                                0x10000a5d   Thumb Code   128  pango_m1_gpio.o(i.GPIO_Init)
    GPIO_IntClear                            0x10000add   Thumb Code     8  pango_m1_gpio.o(i.GPIO_IntClear)
    GpioInit                                 0x10000ae5   Thumb Code    58  main.o(i.GpioInit)
    HardFault_Handler                        0x10000b1f   Thumb Code     4  pango_m1_it.o(i.HardFault_Handler)
    I2C_Handler                              0x10000b25   Thumb Code    32  main.o(i.I2C_Handler)
    NMI_Handler                              0x10000b4d   Thumb Code     4  main.o(i.NMI_Handler)
    RTC_Handler                              0x10000b51   Thumb Code     2  pango_m1_it.o(i.RTC_Handler)
    SPIInit0                                 0x10000b53   Thumb Code    38  main.o(i.SPIInit0)
    SPI_CS_Disable                           0x10000b79   Thumb Code    16  pango_m1_spi.o(i.SPI_CS_Disable)
    SPI_CS_Enable                            0x10000b8d   Thumb Code    12  pango_m1_spi.o(i.SPI_CS_Enable)
    SPI_GetRcvStatus                         0x10000b9d   Thumb Code    12  pango_m1_spi.o(i.SPI_GetRcvStatus)
    SPI_GetTmtStatus                         0x10000bad   Thumb Code    12  pango_m1_spi.o(i.SPI_GetTmtStatus)
    SPI_Init                                 0x10000bbd   Thumb Code    50  pango_m1_spi.o(i.SPI_Init)
    SPI_ReadByte                             0x10000bf5   Thumb Code    32  pango_spi_flash.o(i.SPI_ReadByte)
    SPI_ReadData                             0x10000c15   Thumb Code     8  pango_m1_spi.o(i.SPI_ReadData)
    SPI_SetRcvStatus                         0x10000c21   Thumb Code    14  pango_m1_spi.o(i.SPI_SetRcvStatus)
    SPI_WriteByte                            0x10000c35   Thumb Code    22  pango_spi_flash.o(i.SPI_WriteByte)
    SPI_WriteData                            0x10000c4d   Thumb Code     6  pango_m1_spi.o(i.SPI_WriteData)
    SVC_Handler                              0x10000c59   Thumb Code     2  port.o(i.SVC_Handler)
    SysTick_Handler                          0x10000c5d   Thumb Code    32  port.o(i.SysTick_Handler)
    SystemInit                               0x10000c81   Thumb Code    76  system_pango_m1.o(i.SystemInit)
    TIMER0_Handler                           0x10000cd5   Thumb Code    34  main.o(i.TIMER0_Handler)
    TIMER1_Handler                           0x10000cfd   Thumb Code     2  pango_m1_it.o(i.TIMER1_Handler)
    TIMER_ClearIRQ                           0x10000cff   Thumb Code     6  pango_m1_timer.o(i.TIMER_ClearIRQ)
    TIMER_GetIRQStatus                       0x10000d05   Thumb Code     8  pango_m1_timer.o(i.TIMER_GetIRQStatus)
    TIMER_Init                               0x10000d0d   Thumb Code    86  pango_m1_timer.o(i.TIMER_Init)
    TRNG_Handler                             0x10000d63   Thumb Code     2  pango_m1_it.o(i.TRNG_Handler)
    TimerInit                                0x10000d65   Thumb Code    36  main.o(i.TimerInit)
    UART0_Handler                            0x10000d8d   Thumb Code    36  main.o(i.UART0_Handler)
    UART1_Handler                            0x10000db5   Thumb Code     2  pango_m1_it.o(i.UART1_Handler)
    UART_ClearRxIRQ                          0x10000db7   Thumb Code     6  pango_m1_uart.o(i.UART_ClearRxIRQ)
    UART_GetRxIRQStatus                      0x10000dbd   Thumb Code    12  pango_m1_uart.o(i.UART_GetRxIRQStatus)
    UART_Init                                0x10000dc9   Thumb Code   124  pango_m1_uart.o(i.UART_Init)
    UART_ReceiveChar                         0x10000e49   Thumb Code    20  pango_m1_uart.o(i.UART_ReceiveChar)
    UART_SendChar                            0x10000e5d   Thumb Code    16  pango_m1_uart.o(i.UART_SendChar)
    UartInit                                 0x10000e6d   Thumb Code    52  main.o(i.UartInit)
    main                                     0x10000ebd   Thumb Code   132  main.o(i.main)
    print_dec                                0x10000f59   Thumb Code    28  pango_m1_printk.o(i.print_dec)
    print_flt                                0x10000f75   Thumb Code    80  pango_m1_printk.o(i.print_flt)
    print_hex2                               0x10000fc9   Thumb Code    28  pango_m1_printk.o(i.print_hex2)
    print_num                                0x10000fe5   Thumb Code    50  pango_m1_printk.o(i.print_num)
    print_str                                0x1000102d   Thumb Code    22  pango_m1_printk.o(i.print_str)
    printk                                   0x10001043   Thumb Code   242  pango_m1_printk.o(i.printk)
    put_char                                 0x1000116d   Thumb Code    24  pango_m1_printk.o(i.put_char)
    uxListRemove                             0x10001189   Thumb Code    40  list.o(i.uxListRemove)
    vApplicationStackOverflowHook            0x100011b1   Thumb Code     2  main.o(i.vApplicationStackOverflowHook)
    vApplicationTickHook                     0x100011b3   Thumb Code     2  main.o(i.vApplicationTickHook)
    vListInsertEnd                           0x100011b5   Thumb Code    24  list.o(i.vListInsertEnd)
    vTaskSwitchContext                       0x100011cd   Thumb Code   156  tasks.o(i.vTaskSwitchContext)
    xTaskIncrementTick                       0x10001281   Thumb Code   286  tasks.o(i.xTaskIncrementTick)
    Region$$Table$$Base                      0x100013cc   Number         0  anon$$obj.o(Region$$Table)
    __I$use$fp                               0x100013cc   Number         0  usenofp.o(x$fpl$usenofp)
    Region$$Table$$Limit                     0x100013ec   Number         0  anon$$obj.o(Region$$Table)
    SystemCoreClock                          0x30000000   Data           4  system_pango_m1.o(.data)
    pxCurrentTCB                             0x30000004   Data           4  tasks.o(.data)
    Outburst_Len                             0x30000040   Data           1  main.o(.data)
    temp_state                               0x30000044   Data           4  main.o(.data)
    data_len                                 0x30000048   Data           4  main.o(.data)
    key_flag                                 0x3000004c   Data           1  main.o(.data)
    timer_counter                            0x30000050   Data           4  main.o(.data)
    wdg_counter                              0x30000054   Data           4  main.o(.data)
    wdg_value                                0x30000058   Data           4  main.o(.data)
    key_temp_cnt                             0x3000005c   Data           4  main.o(.data)
    iic_irq_cnt                              0x30000060   Data           2  main.o(.data)
    SoftTmr                                  0x30000064   Data           4  main.o(.data)
    Queue1                                   0x30000068   Data           4  main.o(.data)
    __stack_limit                            0x30000140   Data           0  startup_pango_m1.o(STACK)
    __initial_sp                             0x30000240   Data           0  startup_pango_m1.o(STACK)



==============================================================================

Memory Map of the image

  Image Entry point : 0x100000c1

  Load Region LR_IROM1 (Base: 0x10000000, Size: 0x00001460, Max: 0x00008000, ABSOLUTE)

    Execution Region ER_IROM1 (Exec base: 0x10000000, Load base: 0x10000000, Size: 0x000013ec, Max: 0x00008000, ABSOLUTE)

    Exec Addr    Load Addr    Size         Type   Attr      Idx    E Section Name        Object

    0x10000000   0x10000000   0x000000c0   Data   RO            3    RESET               startup_pango_m1.o
    0x100000c0   0x100000c0   0x00000008   Code   RO         2336  * !!!main             c_p.l(__main.o)
    0x100000c8   0x100000c8   0x0000003c   Code   RO         2529    !!!scatter          c_p.l(__scatter.o)
    0x10000104   0x10000104   0x0000001a   Code   RO         2531    !!handler_copy      c_p.l(__scatter_copy.o)
    0x1000011e   0x1000011e   0x00000002   PAD
    0x10000120   0x10000120   0x0000001c   Code   RO         2533    !!handler_zi        c_p.l(__scatter_zi.o)
    0x1000013c   0x1000013c   0x00000002   Code   RO         2390    .ARM.Collect$$libinit$$00000000  c_p.l(libinit.o)
    0x1000013e   0x1000013e   0x00000000   Code   RO         2406    .ARM.Collect$$libinit$$00000002  c_p.l(libinit2.o)
    0x1000013e   0x1000013e   0x00000000   Code   RO         2408    .ARM.Collect$$libinit$$00000004  c_p.l(libinit2.o)
    0x1000013e   0x1000013e   0x00000000   Code   RO         2411    .ARM.Collect$$libinit$$0000000A  c_p.l(libinit2.o)
    0x1000013e   0x1000013e   0x00000000   Code   RO         2413    .ARM.Collect$$libinit$$0000000C  c_p.l(libinit2.o)
    0x1000013e   0x1000013e   0x00000000   Code   RO         2415    .ARM.Collect$$libinit$$0000000E  c_p.l(libinit2.o)
    0x1000013e   0x1000013e   0x00000000   Code   RO         2418    .ARM.Collect$$libinit$$00000011  c_p.l(libinit2.o)
    0x1000013e   0x1000013e   0x00000000   Code   RO         2420    .ARM.Collect$$libinit$$00000013  c_p.l(libinit2.o)
    0x1000013e   0x1000013e   0x00000000   Code   RO         2422    .ARM.Collect$$libinit$$00000015  c_p.l(libinit2.o)
    0x1000013e   0x1000013e   0x00000000   Code   RO         2424    .ARM.Collect$$libinit$$00000017  c_p.l(libinit2.o)
    0x1000013e   0x1000013e   0x00000000   Code   RO         2426    .ARM.Collect$$libinit$$00000019  c_p.l(libinit2.o)
    0x1000013e   0x1000013e   0x00000000   Code   RO         2428    .ARM.Collect$$libinit$$0000001B  c_p.l(libinit2.o)
    0x1000013e   0x1000013e   0x00000000   Code   RO         2430    .ARM.Collect$$libinit$$0000001D  c_p.l(libinit2.o)
    0x1000013e   0x1000013e   0x00000000   Code   RO         2432    .ARM.Collect$$libinit$$0000001F  c_p.l(libinit2.o)
    0x1000013e   0x1000013e   0x00000000   Code   RO         2434    .ARM.Collect$$libinit$$00000021  c_p.l(libinit2.o)
    0x1000013e   0x1000013e   0x00000000   Code   RO         2436    .ARM.Collect$$libinit$$00000023  c_p.l(libinit2.o)
    0x1000013e   0x1000013e   0x00000000   Code   RO         2438    .ARM.Collect$$libinit$$00000025  c_p.l(libinit2.o)
    0x1000013e   0x1000013e   0x00000000   Code   RO         2442    .ARM.Collect$$libinit$$0000002C  c_p.l(libinit2.o)
    0x1000013e   0x1000013e   0x00000000   Code   RO         2444    .ARM.Collect$$libinit$$0000002E  c_p.l(libinit2.o)
    0x1000013e   0x1000013e   0x00000000   Code   RO         2446    .ARM.Collect$$libinit$$00000030  c_p.l(libinit2.o)
    0x1000013e   0x1000013e   0x00000000   Code   RO         2448    .ARM.Collect$$libinit$$00000032  c_p.l(libinit2.o)
    0x1000013e   0x1000013e   0x00000002   Code   RO         2449    .ARM.Collect$$libinit$$00000033  c_p.l(libinit2.o)
    0x10000140   0x10000140   0x00000002   Code   RO         2484    .ARM.Collect$$libshutdown$$00000000  c_p.l(libshutdown.o)
    0x10000142   0x10000142   0x00000000   Code   RO         2510    .ARM.Collect$$libshutdown$$00000002  c_p.l(libshutdown2.o)
    0x10000142   0x10000142   0x00000000   Code   RO         2512    .ARM.Collect$$libshutdown$$00000004  c_p.l(libshutdown2.o)
    0x10000142   0x10000142   0x00000000   Code   RO         2514    .ARM.Collect$$libshutdown$$00000006  c_p.l(libshutdown2.o)
    0x10000142   0x10000142   0x00000000   Code   RO         2517    .ARM.Collect$$libshutdown$$00000009  c_p.l(libshutdown2.o)
    0x10000142   0x10000142   0x00000000   Code   RO         2520    .ARM.Collect$$libshutdown$$0000000C  c_p.l(libshutdown2.o)
    0x10000142   0x10000142   0x00000000   Code   RO         2522    .ARM.Collect$$libshutdown$$0000000E  c_p.l(libshutdown2.o)
    0x10000142   0x10000142   0x00000000   Code   RO         2525    .ARM.Collect$$libshutdown$$00000011  c_p.l(libshutdown2.o)
    0x10000142   0x10000142   0x00000002   Code   RO         2526    .ARM.Collect$$libshutdown$$00000012  c_p.l(libshutdown2.o)
    0x10000144   0x10000144   0x00000000   Code   RO         2346    .ARM.Collect$$rtentry$$00000000  c_p.l(__rtentry.o)
    0x10000144   0x10000144   0x00000000   Code   RO         2355    .ARM.Collect$$rtentry$$00000002  c_p.l(__rtentry2.o)
    0x10000144   0x10000144   0x00000004   Code   RO         2369    .ARM.Collect$$rtentry$$00000005  c_p.l(__rtentry5.o)
    0x10000148   0x10000148   0x00000000   Code   RO         2357    .ARM.Collect$$rtentry$$00000009  c_p.l(__rtentry2.o)
    0x10000148   0x10000148   0x00000004   Code   RO         2358    .ARM.Collect$$rtentry$$0000000A  c_p.l(__rtentry2.o)
    0x1000014c   0x1000014c   0x00000000   Code   RO         2360    .ARM.Collect$$rtentry$$0000000C  c_p.l(__rtentry2.o)
    0x1000014c   0x1000014c   0x00000008   Code   RO         2361    .ARM.Collect$$rtentry$$0000000D  c_p.l(__rtentry2.o)
    0x10000154   0x10000154   0x00000004   Code   RO         2370    .ARM.Collect$$rtentry$$00002716  c_p.l(__rtentry5.o)
    0x10000158   0x10000158   0x00000002   Code   RO         2397    .ARM.Collect$$rtexit$$00000000  c_p.l(rtexit.o)
    0x1000015a   0x1000015a   0x00000000   Code   RO         2460    .ARM.Collect$$rtexit$$00000002  c_p.l(rtexit2.o)
    0x1000015a   0x1000015a   0x00000004   Code   RO         2461    .ARM.Collect$$rtexit$$00000003  c_p.l(rtexit2.o)
    0x1000015e   0x1000015e   0x00000006   Code   RO         2462    .ARM.Collect$$rtexit$$00000004  c_p.l(rtexit2.o)
    0x10000164   0x10000164   0x00000078   Code   RO         1754    .emb_text           port.o
    0x100001dc   0x100001dc   0x0000005c   Code   RO            4    .text               startup_pango_m1.o
    0x10000238   0x10000238   0x0000015a   Code   RO         2332    .text               c_p.l(aeabi_sdiv.o)
    0x10000392   0x10000392   0x00000002   PAD
    0x10000394   0x10000394   0x00000358   Code   RO         2338    .text               fz_ps.l(daddsub.o)
    0x100006ec   0x100006ec   0x0000006c   Code   RO         2340    .text               fz_ps.l(dfixi.o)
    0x10000758   0x10000758   0x00000058   Code   RO         2342    .text               fz_ps.l(dflti.o)
    0x100007b0   0x100007b0   0x00000248   Code   RO         2344    .text               fz_ps.l(dmul.o)
    0x100009f8   0x100009f8   0x00000010   Code   RO         2379    .text               c_p.l(exit.o)
    0x10000a08   0x10000a08   0x0000000c   Code   RO         2454    .text               c_p.l(sys_exit.o)
    0x10000a14   0x10000a14   0x00000002   Code   RO         2456    .text               c_p.l(use_no_semi.o)
    0x10000a16   0x10000a16   0x00000000   Code   RO         2458    .text               c_p.l(indicate_semi.o)
    0x10000a16   0x10000a16   0x00000002   Code   RO         2062    i.CAN_Handler       pango_m1_it.o
    0x10000a18   0x10000a18   0x00000002   Code   RO         2063    i.DTimer_Handler    pango_m1_it.o
    0x10000a1a   0x10000a1a   0x00000012   Code   RO         1875    i.Delay             main.o
    0x10000a2c   0x10000a2c   0x00000002   Code   RO         2064    i.ENT_Handler       pango_m1_it.o
    0x10000a2e   0x10000a2e   0x00000002   PAD
    0x10000a30   0x10000a30   0x0000002c   Code   RO         1876    i.GPIO0_Handler     main.o
    0x10000a5c   0x10000a5c   0x00000080   Code   RO          121    i.GPIO_Init         pango_m1_gpio.o
    0x10000adc   0x10000adc   0x00000008   Code   RO          122    i.GPIO_IntClear     pango_m1_gpio.o
    0x10000ae4   0x10000ae4   0x0000003a   Code   RO         1877    i.GpioInit          main.o
    0x10000b1e   0x10000b1e   0x00000004   Code   RO         2065    i.HardFault_Handler  pango_m1_it.o
    0x10000b22   0x10000b22   0x00000002   PAD
    0x10000b24   0x10000b24   0x00000028   Code   RO         1879    i.I2C_Handler       main.o
    0x10000b4c   0x10000b4c   0x00000004   Code   RO         1881    i.NMI_Handler       main.o
    0x10000b50   0x10000b50   0x00000002   Code   RO         2066    i.RTC_Handler       pango_m1_it.o
    0x10000b52   0x10000b52   0x00000026   Code   RO         1882    i.SPIInit0          main.o
    0x10000b78   0x10000b78   0x00000014   Code   RO          253    i.SPI_CS_Disable    pango_m1_spi.o
    0x10000b8c   0x10000b8c   0x00000010   Code   RO          254    i.SPI_CS_Enable     pango_m1_spi.o
    0x10000b9c   0x10000b9c   0x00000010   Code   RO          264    i.SPI_GetRcvStatus  pango_m1_spi.o
    0x10000bac   0x10000bac   0x00000010   Code   RO          267    i.SPI_GetTmtStatus  pango_m1_spi.o
    0x10000bbc   0x10000bbc   0x00000038   Code   RO          270    i.SPI_Init          pango_m1_spi.o
    0x10000bf4   0x10000bf4   0x00000020   Code   RO         2150    i.SPI_ReadByte      pango_spi_flash.o
    0x10000c14   0x10000c14   0x0000000c   Code   RO          271    i.SPI_ReadData      pango_m1_spi.o
    0x10000c20   0x10000c20   0x00000014   Code   RO          277    i.SPI_SetRcvStatus  pango_m1_spi.o
    0x10000c34   0x10000c34   0x00000016   Code   RO         2151    i.SPI_WriteByte     pango_spi_flash.o
    0x10000c4a   0x10000c4a   0x00000002   PAD
    0x10000c4c   0x10000c4c   0x0000000c   Code   RO          278    i.SPI_WriteData     pango_m1_spi.o
    0x10000c58   0x10000c58   0x00000002   Code   RO         1755    i.SVC_Handler       port.o
    0x10000c5a   0x10000c5a   0x00000002   PAD
    0x10000c5c   0x10000c5c   0x00000024   Code   RO         1756    i.SysTick_Handler   port.o
    0x10000c80   0x10000c80   0x00000054   Code   RO           13    i.SystemInit        system_pango_m1.o
    0x10000cd4   0x10000cd4   0x00000028   Code   RO         1886    i.TIMER0_Handler    main.o
    0x10000cfc   0x10000cfc   0x00000002   Code   RO         2067    i.TIMER1_Handler    pango_m1_it.o
    0x10000cfe   0x10000cfe   0x00000006   Code   RO          423    i.TIMER_ClearIRQ    pango_m1_timer.o
    0x10000d04   0x10000d04   0x00000008   Code   RO          426    i.TIMER_GetIRQStatus  pango_m1_timer.o
    0x10000d0c   0x10000d0c   0x00000056   Code   RO          429    i.TIMER_Init        pango_m1_timer.o
    0x10000d62   0x10000d62   0x00000002   Code   RO         2068    i.TRNG_Handler      pango_m1_it.o
    0x10000d64   0x10000d64   0x00000028   Code   RO         1887    i.TimerInit         main.o
    0x10000d8c   0x10000d8c   0x00000028   Code   RO         1888    i.UART0_Handler     main.o
    0x10000db4   0x10000db4   0x00000002   Code   RO         2069    i.UART1_Handler     pango_m1_it.o
    0x10000db6   0x10000db6   0x00000006   Code   RO          516    i.UART_ClearRxIRQ   pango_m1_uart.o
    0x10000dbc   0x10000dbc   0x0000000c   Code   RO          525    i.UART_GetRxIRQStatus  pango_m1_uart.o
    0x10000dc8   0x10000dc8   0x00000080   Code   RO          531    i.UART_Init         pango_m1_uart.o
    0x10000e48   0x10000e48   0x00000014   Code   RO          532    i.UART_ReceiveChar  pango_m1_uart.o
    0x10000e5c   0x10000e5c   0x00000010   Code   RO          533    i.UART_SendChar     pango_m1_uart.o
    0x10000e6c   0x10000e6c   0x00000038   Code   RO         1889    i.UartInit          main.o
    0x10000ea4   0x10000ea4   0x00000018   Code   RO         1891    i.__NVIC_EnableIRQ  main.o
    0x10000ebc   0x10000ebc   0x0000009c   Code   RO         1894    i.main              main.o
    0x10000f58   0x10000f58   0x0000001c   Code   RO          783    i.print_dec         pango_m1_printk.o
    0x10000f74   0x10000f74   0x00000054   Code   RO          784    i.print_flt         pango_m1_printk.o
    0x10000fc8   0x10000fc8   0x0000001c   Code   RO          786    i.print_hex2        pango_m1_printk.o
    0x10000fe4   0x10000fe4   0x00000048   Code   RO          787    i.print_num         pango_m1_printk.o
    0x1000102c   0x1000102c   0x00000016   Code   RO          788    i.print_str         pango_m1_printk.o
    0x10001042   0x10001042   0x000000f2   Code   RO          789    i.printk            pango_m1_printk.o
    0x10001134   0x10001134   0x00000038   Code   RO         1338    i.prvResetNextTaskUnblockTime  tasks.o
    0x1000116c   0x1000116c   0x0000001c   Code   RO          790    i.put_char          pango_m1_printk.o
    0x10001188   0x10001188   0x00000028   Code   RO         1076    i.uxListRemove      list.o
    0x100011b0   0x100011b0   0x00000002   Code   RO         1898    i.vApplicationStackOverflowHook  main.o
    0x100011b2   0x100011b2   0x00000002   Code   RO         1899    i.vApplicationTickHook  main.o
    0x100011b4   0x100011b4   0x00000018   Code   RO         1080    i.vListInsertEnd    list.o
    0x100011cc   0x100011cc   0x000000b4   Code   RO         1362    i.vTaskSwitchContext  tasks.o
    0x10001280   0x10001280   0x0000014c   Code   RO         1371    i.xTaskIncrementTick  tasks.o
    0x100013cc   0x100013cc   0x00000000   Code   RO         2353    x$fpl$usenofp       fz_ps.l(usenofp.o)
    0x100013cc   0x100013cc   0x00000020   Data   RO         2527    Region$$Table       anon$$obj.o


    Execution Region RW_IRAM1 (Exec base: 0x30000000, Load base: 0x100013ec, Size: 0x00000240, Max: 0x00008000, ABSOLUTE)

    Exec Addr    Load Addr    Size         Type   Attr      Idx    E Section Name        Object

    0x30000000   0x100013ec   0x00000004   Data   RW           14    .data               system_pango_m1.o
    0x30000004   0x100013f0   0x0000003c   Data   RW         1380    .data               tasks.o
    0x30000040   0x1000142c   0x00000034   Data   RW         1902    .data               main.o
    0x30000074        -       0x000000c8   Zero   RW         1379    .bss                tasks.o
    0x3000013c   0x10001460   0x00000004   PAD
    0x30000140        -       0x00000100   Zero   RW            1    STACK               startup_pango_m1.o


==============================================================================

Image component sizes


      Code (inc. data)   RO Data    RW Data    ZI Data      Debug   Object Name

         0          0          0          0          0       9176   croutine.o
         0          0          0          0          0       2448   event_groups.o
        64          0          0          0          0       1540   list.o
       562         82          0         52          0      17738   main.o
       136          0          0          0          0       1732   pango_m1_gpio.o
        18          0          0          0          0       3575   pango_m1_it.o
       504         30          0          0          0       4737   pango_m1_printk.o
       168         38          0          0          0       4396   pango_m1_spi.o
       100          0          0          0          0       2051   pango_m1_timer.o
       182          4          0          0          0       3395   pango_m1_uart.o
        54          0          0          0          0       1063   pango_spi_flash.o
       158         14          0          0          0       1712   port.o
         0          0          0          0          0       2488   queue.o
        92         10        192          0        256       1996   startup_pango_m1.o
        84          8          0          4          0      20147   system_pango_m1.o
       568         80          0         60        200       6089   tasks.o

    ----------------------------------------------------------------------
      2698        266        224        116        460      84283   Object Totals
         0          0         32          0          0          0   (incl. Generated)
         8          0          0          0          4          0   (incl. Padding)

    ----------------------------------------------------------------------

      Code (inc. data)   RO Data    RW Data    ZI Data      Debug   Library Member Name

         8          0          0          0          0         68   __main.o
         0          0          0          0          0          0   __rtentry.o
        12          0          0          0          0          0   __rtentry2.o
         8          4          0          0          0          0   __rtentry5.o
        60          8          0          0          0          0   __scatter.o
        26          0          0          0          0          0   __scatter_copy.o
        28          0          0          0          0          0   __scatter_zi.o
       346          0          0          0          0         92   aeabi_sdiv.o
        16          0          0          0          0         68   exit.o
         0          0          0          0          0          0   indicate_semi.o
         2          0          0          0          0          0   libinit.o
         2          0          0          0          0          0   libinit2.o
         2          0          0          0          0          0   libshutdown.o
         2          0          0          0          0          0   libshutdown2.o
         2          0          0          0          0          0   rtexit.o
        10          0          0          0          0          0   rtexit2.o
        12          4          0          0          0         60   sys_exit.o
         2          0          0          0          0         68   use_no_semi.o
       856         20          0          0          0        208   daddsub.o
       108         10          0          0          0         72   dfixi.o
        88          0          0          0          0         92   dflti.o
       584         26          0          0          0         84   dmul.o
         0          0          0          0          0          0   usenofp.o

    ----------------------------------------------------------------------
      2178         72          0          0          0        812   Library Totals
         4          0          0          0          0          0   (incl. Padding)

    ----------------------------------------------------------------------

      Code (inc. data)   RO Data    RW Data    ZI Data      Debug   Library Name

       538         16          0          0          0        356   c_p.l
      1636         56          0          0          0        456   fz_ps.l

    ----------------------------------------------------------------------
      2178         72          0          0          0        812   Library Totals

    ----------------------------------------------------------------------

==============================================================================


      Code (inc. data)   RO Data    RW Data    ZI Data      Debug   

      4876        338        224        116        460      82583   Grand Totals
      4876        338        224        116        460      82583   ELF Image Totals
      4876        338        224        116          0          0   ROM Totals

==============================================================================

    Total RO  Size (Code + RO Data)                 5100 (   4.98kB)
    Total RW  Size (RW Data + ZI Data)               576 (   0.56kB)
    Total ROM Size (Code + RO Data + RW Data)       5216 (   5.09kB)

==============================================================================

