Component: ARM Compiler 5.06 update 7 (build 960) Tool: armlink [4d3601]

==============================================================================

Section Cross References

    startup_pango_m1.o(RESET) refers to startup_pango_m1.o(STACK) for __initial_sp
    startup_pango_m1.o(RESET) refers to startup_pango_m1.o(.text) for Reset_Handler
    startup_pango_m1.o(RESET) refers to main.o(i.NMI_Handler) for NMI_Handler
    startup_pango_m1.o(RESET) refers to pango_m1_it.o(i.HardFault_Handler) for HardFault_Handler
    startup_pango_m1.o(RESET) refers to port.o(i.SVC_Handler) for SVC_Handler
    startup_pango_m1.o(RESET) refers to port.o(.emb_text) for PendSV_Handler
    startup_pango_m1.o(RESET) refers to port.o(i.SysTick_Handler) for SysTick_Handler
    startup_pango_m1.o(RESET) refers to main.o(i.UART0_Handler) for UART0_Handler
    startup_pango_m1.o(RESET) refers to pango_m1_it.o(i.UART1_Handler) for UART1_Handler
    startup_pango_m1.o(RESET) refers to main.o(i.TIMER0_Handler) for TIMER0_Handler
    startup_pango_m1.o(RESET) refers to pango_m1_it.o(i.TIMER1_Handler) for TIMER1_Handler
    startup_pango_m1.o(RESET) refers to main.o(i.GPIO0_Handler) for GPIO0_Handler
    startup_pango_m1.o(RESET) refers to pango_m1_it.o(i.ENT_Handler) for ENT_Handler
    startup_pango_m1.o(RESET) refers to main.o(i.I2C_Handler) for I2C_Handler
    startup_pango_m1.o(RESET) refers to pango_m1_it.o(i.CAN_Handler) for CAN_Handler
    startup_pango_m1.o(RESET) refers to pango_m1_it.o(i.RTC_Handler) for RTC_Handler
    startup_pango_m1.o(RESET) refers to pango_m1_it.o(i.DTimer_Handler) for DTimer_Handler
    startup_pango_m1.o(RESET) refers to pango_m1_it.o(i.TRNG_Handler) for TRNG_Handler
    startup_pango_m1.o(.text) refers to system_pango_m1.o(i.SystemInit) for SystemInit
    startup_pango_m1.o(.text) refers to __main.o(!!!main) for __main
    system_pango_m1.o(i.SystemCoreClockUpdate) refers to system_pango_m1.o(.data) for SystemCoreClock
    system_pango_m1.o(i.SystemInit) refers to system_pango_m1.o(.data) for SystemCoreClock
    pango_m1_uart.o(i.UART_Init) refers to aeabi_sdiv.o(.text) for __aeabi_uidivmod
    pango_m1_uart.o(i.UART_Init) refers to system_pango_m1.o(.data) for SystemCoreClock
    pango_m1_uart.o(i.UART_SendString) refers to pango_m1_uart.o(i.UART_SendChar) for UART_SendChar
    pango_m1_printk.o(i.print_dec) refers to pango_m1_printk.o(i.put_char) for put_char
    pango_m1_printk.o(i.print_dec) refers to pango_m1_printk.o(i.print_num) for print_num
    pango_m1_printk.o(i.print_flt) refers to dfixi.o(.text) for __aeabi_d2iz
    pango_m1_printk.o(i.print_flt) refers to pango_m1_printk.o(i.print_dec) for print_dec
    pango_m1_printk.o(i.print_flt) refers to pango_m1_printk.o(i.put_char) for put_char
    pango_m1_printk.o(i.print_flt) refers to dflti.o(.text) for __aeabi_ui2d
    pango_m1_printk.o(i.print_flt) refers to daddsub.o(.text) for __aeabi_drsub
    pango_m1_printk.o(i.print_flt) refers to dmul.o(.text) for __aeabi_dmul
    pango_m1_printk.o(i.print_hex) refers to pango_m1_printk.o(i.put_char) for put_char
    pango_m1_printk.o(i.print_hex2) refers to pango_m1_printk.o(i.put_char) for put_char
    pango_m1_printk.o(i.print_hex2) refers to pango_m1_printk.o(i.print_num) for print_num
    pango_m1_printk.o(i.print_num) refers to aeabi_sdiv.o(.text) for __aeabi_uidivmod
    pango_m1_printk.o(i.print_num) refers to pango_m1_printk.o(i.put_char) for put_char
    pango_m1_printk.o(i.print_str) refers to pango_m1_printk.o(i.put_char) for put_char
    pango_m1_printk.o(i.printk) refers to pango_m1_printk.o(i.put_char) for put_char
    pango_m1_printk.o(i.printk) refers to pango_m1_printk.o(i.print_dec) for print_dec
    pango_m1_printk.o(i.printk) refers to pango_m1_printk.o(i.print_flt) for print_flt
    pango_m1_printk.o(i.printk) refers to pango_m1_printk.o(i.print_str) for print_str
    pango_m1_printk.o(i.printk) refers to pango_m1_printk.o(i.print_hex2) for print_hex2
    pango_m1_printk.o(i.put_char) refers to pango_m1_uart.o(i.UART_SendChar) for UART_SendChar
    pango_m1_i2c.o(i.I2C_Init) refers to pango_m1_i2c.o(i.I2C_InterruptOpen) for I2C_InterruptOpen
    pango_m1_i2c.o(i.I2C_Init) refers to pango_m1_i2c.o(i.I2C_InterruptClose) for I2C_InterruptClose
    pango_m1_i2c.o(i.I2C_Init) refers to pango_m1_i2c.o(i.I2C_Enable) for I2C_Enable
    pango_m1_i2c.o(i.I2C_Init) refers to pango_m1_i2c.o(i.I2C_Rate_Set) for I2C_Rate_Set
    pango_m1_i2c.o(i.I2C_Rate_Set) refers to aeabi_sdiv.o(.text) for __aeabi_uidivmod
    pango_m1_i2c.o(i.I2C_Rate_Set) refers to system_pango_m1.o(.data) for SystemCoreClock
    pango_m1_i2c.o(i.I2C_ReadBytes) refers to pango_m1_i2c.o(i.I2C_ReceiveByte) for I2C_ReceiveByte
    pango_m1_i2c.o(i.I2C_ReceiveByte) refers to pango_m1_i2c.o(i.Delay_ms_i2c) for Delay_ms_i2c
    pango_m1_i2c.o(i.I2C_SendByte) refers to pango_m1_i2c.o(i.Delay_ms_i2c) for Delay_ms_i2c
    pango_m1_i2c.o(i.I2C_SendBytes) refers to pango_m1_i2c.o(i.I2C_SendByte) for I2C_SendByte
[...]
    ..\\FreeRTOS\\portable\\Keil\\ARM_CM1\\port.c 0x00000000   Number         0  port.o ABSOLUTE
    ..\\PERIPHERAL\\src\\PANGO_M1_gpio.c     0x00000000   Number         0  pango_m1_gpio.o ABSOLUTE
    ..\\PERIPHERAL\\src\\PANGO_M1_i2c.c      0x00000000   Number         0  pango_m1_i2c.o ABSOLUTE
    ..\\PERIPHERAL\\src\\PANGO_M1_memory.c   0x00000000   Number         0  pango_m1_memory.o ABSOLUTE
    ..\\PERIPHERAL\\src\\PANGO_M1_printk.c   0x00000000   Number         0  pango_m1_printk.o ABSOLUTE
    ..\\PERIPHERAL\\src\\PANGO_M1_spi.c      0x00000000   Number         0  pango_m1_spi.o ABSOLUTE
    ..\\PERIPHERAL\\src\\PANGO_M1_timer.c    0x00000000   Number         0  pango_m1_timer.o ABSOLUTE
    ..\\PERIPHERAL\\src\\PANGO_M1_uart.c     0x00000000   Number         0  pango_m1_uart.o ABSOLUTE
    ..\\PERIPHERAL\\src\\PANGO_M1_wdog.c     0x00000000   Number         0  pango_m1_wdog.o ABSOLUTE
    ..\\SYSTEM\\system_PANGO_M1.c            0x00000000   Number         0  system_pango_m1.o ABSOLUTE
    ..\\USER\\PANGO_M1_it.c                  0x00000000   Number         0  pango_m1_it.o ABSOLUTE
    ..\\USER\\PANGO_i2c_eeprom.c             0x00000000   Number         0  pango_i2c_eeprom.o ABSOLUTE
    ..\\USER\\PANGO_spi_flash.c              0x00000000   Number         0  pango_spi_flash.o ABSOLUTE
    ..\\USER\\main.c                         0x00000000   Number         0  main.o ABSOLUTE
    dc.s                                     0x00000000   Number         0  dc.o ABSOLUTE
    RESET                                    0x10000000   Section      192  startup_pango_m1.o(RESET)
    !!!main                                  0x100000c0   Section        8  __main.o(!!!main)
    !!!scatter                               0x100000c8   Section       60  __scatter.o(!!!scatter)
    !!handler_copy                           0x10000104   Section       26  __scatter_copy.o(!!handler_copy)
    !!handler_zi                             0x10000120   Section       28  __scatter_zi.o(!!handler_zi)
    .ARM.Collect$$libinit$$00000000          0x1000013c   Section        2  libinit.o(.ARM.Collect$$libinit$$00000000)
    .ARM.Collect$$libinit$$00000002          0x1000013e   Section        0  libinit2.o(.ARM.Collect$$libinit$$00000002)
    .ARM.Collect$$libinit$$00000004          0x1000013e   Section        0  libinit2.o(.ARM.Collect$$libinit$$00000004)
    .ARM.Collect$$libinit$$0000000A          0x1000013e   Section        0  libinit2.o(.ARM.Collect$$libinit$$0000000A)
    .ARM.Collect$$libinit$$0000000C          0x1000013e   Section        0  libinit2.o(.ARM.Collect$$libinit$$0000000C)
    .ARM.Collect$$libinit$$0000000E          0x1000013e   Section        0  libinit2.o(.ARM.Collect$$libinit$$0000000E)
    .ARM.Collect$$libinit$$00000011          0x1000013e   Section        0  libinit2.o(.ARM.Collect$$libinit$$00000011)
    .ARM.Collect$$libinit$$00000013          0x1000013e   Section        0  libinit2.o(.ARM.Collect$$libinit$$00000013)
    .ARM.Collect$$libinit$$00000015          0x1000013e   Section        0  libinit2.o(.ARM.Collect$$libinit$$00000015)
    .ARM.Collect$$libinit$$00000017          0x1000013e   Section        0  libinit2.o(.ARM.Collect$$libinit$$00000017)
    .ARM.Collect$$libinit$$00000019          0x1000013e   Section        0  libinit2.o(.ARM.Collect$$libinit$$00000019)
    .ARM.Collect$$libinit$$0000001B          0x1000013e   Section        0  libinit2.o(.ARM.Collect$$libinit$$0000001B)
    .ARM.Collect$$libinit$$0000001D          0x1000013e   Section        0  libinit2.o(.ARM.Collect$$libinit$$0000001D)
    .ARM.Collect$$libinit$$0000001F          0x1000013e   Section        0  libinit2.o(.ARM.Collect$$libinit$$0000001F)
    .ARM.Collect$$libinit$$00000021          0x1000013e   Section        0  libinit2.o(.ARM.Collect$$libinit$$00000021)
    .ARM.Collect$$libinit$$00000023          0x1000013e   Section        0  libinit2.o(.ARM.Collect$$libinit$$00000023)
    .ARM.Collect$$libinit$$00000025          0x1000013e   Section        0  libinit2.o(.ARM.Collect$$libinit$$00000025)
    .ARM.Collect$$libinit$$0000002C          0x1000013e   Section        0  libinit2.o(.ARM.Collect$$libinit$$0000002C)
    .ARM.Collect$$libinit$$0000002E          0x1000013e   Section        0  libinit2.o(.ARM.Collect$$libinit$$0000002E)
    .ARM.Collect$$libinit$$00000030          0x1000013e   Section        0  libinit2.o(.ARM.Collect$$libinit$$00000030)
    .ARM.Collect$$libinit$$00000032          0x1000013e   Section        0  libinit2.o(.ARM.Collect$$libinit$$00000032)
    .ARM.Collect$$libinit$$00000033          0x1000013e   Section        2  libinit2.o(.ARM.Collect$$libinit$$00000033)
    .ARM.Collect$$libshutdown$$00000000      0x10000140   Section        2  libshutdown.o(.ARM.Collect$$libshutdown$$00000000)
    .ARM.Collect$$libshutdown$$00000002      0x10000142   Section        0  libshutdown2.o(.ARM.Collect$$libshutdown$$00000002)
    .ARM.Collect$$libshutdown$$00000004      0x10000142   Section        0  libshutdown2.o(.ARM.Collect$$libshutdown$$00000004)
    .ARM.Collect$$libshutdown$$00000006      0x10000142   Section        0  libshutdown2.o(.ARM.Collect$$libshutdown$$00000006)
    .ARM.Collect$$libshutdown$$00000009      0x10000142   Section        0  libshutdown2.o(.ARM.Collect$$libshutdown$$00000009)
    .ARM.Collect$$libshutdown$$0000000C      0x10000142   Section        0  libshutdown2.o(.ARM.Collect$$libshutdown$$0000000C)
    .ARM.Collect$$libshutdown$$0000000E      0x10000142   Section        0  libshutdown2.o(.ARM.Collect$$libshutdown$$0000000E)
    .ARM.Collect$$libshutdown$$00000011      0x10000142   Section        0  libshutdown2.o(.ARM.Collect$$libshutdown$$00000011)
    .ARM.Collect$$libshutdown$$00000012      0x10000142   Section        2  libshutdown2.o(.ARM.Collect$$libshutdown$$00000012)
    .ARM.Collect$$rtentry$$00000000          0x10000144   Section        0  __rtentry.o(.ARM.Collect$$rtentry$$00000000)
    .ARM.Collect$$rtentry$$00000002          0x10000144   Section        0  __rtentry2.o(.ARM.Collect$$rtentry$$00000002)
    .ARM.Collect$$rtentry$$00000005          0x10000144   Section        4  __rtentry5.o(.ARM.Collect$$rtentry$$00000005)
    .ARM.Collect$$rtentry$$00000009          0x10000148   Section        0  __rtentry2.o(.ARM.Collect$$rtentry$$00000009)
    .ARM.Collect$$rtentry$$0000000A          0x10000148   Section        4  __rtentry2.o(.ARM.Collect$$rtentry$$0000000A)
    .ARM.Collect$$rtentry$$0000000C          0x1000014c   Section        0  __rtentry2.o(.ARM.Collect$$rtentry$$0000000C)
    .ARM.Collect$$rtentry$$0000000D          0x1000014c   Section        8  __rtentry2.o(.ARM.Collect$$rtentry$$0000000D)
    .ARM.Collect$$rtentry$$00002716          0x10000154   Section        4  __rtentry5.o(.ARM.Collect$$rtentry$$00002716)
    __lit__00000000                          0x10000154   Data           4  __rtentry5.o(.ARM.Collect$$rtentry$$00002716)
    .ARM.Collect$$rtexit$$00000000           0x10000158   Section        2  rtexit.o(.ARM.Collect$$rtexit$$00000000)
    .ARM.Collect$$rtexit$$00000002           0x1000015a   Section        0  rtexit2.o(.ARM.Collect$$rtexit$$00000002)
    .ARM.Collect$$rtexit$$00000003           0x1000015a   Section        4  rtexit2.o(.ARM.Collect$$rtexit$$00000003)
    .ARM.Collect$$rtexit$$00000004           0x1000015e   Section        6  rtexit2.o(.ARM.Collect$$rtexit$$00000004)
    .emb_text                                0x10000164   Section      120  port.o(.emb_text)
    .emb_text                                0x100001dc   Section       56  rt_memcpy.o(.emb_text)
    .text                                    0x10000214   Section       92  startup_pango_m1.o(.text)
    .text                                    0x10000270   Section        0  memcmp.o(.text)
    .text                                    0x100002cc   Section        0  strncmp.o(.text)
    .text                                    0x1000036c   Section        0  rt_memcpy.o(.text)
    .text                                    0x100003ee   Section        0  aeabi_memset.o(.text)
    .text                                    0x10000400   Section      346  aeabi_sdiv.o(.text)
    .text                                    0x1000055c   Section        0  daddsub.o(.text)
    _dadd1                                   0x1000055d   Thumb Code   290  daddsub.o(.text)
    _dsub1                                   0x1000067f   Thumb Code   470  daddsub.o(.text)
    .text                                    0x100008b4   Section        0  dfixi.o(.text)
    .text                                    0x10000920   Section        0  dflti.o(.text)
    .text                                    0x10000978   Section        0  dmul.o(.text)
    .text                                    0x10000bc0   Section        0  rt_memclr.o(.text)
    .text                                    0x10000c00   Section        0  exit.o(.text)
    .text                                    0x10000c10   Section        0  sys_exit.o(.text)
    .text                                    0x10000c1c   Section        2  use_no_semi.o(.text)
    .text                                    0x10000c1e   Section        0  indicate_semi.o(.text)
    i.CAN_Handler                            0x10000c1e   Section        0  pango_m1_it.o(i.CAN_Handler)
    i.DTimer_Handler                         0x10000c20   Section        0  pango_m1_it.o(i.DTimer_Handler)
    i.Delay                                  0x10000c22   Section        0  main.o(i.Delay)
    i.ENT_Handler                            0x10000c34   Section        0  pango_m1_it.o(i.ENT_Handler)
    i.GPIO0_Handler                          0x10000c38   Section        0  main.o(i.GPIO0_Handler)
    i.GPIO_Init                              0x10000c64   Section        0  pango_m1_gpio.o(i.GPIO_Init)
    i.GPIO_IntClear                          0x10000ce4   Section        0  pango_m1_gpio.o(i.GPIO_IntClear)
    i.GPIO_ResetBit                          0x10000cec   Section        0  pango_m1_gpio.o(i.GPIO_ResetBit)
    i.GPIO_SetBit                            0x10000cf4   Section        0  pango_m1_gpio.o(i.GPIO_SetBit)
    i.GpioInit                               0x10000cfc   Section        0  main.o(i.GpioInit)
    i.HardFault_Handler                      0x10000d36   Section        0  pango_m1_it.o(i.HardFault_Handler)
    i.I2CInit                                0x10000d3c   Section        0  main.o(i.I2CInit)
    i.I2C_Enable                             0x10000d60   Section        0  pango_m1_i2c.o(i.I2C_Enable)
    i.I2C_Handler                            0x10000d6c   Section        0  main.o(i.I2C_Handler)
    i.I2C_Init                               0x10000d94   Section        0  pango_m1_i2c.o(i.I2C_Init)
    i.I2C_InterruptClose                     0x10000dd8   Section        0  pango_m1_i2c.o(i.I2C_InterruptClose)
    i.I2C_InterruptOpen                      0x10000de2   Section        0  pango_m1_i2c.o(i.I2C_InterruptOpen)
    i.I2C_Rate_Set                           0x10000dec   Section        0  pango_m1_i2c.o(i.I2C_Rate_Set)
    i.Memory_Read_Bytes                      0x10000e14   Section        0  pango_m1_memory.o(i.Memory_Read_Bytes)
    i.Memory_Write_Bytes                     0x10000e1a   Section        0  pango_m1_memory.o(i.Memory_Write_Bytes)
    i.NMI_Handler                            0x10000e1e   Section        0  main.o(i.NMI_Handler)
    i.RTC_Handler                            0x10000e22   Section        0  pango_m1_it.o(i.RTC_Handler)
    i.SFLASH_EraseSector                     0x10000e24   Section        0  pango_spi_flash.o(i.SFLASH_EraseSector)
    i.SFLASH_ReadJEDEC_ID                    0x10000e60   Section        0  pango_spi_flash.o(i.SFLASH_ReadJEDEC_ID)
    i.SFLASH_ReadNByte                       0x10000e90   Section        0  pango_spi_flash.o(i.SFLASH_ReadNByte)
    i.SFLASH_ReadSR                          0x10000ed6   Section        0  pango_spi_flash.o(i.SFLASH_ReadSR)
    i.SFLASH_WaitForNoBusy                   0x10000ef4   Section        0  pango_spi_flash.o(i.SFLASH_WaitForNoBusy)
    i.SFLASH_WriteDisable                    0x10000f06   Section        0  pango_spi_flash.o(i.SFLASH_WriteDisable)
    SFLASH_WriteDisable                      0x10000f07   Thumb Code    22  pango_spi_flash.o(i.SFLASH_WriteDisable)
    i.SFLASH_WriteEnable                     0x10000f1c   Section        0  pango_spi_flash.o(i.SFLASH_WriteEnable)
    SFLASH_WriteEnable                       0x10000f1d   Thumb Code    22  pango_spi_flash.o(i.SFLASH_WriteEnable)
    i.SFLASH_WriteNByte                      0x10000f34   Section        0  pango_spi_flash.o(i.SFLASH_WriteNByte)
    i.SFLASH_WriteNoCheck                    0x10000ff8   Section        0  pango_spi_flash.o(i.SFLASH_WriteNoCheck)
    i.SFLASH_WritePage                       0x1000103c   Section        0  pango_spi_flash.o(i.SFLASH_WritePage)
    i.SPIInit0                               0x1000108a   Section        0  main.o(i.SPIInit0)
    i.SPIInit1                               0x100010a8   Section        0  main.o(i.SPIInit1)
    i.SPI_CS_Disable                         0x100010c8   Section        0  pango_m1_spi.o(i.SPI_CS_Disable)
    i.SPI_CS_Enable                          0x100010dc   Section        0  pango_m1_spi.o(i.SPI_CS_Enable)
    i.SPI_Flash_Test                         0x100010ec   Section        0  main.o(i.SPI_Flash_Test)
    i.SPI_GetRcvStatus                       0x10001174   Section        0  pango_m1_spi.o(i.SPI_GetRcvStatus)
    i.SPI_GetTmtStatus                       0x10001184   Section        0  pango_m1_spi.o(i.SPI_GetTmtStatus)
    i.SPI_Init                               0x10001194   Section        0  pango_m1_spi.o(i.SPI_Init)
    i.SPI_ReadByte                           0x100011cc   Section        0  pango_spi_flash.o(i.SPI_ReadByte)
    SPI_ReadByte                             0x100011cd   Thumb Code    32  pango_spi_flash.o(i.SPI_ReadByte)
    i.SPI_ReadData                           0x100011ec   Section        0  pango_m1_spi.o(i.SPI_ReadData)
    i.SPI_SetRcvStatus                       0x100011f8   Section        0  pango_m1_spi.o(i.SPI_SetRcvStatus)
    i.SPI_WriteByte                          0x1000120c   Section        0  pango_spi_flash.o(i.SPI_WriteByte)
    SPI_WriteByte                            0x1000120d   Thumb Code    22  pango_spi_flash.o(i.SPI_WriteByte)
    i.SPI_WriteData                          0x10001224   Section        0  pango_m1_spi.o(i.SPI_WriteData)
    i.SVC_Handler                            0x10001230   Section        0  port.o(i.SVC_Handler)
    i.Smemory_test                           0x10001234   Section        0  main.o(i.Smemory_test)
    i.SoftTmr_Callback                       0x100012a4   Section        0  main.o(i.SoftTmr_Callback)
    i.SysTick_Handler                        0x100013d0   Section        0  port.o(i.SysTick_Handler)
    i.SystemInit                             0x100013f4   Section        0  system_pango_m1.o(i.SystemInit)
    i.TIMER0_Handler                         0x10001448   Section        0  main.o(i.TIMER0_Handler)
    i.TIMER1_Handler                         0x10001470   Section        0  pango_m1_it.o(i.TIMER1_Handler)
    i.TIMER_ClearIRQ                         0x10001472   Section        0  pango_m1_timer.o(i.TIMER_ClearIRQ)
    i.TIMER_GetIRQStatus                     0x10001478   Section        0  pango_m1_timer.o(i.TIMER_GetIRQStatus)
    i.TIMER_Init                             0x10001480   Section        0  pango_m1_timer.o(i.TIMER_Init)
    i.TRNG_Handler                           0x100014d6   Section        0  pango_m1_it.o(i.TRNG_Handler)
    i.TimerInit                              0x100014d8   Section        0  main.o(i.TimerInit)
    i.UART0_Handler                          0x10001500   Section        0  main.o(i.UART0_Handler)
    i.UART1_Handler                          0x10001528   Section        0  pango_m1_it.o(i.UART1_Handler)
    i.UART_ClearRxIRQ                        0x1000152a   Section        0  pango_m1_uart.o(i.UART_ClearRxIRQ)
    i.UART_GetRxIRQStatus                    0x10001530   Section        0  pango_m1_uart.o(i.UART_GetRxIRQStatus)
    i.UART_Init                              0x1000153c   Section        0  pango_m1_uart.o(i.UART_Init)
    i.UART_ReceiveChar                       0x100015bc   Section        0  pango_m1_uart.o(i.UART_ReceiveChar)
    i.UART_SendChar                          0x100015d0   Section        0  pango_m1_uart.o(i.UART_SendChar)
    i.UartInit                               0x100015e0   Section        0  main.o(i.UartInit)
    i.__ARM_common_switch8                   0x10001618   Section        0  tasks.o(i.__ARM_common_switch8)
    i.__NVIC_EnableIRQ                       0x10001634   Section        0  main.o(i.__NVIC_EnableIRQ)
    __NVIC_EnableIRQ                         0x10001635   Thumb Code    18  main.o(i.__NVIC_EnableIRQ)
    i.__NVIC_SetPriority                     0x1000164c   Section        0  main.o(i.__NVIC_SetPriority)
    __NVIC_SetPriority                       0x1000164d   Thumb Code   110  main.o(i.__NVIC_SetPriority)
    i.led_task                               0x100016c4   Section        0  main.o(i.led_task)
    i.main                                   0x10001708   Section        0  main.o(i.main)
    i.print_dec                              0x10001870   Section        0  pango_m1_printk.o(i.print_dec)
    i.print_flt                              0x1000188c   Section        0  pango_m1_printk.o(i.print_flt)
    i.print_hex2                             0x100018e0   Section        0  pango_m1_printk.o(i.print_hex2)
    i.print_num                              0x100018fc   Section        0  pango_m1_printk.o(i.print_num)
    i.print_str                              0x10001944   Section        0  pango_m1_printk.o(i.print_str)
    i.printk                                 0x1000195a   Section        0  pango_m1_printk.o(i.printk)
    i.prvAddCurrentTaskToDelayedList         0x10001a4c   Section        0  tasks.o(i.prvAddCurrentTaskToDelayedList)
    prvAddCurrentTaskToDelayedList           0x10001a4d   Thumb Code   100  tasks.o(i.prvAddCurrentTaskToDelayedList)
    i.prvAddNewTaskToReadyList               0x10001ac8   Section        0  tasks.o(i.prvAddNewTaskToReadyList)
    prvAddNewTaskToReadyList                 0x10001ac9   Thumb Code   140  tasks.o(i.prvAddNewTaskToReadyList)
    i.prvCheckForValidListAndQueue           0x10001b6c   Section        0  timers.o(i.prvCheckForValidListAndQueue)
    prvCheckForValidListAndQueue             0x10001b6d   Thumb Code    76  timers.o(i.prvCheckForValidListAndQueue)
    i.prvCheckTasksWaitingTermination        0x10001bd4   Section        0  tasks.o(i.prvCheckTasksWaitingTermination)
    prvCheckTasksWaitingTermination          0x10001bd5   Thumb Code    90  tasks.o(i.prvCheckTasksWaitingTermination)
    i.prvCopyDataFromQueue                   0x10001c3c   Section        0  queue.o(i.prvCopyDataFromQueue)
    prvCopyDataFromQueue                     0x10001c3d   Thumb Code    44  queue.o(i.prvCopyDataFromQueue)
    i.prvCopyDataToQueue                     0x10001c68   Section        0  queue.o(i.prvCopyDataToQueue)
    prvCopyDataToQueue                       0x10001c69   Thumb Code   128  queue.o(i.prvCopyDataToQueue)
    i.prvDeleteTCB                           0x10001ce8   Section        0  tasks.o(i.prvDeleteTCB)
    prvDeleteTCB                             0x10001ce9   Thumb Code    18  tasks.o(i.prvDeleteTCB)
    i.prvGetNextExpireTime                   0x10001cfc   Section        0  timers.o(i.prvGetNextExpireTime)
    prvGetNextExpireTime                     0x10001cfd   Thumb Code    40  timers.o(i.prvGetNextExpireTime)
    i.prvHeapInit                            0x10001d28   Section        0  heap_4.o(i.prvHeapInit)
    prvHeapInit                              0x10001d29   Thumb Code    98  heap_4.o(i.prvHeapInit)
    i.prvIdleTask                            0x10001da8   Section        0  tasks.o(i.prvIdleTask)
    prvIdleTask                              0x10001da9   Thumb Code    20  tasks.o(i.prvIdleTask)
    i.prvInitialiseNewQueue                  0x10001dc0   Section        0  queue.o(i.prvInitialiseNewQueue)
    prvInitialiseNewQueue                    0x10001dc1   Thumb Code    38  queue.o(i.prvInitialiseNewQueue)
    i.prvInitialiseNewTask                   0x10001de6   Section        0  tasks.o(i.prvInitialiseNewTask)
    prvInitialiseNewTask                     0x10001de7   Thumb Code   176  tasks.o(i.prvInitialiseNewTask)
    i.prvInitialiseNewTimer                  0x10001e96   Section        0  timers.o(i.prvInitialiseNewTimer)
    prvInitialiseNewTimer                    0x10001e97   Thumb Code    64  timers.o(i.prvInitialiseNewTimer)
    i.prvInitialiseTaskLists                 0x10001ed8   Section        0  tasks.o(i.prvInitialiseTaskLists)
    prvInitialiseTaskLists                   0x10001ed9   Thumb Code    68  tasks.o(i.prvInitialiseTaskLists)
    i.prvInsertBlockIntoFreeList             0x10001f3c   Section        0  heap_4.o(i.prvInsertBlockIntoFreeList)
    prvInsertBlockIntoFreeList               0x10001f3d   Thumb Code    96  heap_4.o(i.prvInsertBlockIntoFreeList)
    i.prvInsertTimerInActiveList             0x10001fa4   Section        0  timers.o(i.prvInsertTimerInActiveList)
    prvInsertTimerInActiveList               0x10001fa5   Thumb Code    76  timers.o(i.prvInsertTimerInActiveList)
    i.prvIsQueueEmpty                        0x10001ff8   Section        0  queue.o(i.prvIsQueueEmpty)
    prvIsQueueEmpty                          0x10001ff9   Thumb Code    28  queue.o(i.prvIsQueueEmpty)
    i.prvIsQueueFull                         0x10002014   Section        0  queue.o(i.prvIsQueueFull)
    prvIsQueueFull                           0x10002015   Thumb Code    30  queue.o(i.prvIsQueueFull)
    i.prvNotifyQueueSetContainer             0x10002032   Section        0  queue.o(i.prvNotifyQueueSetContainer)
    prvNotifyQueueSetContainer               0x10002033   Thumb Code   122  queue.o(i.prvNotifyQueueSetContainer)
    i.prvProcessExpiredTimer                 0x100020ac   Section        0  timers.o(i.prvProcessExpiredTimer)
    prvProcessExpiredTimer                   0x100020ad   Thumb Code    82  timers.o(i.prvProcessExpiredTimer)
    i.prvProcessReceivedCommands             0x10002104   Section        0  timers.o(i.prvProcessReceivedCommands)
    prvProcessReceivedCommands               0x10002105   Thumb Code   222  timers.o(i.prvProcessReceivedCommands)
    i.prvProcessTimerOrBlockTask             0x100021e8   Section        0  timers.o(i.prvProcessTimerOrBlockTask)
    prvProcessTimerOrBlockTask               0x100021e9   Thumb Code   100  timers.o(i.prvProcessTimerOrBlockTask)
    i.prvResetNextTaskUnblockTime            0x10002254   Section        0  tasks.o(i.prvResetNextTaskUnblockTime)
    prvResetNextTaskUnblockTime              0x10002255   Thumb Code    46  tasks.o(i.prvResetNextTaskUnblockTime)
    i.prvSampleTimeNow                       0x1000228c   Section        0  timers.o(i.prvSampleTimeNow)
    prvSampleTimeNow                         0x1000228d   Thumb Code    40  timers.o(i.prvSampleTimeNow)
    i.prvSetupTimerInterrupt                 0x100022b8   Section        0  port.o(i.prvSetupTimerInterrupt)
    prvSetupTimerInterrupt                   0x100022b9   Thumb Code    34  port.o(i.prvSetupTimerInterrupt)
    i.prvSwitchTimerLists                    0x100022e4   Section        0  timers.o(i.prvSwitchTimerLists)
    prvSwitchTimerLists                      0x100022e5   Thumb Code   134  timers.o(i.prvSwitchTimerLists)
    i.prvTaskExitError                       0x10002374   Section        0  port.o(i.prvTaskExitError)
    prvTaskExitError                         0x10002375   Thumb Code    32  port.o(i.prvTaskExitError)
    i.prvTimerTask                           0x10002398   Section        0  timers.o(i.prvTimerTask)
    prvTimerTask                             0x10002399   Thumb Code    26  timers.o(i.prvTimerTask)
    i.prvUnlockQueue                         0x100023b2   Section        0  queue.o(i.prvUnlockQueue)
    prvUnlockQueue                           0x100023b3   Thumb Code   166  queue.o(i.prvUnlockQueue)
    i.put_char                               0x10002458   Section        0  pango_m1_printk.o(i.put_char)
    i.pvPortMalloc                           0x10002474   Section        0  heap_4.o(i.pvPortMalloc)
    i.pvTaskIncrementMutexHeldCount          0x1000259c   Section        0  tasks.o(i.pvTaskIncrementMutexHeldCount)
    i.pxPortInitialiseStack                  0x100025bc   Section        0  port.o(i.pxPortInitialiseStack)
    i.queue_task                             0x100025dc   Section        0  main.o(i.queue_task)
    i.uxListRemove                           0x10002640   Section        0  list.o(i.uxListRemove)
    i.vApplicationMallocFailedHook           0x10002668   Section        0  main.o(i.vApplicationMallocFailedHook)
    i.vApplicationStackOverflowHook          0x1000266a   Section        0  main.o(i.vApplicationStackOverflowHook)
    i.vApplicationTickHook                   0x1000266c   Section        0  main.o(i.vApplicationTickHook)
    i.vListInitialise                        0x1000266e   Section        0  list.o(i.vListInitialise)
    i.vListInitialiseItem                    0x10002688   Section        0  list.o(i.vListInitialiseItem)
    i.vListInsert                            0x1000268e   Section        0  list.o(i.vListInsert)
    i.vListInsertEnd                         0x100026c4   Section        0  list.o(i.vListInsertEnd)
    i.vPortEnterCritical                     0x100026dc   Section        0  port.o(i.vPortEnterCritical)
    i.vPortExitCritical                      0x100026f8   Section        0  port.o(i.vPortExitCritical)
    i.vPortFree                              0x10002720   Section        0  heap_4.o(i.vPortFree)
    i.vPortYield                             0x100027a0   Section        0  port.o(i.vPortYield)
    i.vQueueAddToRegistry                    0x100027b8   Section        0  queue.o(i.vQueueAddToRegistry)
    i.vQueueWaitForMessageRestricted         0x100027e4   Section        0  queue.o(i.vQueueWaitForMessageRestricted)
    i.vTaskDelay                             0x10002830   Section        0  tasks.o(i.vTaskDelay)
    i.vTaskMissedYield                       0x10002874   Section        0  tasks.o(i.vTaskMissedYield)
    i.vTaskPlaceOnEventList                  0x10002880   Section        0  tasks.o(i.vTaskPlaceOnEventList)
    i.vTaskPlaceOnEventListRestricted        0x100028ac   Section        0  tasks.o(i.vTaskPlaceOnEventListRestricted)
    i.vTaskPriorityInherit                   0x100028e0   Section        0  tasks.o(i.vTaskPriorityInherit)
    i.vTaskSetTimeOutState                   0x1000296c   Section        0  tasks.o(i.vTaskSetTimeOutState)
    i.vTaskStartScheduler                    0x1000298c   Section        0  tasks.o(i.vTaskStartScheduler)
    i.vTaskSuspendAll                        0x10002a04   Section        0  tasks.o(i.vTaskSuspendAll)
    i.vTaskSwitchContext                     0x10002a14   Section        0  tasks.o(i.vTaskSwitchContext)
    i.xPortStartScheduler                    0x10002ac8   Section        0  port.o(i.xPortStartScheduler)
    i.xQueueGenericCreate                    0x10002b00   Section        0  queue.o(i.xQueueGenericCreate)
    i.xQueueGenericReceive                   0x10002b50   Section        0  queue.o(i.xQueueGenericReceive)
    i.xQueueGenericReset                     0x10002cdc   Section        0  queue.o(i.xQueueGenericReset)
    i.xQueueGenericSend                      0x10002d5e   Section        0  queue.o(i.xQueueGenericSend)
    i.xQueueGenericSendFromISR               0x10002ed0   Section        0  queue.o(i.xQueueGenericSendFromISR)
    i.xTaskCheckForTimeOut                   0x10002fa8   Section        0  tasks.o(i.xTaskCheckForTimeOut)
    i.xTaskCreate                            0x1000301c   Section        0  tasks.o(i.xTaskCreate)
    i.xTaskGetSchedulerState                 0x10003078   Section        0  tasks.o(i.xTaskGetSchedulerState)
    i.xTaskGetTickCount                      0x1000309c   Section        0  tasks.o(i.xTaskGetTickCount)
    i.xTaskIncrementTick                     0x100030a8   Section        0  tasks.o(i.xTaskIncrementTick)
    i.xTaskPriorityDisinherit                0x100031f4   Section        0  tasks.o(i.xTaskPriorityDisinherit)
    i.xTaskRemoveFromEventList               0x1000327c   Section        0  tasks.o(i.xTaskRemoveFromEventList)
    i.xTaskResumeAll                         0x10003304   Section        0  tasks.o(i.xTaskResumeAll)
    i.xTimerCreate                           0x100033f4   Section        0  timers.o(i.xTimerCreate)
    i.xTimerCreateTimerTask                  0x10003420   Section        0  timers.o(i.xTimerCreateTimerTask)
    i.xTimerGenericCommand                   0x10003468   Section        0  timers.o(i.xTimerGenericCommand)
    x$fpl$usenofp                            0x100034dc   Section        0  usenofp.o(x$fpl$usenofp)
    .data                                    0x30000000   Section        4  system_pango_m1.o(.data)
    .data                                    0x30000004   Section       60  tasks.o(.data)
    pxDelayedTaskList                        0x30000008   Data           4  tasks.o(.data)
    pxOverflowDelayedTaskList                0x3000000c   Data           4  tasks.o(.data)
    uxDeletedTasksWaitingCleanUp             0x30000010   Data           4  tasks.o(.data)
    uxCurrentNumberOfTasks                   0x30000014   Data           4  tasks.o(.data)
    xTickCount                               0x30000018   Data           4  tasks.o(.data)
    uxTopReadyPriority                       0x3000001c   Data           4  tasks.o(.data)
    xSchedulerRunning                        0x30000020   Data           4  tasks.o(.data)
    uxPendedTicks                            0x30000024   Data           4  tasks.o(.data)
    xYieldPending                            0x30000028   Data           4  tasks.o(.data)
    xNumOfOverflows                          0x3000002c   Data           4  tasks.o(.data)
    uxTaskNumber                             0x30000030   Data           4  tasks.o(.data)
    xNextTaskUnblockTime                     0x30000034   Data           4  tasks.o(.data)
    xIdleTaskHandle                          0x30000038   Data           4  tasks.o(.data)
    uxSchedulerSuspended                     0x3000003c   Data           4  tasks.o(.data)
    .data                                    0x30000040   Section       20  timers.o(.data)
    pxCurrentTimerList                       0x30000040   Data           4  timers.o(.data)
    pxOverflowTimerList                      0x30000044   Data           4  timers.o(.data)
    xTimerQueue                              0x30000048   Data           4  timers.o(.data)
    xTimerTaskHandle                         0x3000004c   Data           4  timers.o(.data)
    xLastTime                                0x30000050   Data           4  timers.o(.data)
    .data                                    0x30000054   Section        4  port.o(.data)
    uxCriticalNesting                        0x30000054   Data           4  port.o(.data)
    .data                                    0x30000058   Section       24  heap_4.o(.data)
    xStart                                   0x30000058   Data           8  heap_4.o(.data)
    pxEnd                                    0x30000060   Data           4  heap_4.o(.data)
    xFreeBytesRemaining                      0x30000064   Data           4  heap_4.o(.data)
    xMinimumEverFreeBytesRemaining           0x30000068   Data           4  heap_4.o(.data)
    xBlockAllocatedBit                       0x3000006c   Data           4  heap_4.o(.data)
    .data                                    0x30000070   Section       52  main.o(.data)
    led_cnt                                  0x3000009c   Data           4  main.o(.data)
    temp_cnt                                 0x300000a0   Data           4  main.o(.data)
    .bss                                     0x300000a4   Section       64  queue.o(.bss)
    .bss                                     0x300000e4   Section      200  tasks.o(.bss)
    pxReadyTasksLists                        0x300000e4   Data         100  tasks.o(.bss)
    xDelayedTaskList1                        0x30000148   Data          20  tasks.o(.bss)
    xDelayedTaskList2                        0x3000015c   Data          20  tasks.o(.bss)
    xPendingReadyList                        0x30000170   Data          20  tasks.o(.bss)
    xTasksWaitingTermination                 0x30000184   Data          20  tasks.o(.bss)
    xSuspendedTaskList                       0x30000198   Data          20  tasks.o(.bss)
    .bss                                     0x300001ac   Section       40  timers.o(.bss)
    xActiveTimerList1                        0x300001ac   Data          20  timers.o(.bss)
    xActiveTimerList2                        0x300001c0   Data          20  timers.o(.bss)
    .bss                                     0x300001d4   Section    11000  heap_4.o(.bss)
    ucHeap                                   0x300001d4   Data       11000  heap_4.o(.bss)
    .bss                                     0x30002ccc   Section      584  main.o(.bss)
    .bss                                     0x30002f14   Section     4096  pango_spi_flash.o(.bss)
    SectorBuf                                0x30002f14   Data        4096  pango_spi_flash.o(.bss)
    STACK                                    0x30003f18   Section      256  startup_pango_m1.o(STACK)

    Global Symbols

    Symbol Name                              Value     Ov Type        Size  Object(Section)

    BuildAttributes$$THM_ISAv3M$S$PE$A:L22$X:L11$S22$IEEE1$IW$USESV6$~STKCKD$USESV7$~SHL$OSPACE$ROPI$EBA8$UX$STANDARDLIB$REQ8$PRES8$EABIv2 0x00000000   Number         0  anon$$obj.o ABSOLUTE
    __ARM_use_no_argv                        0x00000000   Number         0  main.o ABSOLUTE
    Image$$ZI$$Limit                          - Undefined Weak Reference
    __ARM_exceptions_init                     - Undefined Weak Reference
    __alloca_initialize                       - Undefined Weak Reference
    __arm_fini_                               - Undefined Weak Reference
    __arm_preinit_                            - Undefined Weak Reference
    __cpp_initialize__aeabi_                  - Undefined Weak Reference
    __cxa_finalize                            - Undefined Weak Reference
    __rt_locale                               - Undefined Weak Reference
    __sigvec_lookup                           - Undefined Weak Reference
    _atexit_init                              - Undefined Weak Reference
    _call_atexit_fns                          - Undefined Weak Reference
    _clock_init                               - Undefined Weak Reference
    _fp_trap_init                             - Undefined Weak Reference
    _fp_trap_shutdown                         - Undefined Weak Reference
    _get_lc_collate                           - Undefined Weak Reference
    _get_lc_ctype                             - Undefined Weak Reference
    _get_lc_monetary                          - Undefined Weak Reference
    _get_lc_numeric                           - Undefined Weak Reference
    _get_lc_time                              - Undefined Weak Reference
    _getenv_init                              - Undefined Weak Reference
    _handle_redirection                       - Undefined Weak Reference
    _init_alloc                               - Undefined Weak Reference
    _init_user_alloc                          - Undefined Weak Reference
    _initio                                   - Undefined Weak Reference
    _rand_init                                - Undefined Weak Reference
    _signal_finish                            - Undefined Weak Reference
    _signal_init                              - Undefined Weak Reference
    _terminate_alloc                          - Undefined Weak Reference
    _terminate_user_alloc                     - Undefined Weak Reference
    _terminateio                              - Undefined Weak Reference
    __Vectors_Size                           0x000000c0   Number         0  startup_pango_m1.o ABSOLUTE
    __Vectors                                0x10000000   Data           4  startup_pango_m1.o(RESET)
    __Vectors_End                            0x100000c0   Data           0  startup_pango_m1.o(RESET)
    __main                                   0x100000c1   Thumb Code     8  __main.o(!!!main)
    __scatterload                            0x100000c9   Thumb Code     0  __scatter.o(!!!scatter)
    __scatterload_rt2                        0x100000c9   Thumb Code    52  __scatter.o(!!!scatter)
    __scatterload_rt2_thumb_only             0x100000c9   Thumb Code     0  __scatter.o(!!!scatter)
    __scatterload_null                       0x100000d9   Thumb Code     0  __scatter.o(!!!scatter)
    __scatterload_copy                       0x10000105   Thumb Code    26  __scatter_copy.o(!!handler_copy)
    __scatterload_zeroinit                   0x10000121   Thumb Code    28  __scatter_zi.o(!!handler_zi)
    __rt_lib_init                            0x1000013d   Thumb Code     0  libinit.o(.ARM.Collect$$libinit$$00000000)
    __rt_lib_init_alloca_1                   0x1000013f   Thumb Code     0  libinit2.o(.ARM.Collect$$libinit$$0000002E)
    __rt_lib_init_argv_1                     0x1000013f   Thumb Code     0  libinit2.o(.ARM.Collect$$libinit$$0000002C)
    __rt_lib_init_atexit_1                   0x1000013f   Thumb Code     0  libinit2.o(.ARM.Collect$$libinit$$0000001B)
    __rt_lib_init_clock_1                    0x1000013f   Thumb Code     0  libinit2.o(.ARM.Collect$$libinit$$00000021)
    __rt_lib_init_cpp_1                      0x1000013f   Thumb Code     0  libinit2.o(.ARM.Collect$$libinit$$00000032)
    __rt_lib_init_exceptions_1               0x1000013f   Thumb Code     0  libinit2.o(.ARM.Collect$$libinit$$00000030)
    __rt_lib_init_fp_1                       0x1000013f   Thumb Code     0  libinit2.o(.ARM.Collect$$libinit$$00000002)
    __rt_lib_init_fp_trap_1                  0x1000013f   Thumb Code     0  libinit2.o(.ARM.Collect$$libinit$$0000001F)
    __rt_lib_init_getenv_1                   0x1000013f   Thumb Code     0  libinit2.o(.ARM.Collect$$libinit$$00000023)
    __rt_lib_init_heap_1                     0x1000013f   Thumb Code     0  libinit2.o(.ARM.Collect$$libinit$$0000000A)
    __rt_lib_init_lc_collate_1               0x1000013f   Thumb Code     0  libinit2.o(.ARM.Collect$$libinit$$00000011)
    __rt_lib_init_lc_ctype_1                 0x1000013f   Thumb Code     0  libinit2.o(.ARM.Collect$$libinit$$00000013)
    __rt_lib_init_lc_monetary_1              0x1000013f   Thumb Code     0  libinit2.o(.ARM.Collect$$libinit$$00000015)
    __rt_lib_init_lc_numeric_1               0x1000013f   Thumb Code     0  libinit2.o(.ARM.Collect$$libinit$$00000017)
    __rt_lib_init_lc_time_1                  0x1000013f   Thumb Code     0  libinit2.o(.ARM.Collect$$libinit$$00000019)
    __rt_lib_init_preinit_1                  0x1000013f   Thumb Code     0  libinit2.o(.ARM.Collect$$libinit$$00000004)
    __rt_lib_init_rand_1                     0x1000013f   Thumb Code     0  libinit2.o(.ARM.Collect$$libinit$$0000000E)
    __rt_lib_init_return                     0x1000013f   Thumb Code     0  libinit2.o(.ARM.Collect$$libinit$$00000033)
    __rt_lib_init_signal_1                   0x1000013f   Thumb Code     0  libinit2.o(.ARM.Collect$$libinit$$0000001D)
    __rt_lib_init_stdio_1                    0x1000013f   Thumb Code     0  libinit2.o(.ARM.Collect$$libinit$$00000025)
    __rt_lib_init_user_alloc_1               0x1000013f   Thumb Code     0  libinit2.o(.ARM.Collect$$libinit$$0000000C)
    __rt_lib_shutdown                        0x10000141   Thumb Code     0  libshutdown.o(.ARM.Collect$$libshutdown$$00000000)
    __rt_lib_shutdown_cpp_1                  0x10000143   Thumb Code     0  libshutdown2.o(.ARM.Collect$$libshutdown$$00000004)
    __rt_lib_shutdown_fini_1                 0x10000143   Thumb Code     0  libshutdown2.o(.ARM.Collect$$libshutdown$$00000002)
    __rt_lib_shutdown_fp_trap_1              0x10000143   Thumb Code     0  libshutdown2.o(.ARM.Collect$$libshutdown$$00000009)
    __rt_lib_shutdown_heap_1                 0x10000143   Thumb Code     0  libshutdown2.o(.ARM.Collect$$libshutdown$$00000011)
    __rt_lib_shutdown_return                 0x10000143   Thumb Code     0  libshutdown2.o(.ARM.Collect$$libshutdown$$00000012)
    __rt_lib_shutdown_signal_1               0x10000143   Thumb Code     0  libshutdown2.o(.ARM.Collect$$libshutdown$$0000000C)
    __rt_lib_shutdown_stdio_1                0x10000143   Thumb Code     0  libshutdown2.o(.ARM.Collect$$libshutdown$$00000006)
    __rt_lib_shutdown_user_alloc_1           0x10000143   Thumb Code     0  libshutdown2.o(.ARM.Collect$$libshutdown$$0000000E)
    __rt_entry                               0x10000145   Thumb Code     0  __rtentry.o(.ARM.Collect$$rtentry$$00000000)
    __rt_entry_presh_1                       0x10000145   Thumb Code     0  __rtentry2.o(.ARM.Collect$$rtentry$$00000002)
    __rt_entry_sh                            0x10000145   Thumb Code     0  __rtentry5.o(.ARM.Collect$$rtentry$$00000005)
    __rt_entry_li                            0x10000149   Thumb Code     0  __rtentry2.o(.ARM.Collect$$rtentry$$0000000A)
    __rt_entry_postsh_1                      0x10000149   Thumb Code     0  __rtentry2.o(.ARM.Collect$$rtentry$$00000009)
    __rt_entry_main                          0x1000014d   Thumb Code     0  __rtentry2.o(.ARM.Collect$$rtentry$$0000000D)
    __rt_entry_postli_1                      0x1000014d   Thumb Code     0  __rtentry2.o(.ARM.Collect$$rtentry$$0000000C)
    __rt_exit                                0x10000159   Thumb Code     0  rtexit.o(.ARM.Collect$$rtexit$$00000000)
    __rt_exit_ls                             0x1000015b   Thumb Code     0  rtexit2.o(.ARM.Collect$$rtexit$$00000003)
    __rt_exit_prels_1                        0x1000015b   Thumb Code     0  rtexit2.o(.ARM.Collect$$rtexit$$00000002)
    __rt_exit_exit                           0x1000015f   Thumb Code     0  rtexit2.o(.ARM.Collect$$rtexit$$00000004)
    __asm___6_port_c_39a90d8d__prvPortStartFirstTask 0x10000165   Thumb Code    36  port.o(.emb_text)
    ulSetInterruptMaskFromISR                0x1000018d   Thumb Code     8  port.o(.emb_text)
    vClearInterruptMaskFromISR               0x10000195   Thumb Code     6  port.o(.emb_text)
    PendSV_Handler                           0x1000019b   Thumb Code    62  port.o(.emb_text)
    __aeabi_memcpy4                          0x100001dd   Thumb Code    56  rt_memcpy.o(.emb_text)
    __aeabi_memcpy8                          0x100001dd   Thumb Code     0  rt_memcpy.o(.emb_text)
    Reset_Handler                            0x10000215   Thumb Code     8  startup_pango_m1.o(.text)
    UARTOVF_Handler                          0x10000231   Thumb Code     2  startup_pango_m1.o(.text)
    Interrupt10_Handler                      0x1000023b   Thumb Code     2  startup_pango_m1.o(.text)
    Interrupt13_Handler                      0x10000241   Thumb Code     2  startup_pango_m1.o(.text)
    Interrupt14_Handler                      0x10000243   Thumb Code     2  startup_pango_m1.o(.text)
    Interrupt15_Handler                      0x10000245   Thumb Code     2  startup_pango_m1.o(.text)
    Interrupt16_Handler                      0x10000247   Thumb Code     2  startup_pango_m1.o(.text)
    Interrupt17_Handler                      0x10000249   Thumb Code     2  startup_pango_m1.o(.text)
    Interrupt18_Handler                      0x1000024b   Thumb Code     2  startup_pango_m1.o(.text)
    Interrupt19_Handler                      0x1000024d   Thumb Code     2  startup_pango_m1.o(.text)
    Interrupt20_Handler                      0x1000024f   Thumb Code     2  startup_pango_m1.o(.text)
    Interrupt21_Handler                      0x10000251   Thumb Code     2  startup_pango_m1.o(.text)
    Interrupt22_Handler                      0x10000253   Thumb Code     2  startup_pango_m1.o(.text)
    Interrupt23_Handler                      0x10000255   Thumb Code     2  startup_pango_m1.o(.text)
    Interrupt24_Handler                      0x10000257   Thumb Code     2  startup_pango_m1.o(.text)
    Interrupt25_Handler                      0x10000259   Thumb Code     2  startup_pango_m1.o(.text)
    Interrupt26_Handler                      0x1000025b   Thumb Code     2  startup_pango_m1.o(.text)
    Interrupt27_Handler                      0x1000025d   Thumb Code     2  startup_pango_m1.o(.text)
    Interrupt28_Handler                      0x1000025f   Thumb Code     2  startup_pango_m1.o(.text)
    Interrupt29_Handler                      0x10000261   Thumb Code     2  startup_pango_m1.o(.text)
    Interrupt30_Handler                      0x10000263   Thumb Code     2  startup_pango_m1.o(.text)
    Interrupt31_Handler                      0x10000265   Thumb Code     2  startup_pango_m1.o(.text)
    memcmp                                   0x10000271   Thumb Code    90  memcmp.o(.text)
    strncmp                                  0x100002cd   Thumb Code   154  strncmp.o(.text)
    __aeabi_memcpy                           0x1000036d   Thumb Code   130  rt_memcpy.o(.text)
    __rt_memcpy                              0x1000036d   Thumb Code     0  rt_memcpy.o(.text)
    __aeabi_memset                           0x100003ef   Thumb Code    18  aeabi_memset.o(.text)
    __aeabi_uidiv                            0x10000401   Thumb Code     0  aeabi_sdiv.o(.text)
    __aeabi_uidivmod                         0x10000401   Thumb Code    20  aeabi_sdiv.o(.text)
    __aeabi_idiv                             0x10000415   Thumb Code     0  aeabi_sdiv.o(.text)
    __aeabi_idivmod                          0x10000415   Thumb Code   326  aeabi_sdiv.o(.text)
    __aeabi_dadd                             0x10000855   Thumb Code     0  daddsub.o(.text)
    _dadd                                    0x10000855   Thumb Code    26  daddsub.o(.text)
    __aeabi_dsub                             0x1000086f   Thumb Code     0  daddsub.o(.text)
    _dsub                                    0x1000086f   Thumb Code    22  daddsub.o(.text)
    __aeabi_drsub                            0x10000885   Thumb Code     0  daddsub.o(.text)
    _drsb                                    0x10000885   Thumb Code    28  daddsub.o(.text)
    __aeabi_d2iz                             0x100008b5   Thumb Code     0  dfixi.o(.text)
    _dfix                                    0x100008b5   Thumb Code    98  dfixi.o(.text)
    __aeabi_i2d_normalise                    0x10000921   Thumb Code    66  dflti.o(.text)
    __aeabi_i2d                              0x10000963   Thumb Code    16  dflti.o(.text)
    _dflt                                    0x10000963   Thumb Code     0  dflti.o(.text)
    __aeabi_ui2d                             0x10000973   Thumb Code     6  dflti.o(.text)
    _dfltu                                   0x10000973   Thumb Code     0  dflti.o(.text)
    __aeabi_dmul                             0x10000979   Thumb Code     0  dmul.o(.text)
    _dmul                                    0x10000979   Thumb Code   558  dmul.o(.text)
    _memset_w                                0x10000bc1   Thumb Code    26  rt_memclr.o(.text)
    _memset                                  0x10000bdb   Thumb Code    30  rt_memclr.o(.text)
    __aeabi_memclr                           0x10000bf9   Thumb Code     4  rt_memclr.o(.text)
    __rt_memclr                              0x10000bf9   Thumb Code     0  rt_memclr.o(.text)
    __aeabi_memclr4                          0x10000bfd   Thumb Code     0  rt_memclr.o(.text)
    __aeabi_memclr8                          0x10000bfd   Thumb Code     0  rt_memclr.o(.text)
    __rt_memclr_w                            0x10000bfd   Thumb Code     4  rt_memclr.o(.text)
    exit                                     0x10000c01   Thumb Code    16  exit.o(.text)
    _sys_exit                                0x10000c11   Thumb Code     8  sys_exit.o(.text)
    __I$use$semihosting                      0x10000c1d   Thumb Code     0  use_no_semi.o(.text)
    __use_no_semihosting_swi                 0x10000c1d   Thumb Code     2  use_no_semi.o(.text)
    CAN_Handler                              0x10000c1f   Thumb Code     2  pango_m1_it.o(i.CAN_Handler)
    __semihosting_library_function           0x10000c1f   Thumb Code     0  indicate_semi.o(.text)
    DTimer_Handler                           0x10000c21   Thumb Code     2  pango_m1_it.o(i.DTimer_Handler)
    Delay                                    0x10000c23   Thumb Code    18  main.o(i.Delay)
    ENT_Handler                              0x10000c35   Thumb Code     2  pango_m1_it.o(i.ENT_Handler)
    GPIO0_Handler                            0x10000c39   Thumb Code    18  main.o(i.GPIO0_Handler)
    GPIO_Init                                0x10000c65   Thumb Code   128  pango_m1_gpio.o(i.GPIO_Init)
    GPIO_IntClear                            0x10000ce5   Thumb Code     8  pango_m1_gpio.o(i.GPIO_IntClear)
    GPIO_ResetBit                            0x10000ced   Thumb Code     8  pango_m1_gpio.o(i.GPIO_ResetBit)
    GPIO_SetBit                              0x10000cf5   Thumb Code     8  pango_m1_gpio.o(i.GPIO_SetBit)
    GpioInit                                 0x10000cfd   Thumb Code    58  main.o(i.GpioInit)
    HardFault_Handler                        0x10000d37   Thumb Code     4  pango_m1_it.o(i.HardFault_Handler)
    I2CInit                                  0x10000d3d   Thumb Code    30  main.o(i.I2CInit)
    I2C_Enable                               0x10000d61   Thumb Code    10  pango_m1_i2c.o(i.I2C_Enable)
    I2C_Handler                              0x10000d6d   Thumb Code    32  main.o(i.I2C_Handler)
    I2C_Init                                 0x10000d95   Thumb Code    68  pango_m1_i2c.o(i.I2C_Init)
    I2C_InterruptClose                       0x10000dd9   Thumb Code    10  pango_m1_i2c.o(i.I2C_InterruptClose)
    I2C_InterruptOpen                        0x10000de3   Thumb Code    10  pango_m1_i2c.o(i.I2C_InterruptOpen)
    I2C_Rate_Set                             0x10000ded   Thumb Code    32  pango_m1_i2c.o(i.I2C_Rate_Set)
    Memory_Read_Bytes                        0x10000e15   Thumb Code     6  pango_m1_memory.o(i.Memory_Read_Bytes)
    Memory_Write_Bytes                       0x10000e1b   Thumb Code     4  pango_m1_memory.o(i.Memory_Write_Bytes)
    NMI_Handler                              0x10000e1f   Thumb Code     4  main.o(i.NMI_Handler)
    RTC_Handler                              0x10000e23   Thumb Code     2  pango_m1_it.o(i.RTC_Handler)
    SFLASH_EraseSector                       0x10000e25   Thumb Code    60  pango_spi_flash.o(i.SFLASH_EraseSector)
    SFLASH_ReadJEDEC_ID                      0x10000e61   Thumb Code    48  pango_spi_flash.o(i.SFLASH_ReadJEDEC_ID)
    SFLASH_ReadNByte                         0x10000e91   Thumb Code    70  pango_spi_flash.o(i.SFLASH_ReadNByte)
    SFLASH_ReadSR                            0x10000ed7   Thumb Code    30  pango_spi_flash.o(i.SFLASH_ReadSR)
    SFLASH_WaitForNoBusy                     0x10000ef5   Thumb Code    18  pango_spi_flash.o(i.SFLASH_WaitForNoBusy)
    SFLASH_WriteNByte                        0x10000f35   Thumb Code   190  pango_spi_flash.o(i.SFLASH_WriteNByte)
    SFLASH_WriteNoCheck                      0x10000ff9   Thumb Code    68  pango_spi_flash.o(i.SFLASH_WriteNoCheck)
    SFLASH_WritePage                         0x1000103d   Thumb Code    78  pango_spi_flash.o(i.SFLASH_WritePage)
    SPIInit0                                 0x1000108b   Thumb Code    30  main.o(i.SPIInit0)
    SPIInit1                                 0x100010a9   Thumb Code    30  main.o(i.SPIInit1)
    SPI_CS_Disable                           0x100010c9   Thumb Code    16  pango_m1_spi.o(i.SPI_CS_Disable)
    SPI_CS_Enable                            0x100010dd   Thumb Code    12  pango_m1_spi.o(i.SPI_CS_Enable)
    SPI_Flash_Test                           0x100010ed   Thumb Code    74  main.o(i.SPI_Flash_Test)
    SPI_GetRcvStatus                         0x10001175   Thumb Code    12  pango_m1_spi.o(i.SPI_GetRcvStatus)
    SPI_GetTmtStatus                         0x10001185   Thumb Code    12  pango_m1_spi.o(i.SPI_GetTmtStatus)
    SPI_Init                                 0x10001195   Thumb Code    50  pango_m1_spi.o(i.SPI_Init)
    SPI_ReadData                             0x100011ed   Thumb Code     8  pango_m1_spi.o(i.SPI_ReadData)
    SPI_SetRcvStatus                         0x100011f9   Thumb Code    14  pango_m1_spi.o(i.SPI_SetRcvStatus)
    SPI_WriteData                            0x10001225   Thumb Code     6  pango_m1_spi.o(i.SPI_WriteData)
    SVC_Handler                              0x10001231   Thumb Code     2  port.o(i.SVC_Handler)
    Smemory_test                             0x10001235   Thumb Code    76  main.o(i.Smemory_test)
    SoftTmr_Callback                         0x100012a5   Thumb Code   130  main.o(i.SoftTmr_Callback)
    SysTick_Handler                          0x100013d1   Thumb Code    32  port.o(i.SysTick_Handler)
    SystemInit                               0x100013f5   Thumb Code    76  system_pango_m1.o(i.SystemInit)
    TIMER0_Handler                           0x10001449   Thumb Code    34  main.o(i.TIMER0_Handler)
    TIMER1_Handler                           0x10001471   Thumb Code     2  pango_m1_it.o(i.TIMER1_Handler)
    TIMER_ClearIRQ                           0x10001473   Thumb Code     6  pango_m1_timer.o(i.TIMER_ClearIRQ)
    TIMER_GetIRQStatus                       0x10001479   Thumb Code     8  pango_m1_timer.o(i.TIMER_GetIRQStatus)
    TIMER_Init                               0x10001481   Thumb Code    86  pango_m1_timer.o(i.TIMER_Init)
    TRNG_Handler                             0x100014d7   Thumb Code     2  pango_m1_it.o(i.TRNG_Handler)
    TimerInit                                0x100014d9   Thumb Code    36  main.o(i.TimerInit)
    UART0_Handler                            0x10001501   Thumb Code    36  main.o(i.UART0_Handler)
    UART1_Handler                            0x10001529   Thumb Code     2  pango_m1_it.o(i.UART1_Handler)
    UART_ClearRxIRQ                          0x1000152b   Thumb Code     6  pango_m1_uart.o(i.UART_ClearRxIRQ)
    UART_GetRxIRQStatus                      0x10001531   Thumb Code    12  pango_m1_uart.o(i.UART_GetRxIRQStatus)
    UART_Init                                0x1000153d   Thumb Code   124  pango_m1_uart.o(i.UART_Init)
    UART_ReceiveChar                         0x100015bd   Thumb Code    20  pango_m1_uart.o(i.UART_ReceiveChar)
    UART_SendChar                            0x100015d1   Thumb Code    16  pango_m1_uart.o(i.UART_SendChar)
    UartInit                                 0x100015e1   Thumb Code    52  main.o(i.UartInit)
    __ARM_common_switch8                     0x10001619   Thumb Code    28  tasks.o(i.__ARM_common_switch8)
    led_task                                 0x100016c5   Thumb Code    62  main.o(i.led_task)
    main                                     0x10001709   Thumb Code   196  main.o(i.main)
    print_dec                                0x10001871   Thumb Code    28  pango_m1_printk.o(i.print_dec)
    print_flt                                0x1000188d   Thumb Code    80  pango_m1_printk.o(i.print_flt)
    print_hex2                               0x100018e1   Thumb Code    28  pango_m1_printk.o(i.print_hex2)
    print_num                                0x100018fd   Thumb Code    50  pango_m1_printk.o(i.print_num)
    print_str                                0x10001945   Thumb Code    22  pango_m1_printk.o(i.print_str)
    printk                                   0x1000195b   Thumb Code   242  pango_m1_printk.o(i.printk)
    put_char                                 0x10002459   Thumb Code    24  pango_m1_printk.o(i.put_char)
    pvPortMalloc                             0x10002475   Thumb Code   274  heap_4.o(i.pvPortMalloc)
    pvTaskIncrementMutexHeldCount            0x1000259d   Thumb Code    28  tasks.o(i.pvTaskIncrementMutexHeldCount)
    pxPortInitialiseStack                    0x100025bd   Thumb Code    26  port.o(i.pxPortInitialiseStack)
    queue_task                               0x100025dd   Thumb Code    80  main.o(i.queue_task)
    uxListRemove                             0x10002641   Thumb Code    40  list.o(i.uxListRemove)
    vApplicationMallocFailedHook             0x10002669   Thumb Code     2  main.o(i.vApplicationMallocFailedHook)
    vApplicationStackOverflowHook            0x1000266b   Thumb Code     2  main.o(i.vApplicationStackOverflowHook)
    vApplicationTickHook                     0x1000266d   Thumb Code     2  main.o(i.vApplicationTickHook)
    vListInitialise                          0x1000266f   Thumb Code    26  list.o(i.vListInitialise)
    vListInitialiseItem                      0x10002689   Thumb Code     6  list.o(i.vListInitialiseItem)
    vListInsert                              0x1000268f   Thumb Code    54  list.o(i.vListInsert)
    vListInsertEnd                           0x100026c5   Thumb Code    24  list.o(i.vListInsertEnd)
    vPortEnterCritical                       0x100026dd   Thumb Code    22  port.o(i.vPortEnterCritical)
    vPortExitCritical                        0x100026f9   Thumb Code    36  port.o(i.vPortExitCritical)
    vPortFree                                0x10002721   Thumb Code   120  heap_4.o(i.vPortFree)
    vPortYield                               0x100027a1   Thumb Code    18  port.o(i.vPortYield)
    vQueueAddToRegistry                      0x100027b9   Thumb Code    40  queue.o(i.vQueueAddToRegistry)
    vQueueWaitForMessageRestricted           0x100027e5   Thumb Code    76  queue.o(i.vQueueWaitForMessageRestricted)
    vTaskDelay                               0x10002831   Thumb Code    62  tasks.o(i.vTaskDelay)
    vTaskMissedYield                         0x10002875   Thumb Code     8  tasks.o(i.vTaskMissedYield)
    vTaskPlaceOnEventList                    0x10002881   Thumb Code    38  tasks.o(i.vTaskPlaceOnEventList)
    vTaskPlaceOnEventListRestricted          0x100028ad   Thumb Code    48  tasks.o(i.vTaskPlaceOnEventListRestricted)
    vTaskPriorityInherit                     0x100028e1   Thumb Code   128  tasks.o(i.vTaskPriorityInherit)
    vTaskSetTimeOutState                     0x1000296d   Thumb Code    24  tasks.o(i.vTaskSetTimeOutState)
    vTaskStartScheduler                      0x1000298d   Thumb Code    90  tasks.o(i.vTaskStartScheduler)
    vTaskSuspendAll                          0x10002a05   Thumb Code    12  tasks.o(i.vTaskSuspendAll)
    vTaskSwitchContext                       0x10002a15   Thumb Code   156  tasks.o(i.vTaskSwitchContext)
    xPortStartScheduler                      0x10002ac9   Thumb Code    48  port.o(i.xPortStartScheduler)
    xQueueGenericCreate                      0x10002b01   Thumb Code    80  queue.o(i.xQueueGenericCreate)
    xQueueGenericReceive                     0x10002b51   Thumb Code   396  queue.o(i.xQueueGenericReceive)
    xQueueGenericReset                       0x10002cdd   Thumb Code   130  queue.o(i.xQueueGenericReset)
    xQueueGenericSend                        0x10002d5f   Thumb Code   370  queue.o(i.xQueueGenericSend)
    xQueueGenericSendFromISR                 0x10002ed1   Thumb Code   216  queue.o(i.xQueueGenericSendFromISR)
    xTaskCheckForTimeOut                     0x10002fa9   Thumb Code   106  tasks.o(i.xTaskCheckForTimeOut)
    xTaskCreate                              0x1000301d   Thumb Code    92  tasks.o(i.xTaskCreate)
    xTaskGetSchedulerState                   0x10003079   Thumb Code    28  tasks.o(i.xTaskGetSchedulerState)
    xTaskGetTickCount                        0x1000309d   Thumb Code     6  tasks.o(i.xTaskGetTickCount)
    xTaskIncrementTick                       0x100030a9   Thumb Code   286  tasks.o(i.xTaskIncrementTick)
    xTaskPriorityDisinherit                  0x100031f5   Thumb Code   124  tasks.o(i.xTaskPriorityDisinherit)
    xTaskRemoveFromEventList                 0x1000327d   Thumb Code   112  tasks.o(i.xTaskRemoveFromEventList)
    xTaskResumeAll                           0x10003305   Thumb Code   206  tasks.o(i.xTaskResumeAll)
    xTimerCreate                             0x100033f5   Thumb Code    44  timers.o(i.xTimerCreate)
    xTimerCreateTimerTask                    0x10003421   Thumb Code    52  timers.o(i.xTimerCreateTimerTask)
    xTimerGenericCommand                     0x10003469   Thumb Code   110  timers.o(i.xTimerGenericCommand)
    Region$$Table$$Base                      0x100034dc   Number         0  anon$$obj.o(Region$$Table)
    __I$use$fp                               0x100034dc   Number         0  usenofp.o(x$fpl$usenofp)
    Region$$Table$$Limit                     0x100034fc   Number         0  anon$$obj.o(Region$$Table)
    SystemCoreClock                          0x30000000   Data           4  system_pango_m1.o(.data)
    pxCurrentTCB                             0x30000004   Data           4  tasks.o(.data)
    Outburst_Len                             0x30000070   Data           1  main.o(.data)
    temp_state                               0x30000074   Data           4  main.o(.data)
    data_len                                 0x30000078   Data           4  main.o(.data)
    key_flag                                 0x3000007c   Data           1  main.o(.data)
    timer_counter                            0x30000080   Data           4  main.o(.data)
    wdg_counter                              0x30000084   Data           4  main.o(.data)
    wdg_value                                0x30000088   Data           4  main.o(.data)
    key_temp_cnt                             0x3000008c   Data           4  main.o(.data)
    iic_irq_cnt                              0x30000090   Data           2  main.o(.data)
    SoftTmr                                  0x30000094   Data           4  main.o(.data)
    Queue1                                   0x30000098   Data           4  main.o(.data)
    xQueueRegistry                           0x300000a4   Data          64  queue.o(.bss)
    set_buf                                  0x30002ccc   Data         128  main.o(.bss)
    get_buf                                  0x30002d4c   Data         128  main.o(.bss)
    send_buf1                                0x30002dcc   Data         100  main.o(.bss)
    read_buf1                                0x30002e30   Data         100  main.o(.bss)
    send_buf2                                0x30002e94   Data          64  main.o(.bss)
    read_buf2                                0x30002ed4   Data          64  main.o(.bss)
    __stack_limit                            0x30003f18   Data           0  startup_pango_m1.o(STACK)
    __initial_sp                             0x30004018   Data           0  startup_pango_m1.o(STACK)



==============================================================================

Memory Map of the image

  Image Entry point : 0x100000c1

  Load Region LR_IROM1 (Base: 0x10000000, Size: 0x000035a0, Max: 0x00008000, ABSOLUTE)

    Execution Region ER_IROM1 (Exec base: 0x10000000, Load base: 0x10000000, Size: 0x000034fc, Max: 0x00008000, ABSOLUTE)

    Exec Addr    Load Addr    Size         Type   Attr      Idx    E Section Name        Object

    0x10000000   0x10000000   0x000000c0   Data   RO            3    RESET               startup_pango_m1.o
    0x100000c0   0x100000c0   0x00000008   Code   RO         2333  * !!!main             c_p.l(__main.o)
    0x100000c8   0x100000c8   0x0000003c   Code   RO         2526    !!!scatter          c_p.l(__scatter.o)
    0x10000104   0x10000104   0x0000001a   Code   RO         2528    !!handler_copy      c_p.l(__scatter_copy.o)
    0x1000011e   0x1000011e   0x00000002   PAD
    0x10000120   0x10000120   0x0000001c   Code   RO         2530    !!handler_zi        c_p.l(__scatter_zi.o)
    0x1000013c   0x1000013c   0x00000002   Code   RO         2387    .ARM.Collect$$libinit$$00000000  c_p.l(libinit.o)
    0x1000013e   0x1000013e   0x00000000   Code   RO         2403    .ARM.Collect$$libinit$$00000002  c_p.l(libinit2.o)
    0x1000013e   0x1000013e   0x00000000   Code   RO         2405    .ARM.Collect$$libinit$$00000004  c_p.l(libinit2.o)
    0x1000013e   0x1000013e   0x00000000   Code   RO         2408    .ARM.Collect$$libinit$$0000000A  c_p.l(libinit2.o)
    0x1000013e   0x1000013e   0x00000000   Code   RO         2410    .ARM.Collect$$libinit$$0000000C  c_p.l(libinit2.o)
    0x1000013e   0x1000013e   0x00000000   Code   RO         2412    .ARM.Collect$$libinit$$0000000E  c_p.l(libinit2.o)
    0x1000013e   0x1000013e   0x00000000   Code   RO         2415    .ARM.Collect$$libinit$$00000011  c_p.l(libinit2.o)
    0x1000013e   0x1000013e   0x00000000   Code   RO         2417    .ARM.Collect$$libinit$$00000013  c_p.l(libinit2.o)
    0x1000013e   0x1000013e   0x00000000   Code   RO         2419    .ARM.Collect$$libinit$$00000015  c_p.l(libinit2.o)
    0x1000013e   0x1000013e   0x00000000   Code   RO         2421    .ARM.Collect$$libinit$$00000017  c_p.l(libinit2.o)
    0x1000013e   0x1000013e   0x00000000   Code   RO         2423    .ARM.Collect$$libinit$$00000019  c_p.l(libinit2.o)
    0x1000013e   0x1000013e   0x00000000   Code   RO         2425    .ARM.Collect$$libinit$$0000001B  c_p.l(libinit2.o)
    0x1000013e   0x1000013e   0x00000000   Code   RO         2427    .ARM.Collect$$libinit$$0000001D  c_p.l(libinit2.o)
    0x1000013e   0x1000013e   0x00000000   Code   RO         2429    .ARM.Collect$$libinit$$0000001F  c_p.l(libinit2.o)
    0x1000013e   0x1000013e   0x00000000   Code   RO         2431    .ARM.Collect$$libinit$$00000021  c_p.l(libinit2.o)
    0x1000013e   0x1000013e   0x00000000   Code   RO         2433    .ARM.Collect$$libinit$$00000023  c_p.l(libinit2.o)
    0x1000013e   0x1000013e   0x00000000   Code   RO         2435    .ARM.Collect$$libinit$$00000025  c_p.l(libinit2.o)
    0x1000013e   0x1000013e   0x00000000   Code   RO         2439    .ARM.Collect$$libinit$$0000002C  c_p.l(libinit2.o)
    0x1000013e   0x1000013e   0x00000000   Code   RO         2441    .ARM.Collect$$libinit$$0000002E  c_p.l(libinit2.o)
    0x1000013e   0x1000013e   0x00000000   Code   RO         2443    .ARM.Collect$$libinit$$00000030  c_p.l(libinit2.o)
    0x1000013e   0x1000013e   0x00000000   Code   RO         2445    .ARM.Collect$$libinit$$00000032  c_p.l(libinit2.o)
    0x1000013e   0x1000013e   0x00000002   Code   RO         2446    .ARM.Collect$$libinit$$00000033  c_p.l(libinit2.o)
    0x10000140   0x10000140   0x00000002   Code   RO         2481    .ARM.Collect$$libshutdown$$00000000  c_p.l(libshutdown.o)
    0x10000142   0x10000142   0x00000000   Code   RO         2507    .ARM.Collect$$libshutdown$$00000002  c_p.l(libshutdown2.o)
    0x10000142   0x10000142   0x00000000   Code   RO         2509    .ARM.Collect$$libshutdown$$00000004  c_p.l(libshutdown2.o)
    0x10000142   0x10000142   0x00000000   Code   RO         2511    .ARM.Collect$$libshutdown$$00000006  c_p.l(libshutdown2.o)
    0x10000142   0x10000142   0x00000000   Code   RO         2514    .ARM.Collect$$libshutdown$$00000009  c_p.l(libshutdown2.o)
    0x10000142   0x10000142   0x00000000   Code   RO         2517    .ARM.Collect$$libshutdown$$0000000C  c_p.l(libshutdown2.o)
    0x10000142   0x10000142   0x00000000   Code   RO         2519    .ARM.Collect$$libshutdown$$0000000E  c_p.l(libshutdown2.o)
    0x10000142   0x10000142   0x00000000   Code   RO         2522    .ARM.Collect$$libshutdown$$00000011  c_p.l(libshutdown2.o)
    0x10000142   0x10000142   0x00000002   Code   RO         2523    .ARM.Collect$$libshutdown$$00000012  c_p.l(libshutdown2.o)
    0x10000144   0x10000144   0x00000000   Code   RO         2343    .ARM.Collect$$rtentry$$00000000  c_p.l(__rtentry.o)
    0x10000144   0x10000144   0x00000000   Code   RO         2352    .ARM.Collect$$rtentry$$00000002  c_p.l(__rtentry2.o)
    0x10000144   0x10000144   0x00000004   Code   RO         2366    .ARM.Collect$$rtentry$$00000005  c_p.l(__rtentry5.o)
    0x10000148   0x10000148   0x00000000   Code   RO         2354    .ARM.Collect$$rtentry$$00000009  c_p.l(__rtentry2.o)
    0x10000148   0x10000148   0x00000004   Code   RO         2355    .ARM.Collect$$rtentry$$0000000A  c_p.l(__rtentry2.o)
    0x1000014c   0x1000014c   0x00000000   Code   RO         2357    .ARM.Collect$$rtentry$$0000000C  c_p.l(__rtentry2.o)
    0x1000014c   0x1000014c   0x00000008   Code   RO         2358    .ARM.Collect$$rtentry$$0000000D  c_p.l(__rtentry2.o)
    0x10000154   0x10000154   0x00000004   Code   RO         2367    .ARM.Collect$$rtentry$$00002716  c_p.l(__rtentry5.o)
    0x10000158   0x10000158   0x00000002   Code   RO         2394    .ARM.Collect$$rtexit$$00000000  c_p.l(rtexit.o)
    0x1000015a   0x1000015a   0x00000000   Code   RO         2457    .ARM.Collect$$rtexit$$00000002  c_p.l(rtexit2.o)
    0x1000015a   0x1000015a   0x00000004   Code   RO         2458    .ARM.Collect$$rtexit$$00000003  c_p.l(rtexit2.o)
    0x1000015e   0x1000015e   0x00000006   Code   RO         2459    .ARM.Collect$$rtexit$$00000004  c_p.l(rtexit2.o)
    0x10000164   0x10000164   0x00000078   Code   RO         1754    .emb_text           port.o
    0x100001dc   0x100001dc   0x00000038   Code   RO         2323    .emb_text           c_p.l(rt_memcpy.o)
    0x10000214   0x10000214   0x0000005c   Code   RO            4    .text               startup_pango_m1.o
    0x10000270   0x10000270   0x0000005a   Code   RO         2319    .text               c_p.l(memcmp.o)
    0x100002ca   0x100002ca   0x00000002   PAD
    0x100002cc   0x100002cc   0x000000a0   Code   RO         2321    .text               c_p.l(strncmp.o)
    0x1000036c   0x1000036c   0x00000082   Code   RO         2324    .text               c_p.l(rt_memcpy.o)
    0x100003ee   0x100003ee   0x00000012   Code   RO         2327    .text               c_p.l(aeabi_memset.o)
    0x10000400   0x10000400   0x0000015a   Code   RO         2329    .text               c_p.l(aeabi_sdiv.o)
    0x1000055a   0x1000055a   0x00000002   PAD
    0x1000055c   0x1000055c   0x00000358   Code   RO         2335    .text               fz_ps.l(daddsub.o)
    0x100008b4   0x100008b4   0x0000006c   Code   RO         2337    .text               fz_ps.l(dfixi.o)
    0x10000920   0x10000920   0x00000058   Code   RO         2339    .text               fz_ps.l(dflti.o)
    0x10000978   0x10000978   0x00000248   Code   RO         2341    .text               fz_ps.l(dmul.o)
    0x10000bc0   0x10000bc0   0x00000040   Code   RO         2348    .text               c_p.l(rt_memclr.o)
    0x10000c00   0x10000c00   0x00000010   Code   RO         2376    .text               c_p.l(exit.o)
    0x10000c10   0x10000c10   0x0000000c   Code   RO         2451    .text               c_p.l(sys_exit.o)
    0x10000c1c   0x10000c1c   0x00000002   Code   RO         2453    .text               c_p.l(use_no_semi.o)
    0x10000c1e   0x10000c1e   0x00000000   Code   RO         2455    .text               c_p.l(indicate_semi.o)
    0x10000c1e   0x10000c1e   0x00000002   Code   RO         2062    i.CAN_Handler       pango_m1_it.o
    0x10000c20   0x10000c20   0x00000002   Code   RO         2063    i.DTimer_Handler    pango_m1_it.o
    0x10000c22   0x10000c22   0x00000012   Code   RO         1875    i.Delay             main.o
    0x10000c34   0x10000c34   0x00000002   Code   RO         2064    i.ENT_Handler       pango_m1_it.o
    0x10000c36   0x10000c36   0x00000002   PAD
    0x10000c38   0x10000c38   0x0000002c   Code   RO         1876    i.GPIO0_Handler     main.o
    0x10000c64   0x10000c64   0x00000080   Code   RO          121    i.GPIO_Init         pango_m1_gpio.o
    0x10000ce4   0x10000ce4   0x00000008   Code   RO          122    i.GPIO_IntClear     pango_m1_gpio.o
    0x10000cec   0x10000cec   0x00000008   Code   RO          125    i.GPIO_ResetBit     pango_m1_gpio.o
    0x10000cf4   0x10000cf4   0x00000008   Code   RO          127    i.GPIO_SetBit       pango_m1_gpio.o
    0x10000cfc   0x10000cfc   0x0000003a   Code   RO         1877    i.GpioInit          main.o
    0x10000d36   0x10000d36   0x00000004   Code   RO         2065    i.HardFault_Handler  pango_m1_it.o
    0x10000d3a   0x10000d3a   0x00000002   PAD
    0x10000d3c   0x10000d3c   0x00000024   Code   RO         1878    i.I2CInit           main.o
    0x10000d60   0x10000d60   0x0000000a   Code   RO          853    i.I2C_Enable        pango_m1_i2c.o
    0x10000d6a   0x10000d6a   0x00000002   PAD
    0x10000d6c   0x10000d6c   0x00000028   Code   RO         1879    i.I2C_Handler       main.o
    0x10000d94   0x10000d94   0x00000044   Code   RO          854    i.I2C_Init          pango_m1_i2c.o
    0x10000dd8   0x10000dd8   0x0000000a   Code   RO          855    i.I2C_InterruptClose  pango_m1_i2c.o
    0x10000de2   0x10000de2   0x0000000a   Code   RO          856    i.I2C_InterruptOpen  pango_m1_i2c.o
    0x10000dec   0x10000dec   0x00000028   Code   RO          857    i.I2C_Rate_Set      pango_m1_i2c.o
    0x10000e14   0x10000e14   0x00000006   Code   RO          932    i.Memory_Read_Bytes  pango_m1_memory.o
    0x10000e1a   0x10000e1a   0x00000004   Code   RO          933    i.Memory_Write_Bytes  pango_m1_memory.o
    0x10000e1e   0x10000e1e   0x00000004   Code   RO         1881    i.NMI_Handler       main.o
    0x10000e22   0x10000e22   0x00000002   Code   RO         2066    i.RTC_Handler       pango_m1_it.o
    0x10000e24   0x10000e24   0x0000003c   Code   RO         2135    i.SFLASH_EraseSector  pango_spi_flash.o
    0x10000e60   0x10000e60   0x00000030   Code   RO         2139    i.SFLASH_ReadJEDEC_ID  pango_spi_flash.o
    0x10000e90   0x10000e90   0x00000046   Code   RO         2140    i.SFLASH_ReadNByte  pango_spi_flash.o
    0x10000ed6   0x10000ed6   0x0000001e   Code   RO         2141    i.SFLASH_ReadSR     pango_spi_flash.o
    0x10000ef4   0x10000ef4   0x00000012   Code   RO         2143    i.SFLASH_WaitForNoBusy  pango_spi_flash.o
    0x10000f06   0x10000f06   0x00000016   Code   RO         2144    i.SFLASH_WriteDisable  pango_spi_flash.o
    0x10000f1c   0x10000f1c   0x00000016   Code   RO         2145    i.SFLASH_WriteEnable  pango_spi_flash.o
    0x10000f32   0x10000f32   0x00000002   PAD
    0x10000f34   0x10000f34   0x000000c4   Code   RO         2146    i.SFLASH_WriteNByte  pango_spi_flash.o
    0x10000ff8   0x10000ff8   0x00000044   Code   RO         2147    i.SFLASH_WriteNoCheck  pango_spi_flash.o
    0x1000103c   0x1000103c   0x0000004e   Code   RO         2148    i.SFLASH_WritePage  pango_spi_flash.o
    0x1000108a   0x1000108a   0x0000001e   Code   RO         1882    i.SPIInit0          main.o
    0x100010a8   0x100010a8   0x0000001e   Code   RO         1883    i.SPIInit1          main.o
    0x100010c6   0x100010c6   0x00000002   PAD
    0x100010c8   0x100010c8   0x00000014   Code   RO          253    i.SPI_CS_Disable    pango_m1_spi.o
    0x100010dc   0x100010dc   0x00000010   Code   RO          254    i.SPI_CS_Enable     pango_m1_spi.o
    0x100010ec   0x100010ec   0x00000088   Code   RO         1884    i.SPI_Flash_Test    main.o
    0x10001174   0x10001174   0x00000010   Code   RO          264    i.SPI_GetRcvStatus  pango_m1_spi.o
    0x10001184   0x10001184   0x00000010   Code   RO          267    i.SPI_GetTmtStatus  pango_m1_spi.o
    0x10001194   0x10001194   0x00000038   Code   RO          270    i.SPI_Init          pango_m1_spi.o
    0x100011cc   0x100011cc   0x00000020   Code   RO         2150    i.SPI_ReadByte      pango_spi_flash.o
    0x100011ec   0x100011ec   0x0000000c   Code   RO          271    i.SPI_ReadData      pango_m1_spi.o
    0x100011f8   0x100011f8   0x00000014   Code   RO          277    i.SPI_SetRcvStatus  pango_m1_spi.o
    0x1000120c   0x1000120c   0x00000016   Code   RO         2151    i.SPI_WriteByte     pango_spi_flash.o
    0x10001222   0x10001222   0x00000002   PAD
    0x10001224   0x10001224   0x0000000c   Code   RO          278    i.SPI_WriteData     pango_m1_spi.o
    0x10001230   0x10001230   0x00000002   Code   RO         1755    i.SVC_Handler       port.o
    0x10001232   0x10001232   0x00000002   PAD
    0x10001234   0x10001234   0x00000070   Code   RO         1885    i.Smemory_test      main.o
    0x100012a4   0x100012a4   0x0000012c   Code   RO         1886    i.SoftTmr_Callback  main.o
    0x100013d0   0x100013d0   0x00000024   Code   RO         1756    i.SysTick_Handler   port.o
    0x100013f4   0x100013f4   0x00000054   Code   RO           13    i.SystemInit        system_pango_m1.o
    0x10001448   0x10001448   0x00000028   Code   RO         1887    i.TIMER0_Handler    main.o
    0x10001470   0x10001470   0x00000002   Code   RO         2067    i.TIMER1_Handler    pango_m1_it.o
    0x10001472   0x10001472   0x00000006   Code   RO          423    i.TIMER_ClearIRQ    pango_m1_timer.o
    0x10001478   0x10001478   0x00000008   Code   RO          426    i.TIMER_GetIRQStatus  pango_m1_timer.o
    0x10001480   0x10001480   0x00000056   Code   RO          429    i.TIMER_Init        pango_m1_timer.o
    0x100014d6   0x100014d6   0x00000002   Code   RO         2068    i.TRNG_Handler      pango_m1_it.o
    0x100014d8   0x100014d8   0x00000028   Code   RO         1888    i.TimerInit         main.o
    0x10001500   0x10001500   0x00000028   Code   RO         1889    i.UART0_Handler     main.o
    0x10001528   0x10001528   0x00000002   Code   RO         2069    i.UART1_Handler     pango_m1_it.o
    0x1000152a   0x1000152a   0x00000006   Code   RO          516    i.UART_ClearRxIRQ   pango_m1_uart.o
    0x10001530   0x10001530   0x0000000c   Code   RO          525    i.UART_GetRxIRQStatus  pango_m1_uart.o
    0x1000153c   0x1000153c   0x00000080   Code   RO          531    i.UART_Init         pango_m1_uart.o
    0x100015bc   0x100015bc   0x00000014   Code   RO          532    i.UART_ReceiveChar  pango_m1_uart.o
    0x100015d0   0x100015d0   0x00000010   Code   RO          533    i.UART_SendChar     pango_m1_uart.o
    0x100015e0   0x100015e0   0x00000038   Code   RO         1890    i.UartInit          main.o
    0x10001618   0x10001618   0x0000001c   Code   RO         1627    i.__ARM_common_switch8  tasks.o
    0x10001634   0x10001634   0x00000018   Code   RO         1892    i.__NVIC_EnableIRQ  main.o
    0x1000164c   0x1000164c   0x00000078   Code   RO         1893    i.__NVIC_SetPriority  main.o
    0x100016c4   0x100016c4   0x00000044   Code   RO         1894    i.led_task          main.o
    0x10001708   0x10001708   0x00000168   Code   RO         1895    i.main              main.o
    0x10001870   0x10001870   0x0000001c   Code   RO          783    i.print_dec         pango_m1_printk.o
    0x1000188c   0x1000188c   0x00000054   Code   RO          784    i.print_flt         pango_m1_printk.o
    0x100018e0   0x100018e0   0x0000001c   Code   RO          786    i.print_hex2        pango_m1_printk.o
    0x100018fc   0x100018fc   0x00000048   Code   RO          787    i.print_num         pango_m1_printk.o
    0x10001944   0x10001944   0x00000016   Code   RO          788    i.print_str         pango_m1_printk.o
    0x1000195a   0x1000195a   0x000000f2   Code   RO          789    i.printk            pango_m1_printk.o
    0x10001a4c   0x10001a4c   0x0000007c   Code   RO         1331    i.prvAddCurrentTaskToDelayedList  tasks.o
    0x10001ac8   0x10001ac8   0x000000a4   Code   RO         1332    i.prvAddNewTaskToReadyList  tasks.o
    0x10001b6c   0x10001b6c   0x00000068   Code   RO         1636    i.prvCheckForValidListAndQueue  timers.o
    0x10001bd4   0x10001bd4   0x00000068   Code   RO         1333    i.prvCheckTasksWaitingTermination  tasks.o
    0x10001c3c   0x10001c3c   0x0000002c   Code   RO         1113    i.prvCopyDataFromQueue  queue.o
    0x10001c68   0x10001c68   0x00000080   Code   RO         1114    i.prvCopyDataToQueue  queue.o
    0x10001ce8   0x10001ce8   0x00000012   Code   RO         1334    i.prvDeleteTCB      tasks.o
    0x10001cfa   0x10001cfa   0x00000002   PAD
    0x10001cfc   0x10001cfc   0x0000002c   Code   RO         1637    i.prvGetNextExpireTime  timers.o
    0x10001d28   0x10001d28   0x00000080   Code   RO         1824    i.prvHeapInit       heap_4.o
    0x10001da8   0x10001da8   0x00000018   Code   RO         1335    i.prvIdleTask       tasks.o
    0x10001dc0   0x10001dc0   0x00000026   Code   RO         1116    i.prvInitialiseNewQueue  queue.o
    0x10001de6   0x10001de6   0x000000b0   Code   RO         1336    i.prvInitialiseNewTask  tasks.o
    0x10001e96   0x10001e96   0x00000040   Code   RO         1638    i.prvInitialiseNewTimer  timers.o
    0x10001ed6   0x10001ed6   0x00000002   PAD
    0x10001ed8   0x10001ed8   0x00000064   Code   RO         1337    i.prvInitialiseTaskLists  tasks.o
    0x10001f3c   0x10001f3c   0x00000068   Code   RO         1825    i.prvInsertBlockIntoFreeList  heap_4.o
    0x10001fa4   0x10001fa4   0x00000054   Code   RO         1639    i.prvInsertTimerInActiveList  timers.o
    0x10001ff8   0x10001ff8   0x0000001c   Code   RO         1117    i.prvIsQueueEmpty   queue.o
    0x10002014   0x10002014   0x0000001e   Code   RO         1118    i.prvIsQueueFull    queue.o
    0x10002032   0x10002032   0x0000007a   Code   RO         1119    i.prvNotifyQueueSetContainer  queue.o
    0x100020ac   0x100020ac   0x00000058   Code   RO         1640    i.prvProcessExpiredTimer  timers.o
    0x10002104   0x10002104   0x000000e4   Code   RO         1641    i.prvProcessReceivedCommands  timers.o
    0x100021e8   0x100021e8   0x0000006c   Code   RO         1642    i.prvProcessTimerOrBlockTask  timers.o
    0x10002254   0x10002254   0x00000038   Code   RO         1338    i.prvResetNextTaskUnblockTime  tasks.o
    0x1000228c   0x1000228c   0x0000002c   Code   RO         1643    i.prvSampleTimeNow  timers.o
    0x100022b8   0x100022b8   0x0000002c   Code   RO         1757    i.prvSetupTimerInterrupt  port.o
    0x100022e4   0x100022e4   0x00000090   Code   RO         1644    i.prvSwitchTimerLists  timers.o
    0x10002374   0x10002374   0x00000024   Code   RO         1758    i.prvTaskExitError  port.o
    0x10002398   0x10002398   0x0000001a   Code   RO         1645    i.prvTimerTask      timers.o
    0x100023b2   0x100023b2   0x000000a6   Code   RO         1120    i.prvUnlockQueue    queue.o
    0x10002458   0x10002458   0x0000001c   Code   RO          790    i.put_char          pango_m1_printk.o
    0x10002474   0x10002474   0x00000128   Code   RO         1826    i.pvPortMalloc      heap_4.o
    0x1000259c   0x1000259c   0x00000020   Code   RO         1340    i.pvTaskIncrementMutexHeldCount  tasks.o
    0x100025bc   0x100025bc   0x00000020   Code   RO         1759    i.pxPortInitialiseStack  port.o
    0x100025dc   0x100025dc   0x00000064   Code   RO         1896    i.queue_task        main.o
    0x10002640   0x10002640   0x00000028   Code   RO         1076    i.uxListRemove      list.o
    0x10002668   0x10002668   0x00000002   Code   RO         1897    i.vApplicationMallocFailedHook  main.o
    0x1000266a   0x1000266a   0x00000002   Code   RO         1898    i.vApplicationStackOverflowHook  main.o
    0x1000266c   0x1000266c   0x00000002   Code   RO         1899    i.vApplicationTickHook  main.o
    0x1000266e   0x1000266e   0x0000001a   Code   RO         1077    i.vListInitialise   list.o
    0x10002688   0x10002688   0x00000006   Code   RO         1078    i.vListInitialiseItem  list.o
    0x1000268e   0x1000268e   0x00000036   Code   RO         1079    i.vListInsert       list.o
    0x100026c4   0x100026c4   0x00000018   Code   RO         1080    i.vListInsertEnd    list.o
    0x100026dc   0x100026dc   0x0000001c   Code   RO         1761    i.vPortEnterCritical  port.o
    0x100026f8   0x100026f8   0x00000028   Code   RO         1762    i.vPortExitCritical  port.o
    0x10002720   0x10002720   0x00000080   Code   RO         1827    i.vPortFree         heap_4.o
    0x100027a0   0x100027a0   0x00000018   Code   RO         1763    i.vPortYield        port.o
    0x100027b8   0x100027b8   0x0000002c   Code   RO         1124    i.vQueueAddToRegistry  queue.o
    0x100027e4   0x100027e4   0x0000004c   Code   RO         1127    i.vQueueWaitForMessageRestricted  queue.o
    0x10002830   0x10002830   0x00000044   Code   RO         1346    i.vTaskDelay        tasks.o
    0x10002874   0x10002874   0x0000000c   Code   RO         1350    i.vTaskMissedYield  tasks.o
    0x10002880   0x10002880   0x0000002c   Code   RO         1352    i.vTaskPlaceOnEventList  tasks.o
    0x100028ac   0x100028ac   0x00000034   Code   RO         1353    i.vTaskPlaceOnEventListRestricted  tasks.o
    0x100028e0   0x100028e0   0x0000008c   Code   RO         1355    i.vTaskPriorityInherit  tasks.o
    0x1000296c   0x1000296c   0x00000020   Code   RO         1358    i.vTaskSetTimeOutState  tasks.o
    0x1000298c   0x1000298c   0x00000078   Code   RO         1359    i.vTaskStartScheduler  tasks.o
    0x10002a04   0x10002a04   0x00000010   Code   RO         1361    i.vTaskSuspendAll   tasks.o
    0x10002a14   0x10002a14   0x000000b4   Code   RO         1362    i.vTaskSwitchContext  tasks.o
    0x10002ac8   0x10002ac8   0x00000038   Code   RO         1764    i.xPortStartScheduler  port.o
    0x10002b00   0x10002b00   0x00000050   Code   RO         1132    i.xQueueGenericCreate  queue.o
    0x10002b50   0x10002b50   0x0000018c   Code   RO         1133    i.xQueueGenericReceive  queue.o
    0x10002cdc   0x10002cdc   0x00000082   Code   RO         1134    i.xQueueGenericReset  queue.o
    0x10002d5e   0x10002d5e   0x00000172   Code   RO         1135    i.xQueueGenericSend  queue.o
    0x10002ed0   0x10002ed0   0x000000d8   Code   RO         1136    i.xQueueGenericSendFromISR  queue.o
    0x10002fa8   0x10002fa8   0x00000074   Code   RO         1363    i.xTaskCheckForTimeOut  tasks.o
    0x1000301c   0x1000301c   0x0000005c   Code   RO         1364    i.xTaskCreate       tasks.o
    0x10003078   0x10003078   0x00000024   Code   RO         1368    i.xTaskGetSchedulerState  tasks.o
    0x1000309c   0x1000309c   0x0000000c   Code   RO         1369    i.xTaskGetTickCount  tasks.o
    0x100030a8   0x100030a8   0x0000014c   Code   RO         1371    i.xTaskIncrementTick  tasks.o
    0x100031f4   0x100031f4   0x00000088   Code   RO         1374    i.xTaskPriorityDisinherit  tasks.o
    0x1000327c   0x1000327c   0x00000088   Code   RO         1375    i.xTaskRemoveFromEventList  tasks.o
    0x10003304   0x10003304   0x000000f0   Code   RO         1377    i.xTaskResumeAll    tasks.o
    0x100033f4   0x100033f4   0x0000002c   Code   RO         1648    i.xTimerCreate      timers.o
    0x10003420   0x10003420   0x00000048   Code   RO         1649    i.xTimerCreateTimerTask  timers.o
    0x10003468   0x10003468   0x00000074   Code   RO         1650    i.xTimerGenericCommand  timers.o
    0x100034dc   0x100034dc   0x00000000   Code   RO         2350    x$fpl$usenofp       fz_ps.l(usenofp.o)
    0x100034dc   0x100034dc   0x00000020   Data   RO         2524    Region$$Table       anon$$obj.o


    Execution Region RW_IRAM1 (Exec base: 0x30000000, Load base: 0x100034fc, Size: 0x00004018, Max: 0x00008000, ABSOLUTE)

    Exec Addr    Load Addr    Size         Type   Attr      Idx    E Section Name        Object

    0x30000000   0x100034fc   0x00000004   Data   RW           14    .data               system_pango_m1.o
    0x30000004   0x10003500   0x0000003c   Data   RW         1380    .data               tasks.o
    0x30000040   0x1000353c   0x00000014   Data   RW         1656    .data               timers.o
    0x30000054   0x10003550   0x00000004   Data   RW         1765    .data               port.o
    0x30000058   0x10003554   0x00000018   Data   RW         1832    .data               heap_4.o
    0x30000070   0x1000356c   0x00000034   Data   RW         1902    .data               main.o
    0x300000a4        -       0x00000040   Zero   RW         1147    .bss                queue.o
    0x300000e4        -       0x000000c8   Zero   RW         1379    .bss                tasks.o
    0x300001ac        -       0x00000028   Zero   RW         1655    .bss                timers.o
    0x300001d4        -       0x00002af8   Zero   RW         1831    .bss                heap_4.o
    0x30002ccc        -       0x00000248   Zero   RW         1901    .bss                main.o
    0x30002f14        -       0x00001000   Zero   RW         2152    .bss                pango_spi_flash.o
    0x30003f14   0x100035a0   0x00000004   PAD
    0x30003f18        -       0x00000100   Zero   RW            1    STACK               startup_pango_m1.o


==============================================================================

Image component sizes


      Code (inc. data)   RO Data    RW Data    ZI Data      Debug   Object Name

         0          0          0          0          0       9176   croutine.o
         0          0          0          0          0       3920   event_groups.o
       656         68          0         24      11000       4335   heap_4.o
       150          0          0          0          0       3198   list.o
      1662        532          0         52        584      21391   main.o
       152          0          0          0          0       2826   pango_m1_gpio.o
       138          8          0          0          0       3300   pango_m1_i2c.o
        18          0          0          0          0       3575   pango_m1_it.o
        10          0          0          0          0       1121   pango_m1_memory.o
       504         30          0          0          0       4737   pango_m1_printk.o
       168         38          0          0          0       4396   pango_m1_spi.o
       100          0          0          0          0       2051   pango_m1_timer.o
       182          4          0          0          0       3395   pango_m1_uart.o
       666          6          0          0       4096       7442   pango_spi_flash.o
       418         58          0          4          0       6752   port.o
      1868          4          0          0         64      16337   queue.o
        92         10        192          0        256       1996   startup_pango_m1.o
        84          8          0          4          0      20147   system_pango_m1.o
      2590        350          0         60        200      21161   tasks.o
      1166        112          0         20         40      10878   timers.o

    ----------------------------------------------------------------------
     10642       1228        224        164      16244     152134   Object Totals
         0          0         32          0          0          0   (incl. Generated)
        18          0          0          0          4          0   (incl. Padding)

    ----------------------------------------------------------------------

      Code (inc. data)   RO Data    RW Data    ZI Data      Debug   Library Member Name

         8          0          0          0          0         68   __main.o
         0          0          0          0          0          0   __rtentry.o
        12          0          0          0          0          0   __rtentry2.o
         8          4          0          0          0          0   __rtentry5.o
        60          8          0          0          0          0   __scatter.o
        26          0          0          0          0          0   __scatter_copy.o
        28          0          0          0          0          0   __scatter_zi.o
        18          0          0          0          0         68   aeabi_memset.o
       346          0          0          0          0         92   aeabi_sdiv.o
        16          0          0          0          0         68   exit.o
         0          0          0          0          0          0   indicate_semi.o
         2          0          0          0          0          0   libinit.o
         2          0          0          0          0          0   libinit2.o
         2          0          0          0          0          0   libshutdown.o
         2          0          0          0          0          0   libshutdown2.o
        90          0          0          0          0         68   memcmp.o
        64          0          0          0          0        108   rt_memclr.o
       186          0          0          0          0        144   rt_memcpy.o
         2          0          0          0          0          0   rtexit.o
        10          0          0          0          0          0   rtexit2.o
       160          6          0          0          0         76   strncmp.o
        12          4          0          0          0         60   sys_exit.o
         2          0          0          0          0         68   use_no_semi.o
       856         20          0          0          0        208   daddsub.o
       108         10          0          0          0         72   dfixi.o
        88          0          0          0          0         92   dflti.o
       584         26          0          0          0         84   dmul.o
         0          0          0          0          0          0   usenofp.o

    ----------------------------------------------------------------------
      2698         78          0          0          0       1276   Library Totals
         6          0          0          0          0          0   (incl. Padding)

    ----------------------------------------------------------------------

      Code (inc. data)   RO Data    RW Data    ZI Data      Debug   Library Name

      1056         22          0          0          0        820   c_p.l
      1636         56          0          0          0        456   fz_ps.l

    ----------------------------------------------------------------------
      2698         78          0          0          0       1276   Library Totals

    ----------------------------------------------------------------------

==============================================================================


      Code (inc. data)   RO Data    RW Data    ZI Data      Debug   

     13340       1306        224        164      16244     146534   Grand Totals
     13340       1306        224        164      16244     146534   ELF Image Totals
     13340       1306        224        164          0          0   ROM Totals

==============================================================================

    Total RO  Size (Code + RO Data)                13564 (  13.25kB)
    Total RW  Size (RW Data + ZI Data)             16408 (  16.02kB)
    Total ROM Size (Code + RO Data + RW Data)      13728 (  13.41kB)

==============================================================================

